IQ-TREE multicore version 2.4.0 for Linux x86 64-bit built Mar 19 2025
Developed by Bui Quang Minh, Nguyen Lam Tung, Olga Chernomor, Heiko Schmidt,
Dominik Schrempf, Michael Woodhams, Ly Trong Nhan, Thomas Wong

Host:    fisher.uds.anu.edu.au (AVX2, FMA3, 1007 GB RAM)
Command: ../../../iqtree2 -s 5_concated.nex -p archaea5_p_mf.best_model.nex -t archaea5_p_mf.treefile -bb 1000 --wbtl -T 30 -pre archaea5_p_search
Seed:    772150 (Using SPRNG - Scalable Parallel Random Number Generator)
Time:    Thu Jun 12 22:02:55 2025
Kernel:  AVX+FMA - 30 threads (31 CPU cores detected)

Reading partition model file archaea5_p_mf.best_model.nex ...
Reading alignment file 5_concated.nex ... Nexus format detected
Skipping unknown block (sets)...
WARNING: 198 sites contain only gaps or ambiguous characters.
Alignment has 5 sequences with 17191 columns, 12116 distinct patterns
1681 parsimony-informative, 11942 singleton sites, 3568 constant sites
               Gap/Ambiguity  Composition  p-value
Analyzing sequences: done in 0.00441426 secs using 1468% CPU
   1  GCA_000806055   26.48%    failed      0.00%
   2  GCA_001629205   17.96%    failed      0.00%
   3  GCA_002779075   15.51%    failed      0.00%
   4  GCA_002790315   22.36%    failed      0.00%
   5  GCA_002412085   22.88%    failed      0.00%
****  TOTAL           21.04%  5 sequences failed composition chi2 test (p-value<5%; df=19)

Loading 27 partitions...
Identifying sites to remove: done in 5.88931e-05 secs using 89.99% CPU
Identifying sites to remove: done in 7.44089e-05 secs using 3153% CPU
Identifying sites to remove: done in 0.000313736 secs using 1516% CPU
Identifying sites to remove: done in 0.000323582 secs using 98.27% CPU
Identifying sites to remove: done in 0.000130177 secs using 96.02% CPU
Identifying sites to remove: done in 0.000207048 secs using 97.56% CPU
Identifying sites to remove: done in 9.21562e-05 secs using 94.4% CPU
Identifying sites to remove: done in 9.02899e-05 secs using 95.25% CPU
Subset	Type	Seqs	Sites	Infor	Invar	Model	Name
1	AA	5	1942	111	449	LG+F+I{0.0930441}+G4{2.92692}	GENE_arCOG01228.nex_GENE_gtdb_PF01269.12.nex_GENE_TIGR01018.nex_GENE_TIGR01020.nex_GENE_TIGR01046.nex_GENE_TIGR01052.nex_GENE_TIGR02397.nex_GENE_TIGR03674.nex
2	AA	5	1936	222	334	LG+F+R2{0.378255,0.248649,0.621745,1.4571}	GENE_arCOG01574.nex_GENE_gtdb_PF00410.14.nex_GENE_TIGR00064.nex_GENE_TIGR00491.nex_GENE_TIGR00522.nex_GENE_TIGR01158.nex_GENE_TIGR02928.nex_GENE_TIGR03653.nex
3	AA	5	790	123	49	Q.PFAM+F+I{0.0244458}+R2{0.295475,0.408994,0.680079,1.29272}	GENE_gtdb_PF00466.15.nex_GENE_gtdb_PF01015.13.nex_GENE_gtdb_PF01866.12.nex_GENE_gtdb_PF07541.7.nex
4	AA	5	924	161	57	LG+F+G4{2.30393}	GENE_gtdb_PF00687.16.nex_GENE_gtdb_PF00900.15.nex_GENE_gtdb_PF01798.13.nex_GENE_TIGR00291.nex_GENE_TIGR00405.nex
5	AA	5	418	87	69	RTREV+F+I{0.0524848}+G4{3.14812}	GENE_gtdb_PF00827.12.nex_GENE_TIGR00982.nex_GENE_TIGR03673.nex
6	AA	5	398	73	26	LG+F+I{0.0333962}+G4{7.55683}	GENE_gtdb_PF01000.21.nex_GENE_gtdb_PF13656.1.nex_GENE_TIGR01012.nex
7	AA	5	1138	86	403	LG+F+G4{1.22705}	GENE_gtdb_PF01090.14.nex_GENE_gtdb_PF01200.13.nex_GENE_TIGR00483.nex_GENE_TIGR02236.nex_GENE_TIGR03722.nex
8	AA	5	283	37	37	RTREV+F+G4{1.38167}	GENE_gtdb_PF01092.14.nex_GENE_gtdb_PF01157.13.nex_GENE_TIGR00307.nex
9	AA	5	126	28	11	PMB+F	GENE_gtdb_PF01280.15.nex
10	AA	5	577	41	121	BLOSUM62+F+G4{105.948}	GENE_gtdb_PF01655.13.nex_GENE_OG5172.nex_GENE_TIGR01008.nex_GENE_TIGR01952.nex
11	AA	3	85	0	43	Q.INSECT+G4{0.260676}	GENE_gtdb_PF01984.15.nex
WARNING: No parsimony-informative sites in partition GENE_gtdb_PF01984.15.nex
12	AA	3	232	0	232	CPREV	GENE_gtdb_PF02006.11.nex
WARNING: No variant sites in partition GENE_gtdb_PF02006.11.nex
13	AA	5	175	21	8	RTREV+F+I{0.0270668}	GENE_gtdb_PF03874.11.nex_GENE_TIGR00293.nex
14	AA	5	939	61	82	Q.PFAM+F+R2{0.115606,0.133525,0.884394,1.11326}	GENE_gtdb_PF04104.9.nex_GENE_gtdb_PF04919.7.nex_GENE_TIGR00111.nex_GENE_TIGR00373.nex_GENE_TIGR03671.nex
15	AA	5	1536	136	268	RTREV+F+R3{0.250228,0.172865,0.645133,0.977292,0.104639,3.11796}	GENE_OG7638.nex_GENE_OG9906.nex_GENE_TIGR00037.nex_GENE_TIGR00279.nex_GENE_TIGR00425.nex_GENE_TIGR01038.nex_GENE_TIGR02389.nex_GENE_TIGR03676.nex
16	AA	5	860	122	164	LG+F+I{0.0637371}+G4{1.77963}	GENE_OG8696.nex_GENE_TIGR01025.nex_GENE_TIGR03626.nex_GENE_TIGR03680.nex
17	AA	4	519	9	193	Q.PFAM+F+G4{0.641817}	GENE_TIGR00134.nex
18	AA	4	448	0	85	Q.PFAM+F+G4{1.46436}	GENE_TIGR00308.nex_GENE_TIGR00335.nex
WARNING: No parsimony-informative sites in partition GENE_TIGR00308.nex_GENE_TIGR00335.nex
19	AA	3	187	0	30	Q.PFAM+F+I{0.0706468}	GENE_TIGR00323.nex
WARNING: No parsimony-informative sites in partition GENE_TIGR00323.nex
20	AA	5	759	98	102	RTREV+F+G4{1.98159}	GENE_TIGR00448.nex_GENE_TIGR01028.nex_GENE_TIGR01171.nex_GENE_TIGR03672.nex
21	AA	3	361	0	75	LG+F+G4{1.94499}	GENE_TIGR00967.nex
WARNING: No parsimony-informative sites in partition GENE_TIGR00967.nex
22	AA	3	322	0	322	Q.PFAM+F	GENE_TIGR01213.nex
WARNING: No variant sites in partition GENE_TIGR01213.nex
23	AA	5	211	30	51	LG+I{0.146296}+G4{3.4009}	GENE_TIGR02065.nex
24	AA	4	102	9	4	LG+F	GENE_TIGR02338.nex
25	AA	5	1448	157	296	LG+F+R3{0.167539,0.0793361,0.684738,0.728302,0.147724,3.30355}	GENE_TIGR02390.nex_GENE_TIGR03628.nex_GENE_TIGR03670.nex
26	AA	5	111	16	21	LG+G4{0.921822}	GENE_TIGR03627.nex
27	AA	5	364	53	36	LG+F+I{0.0431318}+R2{0.509372,0.388812,0.447496,1.79208}	GENE_TIGR03629.nex_GENE_TIGR03636.nex_GENE_TIGR03665.nex
Degree of missing data: 0.040
Info: multi-threading strategy over partitions and number of threads is changed to 27

Note: For long partitions, you can use --parallel-over-sites option to force
      multi-threading strategy over alignment sites and utilise all the threads.
      However, parallelisation over sites will have adverse effect on short partitions.
WARNING: States(s) W rarely appear in partition GENE_gtdb_PF01092.14.nex_GENE_gtdb_PF01157.13.nex_GENE_TIGR00307.nex and may cause numerical problems
WARNING: States(s) C rarely appear in partition GENE_gtdb_PF01280.15.nex and may cause numerical problems
WARNING: States(s) C, W rarely appear in partition GENE_gtdb_PF01984.15.nex and may cause numerical problems
WARNING: States(s) W rarely appear in partition GENE_TIGR00323.nex and may cause numerical problems
WARNING: States(s) C, W rarely appear in partition GENE_TIGR02338.nex and may cause numerical problems
Reading input tree file archaea5_p_mf.treefile ...
Generating 1000 samples for ultrafast bootstrap (seed: 772150)...
WARNING: Normalizing category proportions so that sum of them equals to 1
WARNING: Normalizing category proportions so that sum of them equals to 1

NOTE: 91 MB RAM (0 GB) is required!
Estimate model parameters (epsilon = 0.100)
Initial log-likelihood: -155280.206
Current log-likelihood at step 1: -155243.412
Current log-likelihood at step 2: -155243.412
Partition-specific rates:  0.792 0.936 1.363 1.268 0.712 0.987 0.575 1.140 0.674 0.825 7.208 0.001 1.621 1.250 1.074 0.936 1.462 1.264 1.190 0.898 0.974 0.010 0.677 1.441 0.910 1.029 1.463
Parameters optimization took 1 rounds (0.215 sec)

Wrote distance file to... 

Do NNI search on 1 best initial trees
Optimizing NNI: done in 0.104344 secs using 2227% CPU
UPDATE BEST LOG-LIKELIHOOD: -155243.412
Finish initializing candidate tree set (1)
Current best tree score: -155243.412 / CPU time: 0.123
Number of iterations: 1
--------------------------------------------------------------------
|               OPTIMIZING CANDIDATE TREE SET                      |
--------------------------------------------------------------------
Optimizing NNI: done in 0.185576 secs using 2642% CPU
UPDATE BEST LOG-LIKELIHOOD: -155243.412
Optimizing NNI: done in 0.179853 secs using 2625% CPU
UPDATE BEST LOG-LIKELIHOOD: -155243.412
Optimizing NNI: done in 0.17462 secs using 2662% CPU
Optimizing NNI: done in 0.170679 secs using 2666% CPU
Optimizing NNI: done in 0.168569 secs using 2623% CPU
Optimizing NNI: done in 0.1653 secs using 2658% CPU
Optimizing NNI: done in 0.165556 secs using 2627% CPU
Optimizing NNI: done in 0.163682 secs using 2707% CPU
Optimizing NNI: done in 0.165997 secs using 2681% CPU
Iteration 10 / LogL: -155243.412 / Time: 5722h:37m:15s
Optimizing NNI: done in 0.163223 secs using 2611% CPU
Optimizing NNI: done in 0.16089 secs using 2632% CPU
Optimizing NNI: done in 0.165332 secs using 2670% CPU
Optimizing NNI: done in 0.16358 secs using 2654% CPU
Optimizing NNI: done in 0.159934 secs using 2664% CPU
Optimizing NNI: done in 0.159329 secs using 2653% CPU
Optimizing NNI: done in 0.15745 secs using 2666% CPU
Optimizing NNI: done in 0.163211 secs using 2641% CPU
Optimizing NNI: done in 0.179531 secs using 2347% CPU
Optimizing NNI: done in 0.162609 secs using 2635% CPU
Iteration 20 / LogL: -155243.412 / Time: 5722h:37m:17s
Optimizing NNI: done in 0.157886 secs using 2658% CPU
Optimizing NNI: done in 0.160359 secs using 2666% CPU
Optimizing NNI: done in 0.16017 secs using 2658% CPU
Optimizing NNI: done in 0.155056 secs using 2704% CPU
Optimizing NNI: done in 0.156541 secs using 2650% CPU
Optimizing NNI: done in 0.1591 secs using 2641% CPU
Optimizing NNI: done in 0.160206 secs using 2629% CPU
Optimizing NNI: done in 0.159717 secs using 2684% CPU
Optimizing NNI: done in 0.159436 secs using 2680% CPU
Optimizing NNI: done in 0.157022 secs using 2714% CPU
Iteration 30 / LogL: -155243.412 / Time: 5722h:37m:18s (0h:0m:14s left)
Optimizing NNI: done in 0.157447 secs using 2614% CPU
Optimizing NNI: done in 0.162977 secs using 2679% CPU
Optimizing NNI: done in 0.159195 secs using 2660% CPU
Optimizing NNI: done in 0.155491 secs using 2653% CPU
Optimizing NNI: done in 0.163459 secs using 2608% CPU
Optimizing NNI: done in 0.157122 secs using 2636% CPU
Optimizing NNI: done in 0.158782 secs using 2638% CPU
Optimizing NNI: done in 0.16132 secs using 2659% CPU
Optimizing NNI: done in 0.158009 secs using 2629% CPU
Optimizing NNI: done in 0.16062 secs using 2680% CPU
Iteration 40 / LogL: -155243.412 / Time: 5722h:37m:20s (0h:0m:11s left)
Optimizing NNI: done in 0.162466 secs using 2673% CPU
Optimizing NNI: done in 0.211565 secs using 2669% CPU
Optimizing NNI: done in 0.158138 secs using 2625% CPU
Optimizing NNI: done in 0.159512 secs using 2673% CPU
Optimizing NNI: done in 0.155703 secs using 2642% CPU
Optimizing NNI: done in 0.157418 secs using 2645% CPU
Optimizing NNI: done in 0.156028 secs using 2674% CPU
Optimizing NNI: done in 0.15582 secs using 2645% CPU
Optimizing NNI: done in 0.15969 secs using 2668% CPU
Optimizing NNI: done in 0.157339 secs using 2646% CPU
Iteration 50 / LogL: -155243.412 / Time: 5722h:37m:22s (0h:0m:9s left)
Log-likelihood cutoff on original alignment: -155281.433
UFBoot trees printed to archaea5_p_search.ufboot
Optimizing NNI: done in 0.159579 secs using 2683% CPU
Optimizing NNI: done in 0.16332 secs using 2651% CPU
Optimizing NNI: done in 0.158665 secs using 2592% CPU
Optimizing NNI: done in 0.175497 secs using 2517% CPU
Optimizing NNI: done in 0.161776 secs using 2695% CPU
Optimizing NNI: done in 0.159726 secs using 2639% CPU
Optimizing NNI: done in 0.159736 secs using 2667% CPU
Optimizing NNI: done in 0.16422 secs using 2644% CPU
Optimizing NNI: done in 0.159406 secs using 2656% CPU
Optimizing NNI: done in 0.158826 secs using 2674% CPU
Iteration 60 / LogL: -155243.412 / Time: 5722h:37m:24s (0h:0m:7s left)
Optimizing NNI: done in 0.160783 secs using 2660% CPU
Optimizing NNI: done in 0.158016 secs using 2632% CPU
Optimizing NNI: done in 0.158545 secs using 2635% CPU
Optimizing NNI: done in 0.165568 secs using 2662% CPU
Optimizing NNI: done in 0.163146 secs using 2673% CPU
Optimizing NNI: done in 0.15964 secs using 2675% CPU
Optimizing NNI: done in 0.16191 secs using 2691% CPU
Optimizing NNI: done in 0.163473 secs using 2637% CPU
Optimizing NNI: done in 0.158896 secs using 2641% CPU
Optimizing NNI: done in 0.16277 secs using 2712% CPU
Iteration 70 / LogL: -155243.412 / Time: 5722h:37m:25s (0h:0m:5s left)
Optimizing NNI: done in 0.161892 secs using 2681% CPU
Optimizing NNI: done in 0.161273 secs using 2619% CPU
Optimizing NNI: done in 0.161923 secs using 2681% CPU
Optimizing NNI: done in 1.14318 secs using 1523% CPU
Optimizing NNI: done in 29.2372 secs using 65.87% CPU
Optimizing NNI: done in 1.28179 secs using 1382% CPU
Optimizing NNI: done in 0.607446 secs using 2045% CPU
Optimizing NNI: done in 0.162418 secs using 2674% CPU
Optimizing NNI: done in 0.15944 secs using 2676% CPU
Optimizing NNI: done in 0.162149 secs using 2700% CPU
Iteration 80 / LogL: -155243.412 / Time: 5722h:37m:59s (0h:0m:11s left)
Optimizing NNI: done in 0.157509 secs using 2702% CPU
Optimizing NNI: done in 0.15995 secs using 2632% CPU
Optimizing NNI: done in 0.159407 secs using 2694% CPU
Optimizing NNI: done in 0.16204 secs using 2671% CPU
Optimizing NNI: done in 0.160399 secs using 2629% CPU
Optimizing NNI: done in 0.159961 secs using 2660% CPU
Optimizing NNI: done in 0.160671 secs using 2662% CPU
Optimizing NNI: done in 0.159894 secs using 2643% CPU
Optimizing NNI: done in 0.158533 secs using 2654% CPU
Optimizing NNI: done in 0.157264 secs using 2671% CPU
Iteration 90 / LogL: -155243.412 / Time: 5722h:38m:0s (0h:0m:5s left)
Optimizing NNI: done in 0.156761 secs using 2660% CPU
Optimizing NNI: done in 0.161495 secs using 2664% CPU
Optimizing NNI: done in 0.159029 secs using 2700% CPU
Optimizing NNI: done in 0.160011 secs using 2652% CPU
Optimizing NNI: done in 0.161633 secs using 2672% CPU
Optimizing NNI: done in 0.157142 secs using 2682% CPU
Optimizing NNI: done in 0.160185 secs using 2653% CPU
Optimizing NNI: done in 0.161263 secs using 2705% CPU
Optimizing NNI: done in 0.158891 secs using 2681% CPU
Optimizing NNI: done in 0.160785 secs using 2661% CPU
Iteration 100 / LogL: -155243.412 / Time: 5722h:38m:2s (0h:0m:0s left)
Log-likelihood cutoff on original alignment: -155281.433
NOTE: Bootstrap correlation coefficient of split occurrence frequencies: 1.000
UFBoot trees printed to archaea5_p_search.ufboot
Optimizing NNI: done in 0.169999 secs using 2651% CPU
TREE SEARCH COMPLETED AFTER 101 ITERATIONS / Time: 5722h:38m:2s

--------------------------------------------------------------------
|                    FINALIZING TREE SEARCH                        |
--------------------------------------------------------------------
Performs final model parameters optimization
Estimate model parameters (epsilon = 0.010)
Initial log-likelihood: -155243.412
Current log-likelihood at step 1: -155243.412
Partition-specific rates:  0.792 0.936 1.363 1.268 0.712 0.987 0.575 1.140 0.674 0.825 7.208 0.001 1.621 1.250 1.074 0.936 1.461 1.264 1.191 0.898 0.974 0.009 0.677 1.441 0.911 1.029 1.463
Parameters optimization took 0 rounds (0.045 sec)

Partition information was printed to archaea5_p_search.best_model.nex
BEST SCORE FOUND : -155243.412
Creating bootstrap support values...
Split supports printed to NEXUS file archaea5_p_search.splits.nex
Total tree length: 4.951

Total number of iterations: 101
CPU time used for tree search: 502.390 sec (0h:8m:22s)
Wall-clock time used for tree search: 49.104 sec (0h:0m:49s)
Total CPU time used: 515.719 sec (0h:8m:35s)
Total wall-clock time used: 20601482.983 sec (5722h:38m:2s)
UFBoot trees printed to archaea5_p_search.ufboot

Computing bootstrap consensus tree...
Reading input file archaea5_p_search.splits.nex...
5 taxa and 9 splits.
Consensus tree written to archaea5_p_search.contree
Reading input trees file archaea5_p_search.contree
Log-likelihood of consensus tree: -155243.412
Identifying sites to remove: done in 0.00474071 secs using 363.6% CPU
Identifying sites to remove: done in 0.00627382 secs using 296.5% CPU
Identifying sites to remove: done in 0.00641148 secs using 269.6% CPU
Identifying sites to remove: done in 0.00668787 secs using 277.2% CPU
Identifying sites to remove: done in 0.00708257 secs using 260% CPU
Identifying sites to remove: done in 0.00725613 secs using 257.2% CPU
Identifying sites to remove: done in 0.00754054 secs using 227.8% CPU
Identifying sites to remove: done in 0.00969574 secs using 198.8% CPU
Identifying sites to remove: done in 0.00145131 secs using 1998% CPU
Identifying sites to remove: done in 0.00152961 secs using 2134% CPU
Identifying sites to remove: done in 0.00152851 secs using 2136% CPU
Identifying sites to remove: done in 0.00153567 secs using 1931% CPU
Identifying sites to remove: done in 0.00161062 secs using 1861% CPU
Identifying sites to remove: done in 0.00166867 secs using 1811% CPU
Identifying sites to remove: done in 0.00171173 secs using 1772% CPU
Identifying sites to remove: done in 0.00175733 secs using 1730% CPU
Identifying sites to remove: done in 0.00049033 secs using 1714% CPU
Identifying sites to remove: done in 0.000494123 secs using 2333% CPU
Identifying sites to remove: done in 0.000516482 secs using 2255% CPU
Identifying sites to remove: done in 0.000540208 secs using 1215% CPU
Identifying sites to remove: done in 0.000541061 secs using 1617% CPU
Identifying sites to remove: done in 0.000515621 secs using 1670% CPU
Identifying sites to remove: done in 0.000514645 secs using 1673% CPU
Identifying sites to remove: done in 0.000750303 secs using 912.2% CPU
Identifying sites to remove: done in 0.000504635 secs using 969% CPU
Identifying sites to remove: done in 0.000548616 secs using 1802% CPU
Identifying sites to remove: done in 0.000616744 secs using 1385% CPU
Identifying sites to remove: done in 0.000656344 secs using 1340% CPU
Identifying sites to remove: done in 0.000694327 secs using 1298% CPU
Identifying sites to remove: done in 0.000737607 secs using 1184% CPU
Identifying sites to remove: done in 0.000780348 secs using 1055% CPU
Identifying sites to remove: done in 0.000833295 secs using 1043% CPU
Identifying sites to remove: done in 0.00026761 secs using 8243% CPU
Identifying sites to remove: done in 0.000295199 secs using 7537% CPU
Identifying sites to remove: done in 0.000321288 secs using 2716% CPU
Identifying sites to remove: done in 0.00035071 secs using 2551% CPU
Identifying sites to remove: done in 0.00035125 secs using 2547% CPU
Identifying sites to remove: done in 0.000408158 secs using 1.324e+04% CPU
Identifying sites to remove: done in 0.000407081 secs using 1.246e+04% CPU
Identifying sites to remove: done in 0.000464465 secs using 1.023e+04% CPU
Identifying sites to remove: done in 0.000245325 secs using 679.1% CPU
Identifying sites to remove: done in 0.000249919 secs using 691.8% CPU
Identifying sites to remove: done in 0.000265349 secs using 5642% CPU
Identifying sites to remove: done in 0.000292428 secs using 3853% CPU
Identifying sites to remove: done in 0.000312764 secs using 1872% CPU
Identifying sites to remove: done in 0.000313558 secs using 3694% CPU
Identifying sites to remove: done in 0.00031285 secs using 1924% CPU
Identifying sites to remove: done in 0.000363033 secs using 1675% CPU
Identifying sites to remove: done in 0.000493187 secs using 1.471e+04% CPU
Identifying sites to remove: done in 0.000553526 secs using 1.377e+04% CPU
Identifying sites to remove: done in 0.000572134 secs using 1.251e+04% CPU
Identifying sites to remove: done in 0.000596188 secs using 1.31e+04% CPU
Identifying sites to remove: done in 0.000595856 secs using 1.23e+04% CPU
Identifying sites to remove: done in 0.000633575 secs using 1.16e+04% CPU
Identifying sites to remove: done in 0.000632502 secs using 1.088e+04% CPU
Identifying sites to remove: done in 0.000685077 secs using 1.006e+04% CPU
Identifying sites to remove: done in 0.000180312 secs using 8652% CPU
Identifying sites to remove: done in 0.000182223 secs using 5408% CPU
Identifying sites to remove: done in 0.000212949 secs using 4693% CPU
Identifying sites to remove: done in 0.000213794 secs using 3418% CPU
Identifying sites to remove: done in 0.000230756 secs using 1949% CPU
Identifying sites to remove: done in 0.000212364 secs using 731.3% CPU
Identifying sites to remove: done in 0.000214338 secs using 4718% CPU
Identifying sites to remove: done in 0.000275958 secs using 1657% CPU
Identifying sites to remove: done in 0.000105094 secs using 1061% CPU
Identifying sites to remove: done in 0.000106022 secs using 1052% CPU
Identifying sites to remove: done in 0.000147458 secs using 3520% CPU
Identifying sites to remove: done in 0.000148293 secs using 656.8% CPU
Identifying sites to remove: done in 0.000146981 secs using 1099% CPU
Identifying sites to remove: done in 0.000147346 secs using 1615% CPU
Identifying sites to remove: done in 0.000194307 secs using 1324% CPU
Identifying sites to remove: done in 0.00018185 secs using 2962% CPU
Identifying sites to remove: done in 0.000277627 secs using 1283% CPU
Identifying sites to remove: done in 0.000277739 secs using 689.9% CPU
Identifying sites to remove: done in 0.000297036 secs using 1280% CPU
Identifying sites to remove: done in 0.0002966 secs using 721.2% CPU
Identifying sites to remove: done in 0.000369731 secs using 664.8% CPU
Identifying sites to remove: done in 0.000391856 secs using 665.6% CPU
Identifying sites to remove: done in 0.000391562 secs using 671.4% CPU
Identifying sites to remove: done in 0.000425156 secs using 628.5% CPU
Identifying sites to remove: done in 3.38368e-05 secs using 4324% CPU
Identifying sites to remove: done in 3.91603e-05 secs using 257.9% CPU
Identifying sites to remove: done in 3.92087e-05 secs using 3821% CPU
Identifying sites to remove: done in 6.50994e-05 secs using 2449% CPU
Identifying sites to remove: done in 6.64517e-05 secs using 9270% CPU
Identifying sites to remove: done in 4.87193e-05 secs using 3832% CPU
Identifying sites to remove: done in 6.61574e-05 secs using 2907% CPU
Identifying sites to remove: done in 6.6679e-05 secs using 310.4% CPU
Identifying sites to remove: done in 9.85563e-05 secs using 267.9% CPU
Identifying sites to remove: done in 0.000152327 secs using 6.096e+04% CPU
Identifying sites to remove: done in 0.000153832 secs using 6.1e+04% CPU
Identifying sites to remove: done in 0.000180192 secs using 5.078e+04% CPU
Identifying sites to remove: done in 0.000186194 secs using 4.918e+04% CPU
Identifying sites to remove: done in 0.000198584 secs using 4.511e+04% CPU
Identifying sites to remove: done in 0.000180736 secs using 5.063e+04% CPU
Identifying sites to remove: done in 0.000197649 secs using 4.637e+04% CPU
Identifying sites to remove: done in 0.000254598 secs using 3.514e+04% CPU
Identifying sites to remove: done in 0.000440035 secs using 1043% CPU
Identifying sites to remove: done in 0.000457738 secs using 754.1% CPU
Identifying sites to remove: done in 0.000458948 secs using 1723% CPU
Identifying sites to remove: done in 0.000498634 secs using 746.2% CPU
Identifying sites to remove: done in 0.000499964 secs using 881.9% CPU
Identifying sites to remove: done in 0.000501767 secs using 757.7% CPU
Identifying sites to remove: done in 0.000501983 secs using 757.4% CPU
Identifying sites to remove: done in 0.000555508 secs using 820.9% CPU
Identifying sites to remove: done in 0.000632331 secs using 768.3% CPU
Identifying sites to remove: done in 0.000654344 secs using 843.1% CPU
Identifying sites to remove: done in 0.000685282 secs using 738.8% CPU
Identifying sites to remove: done in 0.000705935 secs using 727.7% CPU
Identifying sites to remove: done in 0.000705995 secs using 727.6% CPU
Identifying sites to remove: done in 0.000780139 secs using 711.3% CPU
Identifying sites to remove: done in 0.000809997 secs using 770.4% CPU
Identifying sites to remove: done in 0.000812713 secs using 702.1% CPU
Identifying sites to remove: done in 0.000370856 secs using 727.8% CPU
Identifying sites to remove: done in 0.00043441 secs using 733.2% CPU
Identifying sites to remove: done in 0.000441171 secs using 1884% CPU
Identifying sites to remove: done in 0.0004851 secs using 732% CPU
Identifying sites to remove: done in 0.000483237 secs using 709% CPU
Identifying sites to remove: done in 0.000507489 secs using 711.7% CPU
Identifying sites to remove: done in 0.000484165 secs using 707.6% CPU
Identifying sites to remove: done in 0.000485394 secs using 731.6% CPU
Identifying sites to remove: done in 0.000146262 secs using 598.9% CPU
Identifying sites to remove: done in 0.000174776 secs using 607.6% CPU
Identifying sites to remove: done in 0.000196524 secs using 581.1% CPU
Identifying sites to remove: done in 0.000214748 secs using 562.5% CPU
Identifying sites to remove: done in 0.000233442 secs using 563.7% CPU
Identifying sites to remove: done in 0.000255808 secs using 5048% CPU
Identifying sites to remove: done in 0.000287928 secs using 503.9% CPU
Identifying sites to remove: done in 0.000116318 secs using 1590% CPU
Identifying sites to remove: done in 0.000155851 secs using 566.6% CPU
Identifying sites to remove: done in 0.000162564 secs using 1328% CPU
Identifying sites to remove: done in 0.000213541 secs using 1655% CPU
Identifying sites to remove: done in 0.0002333 secs using 1067% CPU
Identifying sites to remove: done in 0.000266258 secs using 2085% CPU
Identifying sites to remove: done in 0.000282366 secs using 737% CPU
Identifying sites to remove: done in 9.53861e-05 secs using 348.1% CPU
Identifying sites to remove: done in 9.96664e-05 secs using 402.3% CPU
Identifying sites to remove: done in 9.92827e-05 secs using 370.7% CPU
Identifying sites to remove: done in 0.000122122 secs using 419.3% CPU
Identifying sites to remove: done in 0.000122171 secs using 419.1% CPU
Identifying sites to remove: done in 0.000335794 secs using 746% CPU
Identifying sites to remove: done in 0.000354897 secs using 1763% CPU
Identifying sites to remove: done in 0.000376165 secs using 1188% CPU
Identifying sites to remove: done in 0.000394896 secs using 1072% CPU
Identifying sites to remove: done in 0.00039497 secs using 1071% CPU
Identifying sites to remove: done in 0.000412833 secs using 1358% CPU
Identifying sites to remove: done in 0.000437547 secs using 704.4% CPU
Identifying sites to remove: done in 0.000456356 secs using 982.6% CPU
Identifying sites to remove: done in 0.000143155 secs using 4898% CPU
Identifying sites to remove: done in 0.000145841 secs using 362.7% CPU
Identifying sites to remove: done in 0.000171255 secs using 1604% CPU
Identifying sites to remove: done in 0.000171307 secs using 361.3% CPU
Identifying sites to remove: done in 5.47729e-05 secs using 361.5% CPU
Identifying sites to remove: done in 9.0044e-05 secs using 315.4% CPU
Identifying sites to remove: done in 9.07183e-05 secs using 3994% CPU
Identifying sites to remove: done in 9.10908e-05 secs using 3977% CPU
Identifying sites to remove: done in 0.000141099 secs using 2176% CPU
Identifying sites to remove: done in 0.000142805 secs using 588.2% CPU
Identifying sites to remove: done in 0.000170581 secs using 898.7% CPU
Identifying sites to remove: done in 0.000172023 secs using 736.5% CPU
Identifying sites to remove: done in 0.000170361 secs using 733.7% CPU
Identifying sites to remove: done in 0.000171781 secs using 727.7% CPU
Identifying sites to remove: done in 0.000172522 secs using 737.3% CPU
Identifying sites to remove: done in 0.000170887 secs using 918.2% CPU
Identifying sites to remove: done in 8.05408e-05 secs using 5608% CPU
Identifying sites to remove: done in 7.87638e-05 secs using 570.1% CPU
Identifying sites to remove: done in 0.000107251 secs using 1204% CPU
Identifying sites to remove: done in 0.000108041 secs using 1275% CPU
Identifying sites to remove: done in 0.000107568 secs using 1281% CPU
Identifying sites to remove: done in 0.000107776 secs using 1279% CPU
Identifying sites to remove: done in 0.000108127 secs using 1274% CPU
Identifying sites to remove: done in 0.000565466 secs using 930.6% CPU
Identifying sites to remove: done in 0.000582464 secs using 835.1% CPU
Identifying sites to remove: done in 0.000615798 secs using 826.9% CPU
Identifying sites to remove: done in 0.000636369 secs using 989.5% CPU
Identifying sites to remove: done in 0.000635702 secs using 808.4% CPU
Identifying sites to remove: done in 0.000653051 secs using 1026% CPU
Identifying sites to remove: done in 0.000673886 secs using 735% CPU
Identifying sites to remove: done in 0.000723373 secs using 819.9% CPU
Identifying sites to remove: done in 0.000105742 secs using 718.7% CPU
Identifying sites to remove: done in 0.000106029 secs using 716.8% CPU
Identifying sites to remove: done in 0.000137441 secs using 585% CPU
Identifying sites to remove: done in 0.00013911 secs using 662.8% CPU
Identifying sites to remove: done in 0.000139795 secs using 659.5% CPU
Identifying sites to remove: done in 0.000141893 secs using 706.2% CPU
Identifying sites to remove: done in 0.000141647 secs using 594.4% CPU
Identifying sites to remove: done in 0.000139549 secs using 718% CPU
Identifying sites to remove: done in 0.000225049 secs using 1143% CPU
Identifying sites to remove: done in 0.000244964 secs using 1091% CPU
Identifying sites to remove: done in 0.000245906 secs using 1544% CPU
Identifying sites to remove: done in 0.000264701 secs using 1072% CPU
Identifying sites to remove: done in 0.000247378 secs using 2774% CPU
Identifying sites to remove: done in 0.00029419 secs using 653.7% CPU
Identifying sites to remove: done in 0.000245776 secs using 1957% CPU
Identifying sites to remove: done in 0.000306893 secs using 986.7% CPU

Analysis results written to: 
  IQ-TREE report:                archaea5_p_search.iqtree
  Maximum-likelihood tree:       archaea5_p_search.treefile

Ultrafast bootstrap approximation results written to:
  Split support values:          archaea5_p_search.splits.nex
  Consensus tree:                archaea5_p_search.contree
  UFBoot trees:                  archaea5_p_search.ufboot
  Screen log file:               archaea5_p_search.log

Date and Time: Thu Jun 12 22:03:46 2025
