IQ-TREE multicore version 2.4.0 for Linux x86 64-bit built Mar 19 2025
Developed by Bui Quang Minh, Nguyen Lam Tung, Olga Chernomor, Heiko Schmidt,
Dominik Schrempf, Michael Woodhams, Ly Trong Nhan, Thomas Wong

Host:    fisher.uds.anu.edu.au (AVX2, FMA3, 1007 GB RAM)
Command: ../../iqtree2 -s 5_concated.nex -m MF -merit AIC -T 30 -mem 120G -pre 5insect_c60_init
Seed:    961060 (Using SPRNG - Scalable Parallel Random Number Generator)
Time:    Fri Jun 13 02:53:38 2025
Kernel:  AVX+FMA - 30 threads (31 CPU cores detected)

Reading alignment file 5_concated.nex ... Nexus format detected
Skipping unknown block (sets)...
WARNING: 1132 sites contain only gaps or ambiguous characters.
Alignment has 5 sequences with 76398 columns, 25323 distinct patterns
4164 parsimony-informative, 39570 singleton sites, 32664 constant sites
                         Gap/Ambiguity  Composition  p-value
Analyzing sequences: done in 0.00511468 secs using 1598% CPU
   1  Lepeophtheirus_salmonis   44.77%    failed      0.00%
   2  Stylops_melittae          40.37%    failed      0.00%
   3  Anurida_maritima          41.36%    failed      0.00%
   4  DROSOPHILA_MELANOGASTER    3.40%    failed      0.00%
   5  Essigella_californica     16.92%    failed      0.00%
****  TOTAL                     29.37%  5 sequences failed composition chi2 test (p-value<5%; df=19)
Checking for duplicate sequences: done in 0.00505177 secs using 1528% CPU


Create initial parsimony tree by phylogenetic likelihood library (PLL)... 0.027 seconds
Perform fast likelihood tree search using LG+I+G model...
Estimate model parameters (epsilon = 5.000)
Perform nearest neighbor interchange...
Optimizing NNI: done in 0.0769951 secs using 2838% CPU
Estimate model parameters (epsilon = 1.000)
1. Initial log-likelihood: -528882.819
2. Current log-likelihood: -528878.672
3. Current log-likelihood: -528875.006
4. Current log-likelihood: -528871.805
5. Current log-likelihood: -528868.990
6. Current log-likelihood: -528866.499
7. Current log-likelihood: -528864.280
8. Current log-likelihood: -528862.294
9. Current log-likelihood: -528860.508
10. Current log-likelihood: -528858.895
11. Current log-likelihood: -528857.432
12. Current log-likelihood: -528856.101
13. Current log-likelihood: -528854.886
14. Current log-likelihood: -528853.773
15. Current log-likelihood: -528852.750
Optimal log-likelihood: -528851.790
Proportion of invariable sites: 0.136
Gamma shape alpha: 1.410
Parameters optimization took 15 rounds (0.675 sec)
Time for fast ML tree search: 93.644 seconds

NOTE: ModelFinder requires 195 MB RAM!
ModelFinder will test up to 1232 protein models (sample size: 76398 epsilon: 0.100) ...
 No. Model         -LnL         df  AIC          AICc         BIC
  1  LG            535846.985   7   1071707.971  1071707.972  1071772.677
  2  LG+I          530117.527   8   1060251.054  1060251.056  1060325.004
  3  LG+G4         528857.153   8   1057730.305  1057730.307  1057804.255
  4  LG+I+G4       528838.912   9   1057695.824  1057695.827  1057779.018
  5  LG+R2         529012.509   9   1058043.019  1058043.021  1058126.212
  6  LG+R3         528804.199   11  1057630.397  1057630.401  1057732.078
  7  LG+R4         528803.392   13  1057632.785  1057632.789  1057752.953
 14  LG+I+R2       528822.012   10  1057664.025  1057664.028  1057756.462
 15  LG+I+R3       528809.426   12  1057642.853  1057642.857  1057753.777
 16  LG+I+R4       528803.558   14  1057635.115  1057635.121  1057764.527
 17  LG+I+R5       528802.028   16  1057636.056  1057636.063  1057783.956
 28  LG+F+R3       527874.647   30  1055809.295  1055809.319  1056086.606
 29  LG+F+R4       527874.557   32  1055813.114  1055813.142  1056108.913
 38  LG+F+I+R4     527874.265   33  1055814.530  1055814.559  1056119.572
 39  LG+F+I+R5     527871.881   35  1055813.761  1055813.794  1056137.291
 50  WAG+R3        531596.342   11  1063214.685  1063214.688  1063316.366
+R4 reinitialized from +R3 with factor 0.500
+R4 reinitialized from +R3 with factor 0.250
+R4 reinitialized from +R3 with factor 0.125
 51  WAG+R4        531596.311   13  1063218.622  1063218.627  1063338.791
 60  WAG+I+R4      531597.299   14  1063222.598  1063222.604  1063352.010
 61  WAG+I+R5      531597.024   16  1063226.047  1063226.054  1063373.947
 72  WAG+F+R3      529142.172   30  1058344.344  1058344.368  1058621.655
 73  WAG+F+R4      529142.054   32  1058348.108  1058348.135  1058643.906
 82  WAG+F+I+R4    529143.290   33  1058352.580  1058352.609  1058657.622
 83  WAG+F+I+R5    529142.839   35  1058355.679  1058355.712  1058679.209
 94  JTT+R3        532203.843   11  1064429.686  1064429.689  1064531.366
 95  JTT+R4        532203.407   13  1064432.815  1064432.820  1064552.983
104  JTT+I+R4      532201.428   14  1064430.856  1064430.862  1064560.268
+I+R5 reinitialized from +I+R4 with factor 0.500
105  JTT+I+R5      532201.242   16  1064434.484  1064434.492  1064582.384
116  JTT+F+R3      530371.386   30  1060802.772  1060802.797  1061080.084
117  JTT+F+R4      530371.082   32  1060806.165  1060806.192  1061101.963
126  JTT+F+I+R4    530369.679   33  1060805.357  1060805.387  1061110.400
127  JTT+F+I+R5    530369.718   35  1060809.435  1060809.468  1061132.965
138  Q.PFAM+R3     529889.966   11  1059801.931  1059801.935  1059903.612
139  Q.PFAM+R4     529890.060   13  1059806.120  1059806.124  1059926.288
148  Q.PFAM+I+R4   529889.480   14  1059806.959  1059806.965  1059936.371
149  Q.PFAM+I+R5   529889.125   16  1059810.250  1059810.257  1059958.149
160  Q.PFAM+F+R3   528268.555   30  1056597.110  1056597.134  1056874.421
+R4 reinitialized from +R3 with factor 0.500
161  Q.PFAM+F+R4   528268.494   32  1056600.988  1056601.016  1056896.787
170  Q.PFAM+F+I+R4 528268.079   33  1056602.157  1056602.187  1056907.200
171  Q.PFAM+F+I+R5 528267.755   35  1056605.510  1056605.543  1056929.040
182  Q.BIRD+R3     537941.628   11  1075905.256  1075905.260  1076006.937
183  Q.BIRD+R4     537938.151   13  1075902.302  1075902.307  1076022.471
192  Q.BIRD+I+R4   537926.255   14  1075880.509  1075880.515  1076009.921
193  Q.BIRD+I+R5   537926.078   16  1075884.157  1075884.164  1076032.056
204  Q.BIRD+F+R3   535981.173   30  1072022.345  1072022.370  1072299.657
205  Q.BIRD+F+R4   535977.103   32  1072018.206  1072018.233  1072314.004
214  Q.BIRD+F+I+R4 535967.406   33  1072000.812  1072000.842  1072305.855
215  Q.BIRD+F+I+R5 535967.103   35  1072004.205  1072004.238  1072327.735
226  Q.MAMMAL+R3   536646.388   11  1073314.776  1073314.779  1073416.457
227  Q.MAMMAL+R4   536644.867   13  1073315.734  1073315.739  1073435.903
236  Q.MAMMAL+I+R4 536641.208   14  1073310.416  1073310.422  1073439.828
237  Q.MAMMAL+I+R5 536641.104   16  1073314.208  1073314.216  1073462.108
248  Q.MAMMAL+F+R3 534107.449   30  1068274.899  1068274.923  1068552.210
249  Q.MAMMAL+F+R4 534105.624   32  1068275.247  1068275.275  1068571.046
258  Q.MAMMAL+F+I+R4 534102.910   33  1068271.821  1068271.850  1068576.863
259  Q.MAMMAL+F+I+R5 534102.644   35  1068275.288  1068275.321  1068598.818
270  Q.INSECT+R3   528927.909   11  1057877.817  1057877.821  1057979.498
271  Q.INSECT+R4   528927.092   13  1057880.183  1057880.188  1058000.352
280  Q.INSECT+I+R4 528927.315   14  1057882.629  1057882.635  1058012.041
281  Q.INSECT+I+R5 528927.143   16  1057886.286  1057886.293  1058034.185
292  Q.INSECT+F+R3 528510.384   30  1057080.769  1057080.793  1057358.080
293  Q.INSECT+F+R4 528509.767   32  1057083.535  1057083.562  1057379.333
302  Q.INSECT+F+I+R4 528509.462   33  1057084.923  1057084.952  1057389.966
303  Q.INSECT+F+I+R5 528509.243   35  1057088.485  1057088.518  1057412.015
314  Q.PLANT+R3    531874.674   11  1063771.348  1063771.352  1063873.029
315  Q.PLANT+R4    531874.037   13  1063774.075  1063774.079  1063894.243
324  Q.PLANT+I+R4  531873.635   14  1063775.270  1063775.276  1063904.682
325  Q.PLANT+I+R5  531873.533   16  1063779.065  1063779.072  1063926.965
336  Q.PLANT+F+R3  530765.851   30  1061591.703  1061591.727  1061869.014
337  Q.PLANT+F+R4  530765.821   32  1061595.642  1061595.670  1061891.441
346  Q.PLANT+F+I+R4 530766.504   33  1061599.008  1061599.038  1061904.051
347  Q.PLANT+F+I+R5 530766.452   35  1061602.903  1061602.936  1061926.433
358  Q.YEAST+R3    529606.815   11  1059235.629  1059235.633  1059337.310
359  Q.YEAST+R4    529605.956   13  1059237.911  1059237.916  1059358.080
368  Q.YEAST+I+R4  529600.321   14  1059228.642  1059228.647  1059358.054
369  Q.YEAST+I+R5  529599.179   16  1059230.357  1059230.364  1059378.257
380  Q.YEAST+F+R3  528113.367   30  1056286.735  1056286.759  1056564.046
381  Q.YEAST+F+R4  528112.633   32  1056289.267  1056289.295  1056585.066
390  Q.YEAST+F+I+R4 528108.217   33  1056282.435  1056282.464  1056587.477
391  Q.YEAST+F+I+R5 528107.196   35  1056284.392  1056284.425  1056607.922
402  JTTDCMUT+R3   532184.653   11  1064391.307  1064391.310  1064492.987
403  JTTDCMUT+R4   532183.706   13  1064393.412  1064393.417  1064513.580
412  JTTDCMUT+I+R4 532182.943   14  1064393.886  1064393.891  1064523.298
413  JTTDCMUT+I+R5 532182.987   16  1064397.974  1064397.982  1064545.874
424  JTTDCMUT+F+R3 530310.790   30  1060681.581  1060681.605  1060958.892
425  JTTDCMUT+F+R4 530310.029   32  1060684.058  1060684.086  1060979.857
434  JTTDCMUT+F+I+R4 530310.097   33  1060686.193  1060686.222  1060991.236
+I+R5 reinitialized from +I+R4 with factor 0.500
435  JTTDCMUT+F+I+R5 530310.101   35  1060690.203  1060690.236  1061013.733
446  DCMUT+R3      536121.457   11  1072264.914  1072264.918  1072366.595
447  DCMUT+R4      536120.568   13  1072267.137  1072267.141  1072387.305
456  DCMUT+I+R4    536116.204   14  1072260.407  1072260.413  1072389.819
457  DCMUT+I+R5    536116.082   16  1072264.164  1072264.172  1072412.064
468  DCMUT+F+R3    531143.872   30  1062347.743  1062347.768  1062625.055
469  DCMUT+F+R4    531143.067   32  1062350.134  1062350.161  1062645.932
478  DCMUT+F+I+R4  531139.236   33  1062344.472  1062344.501  1062649.514
479  DCMUT+F+I+R5  531139.197   35  1062348.394  1062348.427  1062671.924
490  VT+R3         530683.346   11  1061388.691  1061388.695  1061490.372
491  VT+R4         530680.735   13  1061387.470  1061387.475  1061507.638
500  VT+I+R4       530678.742   14  1061385.484  1061385.489  1061514.895
501  VT+I+R5       530678.806   16  1061389.612  1061389.619  1061537.511
512  VT+F+R3       529680.381   30  1059420.762  1059420.786  1059698.073
513  VT+F+R4       529678.254   32  1059420.508  1059420.535  1059716.306
522  VT+F+I+R4     529676.741   33  1059419.482  1059419.511  1059724.524
523  VT+F+I+R5     529676.745   35  1059423.489  1059423.522  1059747.019
534  PMB+R3        533488.929   11  1066999.859  1066999.862  1067101.539
+R4 reinitialized from +R3 with factor 0.500
535  PMB+R4        533487.655   13  1067001.310  1067001.315  1067121.478
544  PMB+I+R4      533490.292   14  1067008.584  1067008.590  1067137.996
545  PMB+I+R5      533488.978   16  1067009.957  1067009.964  1067157.856
556  PMB+F+R3      531345.558   30  1062751.117  1062751.141  1063028.428
557  PMB+F+R4      531345.042   32  1062754.083  1062754.111  1063049.882
566  PMB+F+I+R4    531345.125   33  1062756.251  1062756.280  1063061.293
567  PMB+F+I+R5    531344.956   35  1062759.912  1062759.945  1063083.442
578  BLOSUM62+R3   532573.132   11  1065168.264  1065168.268  1065269.945
579  BLOSUM62+R4   532571.982   13  1065169.964  1065169.969  1065290.132
588  BLOSUM62+I+R4 532571.277   14  1065170.553  1065170.559  1065299.965
589  BLOSUM62+I+R5 532570.970   16  1065173.939  1065173.946  1065321.839
600  BLOSUM62+F+R3 531086.898   30  1062233.796  1062233.820  1062511.107
601  BLOSUM62+F+R4 531086.941   32  1062237.881  1062237.909  1062533.680
610  BLOSUM62+F+I+R4 531085.581   33  1062237.163  1062237.192  1062542.205
+I+R5 reinitialized from +I+R4 with factor 0.500
611  BLOSUM62+F+I+R5 531085.496   35  1062240.993  1062241.026  1062564.523
622  DAYHOFF+R3    536111.544   11  1072245.088  1072245.092  1072346.769
+R4 reinitialized from +R3 with factor 0.500
623  DAYHOFF+R4    536110.467   13  1072246.934  1072246.939  1072367.102
632  DAYHOFF+I+R4  536103.000   14  1072234.000  1072234.005  1072363.412
633  DAYHOFF+I+R5  536102.384   16  1072236.768  1072236.775  1072384.667
644  DAYHOFF+F+R3  531136.071   30  1062332.143  1062332.167  1062609.454
645  DAYHOFF+F+R4  531134.275   32  1062332.550  1062332.577  1062628.349
654  DAYHOFF+F+I+R4 531127.627   33  1062321.254  1062321.284  1062626.297
655  DAYHOFF+F+I+R5 531127.268   35  1062324.536  1062324.569  1062648.066
666  MTREV+R3      559124.518   11  1118271.037  1118271.040  1118372.718
667  MTREV+R4      559122.661   13  1118271.322  1118271.326  1118391.490
676  MTREV+I+R4    559118.752   14  1118265.505  1118265.510  1118394.917
677  MTREV+I+R5    559118.442   16  1118268.883  1118268.890  1118416.783
688  MTREV+F+R3    533393.741   30  1066847.481  1066847.506  1067124.793
689  MTREV+F+R4    533391.168   32  1066846.335  1066846.363  1067142.134
698  MTREV+F+I+R4  533387.672   33  1066841.344  1066841.374  1067146.387
699  MTREV+F+I+R5  533387.146   35  1066844.291  1066844.324  1067167.821
710  MTART+R3      559771.531   11  1119565.062  1119565.066  1119666.743
711  MTART+R4      559752.311   13  1119530.621  1119530.626  1119650.790
720  MTART+I+R4    559739.376   14  1119506.752  1119506.757  1119636.164
721  MTART+I+R5    559707.194   16  1119446.388  1119446.395  1119594.288
732  MTART+F+R3    533412.803   30  1066885.606  1066885.631  1067162.918
733  MTART+F+R4    533406.596   32  1066877.191  1066877.219  1067172.990
742  MTART+F+I+R4  533409.949   33  1066885.897  1066885.927  1067190.940
743  MTART+F+I+R5  533401.585   35  1066873.170  1066873.203  1067196.700
754  MTZOA+R3      554050.438   11  1108122.875  1108122.879  1108224.556
755  MTZOA+R4      554047.131   13  1108120.261  1108120.266  1108240.429
764  MTZOA+I+R4    554047.718   14  1108123.436  1108123.442  1108252.848
765  MTZOA+I+R5    554047.374   16  1108126.748  1108126.755  1108274.647
776  MTZOA+F+R3    531295.255   30  1062650.511  1062650.535  1062927.822
777  MTZOA+F+R4    531288.445   32  1062640.889  1062640.917  1062936.688
786  MTZOA+F+I+R4  531282.322   33  1062630.645  1062630.674  1062935.687
787  MTZOA+F+I+R5  531276.517   35  1062623.034  1062623.067  1062946.564
798  MTMET+R3      558614.196   11  1117250.392  1117250.395  1117352.072
799  MTMET+R4      558610.184   13  1117246.368  1117246.373  1117366.537
808  MTMET+I+R4    558604.482   14  1117236.964  1117236.969  1117366.376
809  MTMET+I+R5    558604.101   16  1117240.201  1117240.208  1117388.101
820  MTMET+F+R3    533522.145   30  1067104.290  1067104.314  1067381.601
821  MTMET+F+R4    533500.688   32  1067065.376  1067065.404  1067361.175
830  MTMET+F+I+R4  533468.648   33  1067003.297  1067003.326  1067308.339
831  MTMET+F+I+R5  533468.666   35  1067007.331  1067007.364  1067330.861
842  MTVER+R3      564035.219   11  1128092.439  1128092.442  1128194.120
843  MTVER+R4      564033.517   13  1128093.034  1128093.039  1128213.202
852  MTVER+I+R4    564031.120   14  1128090.240  1128090.245  1128219.652
+I+R5 reinitialized from +I+R4 with factor 0.500
853  MTVER+I+R5    564026.328   16  1128084.656  1128084.663  1128232.556
864  MTVER+F+R3    537776.530   30  1075613.060  1075613.085  1075890.372
865  MTVER+F+R4    537705.749   32  1075475.499  1075475.526  1075771.298
874  MTVER+F+I+R4  537712.565   33  1075491.129  1075491.159  1075796.172
875  MTVER+F+I+R5  537711.136   35  1075492.272  1075492.305  1075815.802
886  MTINV+R3      562708.032   11  1125438.063  1125438.067  1125539.744
887  MTINV+R4      562705.668   13  1125437.336  1125437.341  1125557.505
896  MTINV+I+R4    562696.776   14  1125421.552  1125421.558  1125550.964
+I+R5 reinitialized from +I+R4 with factor 0.500
+I+R5 reinitialized from +I+R4 with factor 0.250
+I+R5 reinitialized from +I+R4 with factor 0.125
+I+R5 reinitialized from +I+R4 with factor 0.062
+I+R5 reinitialized from +I+R4 with factor 0.031
897  MTINV+I+R5    562697.679   16  1125427.359  1125427.366  1125575.258
908  MTINV+F+R3    531468.173   30  1062996.346  1062996.370  1063273.657
909  MTINV+F+R4    531440.313   32  1062944.626  1062944.654  1063240.425
918  MTINV+F+I+R4  531442.290   33  1062950.580  1062950.609  1063255.622
919  MTINV+F+I+R5  531442.157   35  1062954.313  1062954.346  1063277.843
930  MTMAM+R3      564354.005   11  1128730.011  1128730.014  1128831.692
931  MTMAM+R4      564319.374   13  1128664.748  1128664.753  1128784.917
940  MTMAM+I+R4    564293.791   14  1128615.581  1128615.587  1128744.993
941  MTMAM+I+R5    564293.713   16  1128619.427  1128619.434  1128767.326
952  MTMAM+F+R3    538196.009   30  1076452.018  1076452.043  1076729.330
953  MTMAM+F+R4    538157.072   32  1076378.144  1076378.171  1076673.942
962  MTMAM+F+I+R4  538150.705   33  1076367.410  1076367.440  1076672.453
963  MTMAM+F+I+R5  538150.232   35  1076370.464  1076370.497  1076693.994
974  FLAVI+R3      545719.657   11  1091461.315  1091461.318  1091562.995
975  FLAVI+R4      545647.732   13  1091321.463  1091321.468  1091441.631
984  FLAVI+I+R4    545647.136   14  1091322.272  1091322.278  1091451.684
985  FLAVI+I+R5    545647.114   16  1091326.229  1091326.236  1091474.128
996  FLAVI+F+R3    539445.253   30  1078950.505  1078950.530  1079227.817
997  FLAVI+F+R4    539375.905   32  1078815.809  1078815.837  1079111.608
1006  FLAVI+F+I+R4  539376.928   33  1078819.857  1078819.886  1079124.899
1007  FLAVI+F+I+R5  539376.240   35  1078822.479  1078822.512  1079146.009
1018  HIVB+R3       538797.596   11  1077617.193  1077617.196  1077718.874
1019  HIVB+R4       538784.379   13  1077594.758  1077594.763  1077714.927
1028  HIVB+I+R4     538783.543   14  1077595.085  1077595.091  1077724.497
1029  HIVB+I+R5     538783.406   16  1077598.812  1077598.819  1077746.711
1040  HIVB+F+R3     535252.506   30  1070565.011  1070565.035  1070842.322
1041  HIVB+F+R4     535236.912   32  1070537.824  1070537.852  1070833.623
1050  HIVB+F+I+R4   535237.534   33  1070541.067  1070541.097  1070846.110
1051  HIVB+F+I+R5   535237.115   35  1070544.229  1070544.262  1070867.759
1062  HIVW+R3       554174.278   11  1108370.557  1108370.560  1108472.238
1063  HIVW+R4       554025.840   13  1108077.681  1108077.685  1108197.849
1072  HIVW+I+R4     554025.243   14  1108078.485  1108078.491  1108207.897
+I+R5 reinitialized from +I+R4 with factor 0.500
1073  HIVW+I+R5     554024.058   16  1108080.117  1108080.124  1108228.016
1084  HIVW+F+R3     544026.444   30  1088112.888  1088112.912  1088390.199
1085  HIVW+F+R4     543916.590   32  1087897.181  1087897.208  1088192.979
1094  HIVW+F+I+R4   543914.053   33  1087894.106  1087894.136  1088199.149
+I+R5 reinitialized from +I+R4 with factor 0.500
+I+R5 reinitialized from +I+R4 with factor 0.250
+I+R5 reinitialized from +I+R4 with factor 0.125
1095  HIVW+F+I+R5   543914.104   35  1087898.208  1087898.241  1088221.738
1106  FLU+R3        537755.424   11  1075532.848  1075532.851  1075634.529
1107  FLU+R4        537701.731   13  1075429.461  1075429.466  1075549.629
1116  FLU+I+R4      537698.105   14  1075424.211  1075424.216  1075553.623
1117  FLU+I+R5      537697.997   16  1075427.994  1075428.001  1075575.893
1128  FLU+F+R3      534025.703   30  1068111.405  1068111.430  1068388.717
1129  FLU+F+R4      533975.384   32  1068014.769  1068014.797  1068310.568
1138  FLU+F+I+R4    533972.403   33  1068010.805  1068010.834  1068315.848
1139  FLU+F+I+R5    533972.308   35  1068014.617  1068014.650  1068338.147
1150  RTREV+R3      533110.151   11  1066242.302  1066242.305  1066343.983
1151  RTREV+R4      533105.405   13  1066236.811  1066236.815  1066356.979
1160  RTREV+I+R4    533104.542   14  1066237.084  1066237.089  1066366.496
1161  RTREV+I+R5    533104.538   16  1066241.076  1066241.084  1066388.976
1172  RTREV+F+R3    528580.843   30  1057221.685  1057221.709  1057498.996
1173  RTREV+F+R4    528580.893   32  1057225.787  1057225.815  1057521.586
1182  RTREV+F+I+R4  528580.658   33  1057227.315  1057227.345  1057532.358
1183  RTREV+F+I+R5  528580.538   35  1057231.076  1057231.109  1057554.606
1194  CPREV+R3      533757.551   11  1067537.102  1067537.106  1067638.783
+R4 reinitialized from +R3 with factor 0.500
1195  CPREV+R4      533755.866   13  1067537.732  1067537.736  1067657.900
1204  CPREV+I+R4    533758.124   14  1067544.247  1067544.253  1067673.659
1205  CPREV+I+R5    533757.820   16  1067547.640  1067547.647  1067695.539
1216  CPREV+F+R3    531057.585   30  1062175.171  1062175.195  1062452.482
1217  CPREV+F+R4    531056.827   32  1062177.654  1062177.682  1062473.453
1226  CPREV+F+I+R4  531061.296   33  1062188.591  1062188.620  1062493.634
1227  CPREV+F+I+R5  531060.776   35  1062191.552  1062191.585  1062515.081
Akaike Information Criterion:           LG+F+R3
Corrected Akaike Information Criterion: LG+F+R3
Bayesian Information Criterion:         LG+F+R3
Best-fit model: LG+F+R3 chosen according to AIC

All model information printed to 5insect_c60_init.model.gz
CPU time for ModelFinder: 32918.243 seconds (9h:8m:38s)
Wall-clock time for ModelFinder: 4551.996 seconds (1h:15m:51s)

NOTE: 58 MB RAM (0 GB) is required!
Estimate model parameters (epsilon = 0.010)
1. Initial log-likelihood: -527882.142
2. Current log-likelihood: -527873.762
3. Current log-likelihood: -527873.061
4. Current log-likelihood: -527872.864
5. Current log-likelihood: -527872.734
6. Current log-likelihood: -527872.612
7. Current log-likelihood: -527872.502
8. Current log-likelihood: -527872.411
9. Current log-likelihood: -527872.333
10. Current log-likelihood: -527872.258
11. Current log-likelihood: -527872.200
12. Current log-likelihood: -527872.149
13. Current log-likelihood: -527872.104
14. Current log-likelihood: -527872.064
15. Current log-likelihood: -527872.028
16. Current log-likelihood: -527871.995
17. Current log-likelihood: -527871.968
18. Current log-likelihood: -527871.941
19. Current log-likelihood: -527871.919
20. Current log-likelihood: -527871.901
21. Current log-likelihood: -527871.888
22. Current log-likelihood: -527871.872
Optimal log-likelihood: -527871.865
Site proportion and rates:  (0.343,0.105) (0.524,0.927) (0.133,3.595)
Parameters optimization took 22 rounds (1.867 sec)
Wrote distance file to... 
BEST SCORE FOUND : -527871.865
Total tree length: 2.806

Total number of iterations: 0
CPU time used for tree search: 0.000 sec (0h:0m:0s)
Wall-clock time used for tree search: 0.000 sec (0h:0m:0s)
Total CPU time used: 32974.320 sec (9h:9m:34s)
Total wall-clock time used: 4553.885 sec (1h:15m:53s)

Analysis results written to: 
  IQ-TREE report:                5insect_c60_init.iqtree
  Tree used for ModelFinder:     5insect_c60_init.treefile
  Screen log file:               5insect_c60_init.log

Date and Time: Fri Jun 13 04:09:33 2025
