IQ-TREE multicore version 2.4.0 for Linux x86 64-bit built Mar 19 2025
Developed by Bui Quang Minh, Nguyen Lam Tung, Olga Chernomor, Heiko Schmidt,
Dominik Schrempf, Michael Woodhams, Ly Trong Nhan, Thomas Wong

Host:    fisher.uds.anu.edu.au (AVX2, FMA3, 1007 GB RAM)
Command: ../../iqtree2 -s ./5_concated.nex -m LG+C60+R3 -te ../partition/Q/insect5_Q_search.treefile -mwopt -T 30 -mem 120G -safe -pre insect5_c60_opt
Seed:    827145 (Using SPRNG - Scalable Parallel Random Number Generator)
Time:    Fri Jun 13 06:13:43 2025
Kernel:  Safe AVX+FMA - 30 threads (31 CPU cores detected)

Reading alignment file ./5_concated.nex ... Nexus format detected
Skipping unknown block (sets)...
WARNING: 1132 sites contain only gaps or ambiguous characters.
Alignment has 5 sequences with 76398 columns, 25323 distinct patterns
4164 parsimony-informative, 39570 singleton sites, 32664 constant sites
                         Gap/Ambiguity  Composition  p-value
Analyzing sequences: done in 0.00797491 secs using 1422% CPU
   1  Lepeophtheirus_salmonis   44.77%    failed      0.00%
   2  Stylops_melittae          40.37%    failed      0.00%
   3  Anurida_maritima          41.36%    failed      0.00%
   4  DROSOPHILA_MELANOGASTER    3.40%    failed      0.00%
   5  Essigella_californica     16.92%    failed      0.00%
****  TOTAL                     29.37%  5 sequences failed composition chi2 test (p-value<5%; df=19)
Checking for duplicate sequences: done in 0.00799993 secs using 1417% CPU
Reading input tree file ../partition/Q/insect5_Q_search.treefile ...
Model LG+C60+R3 is alias for LG+POISSON+G+FMIX{C60pi1:1:0.0169698865,C60pi2:1:0.0211683374,C60pi3:1:0.0276589079,C60pi4:1:0.0065675964,C60pi5:1:0.0141221416,C60pi6:1:0.0068774834,C60pi7:1:0.0146909701,C60pi8:1:0.0067225777,C60pi9:1:0.0018396660,C60pi10:1:0.0102547197,C60pi11:1:0.0230896163,C60pi12:1:0.0057941033,C60pi13:1:0.0125394534,C60pi14:1:0.0204526478,C60pi15:1:0.0070629602,C60pi16:1:0.0117982741,C60pi17:1:0.0068334668,C60pi18:1:0.0433775839,C60pi19:1:0.0318278731,C60pi20:1:0.0222546108,C60pi21:1:0.0102264969,C60pi22:1:0.0150545891,C60pi23:1:0.0134159878,C60pi24:1:0.0148552065,C60pi25:1:0.0239111516,C60pi26:1:0.0128776278,C60pi27:1:0.0222318842,C60pi28:1:0.0247444742,C60pi29:1:0.0214274810,C60pi30:1:0.0115001882,C60pi31:1:0.0076017389,C60pi32:1:0.0130258568,C60pi33:1:0.0093701965,C60pi34:1:0.0467194264,C60pi35:1:0.0441940314,C60pi36:1:0.0322263154,C60pi37:1:0.0402999891,C60pi38:1:0.0150234227,C60pi39:1:0.0104589903,C60pi40:1:0.0214742395,C60pi41:1:0.0154957836,C60pi42:1:0.0101789953,C60pi43:1:0.0227980379,C60pi44:1:0.0123204539,C60pi45:1:0.0066777583,C60pi46:1:0.0004150083,C60pi47:1:0.0344385130,C60pi48:1:0.0113663379,C60pi49:1:0.0127143049,C60pi50:1:0.0124323741,C60pi51:1:0.0262124415,C60pi52:1:0.0064994957,C60pi53:1:0.0103203293,C60pi54:1:0.0142463512,C60pi55:1:0.0215600067,C60pi56:1:0.0199150700,C60pi57:1:0.0038964200,C60pi58:1:0.0113448855,C60pi59:1:0.0128595846,C60pi60:1:0.0117656776}+R3
WARNING: Your input class weight 0.000415008 is very small and may cause numerical issues
WARNING: Both Gamma and FreeRate models were specified, continue with FreeRate model

NOTE: 3524 MB RAM (3 GB) is required!
Estimate model parameters (epsilon = 0.010)
1. Initial log-likelihood: -539152.663
2. Current log-likelihood: -529069.721
3. Current log-likelihood: -528789.567
4. Current log-likelihood: -528773.348
5. Current log-likelihood: -528763.344
6. Current log-likelihood: -528755.775
7. Current log-likelihood: -528749.630
8. Current log-likelihood: -528738.635
9. Current log-likelihood: -528733.541
10. Current log-likelihood: -528728.479
11. Current log-likelihood: -528723.344
12. Current log-likelihood: -528716.818
13. Current log-likelihood: -528712.391
14. Current log-likelihood: -528708.465
15. Current log-likelihood: -528704.871
16. Current log-likelihood: -528701.562
17. Current log-likelihood: -528697.168
18. Current log-likelihood: -528694.158
19. Current log-likelihood: -528691.449
20. Current log-likelihood: -528687.866
21. Current log-likelihood: -528685.295
22. Current log-likelihood: -528683.058
23. Current log-likelihood: -528679.872
24. Current log-likelihood: -528677.661
25. Current log-likelihood: -528675.636
26. Current log-likelihood: -528673.726
27. Current log-likelihood: -528671.900
28. Current log-likelihood: -528668.863
29. Current log-likelihood: -528667.021
30. Current log-likelihood: -528665.357
31. Current log-likelihood: -528663.765
32. Current log-likelihood: -528662.248
33. Current log-likelihood: -528659.911
34. Current log-likelihood: -528658.378
35. Current log-likelihood: -528656.931
36. Current log-likelihood: -528655.461
37. Current log-likelihood: -528654.194
38. Current log-likelihood: -528652.852
39. Current log-likelihood: -528650.524
40. Current log-likelihood: -528648.607
41. Current log-likelihood: -528647.408
42. Current log-likelihood: -528646.257
43. Current log-likelihood: -528645.138
44. Current log-likelihood: -528642.520
45. Current log-likelihood: -528641.336
46. Current log-likelihood: -528640.235
47. Current log-likelihood: -528639.076
48. Current log-likelihood: -528638.079
49. Current log-likelihood: -528636.992
50. Current log-likelihood: -528635.092
51. Current log-likelihood: -528634.068
52. Current log-likelihood: -528633.092
53. Current log-likelihood: -528632.136
54. Current log-likelihood: -528631.100
55. Current log-likelihood: -528630.205
56. Current log-likelihood: -528629.308
57. Current log-likelihood: -528626.815
58. Current log-likelihood: -528625.673
59. Current log-likelihood: -528624.583
60. Current log-likelihood: -528623.685
61. Current log-likelihood: -528622.749
62. Current log-likelihood: -528621.862
63. Current log-likelihood: -528621.006
64. Current log-likelihood: -528620.172
65. Current log-likelihood: -528619.355
66. Current log-likelihood: -528618.550
67. Current log-likelihood: -528617.752
68. Current log-likelihood: -528616.970
69. Current log-likelihood: -528613.675
70. Current log-likelihood: -528612.407
71. Current log-likelihood: -528611.298
72. Current log-likelihood: -528610.318
73. Current log-likelihood: -528609.443
74. Current log-likelihood: -528608.651
75. Current log-likelihood: -528607.907
76. Current log-likelihood: -528607.197
77. Current log-likelihood: -528606.511
78. Current log-likelihood: -528605.845
79. Current log-likelihood: -528605.194
80. Current log-likelihood: -528604.555
81. Current log-likelihood: -528603.927
82. Current log-likelihood: -528603.224
83. Current log-likelihood: -528602.615
84. Current log-likelihood: -528601.930
85. Current log-likelihood: -528601.337
86. Current log-likelihood: -528600.669
87. Current log-likelihood: -528600.008
88. Current log-likelihood: -528599.437
89. Current log-likelihood: -528598.810
90. Current log-likelihood: -528598.182
91. Current log-likelihood: -528597.631
92. Current log-likelihood: -528597.025
93. Current log-likelihood: -528596.497
94. Current log-likelihood: -528595.905
95. Current log-likelihood: -528595.389
96. Current log-likelihood: -528594.810
97. Current log-likelihood: -528594.305
98. Current log-likelihood: -528593.739
99. Current log-likelihood: -528593.246
100. Current log-likelihood: -528592.692
101. Current log-likelihood: -528592.209
102. Current log-likelihood: -528591.740
103. Current log-likelihood: -528591.212
104. Current log-likelihood: -528590.745
105. Current log-likelihood: -528590.291
106. Current log-likelihood: -528589.779
107. Current log-likelihood: -528589.345
108. Current log-likelihood: -528588.896
109. Current log-likelihood: -528588.391
110. Current log-likelihood: -528587.969
111. Current log-likelihood: -528587.552
112. Current log-likelihood: -528587.140
113. Current log-likelihood: -528586.662
114. Current log-likelihood: -528586.258
115. Current log-likelihood: -528585.858
116. Current log-likelihood: -528585.462
117. Current log-likelihood: -528585.070
118. Current log-likelihood: -528584.614
119. Current log-likelihood: -528584.231
120. Current log-likelihood: -528583.851
121. Current log-likelihood: -528583.473
122. Current log-likelihood: -528583.100
123. Current log-likelihood: -528582.731
124. Current log-likelihood: -528582.364
125. Current log-likelihood: -528582.000
126. Current log-likelihood: -528581.639
127. Current log-likelihood: -528581.284
128. Current log-likelihood: -528580.931
129. Current log-likelihood: -528580.581
130. Current log-likelihood: -528580.232
131. Current log-likelihood: -528579.884
132. Current log-likelihood: -528579.542
133. Current log-likelihood: -528579.201
134. Current log-likelihood: -528578.865
135. Current log-likelihood: -528578.531
136. Current log-likelihood: -528578.201
137. Current log-likelihood: -528569.383
138. Current log-likelihood: -528568.146
139. Current log-likelihood: -528567.363
140. Current log-likelihood: -528566.727
141. Current log-likelihood: -528566.186
142. Current log-likelihood: -528565.704
143. Current log-likelihood: -528565.259
144. Current log-likelihood: -528564.850
145. Current log-likelihood: -528564.473
146. Current log-likelihood: -528564.105
147. Current log-likelihood: -528563.743
148. Current log-likelihood: -528563.382
149. Current log-likelihood: -528563.044
150. Current log-likelihood: -528562.723
151. Current log-likelihood: -528562.406
152. Current log-likelihood: -528562.094
153. Current log-likelihood: -528561.785
154. Current log-likelihood: -528561.481
155. Current log-likelihood: -528561.180
156. Current log-likelihood: -528560.882
157. Current log-likelihood: -528560.589
158. Current log-likelihood: -528560.299
159. Current log-likelihood: -528560.013
160. Current log-likelihood: -528559.730
161. Current log-likelihood: -528559.450
162. Current log-likelihood: -528559.173
163. Current log-likelihood: -528558.899
164. Current log-likelihood: -528558.628
165. Current log-likelihood: -528558.360
166. Current log-likelihood: -528558.095
167. Current log-likelihood: -528557.832
168. Current log-likelihood: -528557.572
169. Current log-likelihood: -528557.315
170. Current log-likelihood: -528557.061
171. Current log-likelihood: -528556.809
172. Current log-likelihood: -528556.560
173. Current log-likelihood: -528556.313
174. Current log-likelihood: -528556.069
175. Current log-likelihood: -528555.827
176. Current log-likelihood: -528555.587
177. Current log-likelihood: -528555.350
178. Current log-likelihood: -528555.115
179. Current log-likelihood: -528554.883
180. Current log-likelihood: -528554.653
181. Current log-likelihood: -528554.425
182. Current log-likelihood: -528554.199
183. Current log-likelihood: -528553.975
184. Current log-likelihood: -528553.758
185. Current log-likelihood: -528553.552
186. Current log-likelihood: -528553.335
187. Current log-likelihood: -528553.119
188. Current log-likelihood: -528552.910
189. Current log-likelihood: -528552.711
190. Current log-likelihood: -528552.502
191. Current log-likelihood: -528552.294
192. Current log-likelihood: -528552.092
193. Current log-likelihood: -528551.900
194. Current log-likelihood: -528551.698
195. Current log-likelihood: -528551.502
196. Current log-likelihood: -528551.315
197. Current log-likelihood: -528551.118
198. Current log-likelihood: -528550.927
199. Current log-likelihood: -528550.745
200. Current log-likelihood: -528550.557
201. Current log-likelihood: -528550.378
202. Current log-likelihood: -528550.190
203. Current log-likelihood: -528550.006
204. Current log-likelihood: -528549.832
205. Current log-likelihood: -528549.653
206. Current log-likelihood: -528549.481
207. Current log-likelihood: -528549.305
208. Current log-likelihood: -528549.145
209. Current log-likelihood: -528548.986
210. Current log-likelihood: -528548.825
211. Current log-likelihood: -528548.670
212. Current log-likelihood: -528548.515
213. Current log-likelihood: -528548.367
214. Current log-likelihood: -528548.225
215. Current log-likelihood: -528548.079
216. Current log-likelihood: -528547.948
217. Current log-likelihood: -528547.819
218. Current log-likelihood: -528547.681
219. Current log-likelihood: -528547.539
220. Current log-likelihood: -528547.412
221. Current log-likelihood: -528547.286
222. Current log-likelihood: -528547.161
223. Current log-likelihood: -528547.037
224. Current log-likelihood: -528546.914
225. Current log-likelihood: -528546.792
226. Current log-likelihood: -528546.670
227. Current log-likelihood: -528546.543
228. Current log-likelihood: -528546.405
229. Current log-likelihood: -528546.276
230. Current log-likelihood: -528546.148
231. Current log-likelihood: -528546.021
232. Current log-likelihood: -528545.895
233. Current log-likelihood: -528545.771
234. Current log-likelihood: -528545.647
235. Current log-likelihood: -528545.524
236. Current log-likelihood: -528545.402
237. Current log-likelihood: -528545.281
238. Current log-likelihood: -528545.161
239. Current log-likelihood: -528545.042
240. Current log-likelihood: -528544.923
241. Current log-likelihood: -528544.806
242. Current log-likelihood: -528544.689
243. Current log-likelihood: -528544.581
244. Current log-likelihood: -528544.480
245. Current log-likelihood: -528544.362
246. Current log-likelihood: -528544.249
247. Current log-likelihood: -528544.136
248. Current log-likelihood: -528544.033
249. Current log-likelihood: -528543.935
250. Current log-likelihood: -528543.823
251. Current log-likelihood: -528543.709
252. Current log-likelihood: -528543.609
253. Current log-likelihood: -528543.514
254. Current log-likelihood: -528543.405
255. Current log-likelihood: -528543.303
256. Current log-likelihood: -528543.214
257. Current log-likelihood: -528543.120
258. Current log-likelihood: -528543.028
259. Current log-likelihood: -528542.930
260. Current log-likelihood: -528542.839
261. Current log-likelihood: -528542.747
262. Current log-likelihood: -528542.666
263. Current log-likelihood: -528542.576
264. Current log-likelihood: -528542.486
265. Current log-likelihood: -528542.406
266. Current log-likelihood: -528542.318
267. Current log-likelihood: -528542.229
268. Current log-likelihood: -528542.150
269. Current log-likelihood: -528542.064
270. Current log-likelihood: -528541.976
271. Current log-likelihood: -528541.898
272. Current log-likelihood: -528541.821
273. Current log-likelihood: -528541.747
274. Current log-likelihood: -528541.663
275. Current log-likelihood: -528541.578
276. Current log-likelihood: -528541.502
277. Current log-likelihood: -528541.427
278. Current log-likelihood: -528541.355
279. Current log-likelihood: -528541.280
280. Current log-likelihood: -528541.213
281. Current log-likelihood: -528541.141
282. Current log-likelihood: -528541.068
283. Current log-likelihood: -528540.997
284. Current log-likelihood: -528540.924
285. Current log-likelihood: -528540.855
286. Current log-likelihood: -528540.783
287. Current log-likelihood: -528540.717
288. Current log-likelihood: -528540.647
289. Current log-likelihood: -528540.576
290. Current log-likelihood: -528540.507
291. Current log-likelihood: -528540.436
292. Current log-likelihood: -528540.368
293. Current log-likelihood: -528540.298
294. Current log-likelihood: -528540.234
295. Current log-likelihood: -528540.180
296. Current log-likelihood: -528540.122
297. Current log-likelihood: -528540.068
298. Current log-likelihood: -528540.010
299. Current log-likelihood: -528539.957
300. Current log-likelihood: -528539.900
301. Current log-likelihood: -528539.847
302. Current log-likelihood: -528539.790
303. Current log-likelihood: -528539.737
304. Current log-likelihood: -528539.681
305. Current log-likelihood: -528539.629
306. Current log-likelihood: -528539.573
307. Current log-likelihood: -528539.525
308. Current log-likelihood: -528539.468
309. Current log-likelihood: -528539.416
310. Current log-likelihood: -528539.361
311. Current log-likelihood: -528539.313
312. Current log-likelihood: -528539.267
313. Current log-likelihood: -528539.212
314. Current log-likelihood: -528539.165
315. Current log-likelihood: -528539.119
316. Current log-likelihood: -528539.064
317. Current log-likelihood: -528539.018
318. Current log-likelihood: -528538.973
319. Current log-likelihood: -528538.919
320. Current log-likelihood: -528538.873
321. Current log-likelihood: -528538.829
322. Current log-likelihood: -528538.775
323. Current log-likelihood: -528538.729
324. Current log-likelihood: -528538.686
325. Current log-likelihood: -528538.632
326. Current log-likelihood: -528538.587
327. Current log-likelihood: -528538.544
328. Current log-likelihood: -528538.491
329. Current log-likelihood: -528538.446
330. Current log-likelihood: -528538.403
331. Current log-likelihood: -528538.361
332. Current log-likelihood: -528538.309
333. Current log-likelihood: -528538.265
334. Current log-likelihood: -528538.223
335. Current log-likelihood: -528538.181
336. Current log-likelihood: -528538.130
337. Current log-likelihood: -528538.087
338. Current log-likelihood: -528538.046
339. Current log-likelihood: -528538.005
340. Current log-likelihood: -528537.954
341. Current log-likelihood: -528537.912
342. Current log-likelihood: -528537.871
343. Current log-likelihood: -528537.830
344. Current log-likelihood: -528537.790
345. Current log-likelihood: -528537.750
346. Current log-likelihood: -528537.701
347. Current log-likelihood: -528537.659
348. Current log-likelihood: -528537.619
349. Current log-likelihood: -528537.579
350. Current log-likelihood: -528537.540
351. Current log-likelihood: -528537.502
352. Current log-likelihood: -528537.464
353. Current log-likelihood: -528537.426
354. Current log-likelihood: -528537.388
355. Current log-likelihood: -528537.351
356. Current log-likelihood: -528537.313
357. Current log-likelihood: -528537.276
358. Current log-likelihood: -528537.228
359. Current log-likelihood: -528537.188
360. Current log-likelihood: -528537.150
361. Current log-likelihood: -528537.112
362. Current log-likelihood: -528537.075
363. Current log-likelihood: -528537.038
364. Current log-likelihood: -528537.001
365. Current log-likelihood: -528536.964
366. Current log-likelihood: -528536.927
367. Current log-likelihood: -528536.891
368. Current log-likelihood: -528536.854
369. Current log-likelihood: -528536.818
370. Current log-likelihood: -528536.782
371. Current log-likelihood: -528536.745
372. Current log-likelihood: -528536.709
373. Current log-likelihood: -528536.673
374. Current log-likelihood: -528536.638
375. Current log-likelihood: -528536.602
376. Current log-likelihood: -528536.566
377. Current log-likelihood: -528536.530
378. Current log-likelihood: -528536.495
379. Current log-likelihood: -528536.459
380. Current log-likelihood: -528536.424
381. Current log-likelihood: -528536.389
382. Current log-likelihood: -528536.354
383. Current log-likelihood: -528536.319
384. Current log-likelihood: -528536.283
385. Current log-likelihood: -528536.248
386. Current log-likelihood: -528536.213
387. Current log-likelihood: -528536.178
388. Current log-likelihood: -528536.143
389. Current log-likelihood: -528536.108
390. Current log-likelihood: -528536.073
391. Current log-likelihood: -528536.039
392. Current log-likelihood: -528535.994
393. Current log-likelihood: -528535.958
394. Current log-likelihood: -528535.924
395. Current log-likelihood: -528535.889
396. Current log-likelihood: -528535.855
397. Current log-likelihood: -528535.821
398. Current log-likelihood: -528535.787
399. Current log-likelihood: -528535.753
400. Current log-likelihood: -528535.719
401. Current log-likelihood: -528535.685
402. Current log-likelihood: -528535.651
403. Current log-likelihood: -528535.617
404. Current log-likelihood: -528535.583
405. Current log-likelihood: -528535.549
406. Current log-likelihood: -528535.515
407. Current log-likelihood: -528535.482
408. Current log-likelihood: -528535.448
409. Current log-likelihood: -528535.415
410. Current log-likelihood: -528535.381
411. Current log-likelihood: -528535.348
412. Current log-likelihood: -528535.315
413. Current log-likelihood: -528535.282
414. Current log-likelihood: -528535.245
415. Current log-likelihood: -528535.213
416. Current log-likelihood: -528535.177
417. Current log-likelihood: -528535.143
418. Current log-likelihood: -528535.110
419. Current log-likelihood: -528535.077
420. Current log-likelihood: -528535.045
421. Current log-likelihood: -528535.012
422. Current log-likelihood: -528534.979
423. Current log-likelihood: -528534.947
424. Current log-likelihood: -528534.915
425. Current log-likelihood: -528534.882
426. Current log-likelihood: -528534.850
427. Current log-likelihood: -528534.818
428. Current log-likelihood: -528534.786
429. Current log-likelihood: -528534.754
430. Current log-likelihood: -528534.722
431. Current log-likelihood: -528534.690
432. Current log-likelihood: -528534.658
433. Current log-likelihood: -528534.626
434. Current log-likelihood: -528534.594
435. Current log-likelihood: -528534.562
436. Current log-likelihood: -528534.531
437. Current log-likelihood: -528534.499
438. Current log-likelihood: -528534.468
439. Current log-likelihood: -528534.436
440. Current log-likelihood: -528534.405
441. Current log-likelihood: -528534.374
442. Current log-likelihood: -528534.343
443. Current log-likelihood: -528534.311
444. Current log-likelihood: -528534.280
445. Current log-likelihood: -528534.249
446. Current log-likelihood: -528534.218
447. Current log-likelihood: -528534.187
448. Current log-likelihood: -528534.157
449. Current log-likelihood: -528534.126
450. Current log-likelihood: -528534.095
451. Current log-likelihood: -528534.064
452. Current log-likelihood: -528534.034
453. Current log-likelihood: -528534.003
454. Current log-likelihood: -528533.973
455. Current log-likelihood: -528533.942
456. Current log-likelihood: -528533.912
457. Current log-likelihood: -528533.882
458. Current log-likelihood: -528533.852
459. Current log-likelihood: -528533.821
460. Current log-likelihood: -528533.791
461. Current log-likelihood: -528533.761
462. Current log-likelihood: -528533.731
463. Current log-likelihood: -528533.701
464. Current log-likelihood: -528533.671
465. Current log-likelihood: -528533.642
466. Current log-likelihood: -528533.612
467. Current log-likelihood: -528533.582
468. Current log-likelihood: -528533.553
469. Current log-likelihood: -528533.523
470. Current log-likelihood: -528533.493
471. Current log-likelihood: -528533.464
472. Current log-likelihood: -528533.435
473. Current log-likelihood: -528533.405
474. Current log-likelihood: -528533.376
475. Current log-likelihood: -528533.347
476. Current log-likelihood: -528533.318
477. Current log-likelihood: -528533.288
478. Current log-likelihood: -528533.259
479. Current log-likelihood: -528533.230
480. Current log-likelihood: -528533.201
481. Current log-likelihood: -528533.173
482. Current log-likelihood: -528533.144
483. Current log-likelihood: -528533.115
484. Current log-likelihood: -528533.086
485. Current log-likelihood: -528533.058
486. Current log-likelihood: -528533.029
487. Current log-likelihood: -528533.000
488. Current log-likelihood: -528532.972
489. Current log-likelihood: -528532.943
490. Current log-likelihood: -528532.915
491. Current log-likelihood: -528532.887
492. Current log-likelihood: -528532.858
493. Current log-likelihood: -528532.833
494. Current log-likelihood: -528532.806
495. Current log-likelihood: -528532.778
496. Current log-likelihood: -528532.750
497. Current log-likelihood: -528532.722
498. Current log-likelihood: -528532.694
499. Current log-likelihood: -528532.666
500. Current log-likelihood: -528532.638
501. Current log-likelihood: -528532.611
502. Current log-likelihood: -528532.583
503. Current log-likelihood: -528532.555
504. Current log-likelihood: -528532.527
505. Current log-likelihood: -528532.500
506. Current log-likelihood: -528532.472
507. Current log-likelihood: -528532.445
508. Current log-likelihood: -528532.417
509. Current log-likelihood: -528532.390
510. Current log-likelihood: -528532.362
511. Current log-likelihood: -528532.335
512. Current log-likelihood: -528532.308
513. Current log-likelihood: -528532.281
514. Current log-likelihood: -528532.254
515. Current log-likelihood: -528532.226
516. Current log-likelihood: -528532.199
517. Current log-likelihood: -528532.172
518. Current log-likelihood: -528532.145
519. Current log-likelihood: -528532.119
520. Current log-likelihood: -528532.092
521. Current log-likelihood: -528532.065
522. Current log-likelihood: -528532.038
523. Current log-likelihood: -528532.012
524. Current log-likelihood: -528531.985
525. Current log-likelihood: -528531.958
526. Current log-likelihood: -528531.932
527. Current log-likelihood: -528531.906
528. Current log-likelihood: -528531.879
529. Current log-likelihood: -528531.853
530. Current log-likelihood: -528531.826
531. Current log-likelihood: -528531.800
532. Current log-likelihood: -528531.774
533. Current log-likelihood: -528531.748
534. Current log-likelihood: -528531.722
535. Current log-likelihood: -528531.696
536. Current log-likelihood: -528531.670
537. Current log-likelihood: -528531.646
538. Current log-likelihood: -528531.622
539. Current log-likelihood: -528531.596
540. Current log-likelihood: -528531.570
541. Current log-likelihood: -528531.545
542. Current log-likelihood: -528531.519
543. Current log-likelihood: -528531.494
544. Current log-likelihood: -528531.468
545. Current log-likelihood: -528531.442
546. Current log-likelihood: -528531.417
547. Current log-likelihood: -528531.391
548. Current log-likelihood: -528531.366
549. Current log-likelihood: -528531.340
550. Current log-likelihood: -528531.315
551. Current log-likelihood: -528531.290
552. Current log-likelihood: -528531.265
553. Current log-likelihood: -528531.239
554. Current log-likelihood: -528531.214
555. Current log-likelihood: -528531.189
556. Current log-likelihood: -528531.164
557. Current log-likelihood: -528531.139
558. Current log-likelihood: -528531.114
559. Current log-likelihood: -528531.089
560. Current log-likelihood: -528531.064
561. Current log-likelihood: -528531.040
562. Current log-likelihood: -528531.015
563. Current log-likelihood: -528530.990
564. Current log-likelihood: -528530.966
565. Current log-likelihood: -528530.941
566. Current log-likelihood: -528530.916
567. Current log-likelihood: -528530.892
568. Current log-likelihood: -528530.867
569. Current log-likelihood: -528530.843
570. Current log-likelihood: -528530.819
571. Current log-likelihood: -528530.794
572. Current log-likelihood: -528530.770
573. Current log-likelihood: -528530.746
574. Current log-likelihood: -528530.722
575. Current log-likelihood: -528530.698
576. Current log-likelihood: -528530.674
577. Current log-likelihood: -528530.650
578. Current log-likelihood: -528530.626
579. Current log-likelihood: -528530.602
580. Current log-likelihood: -528530.578
581. Current log-likelihood: -528530.554
582. Current log-likelihood: -528530.530
583. Current log-likelihood: -528530.507
584. Current log-likelihood: -528530.485
585. Current log-likelihood: -528530.468
586. Current log-likelihood: -528530.446
587. Current log-likelihood: -528530.425
588. Current log-likelihood: -528530.408
589. Current log-likelihood: -528530.387
590. Current log-likelihood: -528530.366
591. Current log-likelihood: -528530.349
592. Current log-likelihood: -528530.330
593. Current log-likelihood: -528530.314
594. Current log-likelihood: -528530.295
595. Current log-likelihood: -528530.279
596. Current log-likelihood: -528530.260
597. Current log-likelihood: -528530.244
598. Current log-likelihood: -528530.225
599. Current log-likelihood: -528530.210
600. Current log-likelihood: -528530.191
601. Current log-likelihood: -528530.176
602. Current log-likelihood: -528530.157
603. Current log-likelihood: -528530.142
604. Current log-likelihood: -528530.123
605. Current log-likelihood: -528530.108
606. Current log-likelihood: -528530.089
607. Current log-likelihood: -528530.075
608. Current log-likelihood: -528530.056
609. Current log-likelihood: -528530.041
610. Current log-likelihood: -528530.022
611. Current log-likelihood: -528530.008
612. Current log-likelihood: -528529.989
613. Current log-likelihood: -528529.975
614. Current log-likelihood: -528529.956
615. Current log-likelihood: -528529.942
616. Current log-likelihood: -528529.923
617. Current log-likelihood: -528529.909
618. Current log-likelihood: -528529.890
619. Current log-likelihood: -528529.877
620. Current log-likelihood: -528529.858
621. Current log-likelihood: -528529.844
622. Current log-likelihood: -528529.825
623. Current log-likelihood: -528529.812
624. Current log-likelihood: -528529.793
625. Current log-likelihood: -528529.773
626. Current log-likelihood: -528529.760
627. Current log-likelihood: -528529.741
628. Current log-likelihood: -528529.722
629. Current log-likelihood: -528529.708
630. Current log-likelihood: -528529.690
631. Current log-likelihood: -528529.676
632. Current log-likelihood: -528529.658
633. Current log-likelihood: -528529.644
634. Current log-likelihood: -528529.626
635. Current log-likelihood: -528529.612
636. Current log-likelihood: -528529.594
637. Current log-likelihood: -528529.580
638. Current log-likelihood: -528529.563
639. Current log-likelihood: -528529.549
640. Current log-likelihood: -528529.531
641. Current log-likelihood: -528529.517
642. Current log-likelihood: -528529.500
643. Current log-likelihood: -528529.486
644. Current log-likelihood: -528529.468
645. Current log-likelihood: -528529.455
646. Current log-likelihood: -528529.437
647. Current log-likelihood: -528529.424
648. Current log-likelihood: -528529.406
649. Current log-likelihood: -528529.393
650. Current log-likelihood: -528529.375
651. Current log-likelihood: -528529.362
652. Current log-likelihood: -528529.344
653. Current log-likelihood: -528529.331
654. Current log-likelihood: -528529.313
655. Current log-likelihood: -528529.300
656. Current log-likelihood: -528529.283
657. Current log-likelihood: -528529.270
658. Current log-likelihood: -528529.252
659. Current log-likelihood: -528529.239
660. Current log-likelihood: -528529.222
661. Current log-likelihood: -528529.209
662. Current log-likelihood: -528529.192
663. Current log-likelihood: -528529.178
664. Current log-likelihood: -528529.161
665. Current log-likelihood: -528529.148
666. Current log-likelihood: -528529.131
667. Current log-likelihood: -528529.117
668. Current log-likelihood: -528529.101
669. Current log-likelihood: -528529.087
670. Current log-likelihood: -528529.070
671. Current log-likelihood: -528529.057
672. Current log-likelihood: -528529.040
673. Current log-likelihood: -528529.027
674. Current log-likelihood: -528529.010
675. Current log-likelihood: -528528.997
676. Current log-likelihood: -528528.981
677. Current log-likelihood: -528528.970
678. Current log-likelihood: -528528.958
679. Current log-likelihood: -528528.942
680. Current log-likelihood: -528528.931
681. Current log-likelihood: -528528.920
682. Current log-likelihood: -528528.904
683. Current log-likelihood: -528528.893
684. Current log-likelihood: -528528.882
685. Current log-likelihood: -528528.866
686. Current log-likelihood: -528528.855
Optimal log-likelihood: -528528.846
Mixture weights: 0.014 0.000 0.005 0.015 0.015 0.027 0.000 0.013 0.000 0.149 0.038 0.027 0.000 0.002 0.000 0.001 0.037 0.069 0.051 0.003 0.007 0.066 0.007 0.000 0.001 0.002 0.041 0.017 0.000 0.011 0.010 0.018 0.010 0.016 0.040 0.000 0.014 0.081 0.000 0.002 0.000 0.010 0.041 0.000 0.009 0.000 0.000 0.017 0.000 0.000 0.016 0.043 0.000 0.017 0.004 0.015 0.000 0.022 0.002 0.000
Site proportion and rates:  (0.409,0.011) (0.319,0.089) (0.272,3.560)
Parameters optimization took 686 rounds (9323.787 sec)
WARNING: The mixture model might be overfitting because some mixture weights are estimated close to zero
Wrote distance file to... 
BEST SCORE FOUND : -528528.846
Total tree length: 37.242

Total number of iterations: 0
CPU time used for tree search: 0.000 sec (0h:0m:0s)
Wall-clock time used for tree search: 0.000 sec (0h:0m:0s)
Total CPU time used: 160884.201 sec (44h:41m:24s)
Total wall-clock time used: 20640204.943 sec (5733h:23m:24s)

Analysis results written to: 
  IQ-TREE report:                insect5_c60_opt.iqtree
  Maximum-likelihood tree:       insect5_c60_opt.treefile
  Screen log file:               insect5_c60_opt.log

Date and Time: Fri Jun 13 08:49:08 2025
