IQ-TREE multicore version 2.4.0 for Linux x86 64-bit built Mar 19 2025
Developed by Bui Quang Minh, Nguyen Lam Tung, Olga Chernomor, Heiko Schmidt,
Dominik Schrempf, Michael Woodhams, Ly Trong Nhan, Thomas Wong

Host:    wright.uds.anu.edu.au (AVX512, FMA3, 1007 GB RAM)
Command: ../../iqtree2 -s 10_concated.nex -m MF -merit AIC -T 30 -mem 120G -pre 10Legume_c60_init
Seed:    985304 (Using SPRNG - Scalable Parallel Random Number Generator)
Time:    Thu May  8 15:07:18 2025
Kernel:  AVX+FMA - 30 threads (31 CPU cores detected)

Reading alignment file 10_concated.nex ... Nexus format detected
Skipping unknown block (sets)...
Alignment has 10 sequences with 116731 columns, 50441 distinct patterns
24022 parsimony-informative, 30042 singleton sites, 62667 constant sites
                     Gap/Ambiguity  Composition  p-value
Analyzing sequences: done in 0.0423035 secs using 1475% CPU
   1  Cannabis_sativa        4.60%    passed     79.59%
   2  Cucumis_sativus       13.97%    passed     35.36%
   3  Fragaria_vesca        22.25%    passed     30.75%
   4  Lathyrus_sativus      24.04%    failed      0.01%
   5  Linum_usitatissimum   19.69%    failed      0.58%
   6  Carica_papaya         30.79%    passed     26.21%
   7  Eucalyptus_grandis     7.93%    failed      0.00%
   8  Papaver_somniferum    16.76%    passed     43.41%
   9  Lactuca_sativa        17.91%    failed      0.00%
  10  Mimulus_guttatus      14.21%    passed     84.51%
****  TOTAL                 17.22%  4 sequences failed composition chi2 test (p-value<5%; df=19)
NOTE: minimal branch length is reduced to 0.000000856670 for long alignment
Checking for duplicate sequences: done in 0.0309276 secs using 1892% CPU


Create initial parsimony tree by phylogenetic likelihood library (PLL)... 0.061 seconds
Perform fast likelihood tree search using LG+I+G model...
Estimate model parameters (epsilon = 5.000)
Perform nearest neighbor interchange...
Optimizing NNI: done in 1.97551 secs using 2905% CPU
Estimate model parameters (epsilon = 1.000)
1. Initial log-likelihood: -963348.737
Optimal log-likelihood: -963348.548
Proportion of invariable sites: 0.265
Gamma shape alpha: 0.865
Parameters optimization took 1 rounds (0.316 sec)
Time for fast ML tree search: 14.334 seconds

NOTE: ModelFinder requires 779 MB RAM!
ModelFinder will test up to 1232 protein models (sample size: 116731 epsilon: 0.100) ...
 No. Model         -LnL         df  AIC          AICc         BIC
  1  LG            999099.207   17  1998232.414  1998232.420  1998396.764
  2  LG+I          969608.338   18  1939252.677  1939252.683  1939426.694
  3  LG+G4         963588.150   18  1927212.300  1927212.306  1927386.317
  4  LG+I+G4       963347.502   19  1926733.004  1926733.011  1926916.689
  5  LG+R2         964491.588   19  1929021.177  1929021.183  1929204.862
  6  LG+R3         963126.383   21  1926294.765  1926294.773  1926497.785
  7  LG+R4         963073.080   23  1926192.161  1926192.170  1926414.516
  8  LG+R5         963065.257   25  1926180.515  1926180.526  1926422.205
  9  LG+R6         963063.288   27  1926180.576  1926180.589  1926441.602
 14  LG+I+R2       963355.258   20  1926750.517  1926750.524  1926943.869
 15  LG+I+R3       963080.295   22  1926204.590  1926204.599  1926417.278
 16  LG+I+R4       963072.105   24  1926192.209  1926192.220  1926424.232
 17  LG+I+R5       963065.376   26  1926182.751  1926182.763  1926434.109
 18  LG+I+R6       963062.823   28  1926181.646  1926181.660  1926452.339
 19  LG+I+R7       963062.599   30  1926185.198  1926185.214  1926475.227
 30  LG+F+R5       962025.023   44  1924138.046  1924138.080  1924563.421
 31  LG+F+R6       962023.205   46  1924138.409  1924138.447  1924583.120
 39  LG+F+I+R5     962025.375   45  1924140.750  1924140.786  1924575.793
 40  LG+F+I+R6     962022.846   47  1924139.693  1924139.731  1924594.071
 41  LG+F+I+R7     962022.501   49  1924143.002  1924143.044  1924616.716
 52  WAG+R5        967017.646   25  1934085.291  1934085.303  1934326.982
+R6 reinitialized from +R5 with factor 0.500
+R6 reinitialized from +R5 with factor 0.250
+R6 reinitialized from +R5 with factor 0.125
+R6 reinitialized from +R5 with factor 0.062
+R6 reinitialized from +R5 with factor 0.031
 53  WAG+R6        967017.896   27  1934089.793  1934089.806  1934350.819
 61  WAG+I+R5      967017.313   26  1934086.626  1934086.638  1934337.984
+I+R6 reinitialized from +I+R5 with factor 0.500
+I+R6 reinitialized from +I+R5 with factor 0.250
+I+R6 reinitialized from +I+R5 with factor 0.125
+I+R6 reinitialized from +I+R5 with factor 0.062
+I+R6 reinitialized from +I+R5 with factor 0.031
 62  WAG+I+R6      967017.421   28  1934090.841  1934090.855  1934361.535
 74  WAG+F+R5      965456.184   44  1931000.368  1931000.401  1931425.743
+R6 reinitialized from +R5 with factor 0.500
+R6 reinitialized from +R5 with factor 0.250
+R6 reinitialized from +R5 with factor 0.125
+R6 reinitialized from +R5 with factor 0.062
+R6 reinitialized from +R5 with factor 0.031
 75  WAG+F+R6      965456.415   46  1931004.830  1931004.867  1931449.540
 83  WAG+F+I+R5    965456.054   45  1931002.109  1931002.144  1931437.152
 84  WAG+F+I+R6    965456.113   47  1931006.226  1931006.264  1931460.604
 96  JTT+R5        961156.096   25  1922362.191  1922362.202  1922603.882
 97  JTT+R6        961156.124   27  1922366.249  1922366.262  1922627.275
105  JTT+I+R5      961155.872   26  1922363.743  1922363.755  1922615.102
106  JTT+I+R6      961155.793   28  1922367.585  1922367.599  1922638.279
118  JTT+F+R5      959824.363   44  1919736.727  1919736.761  1920162.102
119  JTT+F+R6      959824.399   46  1919740.798  1919740.835  1920185.509
127  JTT+F+I+R5    959824.418   45  1919738.836  1919738.871  1920173.879
128  JTT+F+I+R6    959824.339   47  1919742.678  1919742.717  1920197.056
140  Q.PFAM+R5     964210.361   25  1928470.722  1928470.734  1928712.413
141  Q.PFAM+R6     964210.200   27  1928474.400  1928474.413  1928735.426
149  Q.PFAM+I+R5   964211.150   26  1928474.300  1928474.313  1928725.659
150  Q.PFAM+I+R6   964210.960   28  1928477.920  1928477.934  1928748.614
162  Q.PFAM+F+R5   963340.276   44  1926768.552  1926768.586  1927193.928
163  Q.PFAM+F+R6   963340.099   46  1926772.199  1926772.236  1927216.910
171  Q.PFAM+F+I+R5 963341.447   45  1926772.893  1926772.929  1927207.937
172  Q.PFAM+F+I+R6 963341.256   47  1926776.511  1926776.550  1927230.890
184  Q.BIRD+R5     966799.096   25  1933648.192  1933648.203  1933889.883
185  Q.BIRD+R6     966798.349   27  1933650.697  1933650.710  1933911.723
193  Q.BIRD+I+R5   966800.007   26  1933652.013  1933652.025  1933903.372
194  Q.BIRD+I+R6   966799.751   28  1933655.503  1933655.517  1933926.196
206  Q.BIRD+F+R5   965578.987   44  1931245.975  1931246.009  1931671.351
207  Q.BIRD+F+R6   965578.187   46  1931248.373  1931248.411  1931693.084
215  Q.BIRD+F+I+R5 965580.571   45  1931251.142  1931251.177  1931686.185
216  Q.BIRD+F+I+R6 965580.334   47  1931254.669  1931254.707  1931709.047
228  Q.MAMMAL+R5   965599.625   25  1931249.250  1931249.262  1931490.941
229  Q.MAMMAL+R6   965599.323   27  1931252.646  1931252.659  1931513.672
237  Q.MAMMAL+I+R5 965600.953   26  1931253.906  1931253.918  1931505.265
238  Q.MAMMAL+I+R6 965600.829   28  1931257.657  1931257.671  1931528.351
250  Q.MAMMAL+F+R5 963893.352   44  1927874.705  1927874.739  1928300.080
251  Q.MAMMAL+F+R6 963893.009   46  1927878.017  1927878.054  1928322.728
259  Q.MAMMAL+F+I+R5 963895.636   45  1927881.271  1927881.307  1928316.314
260  Q.MAMMAL+F+I+R6 963895.448   47  1927884.896  1927884.935  1928339.275
272  Q.INSECT+R5   961918.383   25  1923886.766  1923886.778  1924128.457
273  Q.INSECT+R6   961918.192   27  1923890.384  1923890.397  1924151.410
281  Q.INSECT+I+R5 961919.427   26  1923890.853  1923890.865  1924142.212
282  Q.INSECT+I+R6 961918.948   28  1923893.895  1923893.909  1924164.589
294  Q.INSECT+F+R5 960528.023   44  1921144.045  1921144.079  1921569.421
295  Q.INSECT+F+R6 960527.594   46  1921147.188  1921147.226  1921591.899
303  Q.INSECT+F+I+R5 960528.090   45  1921146.180  1921146.216  1921581.224
304  Q.INSECT+F+I+R6 960527.954   47  1921149.907  1921149.946  1921604.286
316  Q.PLANT+R5    955041.422   25  1910132.844  1910132.855  1910374.535
317  Q.PLANT+R6    955041.111   27  1910136.222  1910136.235  1910397.248
325  Q.PLANT+I+R5  955042.647   26  1910137.293  1910137.305  1910388.652
326  Q.PLANT+I+R6  955042.484   28  1910140.967  1910140.981  1910411.661
338  Q.PLANT+F+R5  955280.499   44  1910648.998  1910649.032  1911074.373
339  Q.PLANT+F+R6  955280.211   46  1910652.422  1910652.459  1911097.133
347  Q.PLANT+F+I+R5 955281.263   45  1910652.525  1910652.561  1911087.569
348  Q.PLANT+F+I+R6 955281.082   47  1910656.164  1910656.202  1911110.542
360  Q.YEAST+R5    963932.044   25  1927914.088  1927914.099  1928155.778
361  Q.YEAST+R6    963931.745   27  1927917.491  1927917.504  1928178.517
369  Q.YEAST+I+R5  963932.955   26  1927917.910  1927917.922  1928169.269
370  Q.YEAST+I+R6  963932.752   28  1927921.504  1927921.518  1928192.198
382  Q.YEAST+F+R5  961465.515   44  1923019.030  1923019.064  1923444.406
383  Q.YEAST+F+R6  961465.340   46  1923022.681  1923022.718  1923467.392
391  Q.YEAST+F+I+R5 961466.361   45  1923022.722  1923022.758  1923457.766
392  Q.YEAST+F+I+R6 961466.247   47  1923026.495  1923026.533  1923480.873
404  JTTDCMUT+R5   961184.612   25  1922419.224  1922419.235  1922660.915
405  JTTDCMUT+R6   961184.615   27  1922423.230  1922423.243  1922684.256
413  JTTDCMUT+I+R5 961184.568   26  1922421.135  1922421.147  1922672.494
414  JTTDCMUT+I+R6 961184.567   28  1922425.134  1922425.148  1922695.828
426  JTTDCMUT+F+R5 959801.378   44  1919690.756  1919690.790  1920116.131
427  JTTDCMUT+F+R6 959801.390   46  1919694.779  1919694.816  1920139.490
435  JTTDCMUT+F+I+R5 959801.695   45  1919693.389  1919693.425  1920128.432
436  JTTDCMUT+F+I+R6 959801.680   47  1919697.360  1919697.399  1920151.739
448  DCMUT+R5      971870.740   25  1943791.480  1943791.491  1944033.171
449  DCMUT+R6      971870.726   27  1943795.452  1943795.465  1944056.478
457  DCMUT+I+R5    971868.702   26  1943789.403  1943789.415  1944040.762
458  DCMUT+I+R6    971868.672   28  1943793.344  1943793.358  1944064.038
470  DCMUT+F+R5    966461.334   44  1933010.669  1933010.703  1933436.044
471  DCMUT+F+R6    966461.345   46  1933014.690  1933014.727  1933459.400
479  DCMUT+F+I+R5  966460.309   45  1933010.618  1933010.653  1933445.661
480  DCMUT+F+I+R6  966460.251   47  1933014.502  1933014.540  1933468.880
492  VT+R5         970240.284   25  1940530.567  1940530.578  1940772.258
493  VT+R6         970240.307   27  1940534.614  1940534.627  1940795.640
501  VT+I+R5       970239.867   26  1940531.735  1940531.747  1940783.093
502  VT+I+R6       970239.827   28  1940535.654  1940535.667  1940806.347
514  VT+F+R5       969872.445   44  1939832.890  1939832.924  1940258.266
515  VT+F+R6       969872.484   46  1939836.968  1939837.005  1940281.679
523  VT+F+I+R5     969872.179   45  1939834.358  1939834.394  1940269.401
524  VT+F+I+R6     969872.135   47  1939838.269  1939838.308  1940292.648
536  PMB+R5        981366.588   25  1962783.176  1962783.188  1963024.867
537  PMB+R6        981366.667   27  1962787.334  1962787.347  1963048.360
545  PMB+I+R5      981365.658   26  1962783.316  1962783.328  1963034.675
546  PMB+I+R6      981365.492   28  1962786.984  1962786.998  1963057.677
558  PMB+F+R5      979205.919   44  1958499.837  1958499.871  1958925.213
559  PMB+F+R6      979205.995   46  1958503.990  1958504.027  1958948.700
567  PMB+F+I+R5    979205.456   45  1958500.911  1958500.947  1958935.955
568  PMB+F+I+R6    979205.368   47  1958504.737  1958504.775  1958959.115
580  BLOSUM62+R5   981410.766   25  1962871.531  1962871.542  1963113.222
581  BLOSUM62+R6   981410.766   27  1962875.532  1962875.545  1963136.558
589  BLOSUM62+I+R5 981409.722   26  1962871.443  1962871.455  1963122.802
590  BLOSUM62+I+R6 981409.583   28  1962875.165  1962875.179  1963145.859
602  BLOSUM62+F+R5 979937.519   44  1959963.038  1959963.071  1960388.413
603  BLOSUM62+F+R6 979937.521   46  1959967.041  1959967.078  1960411.752
611  BLOSUM62+F+I+R5 979936.738   45  1959963.477  1959963.512  1960398.520
612  BLOSUM62+F+I+R6 979936.597   47  1959967.195  1959967.233  1960421.573
624  DAYHOFF+R5    971763.961   25  1943577.922  1943577.933  1943819.612
625  DAYHOFF+R6    971763.955   27  1943581.910  1943581.923  1943842.936
633  DAYHOFF+I+R5  971761.423   26  1943574.847  1943574.859  1943826.205
634  DAYHOFF+I+R6  971761.388   28  1943578.776  1943578.790  1943849.470
646  DAYHOFF+F+R5  966364.676   44  1932817.351  1932817.385  1933242.727
647  DAYHOFF+F+R6  966364.697   46  1932821.394  1932821.431  1933266.105
655  DAYHOFF+F+I+R5 966363.313   45  1932816.626  1932816.661  1933251.669
656  DAYHOFF+F+I+R6 966363.255   47  1932820.511  1932820.549  1933274.889
668  MTREV+R5      1013435.818  25  2026921.636  2026921.647  2027163.327
669  MTREV+R6      1013435.511  27  2026925.022  2026925.035  2027186.048
677  MTREV+I+R5    1013436.559  26  2026925.119  2026925.131  2027176.477
678  MTREV+I+R6    1013436.419  28  2026928.838  2026928.852  2027199.532
690  MTREV+F+R5    968793.607   44  1937675.214  1937675.248  1938100.589
691  MTREV+F+R6    968793.375   46  1937678.750  1937678.787  1938123.461
699  MTREV+F+I+R5  968792.704   45  1937675.409  1937675.444  1938110.452
700  MTREV+F+I+R6  968792.702   47  1937679.403  1937679.442  1938133.782
712  MTART+R5      1015621.410  25  2031292.819  2031292.830  2031534.510
713  MTART+R6      1015602.343  27  2031258.686  2031258.699  2031519.712
721  MTART+I+R5    1015650.657  26  2031353.314  2031353.326  2031604.672
+I+R6 reinitialized from +I+R5 with factor 0.500
722  MTART+I+R6    1015599.495  28  2031254.989  2031255.003  2031525.683
723  MTART+I+R7    1015599.018  30  2031258.037  2031258.053  2031548.065
734  MTART+F+R5    973913.020   44  1947914.040  1947914.074  1948339.416
735  MTART+F+R6    973912.722   46  1947917.443  1947917.480  1948362.154
743  MTART+F+I+R5  973916.851   45  1947923.702  1947923.738  1948358.746
744  MTART+F+I+R6  973912.954   47  1947919.908  1947919.947  1948374.287
745  MTART+F+I+R7  973912.922   49  1947923.844  1947923.886  1948397.558
756  MTZOA+R5      999693.254   25  1999436.507  1999436.519  1999678.198
757  MTZOA+R6      999692.339   27  1999438.678  1999438.691  1999699.704
765  MTZOA+I+R5    999700.427   26  1999452.854  1999452.866  1999704.212
766  MTZOA+I+R6    999692.338   28  1999440.676  1999440.689  1999711.369
+I+R7 reinitialized from +I+R6 with factor 0.500
767  MTZOA+I+R7    999691.723   30  1999443.447  1999443.463  1999733.476
778  MTZOA+F+R5    966354.469   44  1932796.937  1932796.971  1933222.313
779  MTZOA+F+R6    966354.140   46  1932800.280  1932800.317  1933244.991
787  MTZOA+F+I+R5  966356.328   45  1932802.656  1932802.691  1933237.699
788  MTZOA+F+I+R6  966354.034   47  1932802.069  1932802.107  1933256.447
+I+R7 reinitialized from +I+R6 with factor 0.500
789  MTZOA+F+I+R7  966353.914   49  1932805.828  1932805.870  1933279.542
800  MTMET+R5      1010071.651  25  2020193.301  2020193.312  2020434.992
+R6 reinitialized from +R5 with factor 0.500
+R6 reinitialized from +R5 with factor 0.250
801  MTMET+R6      1010071.634  27  2020197.269  2020197.282  2020458.295
809  MTMET+I+R5    1010069.604  26  2020191.208  2020191.220  2020442.566
+I+R6 reinitialized from +I+R5 with factor 0.500
810  MTMET+I+R6    1010069.381  28  2020194.762  2020194.776  2020465.456
822  MTMET+F+R5    965796.135   44  1931680.269  1931680.303  1932105.645
+R6 reinitialized from +R5 with factor 0.500
823  MTMET+F+R6    965796.111   46  1931684.222  1931684.259  1932128.932
831  MTMET+F+I+R5  965795.932   45  1931681.863  1931681.899  1932116.906
832  MTMET+F+I+R6  965795.663   47  1931685.327  1931685.365  1932139.705
844  MTVER+R5      1016845.544  25  2033741.089  2033741.100  2033982.780
+R6 reinitialized from +R5 with factor 0.500
845  MTVER+R6      1016845.136  27  2033744.273  2033744.286  2034005.299
853  MTVER+I+R5    1016848.429  26  2033748.858  2033748.870  2034000.216
854  MTVER+I+R6    1016847.989  28  2033751.978  2033751.992  2034022.671
866  MTVER+F+R5    972226.392   44  1944540.784  1944540.818  1944966.159
+R6 reinitialized from +R5 with factor 0.500
867  MTVER+F+R6    972226.099   46  1944544.198  1944544.235  1944988.908
875  MTVER+F+I+R5  972229.239   45  1944548.478  1944548.513  1944983.521
876  MTVER+F+I+R6  972228.945   47  1944551.890  1944551.929  1945006.269
888  MTINV+R5      1018791.914  25  2037633.829  2037633.840  2037875.519
+R6 reinitialized from +R5 with factor 0.500
+R6 reinitialized from +R5 with factor 0.250
889  MTINV+R6      1018791.873  27  2037637.746  2037637.759  2037898.772
897  MTINV+I+R5    1018789.889  26  2037631.779  2037631.791  2037883.137
898  MTINV+I+R6    1018789.893  28  2037635.787  2037635.800  2037906.480
910  MTINV+F+R5    964627.444   44  1929342.888  1929342.922  1929768.264
+R6 reinitialized from +R5 with factor 0.500
+R6 reinitialized from +R5 with factor 0.250
+R6 reinitialized from +R5 with factor 0.125
+R6 reinitialized from +R5 with factor 0.062
911  MTINV+F+R6    964627.509   46  1929347.018  1929347.055  1929791.729
919  MTINV+F+I+R5  964627.225   45  1929344.451  1929344.486  1929779.494
920  MTINV+F+I+R6  964627.273   47  1929348.546  1929348.585  1929802.925
932  MTMAM+R5      1020991.409  25  2042032.819  2042032.830  2042274.510
933  MTMAM+R6      1020988.898  27  2042031.796  2042031.809  2042292.822
941  MTMAM+I+R5    1021014.083  26  2042080.166  2042080.178  2042331.524
942  MTMAM+I+R6    1021007.169  28  2042070.337  2042070.351  2042341.031
943  MTMAM+I+R7    1020983.938  30  2042027.876  2042027.892  2042317.905
954  MTMAM+F+R5    976017.813   44  1952123.625  1952123.659  1952549.001
+R6 reinitialized from +R5 with factor 0.500
955  MTMAM+F+R6    976017.848   46  1952127.695  1952127.732  1952572.406
963  MTMAM+F+I+R5  976024.210   45  1952138.420  1952138.455  1952573.463
964  MTMAM+F+I+R6  976023.046   47  1952140.091  1952140.130  1952594.470
976  FLAVI+R5      980420.297   25  1960890.595  1960890.606  1961132.286
+R6 reinitialized from +R5 with factor 0.500
977  FLAVI+R6      980419.925   27  1960893.849  1960893.862  1961154.875
985  FLAVI+I+R5    980420.963   26  1960893.926  1960893.938  1961145.284
986  FLAVI+I+R6    980420.089   28  1960896.178  1960896.192  1961166.872
998  FLAVI+F+R5    974299.652   44  1948687.303  1948687.337  1949112.679
999  FLAVI+F+R6    974299.668   46  1948691.337  1948691.374  1949136.047
1007  FLAVI+F+I+R5  974303.213   45  1948696.425  1948696.461  1949131.468
1008  FLAVI+F+I+R6  974301.807   47  1948697.613  1948697.652  1949151.992
1020  HIVB+R5       973597.579   25  1947245.158  1947245.169  1947486.849
1021  HIVB+R6       973597.089   27  1947248.178  1947248.191  1947509.204
1029  HIVB+I+R5     973596.883   26  1947245.766  1947245.778  1947497.124
1030  HIVB+I+R6     973596.663   28  1947249.326  1947249.340  1947520.020
1042  HIVB+F+R5     966737.994   44  1933563.989  1933564.023  1933989.364
1043  HIVB+F+R6     966737.555   46  1933567.109  1933567.146  1934011.820
1051  HIVB+F+I+R5   966738.830   45  1933567.659  1933567.695  1934002.703
1052  HIVB+F+I+R6   966738.365   47  1933570.729  1933570.768  1934025.108
1064  HIVW+R5       1004323.426  25  2008696.851  2008696.863  2008938.542
1065  HIVW+R6       1004323.147  27  2008700.293  2008700.306  2008961.319
1073  HIVW+I+R5     1004326.663  26  2008705.326  2008705.338  2008956.684
1074  HIVW+I+R6     1004325.598  28  2008707.195  2008707.209  2008977.889
1086  HIVW+F+R5     987284.419   44  1974656.838  1974656.872  1975082.214
1087  HIVW+F+R6     987284.117   46  1974660.234  1974660.271  1975104.945
1095  HIVW+F+I+R5   987288.576   45  1974667.153  1974667.188  1975102.196
1096  HIVW+F+I+R6   987287.042   47  1974668.085  1974668.124  1975122.463
1108  FLU+R5        973523.172   25  1947096.345  1947096.356  1947338.035
1109  FLU+R6        973522.936   27  1947099.872  1947099.885  1947360.898
1117  FLU+I+R5      973527.141   26  1947106.281  1947106.294  1947357.640
1118  FLU+I+R6      973526.178   28  1947108.356  1947108.370  1947379.050
1130  FLU+F+R5      967232.112   44  1934552.224  1934552.258  1934977.600
+R6 reinitialized from +R5 with factor 0.500
1131  FLU+F+R6      967231.348   46  1934554.695  1934554.732  1934999.406
1139  FLU+F+I+R5    967246.886   45  1934583.773  1934583.808  1935018.816
1140  FLU+F+I+R6    967245.760   47  1934585.520  1934585.559  1935039.899
1152  RTREV+R5      976301.589   25  1952653.177  1952653.188  1952894.868
1153  RTREV+R6      976301.452   27  1952656.903  1952656.916  1952917.929
1161  RTREV+I+R5    976300.645   26  1952653.289  1952653.302  1952904.648
1162  RTREV+I+R6    976300.517   28  1952657.034  1952657.048  1952927.728
1174  RTREV+F+R5    967961.967   44  1936011.934  1936011.968  1936437.310
+R6 reinitialized from +R5 with factor 0.500
1175  RTREV+F+R6    967961.574   46  1936015.149  1936015.186  1936459.860
1183  RTREV+F+I+R5  967960.539   45  1936011.079  1936011.114  1936446.122
1184  RTREV+F+I+R6  967960.529   47  1936015.059  1936015.097  1936469.437
1196  CPREV+R5      968585.139   25  1937220.278  1937220.289  1937461.968
1197  CPREV+R6      968584.472   27  1937222.944  1937222.957  1937483.970
1205  CPREV+I+R5    968584.393   26  1937220.786  1937220.798  1937472.145
+I+R6 reinitialized from +I+R5 with factor 0.500
1206  CPREV+I+R6    968583.636   28  1937223.273  1937223.287  1937493.966
1218  CPREV+F+R5    966392.654   44  1932873.308  1932873.341  1933298.683
+R6 reinitialized from +R5 with factor 0.500
1219  CPREV+F+R6    966392.375   46  1932876.749  1932876.786  1933321.460
1227  CPREV+F+I+R5  966391.852   45  1932873.704  1932873.739  1933308.747
1228  CPREV+F+I+R6  966391.877   47  1932877.754  1932877.793  1933332.133
Akaike Information Criterion:           Q.PLANT+R5
Corrected Akaike Information Criterion: Q.PLANT+R5
Bayesian Information Criterion:         Q.PLANT+R5
Best-fit model: Q.PLANT+R5 chosen according to AIC

All model information printed to 10Legume_c60_init.model.gz
CPU time for ModelFinder: 124172.934 seconds (34h:29m:32s)
Wall-clock time for ModelFinder: 6230.347 seconds (1h:43m:50s)

NOTE: 389 MB RAM (0 GB) is required!
Estimate model parameters (epsilon = 0.010)
1. Initial log-likelihood: -955197.265
2. Current log-likelihood: -955044.066
3. Current log-likelihood: -955041.577
4. Current log-likelihood: -955041.546
Optimal log-likelihood: -955041.542
Site proportion and rates:  (0.453,0.052) (0.258,0.660) (0.213,1.999) (0.065,4.446) (0.009,9.326)
Parameters optimization took 4 rounds (4.115 sec)
Wrote distance file to... 
BEST SCORE FOUND : -955041.542
Total tree length: 1.892

Total number of iterations: 0
CPU time used for tree search: 0.000 sec (0h:0m:0s)
Wall-clock time used for tree search: 0.000 sec (0h:0m:0s)
Total CPU time used: 124296.347 sec (34h:31m:36s)
Total wall-clock time used: 6234.497 sec (1h:43m:54s)

Analysis results written to: 
  IQ-TREE report:                10Legume_c60_init.iqtree
  Tree used for ModelFinder:     10Legume_c60_init.treefile
  Screen log file:               10Legume_c60_init.log

Date and Time: Thu May  8 16:51:14 2025
