IQ-TREE multicore version 2.4.0 for Linux x86 64-bit built Mar 19 2025
Developed by Bui Quang Minh, Nguyen Lam Tung, Olga Chernomor, Heiko Schmidt,
Dominik Schrempf, Michael Woodhams, Ly Trong Nhan, Thomas Wong

Host:    wright.uds.anu.edu.au (AVX512, FMA3, 1007 GB RAM)
Command: ../../iqtree2 -s ./10_concated.nex -m Q.PLANT+C60+R5 -te ../partition/Q/Legume10_Q_search.treefile -mwopt -T 30 -mem 120G -safe -pre Legume10_c60_opt
Seed:    644222 (Using SPRNG - Scalable Parallel Random Number Generator)
Time:    Fri May  9 05:25:22 2025
Kernel:  Safe AVX+FMA - 30 threads (31 CPU cores detected)

Reading alignment file ./10_concated.nex ... Nexus format detected
Skipping unknown block (sets)...
Alignment has 10 sequences with 116731 columns, 50441 distinct patterns
24022 parsimony-informative, 30042 singleton sites, 62667 constant sites
                     Gap/Ambiguity  Composition  p-value
Analyzing sequences: done in 0.0274697 secs using 2108% CPU
   1  Cannabis_sativa        4.60%    passed     79.59%
   2  Cucumis_sativus       13.97%    passed     35.36%
   3  Fragaria_vesca        22.25%    passed     30.75%
   4  Lathyrus_sativus      24.04%    failed      0.01%
   5  Linum_usitatissimum   19.69%    failed      0.58%
   6  Carica_papaya         30.79%    passed     26.21%
   7  Eucalyptus_grandis     7.93%    failed      0.00%
   8  Papaver_somniferum    16.76%    passed     43.41%
   9  Lactuca_sativa        17.91%    failed      0.00%
  10  Mimulus_guttatus      14.21%    passed     84.51%
****  TOTAL                 17.22%  4 sequences failed composition chi2 test (p-value<5%; df=19)
NOTE: minimal branch length is reduced to 0.000000856670 for long alignment
Checking for duplicate sequences: done in 0.0280367 secs using 2750% CPU
Reading input tree file ../partition/Q/Legume10_Q_search.treefile ...
Model Q.PLANT+C60+R5 is alias for Q.PLANT+POISSON+G+FMIX{C60pi1:1:0.0169698865,C60pi2:1:0.0211683374,C60pi3:1:0.0276589079,C60pi4:1:0.0065675964,C60pi5:1:0.0141221416,C60pi6:1:0.0068774834,C60pi7:1:0.0146909701,C60pi8:1:0.0067225777,C60pi9:1:0.0018396660,C60pi10:1:0.0102547197,C60pi11:1:0.0230896163,C60pi12:1:0.0057941033,C60pi13:1:0.0125394534,C60pi14:1:0.0204526478,C60pi15:1:0.0070629602,C60pi16:1:0.0117982741,C60pi17:1:0.0068334668,C60pi18:1:0.0433775839,C60pi19:1:0.0318278731,C60pi20:1:0.0222546108,C60pi21:1:0.0102264969,C60pi22:1:0.0150545891,C60pi23:1:0.0134159878,C60pi24:1:0.0148552065,C60pi25:1:0.0239111516,C60pi26:1:0.0128776278,C60pi27:1:0.0222318842,C60pi28:1:0.0247444742,C60pi29:1:0.0214274810,C60pi30:1:0.0115001882,C60pi31:1:0.0076017389,C60pi32:1:0.0130258568,C60pi33:1:0.0093701965,C60pi34:1:0.0467194264,C60pi35:1:0.0441940314,C60pi36:1:0.0322263154,C60pi37:1:0.0402999891,C60pi38:1:0.0150234227,C60pi39:1:0.0104589903,C60pi40:1:0.0214742395,C60pi41:1:0.0154957836,C60pi42:1:0.0101789953,C60pi43:1:0.0227980379,C60pi44:1:0.0123204539,C60pi45:1:0.0066777583,C60pi46:1:0.0004150083,C60pi47:1:0.0344385130,C60pi48:1:0.0113663379,C60pi49:1:0.0127143049,C60pi50:1:0.0124323741,C60pi51:1:0.0262124415,C60pi52:1:0.0064994957,C60pi53:1:0.0103203293,C60pi54:1:0.0142463512,C60pi55:1:0.0215600067,C60pi56:1:0.0199150700,C60pi57:1:0.0038964200,C60pi58:1:0.0113448855,C60pi59:1:0.0128595846,C60pi60:1:0.0117656776}+R5
WARNING: Your input class weight 0.000415008 is very small and may cause numerical issues
WARNING: Both Gamma and FreeRate models were specified, continue with FreeRate model

NOTE: 23390 MB RAM (22 GB) is required!
Estimate model parameters (epsilon = 0.010)
1. Initial log-likelihood: -966084.026
2. Current log-likelihood: -950681.305
3. Current log-likelihood: -949891.226
4. Current log-likelihood: -949793.836
5. Current log-likelihood: -949744.540
6. Current log-likelihood: -949714.029
7. Current log-likelihood: -949691.579
8. Current log-likelihood: -949675.084
9. Current log-likelihood: -949662.464
10. Current log-likelihood: -949650.187
11. Current log-likelihood: -949640.391
12. Current log-likelihood: -949633.300
13. Current log-likelihood: -949627.411
14. Current log-likelihood: -949622.330
15. Current log-likelihood: -949618.223
16. Current log-likelihood: -949614.412
17. Current log-likelihood: -949611.378
18. Current log-likelihood: -949608.382
19. Current log-likelihood: -949605.960
20. Current log-likelihood: -949603.401
21. Current log-likelihood: -949601.350
22. Current log-likelihood: -949599.078
23. Current log-likelihood: -949597.000
24. Current log-likelihood: -949594.740
25. Current log-likelihood: -949593.059
26. Current log-likelihood: -949591.056
27. Current log-likelihood: -949589.537
28. Current log-likelihood: -949587.662
29. Current log-likelihood: -949586.267
30. Current log-likelihood: -949584.524
31. Current log-likelihood: -949583.284
32. Current log-likelihood: -949581.631
33. Current log-likelihood: -949580.485
34. Current log-likelihood: -949578.957
35. Current log-likelihood: -949577.931
36. Current log-likelihood: -949576.513
37. Current log-likelihood: -949575.594
38. Current log-likelihood: -949574.258
39. Current log-likelihood: -949573.450
40. Current log-likelihood: -949572.218
41. Current log-likelihood: -949571.301
42. Current log-likelihood: -949570.408
43. Current log-likelihood: -949569.492
44. Current log-likelihood: -949568.806
45. Current log-likelihood: -949567.847
46. Current log-likelihood: -949567.216
47. Current log-likelihood: -949566.322
48. Current log-likelihood: -949565.784
49. Current log-likelihood: -949564.952
50. Current log-likelihood: -949564.474
51. Current log-likelihood: -949563.688
52. Current log-likelihood: -949563.256
53. Current log-likelihood: -949562.498
54. Current log-likelihood: -949562.123
55. Current log-likelihood: -949561.403
56. Current log-likelihood: -949560.910
57. Current log-likelihood: -949560.461
58. Current log-likelihood: -949559.973
59. Current log-likelihood: -949559.549
60. Current log-likelihood: -949559.127
61. Current log-likelihood: -949558.666
62. Current log-likelihood: -949558.282
63. Current log-likelihood: -949557.887
64. Current log-likelihood: -949557.442
65. Current log-likelihood: -949557.095
66. Current log-likelihood: -949556.736
67. Current log-likelihood: -949556.337
68. Current log-likelihood: -949556.009
69. Current log-likelihood: -949555.686
70. Current log-likelihood: -949555.313
71. Current log-likelihood: -949555.000
72. Current log-likelihood: -949554.705
73. Current log-likelihood: -949554.320
74. Current log-likelihood: -949554.048
75. Current log-likelihood: -949553.762
76. Current log-likelihood: -949553.415
77. Current log-likelihood: -949553.149
78. Current log-likelihood: -949552.880
79. Current log-likelihood: -949552.543
80. Current log-likelihood: -949552.292
81. Current log-likelihood: -949552.039
82. Current log-likelihood: -949551.735
83. Current log-likelihood: -949551.472
84. Current log-likelihood: -949551.285
85. Current log-likelihood: -949551.039
86. Current log-likelihood: -949550.803
87. Current log-likelihood: -949550.589
88. Current log-likelihood: -949550.325
89. Current log-likelihood: -949550.154
90. Current log-likelihood: -949549.968
91. Current log-likelihood: -949549.683
92. Current log-likelihood: -949549.572
93. Current log-likelihood: -949549.401
94. Current log-likelihood: -949549.208
95. Current log-likelihood: -949549.071
96. Current log-likelihood: -949548.982
97. Current log-likelihood: -949548.785
98. Current log-likelihood: -949548.656
99. Current log-likelihood: -949548.571
100. Current log-likelihood: -949548.387
101. Current log-likelihood: -949548.261
102. Current log-likelihood: -949548.116
103. Current log-likelihood: -949547.952
104. Current log-likelihood: -949547.782
105. Current log-likelihood: -949547.679
106. Current log-likelihood: -949547.504
107. Current log-likelihood: -949547.386
108. Current log-likelihood: -949547.327
109. Current log-likelihood: -949547.147
110. Current log-likelihood: -949547.012
111. Current log-likelihood: -949546.937
112. Current log-likelihood: -949546.770
113. Current log-likelihood: -949546.658
114. Current log-likelihood: -949546.611
115. Current log-likelihood: -949546.438
116. Current log-likelihood: -949546.333
117. Current log-likelihood: -949546.288
118. Current log-likelihood: -949546.127
119. Current log-likelihood: -949546.022
120. Current log-likelihood: -949545.932
121. Current log-likelihood: -949545.840
122. Current log-likelihood: -949545.726
123. Current log-likelihood: -949545.634
124. Current log-likelihood: -949545.569
125. Current log-likelihood: -949545.439
126. Current log-likelihood: -949545.348
127. Current log-likelihood: -949545.301
128. Current log-likelihood: -949545.165
129. Current log-likelihood: -949545.072
130. Current log-likelihood: -949544.992
131. Current log-likelihood: -949544.913
132. Current log-likelihood: -949544.812
133. Current log-likelihood: -949544.729
134. Current log-likelihood: -949544.674
135. Current log-likelihood: -949544.557
136. Current log-likelihood: -949544.475
137. Current log-likelihood: -949544.402
138. Current log-likelihood: -949544.325
139. Current log-likelihood: -949544.233
140. Current log-likelihood: -949544.159
141. Current log-likelihood: -949544.112
142. Current log-likelihood: -949544.028
143. Current log-likelihood: -949543.969
144. Current log-likelihood: -949543.911
145. Current log-likelihood: -949543.841
146. Current log-likelihood: -949543.756
147. Current log-likelihood: -949543.701
148. Current log-likelihood: -949543.664
149. Current log-likelihood: -949543.565
150. Current log-likelihood: -949543.510
151. Current log-likelihood: -949543.462
152. Current log-likelihood: -949543.408
153. Current log-likelihood: -949543.328
154. Current log-likelihood: -949543.278
155. Current log-likelihood: -949543.252
156. Current log-likelihood: -949543.170
157. Current log-likelihood: -949543.108
158. Current log-likelihood: -949543.065
159. Current log-likelihood: -949543.025
160. Current log-likelihood: -949542.959
161. Current log-likelihood: -949542.912
162. Current log-likelihood: -949542.887
163. Current log-likelihood: -949542.811
164. Current log-likelihood: -949542.762
165. Current log-likelihood: -949542.702
166. Current log-likelihood: -949542.666
167. Current log-likelihood: -949542.609
168. Current log-likelihood: -949542.559
169. Current log-likelihood: -949542.520
170. Current log-likelihood: -949542.472
171. Current log-likelihood: -949542.422
172. Current log-likelihood: -949542.376
173. Current log-likelihood: -949542.351
174. Current log-likelihood: -949542.286
175. Current log-likelihood: -949542.243
176. Current log-likelihood: -949542.200
177. Current log-likelihood: -949542.168
178. Current log-likelihood: -949542.118
179. Current log-likelihood: -949542.074
180. Current log-likelihood: -949542.039
181. Current log-likelihood: -949542.004
182. Current log-likelihood: -949541.955
183. Current log-likelihood: -949541.918
184. Current log-likelihood: -949541.901
185. Current log-likelihood: -949541.846
186. Current log-likelihood: -949541.803
187. Current log-likelihood: -949541.770
188. Current log-likelihood: -949541.744
189. Current log-likelihood: -949541.699
190. Current log-likelihood: -949541.660
191. Current log-likelihood: -949541.629
192. Current log-likelihood: -949541.598
193. Current log-likelihood: -949541.559
194. Current log-likelihood: -949541.522
195. Current log-likelihood: -949541.508
196. Current log-likelihood: -949541.460
197. Current log-likelihood: -949541.426
198. Current log-likelihood: -949541.396
199. Current log-likelihood: -949541.375
200. Current log-likelihood: -949541.328
201. Current log-likelihood: -949541.296
202. Current log-likelihood: -949541.268
203. Current log-likelihood: -949541.245
204. Current log-likelihood: -949541.208
205. Current log-likelihood: -949541.180
206. Current log-likelihood: -949541.154
207. Current log-likelihood: -949541.130
208. Current log-likelihood: -949541.091
209. Current log-likelihood: -949541.063
210. Current log-likelihood: -949541.039
211. Current log-likelihood: -949541.013
212. Current log-likelihood: -949540.983
213. Current log-likelihood: -949540.957
214. Current log-likelihood: -949540.941
215. Current log-likelihood: -949540.901
216. Current log-likelihood: -949540.873
217. Current log-likelihood: -949540.849
218. Current log-likelihood: -949540.826
219. Current log-likelihood: -949540.792
220. Current log-likelihood: -949540.766
221. Current log-likelihood: -949540.744
222. Current log-likelihood: -949540.725
223. Current log-likelihood: -949540.695
224. Current log-likelihood: -949540.672
225. Current log-likelihood: -949540.651
226. Current log-likelihood: -949540.631
227. Current log-likelihood: -949540.604
228. Current log-likelihood: -949540.582
229. Current log-likelihood: -949540.562
230. Current log-likelihood: -949540.542
231. Current log-likelihood: -949540.517
232. Current log-likelihood: -949540.496
233. Current log-likelihood: -949540.477
234. Current log-likelihood: -949540.452
235. Current log-likelihood: -949540.428
236. Current log-likelihood: -949540.408
237. Current log-likelihood: -949540.390
238. Current log-likelihood: -949540.370
239. Current log-likelihood: -949540.347
240. Current log-likelihood: -949540.327
241. Current log-likelihood: -949540.310
242. Current log-likelihood: -949540.290
243. Current log-likelihood: -949540.269
244. Current log-likelihood: -949540.251
245. Current log-likelihood: -949540.240
246. Current log-likelihood: -949540.215
247. Current log-likelihood: -949540.195
248. Current log-likelihood: -949540.178
249. Current log-likelihood: -949540.167
250. Current log-likelihood: -949540.144
251. Current log-likelihood: -949540.125
252. Current log-likelihood: -949540.109
253. Current log-likelihood: -949540.097
254. Current log-likelihood: -949540.075
255. Current log-likelihood: -949540.058
256. Current log-likelihood: -949540.042
257. Current log-likelihood: -949540.031
258. Current log-likelihood: -949540.010
259. Current log-likelihood: -949539.993
260. Current log-likelihood: -949539.979
261. Current log-likelihood: -949539.967
262. Current log-likelihood: -949539.947
263. Current log-likelihood: -949539.932
264. Current log-likelihood: -949539.917
265. Current log-likelihood: -949539.906
266. Current log-likelihood: -949539.887
267. Current log-likelihood: -949539.872
268. Current log-likelihood: -949539.857
269. Current log-likelihood: -949539.845
270. Current log-likelihood: -949539.828
271. Current log-likelihood: -949539.813
272. Current log-likelihood: -949539.800
273. Current log-likelihood: -949539.789
274. Current log-likelihood: -949539.772
275. Current log-likelihood: -949539.758
276. Current log-likelihood: -949539.746
277. Current log-likelihood: -949539.735
278. Current log-likelihood: -949539.719
279. Current log-likelihood: -949539.706
280. Current log-likelihood: -949539.694
281. Current log-likelihood: -949539.683
282. Current log-likelihood: -949539.668
283. Current log-likelihood: -949539.655
284. Current log-likelihood: -949539.644
Optimal log-likelihood: -949539.631
Mixture weights: 0.004 0.001 0.000 0.005 0.016 0.000 0.000 0.007 0.008 0.123 0.045 0.023 0.000 0.014 0.000 0.004 0.053 0.061 0.033 0.005 0.005 0.075 0.003 0.000 0.014 0.000 0.031 0.000 0.000 0.021 0.006 0.021 0.000 0.023 0.034 0.015 0.020 0.060 0.002 0.004 0.004 0.004 0.044 0.006 0.026 0.002 0.000 0.020 0.000 0.036 0.017 0.041 0.000 0.000 0.035 0.011 0.000 0.022 0.000 0.001
Site proportion and rates:  (0.339,0.018) (0.229,0.205) (0.249,0.857) (0.146,2.763) (0.037,8.918)
Parameters optimization took 284 rounds (26993.574 sec)
WARNING: The mixture model might be overfitting because some mixture weights are estimated close to zero
Wrote distance file to... 
BEST SCORE FOUND : -949539.631
Total tree length: 2.708

Total number of iterations: 0
CPU time used for tree search: 0.000 sec (0h:0m:0s)
Wall-clock time used for tree search: 0.000 sec (0h:0m:0s)
Total CPU time used: 385592.707 sec (107h:6m:32s)
Total wall-clock time used: 33804099.643 sec (9390h:1m:39s)

Analysis results written to: 
  IQ-TREE report:                Legume10_c60_opt.iqtree
  Maximum-likelihood tree:       Legume10_c60_opt.treefile
  Screen log file:               Legume10_c60_opt.log

Date and Time: Fri May  9 12:55:19 2025
