IQ-TREE multicore version 2.4.0 for Linux x86 64-bit built Mar 19 2025
Developed by Bui Quang Minh, Nguyen Lam Tung, Olga Chernomor, Heiko Schmidt,
Dominik Schrempf, Michael Woodhams, Ly Trong Nhan, Thomas Wong

Host:    dayhoff.uds.anu.edu.au (AVX2, FMA3, 1007 GB RAM)
Command: ../../iqtree2 -s 10_concated.nex -m MF -merit AIC -T 45 -mem 120G -pre 10yeast_c60_init
Seed:    728419 (Using SPRNG - Scalable Parallel Random Number Generator)
Time:    Thu Jun 12 22:18:40 2025
Kernel:  AVX+FMA - 45 threads (46 CPU cores detected)

Reading alignment file 10_concated.nex ... Nexus format detected
Skipping unknown block (sets)...
WARNING: 1494 sites contain only gaps or ambiguous characters.
Alignment has 10 sequences with 189743 columns, 147273 distinct patterns
88615 parsimony-informative, 66377 singleton sites, 34751 constant sites
                                         Gap/Ambiguity  Composition  p-value
Analyzing sequences: done in 0.0123169 secs using 3372% CPU
   1  Candida_apicola                           25.82%    failed      0.00%
   2  yHMPu5000034614_Saturnispora_silvae       18.62%    failed      0.00%
   3  Schizosaccharomyces_pombe                 26.55%    failed      0.00%
   4  Nakaseomyces_castellii                    19.27%    failed      0.00%
   5  yHMPu5000035654_Tortispora_ganteri        19.21%    failed      0.00%
   6  Fusarium_graminearum                      16.07%    failed      0.00%
   7  yHMPu5000035633_Candida_hispaniensis      11.89%    failed      0.00%
   8  yHMPu5000035671_Phaffomyces_antillensis    7.76%    failed      0.00%
   9  Ascoidea_asiatica                         13.17%    failed      0.00%
  10  Metschnikowia_bowlesiae                   12.95%    failed      0.00%
****  TOTAL                                     17.13%  10 sequences failed composition chi2 test (p-value<5%; df=19)
NOTE: minimal branch length is reduced to 0.000000527029 for long alignment
Checking for duplicate sequences: done in 0.0128091 secs using 3355% CPU


Create initial parsimony tree by phylogenetic likelihood library (PLL)... 0.211 seconds
Perform fast likelihood tree search using LG+I+G model...
Estimate model parameters (epsilon = 5.000)
Perform nearest neighbor interchange...
Optimizing NNI: done in 2.87414 secs using 4421% CPU
Estimate model parameters (epsilon = 1.000)
1. Initial log-likelihood: -3003446.795
2. Current log-likelihood: -3003443.639
Optimal log-likelihood: -3003443.308
Proportion of invariable sites: 0.104
Gamma shape alpha: 1.326
Parameters optimization took 2 rounds (3.009 sec)
Time for fast ML tree search: 11.289 seconds

NOTE: ModelFinder requires 2275 MB RAM!
ModelFinder will test up to 1232 protein models (sample size: 189743 epsilon: 0.100) ...
 No. Model         -LnL         df  AIC          AICc         BIC
  1  LG            3117708.233  17  6235450.466  6235450.469  6235623.074
  2  LG+I          3050481.121  18  6100998.242  6100998.246  6101181.004
  3  LG+G4         3005975.396  18  6011986.791  6011986.795  6012169.553
  4  LG+I+G4       3003443.108  19  6006924.215  6006924.219  6007117.131
  5  LG+R2         3013503.512  19  6027045.024  6027045.028  6027237.939
  6  LG+R3         3003862.012  21  6007766.024  6007766.029  6007979.246
  7  LG+R4         3003200.917  23  6006447.834  6006447.840  6006681.363
  8  LG+R5         3003196.517  25  6006443.033  6006443.040  6006696.869
  9  LG+R6         3003190.805  27  6006435.609  6006435.617  6006709.752
 10  LG+R7         3003187.798  29  6006433.596  6006433.605  6006728.046
 11  LG+R8         3003186.447  31  6006434.894  6006434.904  6006749.650
 14  LG+I+R2       3005951.610  20  6011943.220  6011943.224  6012146.288
 15  LG+I+R3       3003374.113  22  6006792.225  6006792.231  6007015.601
 16  LG+I+R4       3003167.388  24  6006382.777  6006382.783  6006626.459
 17  LG+I+R5       3003163.383  26  6006378.767  6006378.774  6006642.756
+I+R6 reinitialized from +I+R5 with factor 0.500
 18  LG+I+R6       3003162.798  28  6006381.596  6006381.605  6006665.892
 38  LG+F+I+R4     2994710.610  43  5989507.220  5989507.240  5989943.818
 39  LG+F+I+R5     2994709.866  45  5989509.732  5989509.754  5989966.637
 60  WAG+I+R4      3019754.038  24  6039556.075  6039556.082  6039799.758
+I+R5 reinitialized from +I+R4 with factor 0.500
 61  WAG+I+R5      3019753.632  26  6039559.265  6039559.272  6039823.254
 82  WAG+F+I+R4    3004799.251  43  6009684.502  6009684.522  6010121.099
+I+R5 reinitialized from +I+R4 with factor 0.500
+I+R5 reinitialized from +I+R4 with factor 0.250
+I+R5 reinitialized from +I+R4 with factor 0.125
 83  WAG+F+I+R5    3004799.272  45  6009688.544  6009688.566  6010145.448
104  JTT+I+R4      3037179.559  24  6074407.119  6074407.125  6074650.801
105  JTT+I+R5      3037179.162  26  6074410.324  6074410.331  6074674.313
126  JTT+F+I+R4    3021992.147  43  6044070.295  6044070.315  6044506.892
127  JTT+F+I+R5    3021991.685  45  6044073.370  6044073.392  6044530.274
148  Q.PFAM+I+R4   3006154.592  24  6012357.184  6012357.191  6012600.867
149  Q.PFAM+I+R5   3006153.538  26  6012359.077  6012359.084  6012623.066
170  Q.PFAM+F+I+R4 2996179.049  43  5992444.098  5992444.118  5992880.695
171  Q.PFAM+F+I+R5 2996177.988  45  5992445.976  5992445.998  5992902.880
192  Q.BIRD+I+R4   3077766.858  24  6155581.717  6155581.723  6155825.399
193  Q.BIRD+I+R5   3077766.772  26  6155585.544  6155585.551  6155849.533
214  Q.BIRD+F+I+R4 3060716.700  43  6121519.400  6121519.420  6121955.997
+I+R5 reinitialized from +I+R4 with factor 0.500
215  Q.BIRD+F+I+R5 3060713.614  45  6121517.228  6121517.250  6121974.132
+I+R6 reinitialized from +I+R5 with factor 0.500
216  Q.BIRD+F+I+R6 3060712.238  47  6121518.477  6121518.500  6121995.688
236  Q.MAMMAL+I+R4 3065622.955  24  6131293.911  6131293.917  6131537.593
237  Q.MAMMAL+I+R5 3065622.513  26  6131297.026  6131297.034  6131561.015
258  Q.MAMMAL+F+I+R4 3046939.323  43  6093964.647  6093964.667  6094401.244
259  Q.MAMMAL+F+I+R5 3046937.182  45  6093964.364  6093964.386  6094421.268
260  Q.MAMMAL+F+I+R6 3046936.503  47  6093967.006  6093967.030  6094444.217
280  Q.INSECT+I+R4 3005452.807  24  6010953.614  6010953.620  6011197.296
281  Q.INSECT+I+R5 3005452.705  26  6010957.409  6010957.417  6011221.398
302  Q.INSECT+F+I+R4 3006204.137  43  6012494.274  6012494.294  6012930.871
+I+R5 reinitialized from +I+R4 with factor 0.500
+I+R5 reinitialized from +I+R4 with factor 0.250
+I+R5 reinitialized from +I+R4 with factor 0.125
303  Q.INSECT+F+I+R5 3006204.077  45  6012498.153  6012498.175  6012955.057
324  Q.PLANT+I+R4  3028596.865  24  6057241.730  6057241.736  6057485.412
+I+R5 reinitialized from +I+R4 with factor 0.500
325  Q.PLANT+I+R5  3028595.182  26  6057242.363  6057242.371  6057506.352
346  Q.PLANT+F+I+R4 3022862.051  43  6045810.102  6045810.122  6046246.700
347  Q.PLANT+F+I+R5 3022860.994  45  6045811.989  6045812.010  6046268.893
368  Q.YEAST+I+R4  2996356.781  24  5992761.562  5992761.568  5993005.244
+I+R5 reinitialized from +I+R4 with factor 0.500
369  Q.YEAST+I+R5  2996355.259  26  5992762.519  5992762.526  5993026.508
390  Q.YEAST+F+I+R4 2998223.838  43  5996533.675  5996533.695  5996970.272
+I+R5 reinitialized from +I+R4 with factor 0.500
391  Q.YEAST+F+I+R5 2998222.801  45  5996535.602  5996535.624  5996992.507
412  JTTDCMUT+I+R4 3036992.562  24  6074033.124  6074033.131  6074276.807
+I+R5 reinitialized from +I+R4 with factor 0.500
413  JTTDCMUT+I+R5 3036992.117  26  6074036.234  6074036.242  6074300.223
434  JTTDCMUT+F+I+R4 3021685.344  43  6043456.689  6043456.709  6043893.286
435  JTTDCMUT+F+I+R5 3021684.593  45  6043459.186  6043459.207  6043916.090
456  DCMUT+I+R4    3050698.307  24  6101444.614  6101444.620  6101688.296
457  DCMUT+I+R5    3050694.606  26  6101441.212  6101441.219  6101705.201
458  DCMUT+I+R6    3050694.300  28  6101444.599  6101444.608  6101728.895
478  DCMUT+F+I+R4  3021554.854  43  6043195.709  6043195.729  6043632.306
479  DCMUT+F+I+R5  3021554.138  45  6043198.275  6043198.297  6043655.180
500  VT+I+R4       3016753.251  24  6033554.503  6033554.509  6033798.185
+I+R5 reinitialized from +I+R4 with factor 0.500
+I+R5 reinitialized from +I+R4 with factor 0.250
+I+R5 reinitialized from +I+R4 with factor 0.125
501  VT+I+R5       3016753.333  26  6033558.666  6033558.673  6033822.655
522  VT+F+I+R4     3009808.249  43  6019702.498  6019702.518  6020139.095
523  VT+F+I+R5     3009808.278  45  6019706.556  6019706.578  6020163.460
544  PMB+I+R4      3034319.815  24  6068687.630  6068687.637  6068931.312
+I+R5 reinitialized from +I+R4 with factor 0.500
+I+R5 reinitialized from +I+R4 with factor 0.250
+I+R5 reinitialized from +I+R4 with factor 0.125
+I+R5 reinitialized from +I+R4 with factor 0.062
+I+R5 reinitialized from +I+R4 with factor 0.031
545  PMB+I+R5      3034320.203  26  6068692.406  6068692.413  6068956.395
566  PMB+F+I+R4    3018745.883  43  6037577.766  6037577.786  6038014.363
567  PMB+F+I+R5    3018745.961  45  6037581.923  6037581.945  6038038.827
588  BLOSUM62+I+R4 3028993.089  24  6058034.178  6058034.184  6058277.860
589  BLOSUM62+I+R5 3028992.878  26  6058037.756  6058037.763  6058301.745
610  BLOSUM62+F+I+R4 3015809.445  43  6031704.891  6031704.911  6032141.488
611  BLOSUM62+F+I+R5 3015809.383  45  6031708.767  6031708.789  6032165.671
632  DAYHOFF+I+R4  3050656.155  24  6101360.310  6101360.316  6101603.992
+I+R5 reinitialized from +I+R4 with factor 0.500
633  DAYHOFF+I+R5  3050653.235  26  6101358.469  6101358.477  6101622.458
+I+R6 reinitialized from +I+R5 with factor 0.500
634  DAYHOFF+I+R6  3050652.815  28  6101361.630  6101361.639  6101645.926
654  DAYHOFF+F+I+R4 3021503.297  43  6043092.594  6043092.614  6043529.191
+I+R5 reinitialized from +I+R4 with factor 0.500
655  DAYHOFF+F+I+R5 3021502.695  45  6043095.390  6043095.412  6043552.294
676  MTREV+I+R4    3160770.976  24  6321589.952  6321589.958  6321833.634
677  MTREV+I+R5    3160747.065  26  6321546.130  6321546.137  6321810.119
+I+R6 reinitialized from +I+R5 with factor 0.500
678  MTREV+I+R6    3160740.586  28  6321537.171  6321537.180  6321821.467
698  MTREV+F+I+R4  3038235.231  43  6076556.462  6076556.482  6076993.059
699  MTREV+F+I+R5  3038221.084  45  6076532.167  6076532.189  6076989.071
700  MTREV+F+I+R6  3038217.221  47  6076528.441  6076528.465  6077005.652
720  MTART+I+R4    3158691.154  24  6317430.308  6317430.314  6317673.990
721  MTART+I+R5    3158530.541  26  6317113.082  6317113.089  6317377.071
722  MTART+I+R6    3158524.100  28  6317104.200  6317104.208  6317388.496
742  MTART+F+I+R4  3036269.613  43  6072625.225  6072625.245  6073061.823
743  MTART+F+I+R5  3036183.257  45  6072456.514  6072456.536  6072913.419
744  MTART+F+I+R6  3036181.116  47  6072456.231  6072456.255  6072933.442
764  MTZOA+I+R4    3120995.230  24  6242038.460  6242038.467  6242282.143
765  MTZOA+I+R5    3120954.243  26  6241960.486  6241960.494  6242224.475
766  MTZOA+I+R6    3120952.984  28  6241961.968  6241961.976  6242246.264
786  MTZOA+F+I+R4  3021096.194  43  6042278.388  6042278.408  6042714.985
787  MTZOA+F+I+R5  3021057.565  45  6042205.130  6042205.152  6042662.034
+I+R6 reinitialized from +I+R5 with factor 0.500
788  MTZOA+F+I+R6  3021056.057  47  6042206.115  6042206.138  6042683.326
808  MTMET+I+R4    3152401.582  24  6304851.163  6304851.170  6305094.846
809  MTMET+I+R5    3152383.661  26  6304819.323  6304819.330  6305083.312
+I+R6 reinitialized from +I+R5 with factor 0.500
+I+R6 reinitialized from +I+R5 with factor 0.250
+I+R6 reinitialized from +I+R5 with factor 0.125
810  MTMET+I+R6    3152383.558  28  6304823.115  6304823.124  6305107.411
830  MTMET+F+I+R4  3038508.381  43  6077102.762  6077102.782  6077539.359
831  MTMET+F+I+R5  3038378.906  45  6076847.812  6076847.833  6077304.716
832  MTMET+F+I+R6  3038378.640  47  6076851.280  6076851.304  6077328.491
852  MTVER+I+R4    3185063.134  24  6370174.267  6370174.273  6370417.949
853  MTVER+I+R5    3185061.391  26  6370174.783  6370174.790  6370438.772
874  MTVER+F+I+R4  3068098.381  43  6136282.762  6136282.781  6136719.359
875  MTVER+F+I+R5  3067961.526  45  6136013.053  6136013.074  6136469.957
876  MTVER+F+I+R6  3067959.550  47  6136013.101  6136013.125  6136490.312
896  MTINV+I+R4    3168204.747  24  6336457.494  6336457.501  6336701.177
897  MTINV+I+R5    3168148.043  26  6336348.086  6336348.093  6336612.075
898  MTINV+I+R6    3168146.614  28  6336349.229  6336349.237  6336633.525
918  MTINV+F+I+R4  3023415.250  43  6046916.500  6046916.520  6047353.098
919  MTINV+F+I+R5  3023313.572  45  6046717.144  6046717.166  6047174.049
+I+R6 reinitialized from +I+R5 with factor 0.500
+I+R6 reinitialized from +I+R5 with factor 0.250
+I+R6 reinitialized from +I+R5 with factor 0.125
+I+R6 reinitialized from +I+R5 with factor 0.062
+I+R6 reinitialized from +I+R5 with factor 0.031
920  MTINV+F+I+R6  3023313.788  47  6046721.575  6046721.599  6047198.786
940  MTMAM+I+R4    3197509.692  24  6395067.385  6395067.391  6395311.067
941  MTMAM+I+R5    3197506.555  26  6395065.109  6395065.116  6395329.098
942  MTMAM+I+R6    3197505.266  28  6395066.532  6395066.540  6395350.828
962  MTMAM+F+I+R4  3075915.709  43  6151917.418  6151917.438  6152354.016
963  MTMAM+F+I+R5  3075646.997  45  6151383.995  6151384.016  6151840.899
964  MTMAM+F+I+R6  3075644.042  47  6151382.084  6151382.108  6151859.295
984  FLAVI+I+R4    3128831.365  24  6257710.729  6257710.736  6257954.412
985  FLAVI+I+R5    3128789.748  26  6257631.496  6257631.504  6257895.486
+I+R6 reinitialized from +I+R5 with factor 0.500
986  FLAVI+I+R6    3128787.424  28  6257630.849  6257630.857  6257915.145
1006  FLAVI+F+I+R4  3092826.690  43  6185739.380  6185739.400  6186175.978
1007  FLAVI+F+I+R5  3092743.054  45  6185576.109  6185576.131  6186033.013
1008  FLAVI+F+I+R6  3092742.978  47  6185579.955  6185579.979  6186057.166
1028  HIVB+I+R4     3080097.546  24  6160243.091  6160243.097  6160486.773
+I+R5 reinitialized from +I+R4 with factor 0.500
1029  HIVB+I+R5     3080094.246  26  6160240.491  6160240.499  6160504.480
+I+R6 reinitialized from +I+R5 with factor 0.500
1030  HIVB+I+R6     3080092.809  28  6160241.618  6160241.627  6160525.914
1050  HIVB+F+I+R4   3052928.110  43  6105942.220  6105942.240  6106378.817
1051  HIVB+F+I+R5   3052924.141  45  6105938.283  6105938.305  6106395.187
1052  HIVB+F+I+R6   3052921.483  47  6105936.967  6105936.991  6106414.178
1072  HIVW+I+R4     3179325.141  24  6358698.283  6358698.289  6358941.965
1073  HIVW+I+R5     3179245.952  26  6358543.904  6358543.912  6358807.893
1074  HIVW+I+R6     3179232.346  28  6358520.692  6358520.700  6358804.988
1094  HIVW+F+I+R4   3119593.885  43  6239273.770  6239273.790  6239710.368
1095  HIVW+F+I+R5   3119538.494  45  6239166.988  6239167.009  6239623.892
1096  HIVW+F+I+R6   3119530.630  47  6239155.260  6239155.284  6239632.471
1116  FLU+I+R4      3061763.197  24  6123574.395  6123574.401  6123818.077
1117  FLU+I+R5      3061729.128  26  6123510.257  6123510.264  6123774.246
1118  FLU+I+R6      3061725.066  28  6123506.132  6123506.141  6123790.428
1138  FLU+F+I+R4    3043013.768  43  6086113.535  6086113.555  6086550.133
1139  FLU+F+I+R5    3042987.325  45  6086064.651  6086064.673  6086521.555
1140  FLU+F+I+R6    3042983.807  47  6086061.615  6086061.638  6086538.826
1160  RTREV+I+R4    3029032.623  24  6058113.247  6058113.253  6058356.929
1161  RTREV+I+R5    3029015.349  26  6058082.698  6058082.705  6058346.687
1162  RTREV+I+R6    3029014.517  28  6058085.034  6058085.043  6058369.330
1182  RTREV+F+I+R4  2999882.645  43  5999851.289  5999851.309  6000287.887
1183  RTREV+F+I+R5  2999875.985  45  5999841.970  5999841.992  6000298.874
1184  RTREV+F+I+R6  2999874.205  47  5999842.410  5999842.434  6000319.621
1204  CPREV+I+R4    3028410.555  24  6056869.110  6056869.116  6057112.792
+I+R5 reinitialized from +I+R4 with factor 0.500
1205  CPREV+I+R5    3028407.730  26  6056867.461  6056867.468  6057131.450
+I+R6 reinitialized from +I+R5 with factor 0.500
1206  CPREV+I+R6    3028406.409  28  6056868.818  6056868.826  6057153.114
1226  CPREV+F+I+R4  3017118.872  43  6034323.744  6034323.764  6034760.341
1227  CPREV+F+I+R5  3017116.974  45  6034323.948  6034323.970  6034780.852
Akaike Information Criterion:           LG+F+I+R4
Corrected Akaike Information Criterion: LG+F+I+R4
Bayesian Information Criterion:         LG+F+I+R4
Best-fit model: LG+F+I+R4 chosen according to AIC

All model information printed to 10yeast_c60_init.model.gz
CPU time for ModelFinder: 698783.784 seconds (194h:6m:23s)
Wall-clock time for ModelFinder: 16203.771 seconds (4h:30m:3s)

NOTE: 910 MB RAM (0 GB) is required!
Estimate model parameters (epsilon = 0.010)
1. Initial log-likelihood: -2995163.389
2. Current log-likelihood: -2994716.747
3. Current log-likelihood: -2994712.086
4. Current log-likelihood: -2994710.409
5. Current log-likelihood: -2994709.319
6. Current log-likelihood: -2994708.423
7. Current log-likelihood: -2994707.806
8. Current log-likelihood: -2994707.175
9. Current log-likelihood: -2994706.678
10. Current log-likelihood: -2994706.327
11. Current log-likelihood: -2994705.944
12. Current log-likelihood: -2994705.607
13. Current log-likelihood: -2994705.307
14. Current log-likelihood: -2994705.064
15. Current log-likelihood: -2994704.924
16. Current log-likelihood: -2994704.729
17. Current log-likelihood: -2994704.547
18. Current log-likelihood: -2994704.437
19. Current log-likelihood: -2994704.404
20. Current log-likelihood: -2994704.355
21. Current log-likelihood: -2994704.217
22. Current log-likelihood: -2994704.190
Optimal log-likelihood: -2994704.181
Proportion of invariable sites: 0.084
Site proportion and rates:  (0.177,0.131) (0.317,0.558) (0.328,1.446) (0.094,3.449)
Parameters optimization took 22 rounds (75.618 sec)
Wrote distance file to... 
BEST SCORE FOUND : -2994704.181
Total tree length: 8.822

Total number of iterations: 0
CPU time used for tree search: 0.000 sec (0h:0m:0s)
Wall-clock time used for tree search: 0.000 sec (0h:0m:0s)
Total CPU time used: 701895.669 sec (194h:58m:15s)
Total wall-clock time used: 16279.515 sec (4h:31m:19s)

Analysis results written to: 
  IQ-TREE report:                10yeast_c60_init.iqtree
  Tree used for ModelFinder:     10yeast_c60_init.treefile
  Screen log file:               10yeast_c60_init.log

Date and Time: Fri Jun 13 02:50:01 2025
