IQ-TREE multicore version 2.4.0 for Linux x86 64-bit built Mar 19 2025
Developed by Bui Quang Minh, Nguyen Lam Tung, Olga Chernomor, Heiko Schmidt,
Dominik Schrempf, Michael Woodhams, Ly Trong Nhan, Thomas Wong

Host:    dayhoff.uds.anu.edu.au (AVX2, FMA3, 1007 GB RAM)
Command: ../../iqtree2 -s ./10_concated.nex -m LG+C60+I+R4 -te ../partition/Q/yeast10_Q_search.treefile -T 45 -mem 120G -safe -pre yeast10_c60_unopt
Seed:    937817 (Using SPRNG - Scalable Parallel Random Number Generator)
Time:    Fri Jun 13 05:43:32 2025
Kernel:  Safe AVX+FMA - 45 threads (46 CPU cores detected)

Reading alignment file ./10_concated.nex ... Nexus format detected
Skipping unknown block (sets)...
WARNING: 1494 sites contain only gaps or ambiguous characters.
Alignment has 10 sequences with 189743 columns, 147273 distinct patterns
88615 parsimony-informative, 66377 singleton sites, 34751 constant sites
                                         Gap/Ambiguity  Composition  p-value
Analyzing sequences: done in 0.0125321 secs using 3261% CPU
   1  Candida_apicola                           25.82%    failed      0.00%
   2  yHMPu5000034614_Saturnispora_silvae       18.62%    failed      0.00%
   3  Schizosaccharomyces_pombe                 26.55%    failed      0.00%
   4  Nakaseomyces_castellii                    19.27%    failed      0.00%
   5  yHMPu5000035654_Tortispora_ganteri        19.21%    failed      0.00%
   6  Fusarium_graminearum                      16.07%    failed      0.00%
   7  yHMPu5000035633_Candida_hispaniensis      11.89%    failed      0.00%
   8  yHMPu5000035671_Phaffomyces_antillensis    7.76%    failed      0.00%
   9  Ascoidea_asiatica                         13.17%    failed      0.00%
  10  Metschnikowia_bowlesiae                   12.95%    failed      0.00%
****  TOTAL                                     17.13%  10 sequences failed composition chi2 test (p-value<5%; df=19)
NOTE: minimal branch length is reduced to 0.000000527029 for long alignment
Checking for duplicate sequences: done in 0.0131844 secs using 3196% CPU
Reading input tree file ../partition/Q/yeast10_Q_search.treefile ...
Model LG+C60+I+R4 is alias for LG+POISSON+G+FMIX{C60pi1:1:0.0169698865,C60pi2:1:0.0211683374,C60pi3:1:0.0276589079,C60pi4:1:0.0065675964,C60pi5:1:0.0141221416,C60pi6:1:0.0068774834,C60pi7:1:0.0146909701,C60pi8:1:0.0067225777,C60pi9:1:0.0018396660,C60pi10:1:0.0102547197,C60pi11:1:0.0230896163,C60pi12:1:0.0057941033,C60pi13:1:0.0125394534,C60pi14:1:0.0204526478,C60pi15:1:0.0070629602,C60pi16:1:0.0117982741,C60pi17:1:0.0068334668,C60pi18:1:0.0433775839,C60pi19:1:0.0318278731,C60pi20:1:0.0222546108,C60pi21:1:0.0102264969,C60pi22:1:0.0150545891,C60pi23:1:0.0134159878,C60pi24:1:0.0148552065,C60pi25:1:0.0239111516,C60pi26:1:0.0128776278,C60pi27:1:0.0222318842,C60pi28:1:0.0247444742,C60pi29:1:0.0214274810,C60pi30:1:0.0115001882,C60pi31:1:0.0076017389,C60pi32:1:0.0130258568,C60pi33:1:0.0093701965,C60pi34:1:0.0467194264,C60pi35:1:0.0441940314,C60pi36:1:0.0322263154,C60pi37:1:0.0402999891,C60pi38:1:0.0150234227,C60pi39:1:0.0104589903,C60pi40:1:0.0214742395,C60pi41:1:0.0154957836,C60pi42:1:0.0101789953,C60pi43:1:0.0227980379,C60pi44:1:0.0123204539,C60pi45:1:0.0066777583,C60pi46:1:0.0004150083,C60pi47:1:0.0344385130,C60pi48:1:0.0113663379,C60pi49:1:0.0127143049,C60pi50:1:0.0124323741,C60pi51:1:0.0262124415,C60pi52:1:0.0064994957,C60pi53:1:0.0103203293,C60pi54:1:0.0142463512,C60pi55:1:0.0215600067,C60pi56:1:0.0199150700,C60pi57:1:0.0038964200,C60pi58:1:0.0113448855,C60pi59:1:0.0128595846,C60pi60:1:0.0117656776}+I+R4
WARNING: Your input class weight 0.000415008 is very small and may cause numerical issues
WARNING: Both Gamma and FreeRate models were specified, continue with FreeRate model

NOTE: 54616 MB RAM (53 GB) is required!
Estimate model parameters (epsilon = 0.010)
1. Initial log-likelihood: -3055754.154
2. Current log-likelihood: -3018452.458
3. Current log-likelihood: -3017342.875
4. Current log-likelihood: -3017174.900
5. Current log-likelihood: -3017050.815
6. Current log-likelihood: -3016954.347
7. Current log-likelihood: -3016878.214
8. Current log-likelihood: -3016817.350
9. Current log-likelihood: -3016768.135
10. Current log-likelihood: -3016727.817
11. Current log-likelihood: -3016694.786
12. Current log-likelihood: -3016667.423
13. Current log-likelihood: -3016644.602
14. Current log-likelihood: -3016625.452
15. Current log-likelihood: -3016609.291
16. Current log-likelihood: -3016595.582
17. Current log-likelihood: -3016583.899
18. Current log-likelihood: -3016573.897
19. Current log-likelihood: -3016565.300
20. Current log-likelihood: -3016557.884
21. Current log-likelihood: -3016551.463
22. Current log-likelihood: -3016545.885
23. Current log-likelihood: -3016541.027
24. Current log-likelihood: -3016536.783
25. Current log-likelihood: -3016533.066
26. Current log-likelihood: -3016529.807
27. Current log-likelihood: -3016527.001
28. Current log-likelihood: -3016524.544
29. Current log-likelihood: -3016522.372
30. Current log-likelihood: -3016520.478
31. Current log-likelihood: -3016518.811
32. Current log-likelihood: -3016517.391
33. Current log-likelihood: -3016516.154
34. Current log-likelihood: -3016515.039
35. Current log-likelihood: -3016514.023
36. Current log-likelihood: -3016513.095
37. Current log-likelihood: -3016512.257
38. Current log-likelihood: -3016511.527
39. Current log-likelihood: -3016510.858
40. Current log-likelihood: -3016510.241
41. Current log-likelihood: -3016509.691
42. Current log-likelihood: -3016509.167
43. Current log-likelihood: -3016508.602
44. Current log-likelihood: -3016507.979
45. Current log-likelihood: -3016507.295
46. Current log-likelihood: -3016506.553
47. Current log-likelihood: -3016505.661
48. Current log-likelihood: -3016504.635
49. Current log-likelihood: -3016503.445
50. Current log-likelihood: -3016502.149
51. Current log-likelihood: -3016500.759
52. Current log-likelihood: -3016499.182
53. Current log-likelihood: -3016497.424
54. Current log-likelihood: -3016495.466
55. Current log-likelihood: -3016493.337
56. Current log-likelihood: -3016491.035
57. Current log-likelihood: -3016488.574
58. Current log-likelihood: -3016485.954
59. Current log-likelihood: -3016483.174
60. Current log-likelihood: -3016480.233
61. Current log-likelihood: -3016477.133
62. Current log-likelihood: -3016473.871
63. Current log-likelihood: -3016470.447
64. Current log-likelihood: -3016466.881
65. Current log-likelihood: -3016463.131
66. Current log-likelihood: -3016459.203
67. Current log-likelihood: -3016455.114
68. Current log-likelihood: -3016450.838
69. Current log-likelihood: -3016446.374
70. Current log-likelihood: -3016441.721
71. Current log-likelihood: -3016436.875
72. Current log-likelihood: -3016431.941
73. Current log-likelihood: -3016427.327
74. Current log-likelihood: -3016422.839
75. Current log-likelihood: -3016418.336
76. Current log-likelihood: -3016413.734
77. Current log-likelihood: -3016408.981
78. Current log-likelihood: -3016404.025
79. Current log-likelihood: -3016398.776
80. Current log-likelihood: -3016393.221
81. Current log-likelihood: -3016387.309
82. Current log-likelihood: -3016380.951
83. Current log-likelihood: -3016374.131
84. Current log-likelihood: -3016366.790
85. Current log-likelihood: -3016358.890
86. Current log-likelihood: -3016350.394
87. Current log-likelihood: -3016341.270
88. Current log-likelihood: -3016331.496
89. Current log-likelihood: -3016321.063
90. Current log-likelihood: -3016309.969
91. Current log-likelihood: -3016298.258
92. Current log-likelihood: -3016286.054
93. Current log-likelihood: -3016273.371
94. Current log-likelihood: -3016260.396
95. Current log-likelihood: -3016247.355
96. Current log-likelihood: -3016234.384
97. Current log-likelihood: -3016221.756
98. Current log-likelihood: -3016209.718
99. Current log-likelihood: -3016198.429
100. Current log-likelihood: -3016188.092
101. Current log-likelihood: -3016178.790
102. Current log-likelihood: -3016170.575
103. Current log-likelihood: -3016163.444
104. Current log-likelihood: -3016157.347
105. Current log-likelihood: -3016152.204
106. Current log-likelihood: -3016147.912
107. Current log-likelihood: -3016144.357
108. Current log-likelihood: -3016141.432
109. Current log-likelihood: -3016139.062
110. Current log-likelihood: -3016137.232
111. Current log-likelihood: -3016135.691
112. Current log-likelihood: -3016134.507
113. Current log-likelihood: -3016133.544
114. Current log-likelihood: -3016132.760
115. Current log-likelihood: -3016132.190
116. Current log-likelihood: -3016131.723
117. Current log-likelihood: -3016131.281
118. Current log-likelihood: -3016130.838
119. Current log-likelihood: -3016130.441
120. Current log-likelihood: -3016130.112
121. Current log-likelihood: -3016129.778
122. Current log-likelihood: -3016129.485
123. Current log-likelihood: -3016129.183
124. Current log-likelihood: -3016128.916
125. Current log-likelihood: -3016128.662
126. Current log-likelihood: -3016128.446
127. Current log-likelihood: -3016128.238
128. Current log-likelihood: -3016128.035
129. Current log-likelihood: -3016127.873
130. Current log-likelihood: -3016127.712
131. Current log-likelihood: -3016127.545
132. Current log-likelihood: -3016127.419
133. Current log-likelihood: -3016127.314
134. Current log-likelihood: -3016127.223
135. Current log-likelihood: -3016127.136
136. Current log-likelihood: -3016127.053
137. Current log-likelihood: -3016126.974
Optimal log-likelihood: -3016126.971
Mixture weights: 0.017 0.021 0.028 0.007 0.014 0.007 0.015 0.007 0.002 0.010 0.023 0.006 0.013 0.020 0.007 0.012 0.007 0.043 0.032 0.022 0.010 0.015 0.013 0.015 0.024 0.013 0.022 0.025 0.021 0.012 0.008 0.013 0.009 0.047 0.044 0.032 0.040 0.015 0.010 0.021 0.015 0.010 0.023 0.012 0.007 0.000 0.034 0.011 0.013 0.012 0.026 0.006 0.010 0.014 0.022 0.020 0.004 0.011 0.013 0.012
Proportion of invariable sites: 0.090
Site proportion and rates:  (0.204,0.012) (0.145,0.067) (0.132,0.261) (0.429,2.225)
Parameters optimization took 137 rounds (12701.989 sec)
Wrote distance file to... 
BEST SCORE FOUND : -3016126.971
Total tree length: 130.005

Total number of iterations: 0
CPU time used for tree search: 0.000 sec (0h:0m:0s)
Wall-clock time used for tree search: 0.000 sec (0h:0m:0s)
Total CPU time used: 502278.029 sec (139h:31m:18s)
Total wall-clock time used: 49757078.258 sec (13821h:24m:38s)

Analysis results written to: 
  IQ-TREE report:                yeast10_c60_unopt.iqtree
  Maximum-likelihood tree:       yeast10_c60_unopt.treefile
  Screen log file:               yeast10_c60_unopt.log

Date and Time: Fri Jun 13 09:15:20 2025
