IQ-TREE multicore version 2.4.0 for Linux x86 64-bit built Mar 19 2025
Developed by Bui Quang Minh, Nguyen Lam Tung, Olga Chernomor, Heiko Schmidt,
Dominik Schrempf, Michael Woodhams, Ly Trong Nhan, Thomas Wong

Host:    wright.uds.anu.edu.au (AVX512, FMA3, 1007 GB RAM)
Command: ../../iqtree2 -s 20_concated.nex -m MF -merit AIC -T 40 -mem 120G -pre 20insect_c60_init
Seed:    851031 (Using SPRNG - Scalable Parallel Random Number Generator)
Time:    Sun Apr 27 16:00:28 2025
Kernel:  AVX+FMA - 40 threads (41 CPU cores detected)

Reading alignment file 20_concated.nex ... Nexus format detected
Skipping unknown block (sets)...
WARNING: 516 sites contain only gaps or ambiguous characters.
Alignment has 20 sequences with 76398 columns, 66382 distinct patterns
38571 parsimony-informative, 20617 singleton sites, 17210 constant sites
                               Gap/Ambiguity  Composition  p-value
Analyzing sequences: done in 0.0278968 secs using 3573% CPU
   1  Lepeophtheirus_salmonis         44.77%    failed      0.00%
   2  Stylops_melittae                40.37%    failed      0.00%
   3  Anurida_maritima                41.36%    failed      0.00%
   4  DROSOPHILA_MELANOGASTER          3.40%    failed      0.00%
   5  Essigella_californica           16.92%    failed      0.00%
   6  IXODES_SCAPULARIS               18.50%    failed      0.00%
   7  Polyommatus_icarus              30.67%    failed      0.00%
   8  Conwentzia_psociformis          25.74%    failed      0.00%
   9  Velia_caprai                    45.32%    failed      1.15%
  10  Ectopsocus_briggsi              31.03%    failed      0.00%
  11  Acerentomon_sp                  35.58%    failed      0.00%
  12  DAPHNIA_PULEX                    7.82%    failed      0.00%
  13  Baetis_pumilus                  27.55%    failed      0.00%
  14  Cotesia_vestalis                21.79%    failed      0.01%
  15  Acanthocasuarina_muellerianae   43.71%    passed      5.15%
  16  Forficula_auricularia           33.53%    failed      0.00%
  17  Planococcus_citri               28.64%    failed      0.00%
  18  Gynaikothrips_ficorum           39.21%    failed      0.00%
  19  Aleochara_curtula               27.19%    failed      0.00%
  20  Folsomia_candida                45.41%    failed      0.00%
****  TOTAL                           30.43%  19 sequences failed composition chi2 test (p-value<5%; df=19)
Checking for duplicate sequences: done in 0.00954083 secs using 4504% CPU


Create initial parsimony tree by phylogenetic likelihood library (PLL)... 0.259 seconds
Perform fast likelihood tree search using LG+I+G model...
Estimate model parameters (epsilon = 5.000)
Perform nearest neighbor interchange...
Optimizing NNI: done in 3.71803 secs using 3952% CPU
Estimate model parameters (epsilon = 1.000)
1. Initial log-likelihood: -1469227.777
2. Current log-likelihood: -1469225.613
3. Current log-likelihood: -1469224.414
Optimal log-likelihood: -1469223.573
Proportion of invariable sites: 0.115
Gamma shape alpha: 0.966
Parameters optimization took 3 rounds (1.665 sec)
Time for fast ML tree search: 14.721 seconds

NOTE: ModelFinder requires 2051 MB RAM!
ModelFinder will test up to 1232 protein models (sample size: 76398 epsilon: 0.100) ...
 No. Model         -LnL         df  AIC          AICc         BIC
  1  LG            1555180.406  37  3110434.812  3110434.849  3110776.829
  2  LG+I          1512180.478  38  3024436.956  3024436.995  3024788.217
  3  LG+G4         1470004.515  38  2940085.031  2940085.070  2940436.292
  4  LG+I+G4       1469222.524  39  2938523.049  2938523.090  2938883.554
  5  LG+R2         1479699.982  39  2959477.964  2959478.005  2959838.469
  6  LG+R3         1470327.620  41  2940737.240  2940737.285  2941116.232
  7  LG+R4         1469010.990  43  2938107.980  2938108.029  2938505.459
  8  LG+R5         1468850.812  45  2937791.625  2937791.679  2938207.592
  9  LG+R6         1468847.421  47  2937788.842  2937788.901  2938223.296
 10  LG+R7         1468846.130  49  2937790.260  2937790.325  2938243.202
 14  LG+I+R2       1473526.950  40  2947133.899  2947133.942  2947503.648
 15  LG+I+R3       1469393.837  42  2938871.674  2938871.721  2939259.910
 16  LG+I+R4       1468883.793  44  2937855.585  2937855.637  2938262.309
 17  LG+I+R5       1468845.383  46  2937782.765  2937782.822  2938207.976
 18  LG+I+R6       1468841.505  48  2937779.010  2937779.072  2938222.709
 19  LG+I+R7       1468841.369  50  2937782.737  2937782.804  2938244.923
 31  LG+F+R6       1467843.518  66  2935819.035  2935819.151  2936429.120
 39  LG+F+I+R5     1467839.422  65  2935808.844  2935808.957  2936409.686
 40  LG+F+I+R6     1467835.872  67  2935805.744  2935805.864  2936425.073
 41  LG+F+I+R7     1467835.406  69  2935808.812  2935808.938  2936446.628
 53  WAG+R6        1478336.468  47  2956766.937  2956766.996  2957201.391
 61  WAG+I+R5      1478331.799  46  2956755.597  2956755.654  2957180.808
 62  WAG+I+R6      1478331.080  48  2956758.160  2956758.221  2957201.858
 75  WAG+F+R6      1475464.740  66  2951061.480  2951061.596  2951671.565
 83  WAG+F+I+R5    1475461.106  65  2951052.213  2951052.325  2951653.054
 84  WAG+F+I+R6    1475459.970  67  2951053.940  2951054.060  2951673.269
 97  JTT+R6        1481612.076  47  2963318.152  2963318.211  2963752.607
105  JTT+I+R5      1481602.099  46  2963296.199  2963296.255  2963721.409
106  JTT+I+R6      1481602.190  48  2963300.380  2963300.442  2963744.079
119  JTT+F+R6      1478580.942  66  2957293.884  2957294.000  2957903.969
127  JTT+F+I+R5    1478570.229  65  2957270.457  2957270.569  2957871.298
+I+R6 reinitialized from +I+R5 with factor 0.500
+I+R6 reinitialized from +I+R5 with factor 0.250
128  JTT+F+I+R6    1478570.223  67  2957274.446  2957274.565  2957893.775
141  Q.PFAM+R6     1471088.876  47  2942271.751  2942271.810  2942706.206
149  Q.PFAM+I+R5   1471084.956  46  2942261.912  2942261.968  2942687.123
150  Q.PFAM+I+R6   1471084.280  48  2942264.561  2942264.622  2942708.259
163  Q.PFAM+F+R6   1469286.206  66  2938704.412  2938704.528  2939314.497
171  Q.PFAM+F+I+R5 1469281.350  65  2938692.699  2938692.812  2939293.541
172  Q.PFAM+F+I+R6 1469280.701  67  2938695.401  2938695.521  2939314.730
185  Q.BIRD+R6     1504266.979  47  3008627.959  3008628.018  3009062.413
193  Q.BIRD+I+R5   1504269.991  46  3008631.983  3008632.039  3009057.194
194  Q.BIRD+I+R6   1504269.641  48  3008635.283  3008635.345  3009078.981
207  Q.BIRD+F+R6   1502347.955  66  3004827.910  3004828.026  3005437.995
215  Q.BIRD+F+I+R5 1502352.127  65  3004834.255  3004834.367  3005435.096
216  Q.BIRD+F+I+R6 1502351.897  67  3004837.793  3004837.912  3005457.122
229  Q.MAMMAL+R6   1495214.280  47  2990522.560  2990522.620  2990957.015
237  Q.MAMMAL+I+R5 1495218.816  46  2990529.631  2990529.688  2990954.842
238  Q.MAMMAL+I+R6 1495218.760  48  2990533.520  2990533.581  2990977.218
251  Q.MAMMAL+F+R6 1492813.015  66  2985758.030  2985758.145  2986368.114
259  Q.MAMMAL+F+I+R5 1492817.903  65  2985765.806  2985765.918  2986366.647
260  Q.MAMMAL+F+I+R6 1492817.866  67  2985769.732  2985769.852  2986389.061
273  Q.INSECT+R6   1466284.747  47  2932663.494  2932663.554  2933097.949
281  Q.INSECT+I+R5 1466287.771  46  2932667.541  2932667.598  2933092.752
282  Q.INSECT+I+R6 1466287.792  48  2932671.585  2932671.646  2933115.283
295  Q.INSECT+F+R6 1468398.670  66  2936929.340  2936929.456  2937539.425
303  Q.INSECT+F+I+R5 1468402.015  65  2936934.031  2936934.143  2937534.872
304  Q.INSECT+F+I+R6 1468402.036  67  2936938.073  2936938.192  2937557.401
317  Q.PLANT+R6    1479069.722  47  2958233.443  2958233.502  2958667.898
325  Q.PLANT+I+R5  1479074.294  46  2958240.587  2958240.644  2958665.798
326  Q.PLANT+I+R6  1479074.248  48  2958244.496  2958244.557  2958688.194
339  Q.PLANT+F+R6  1479559.622  66  2959251.244  2959251.360  2959861.329
347  Q.PLANT+F+I+R5 1479560.643  65  2959251.286  2959251.399  2959852.128
348  Q.PLANT+F+I+R6 1479560.706  67  2959255.411  2959255.530  2959874.740
361  Q.YEAST+R6    1468433.380  47  2936960.761  2936960.820  2937395.215
369  Q.YEAST+I+R5  1468438.367  46  2936968.734  2936968.791  2937393.945
370  Q.YEAST+I+R6  1468438.422  48  2936972.843  2936972.905  2937416.541
383  Q.YEAST+F+R6  1467622.969  66  2935377.939  2935378.055  2935988.024
391  Q.YEAST+F+I+R5 1467627.329  65  2935384.658  2935384.771  2935985.500
392  Q.YEAST+F+I+R6 1467627.308  67  2935388.616  2935388.735  2936007.945
405  JTTDCMUT+R6   1481430.487  47  2962954.974  2962955.033  2963389.428
413  JTTDCMUT+I+R5 1481431.141  46  2962954.283  2962954.339  2963379.493
414  JTTDCMUT+I+R6 1481431.166  48  2962958.332  2962958.393  2963402.030
427  JTTDCMUT+F+R6 1478386.861  66  2956905.722  2956905.837  2957515.806
435  JTTDCMUT+F+I+R5 1478386.682  65  2956903.363  2956903.476  2957504.205
436  JTTDCMUT+F+I+R6 1478386.702  67  2956907.405  2956907.524  2957526.733
449  DCMUT+R6      1490841.982  47  2981777.964  2981778.023  2982212.419
457  DCMUT+I+R5    1490856.349  46  2981804.698  2981804.755  2982229.909
458  DCMUT+I+R6    1490856.050  48  2981808.100  2981808.162  2982251.798
471  DCMUT+F+R6    1482659.432  66  2965450.863  2965450.979  2966060.948
479  DCMUT+F+I+R5  1482672.709  65  2965475.417  2965475.530  2966076.259
480  DCMUT+F+I+R6  1482672.737  67  2965479.474  2965479.593  2966098.802
493  VT+R6         1479782.600  47  2959659.200  2959659.259  2960093.654
501  VT+I+R5       1479783.564  46  2959659.128  2959659.185  2960084.339
+I+R6 reinitialized from +I+R5 with factor 0.500
+I+R6 reinitialized from +I+R5 with factor 0.250
+I+R6 reinitialized from +I+R5 with factor 0.125
+I+R6 reinitialized from +I+R5 with factor 0.062
502  VT+I+R6       1479783.604  48  2959663.209  2959663.270  2960106.907
515  VT+F+R6       1478995.073  66  2958122.147  2958122.262  2958732.232
523  VT+F+I+R5     1478995.742  65  2958121.485  2958121.597  2958722.326
+I+R6 reinitialized from +I+R5 with factor 0.500
+I+R6 reinitialized from +I+R5 with factor 0.250
+I+R6 reinitialized from +I+R5 with factor 0.125
+I+R6 reinitialized from +I+R5 with factor 0.062
+I+R6 reinitialized from +I+R5 with factor 0.031
524  VT+F+I+R6     1478995.893  67  2958125.786  2958125.906  2958745.115
537  PMB+R6        1489720.431  47  2979534.862  2979534.921  2979969.316
545  PMB+I+R5      1489722.857  46  2979537.714  2979537.771  2979962.925
546  PMB+I+R6      1489722.796  48  2979541.592  2979541.654  2979985.290
559  PMB+F+R6      1487726.848  66  2975585.696  2975585.812  2976195.781
567  PMB+F+I+R5    1487726.875  65  2975583.749  2975583.862  2976184.590
568  PMB+F+I+R6    1487726.872  67  2975587.743  2975587.863  2976207.072
581  BLOSUM62+R6   1488126.447  47  2976346.893  2976346.953  2976781.348
589  BLOSUM62+I+R5 1488127.607  46  2976347.214  2976347.270  2976772.424
590  BLOSUM62+I+R6 1488127.586  48  2976351.172  2976351.234  2976794.870
603  BLOSUM62+F+R6 1486802.708  66  2973737.417  2973737.532  2974347.502
611  BLOSUM62+F+I+R5 1486802.435  65  2973734.870  2973734.982  2974335.711
612  BLOSUM62+F+I+R6 1486802.432  67  2973738.863  2973738.982  2974358.192
625  DAYHOFF+R6    1490758.336  47  2981610.673  2981610.732  2982045.127
633  DAYHOFF+I+R5  1490772.094  46  2981636.189  2981636.245  2982061.400
+I+R6 reinitialized from +I+R5 with factor 0.500
634  DAYHOFF+I+R6  1490770.701  48  2981637.403  2981637.464  2982081.101
647  DAYHOFF+F+R6  1482591.911  66  2965315.821  2965315.937  2965925.906
655  DAYHOFF+F+I+R5 1482605.115  65  2965340.230  2965340.342  2965941.071
656  DAYHOFF+F+I+R6 1482604.446  67  2965342.891  2965343.011  2965962.220
669  MTREV+R6      1549645.957  47  3099385.914  3099385.973  3099820.368
677  MTREV+I+R5    1549668.723  46  3099429.447  3099429.503  3099854.658
678  MTREV+I+R6    1549658.808  48  3099413.617  3099413.678  3099857.315
679  MTREV+I+R7    1549644.680  50  3099389.361  3099389.428  3099851.546
691  MTREV+F+R6    1494587.855  66  2989307.710  2989307.826  2989917.795
699  MTREV+F+I+R5  1494600.395  65  2989330.791  2989330.903  2989931.632
700  MTREV+F+I+R6  1494595.808  67  2989325.616  2989325.736  2989944.945
701  MTREV+F+I+R7  1494588.871  69  2989315.741  2989315.868  2989953.557
713  MTART+R6      1548377.915  47  3096849.830  3096849.889  3097284.284
721  MTART+I+R5    1548435.098  46  3096962.195  3096962.252  3097387.406
722  MTART+I+R6    1548330.018  48  3096756.037  3096756.098  3097199.735
723  MTART+I+R7    1548317.355  50  3096734.710  3096734.776  3097196.895
735  MTART+F+R6    1494275.227  66  2988682.454  2988682.570  2989292.539
743  MTART+F+I+R5  1494301.304  65  2988732.609  2988732.721  2989333.450
744  MTART+F+I+R6  1494265.133  67  2988664.267  2988664.386  2989283.595
745  MTART+F+I+R7  1494260.845  69  2988659.691  2988659.817  2989297.507
757  MTZOA+R6      1523650.567  47  3047395.135  3047395.194  3047829.589
765  MTZOA+I+R5    1523662.223  46  3047416.445  3047416.502  3047841.656
766  MTZOA+I+R6    1523627.822  48  3047351.643  3047351.705  3047795.341
767  MTZOA+I+R7    1523624.042  50  3047348.083  3047348.150  3047810.269
779  MTZOA+F+R6    1483684.391  66  2967500.783  2967500.899  2968110.868
787  MTZOA+F+I+R5  1483713.615  65  2967557.230  2967557.343  2968158.072
788  MTZOA+F+I+R6  1483676.205  67  2967486.411  2967486.530  2968105.739
789  MTZOA+F+I+R7  1483673.644  69  2967485.289  2967485.416  2968123.105
801  MTMET+R6      1546437.209  47  3092968.418  3092968.477  3093402.872
809  MTMET+I+R5    1546424.943  46  3092941.887  3092941.943  3093367.097
810  MTMET+I+R6    1546424.575  48  3092945.150  3092945.211  3093388.848
823  MTMET+F+R6    1493187.893  66  2986507.785  2986507.901  2987117.870
831  MTMET+F+I+R5  1493208.655  65  2986547.311  2986547.423  2987148.152
832  MTMET+F+I+R6  1493182.070  67  2986498.140  2986498.260  2987117.469
833  MTMET+F+I+R7  1493176.308  69  2986490.616  2986490.743  2987128.432
845  MTVER+R6      1563799.003  47  3127692.006  3127692.065  3128126.460
853  MTVER+I+R5    1563809.847  46  3127711.694  3127711.750  3128136.905
854  MTVER+I+R6    1563788.299  48  3127672.597  3127672.659  3128116.295
855  MTVER+I+R7    1563785.841  50  3127671.682  3127671.748  3128133.867
867  MTVER+F+R6    1514131.309  66  3028394.619  3028394.735  3029004.704
875  MTVER+F+I+R5  1514164.503  65  3028459.006  3028459.118  3029059.847
876  MTVER+F+I+R6  1514105.615  67  3028345.229  3028345.349  3028964.558
877  MTVER+F+I+R7  1514101.766  69  3028341.533  3028341.659  3028979.349
889  MTINV+R6      1552760.387  47  3105614.773  3105614.832  3106049.228
897  MTINV+I+R5    1552745.988  46  3105583.977  3105584.033  3106009.187
898  MTINV+I+R6    1552742.817  48  3105581.634  3105581.695  3106025.332
899  MTINV+I+R7    1552737.436  50  3105574.871  3105574.938  3106037.057
911  MTINV+F+R6    1483802.778  66  2967737.555  2967737.671  2968347.640
919  MTINV+F+I+R5  1483812.550  65  2967755.101  2967755.213  2968355.942
920  MTINV+F+I+R6  1483795.740  67  2967725.480  2967725.599  2968344.809
921  MTINV+F+I+R7  1483793.730  69  2967725.461  2967725.587  2968363.277
933  MTMAM+R6      1572251.719  47  3144597.438  3144597.497  3145031.893
941  MTMAM+I+R5    1572306.878  46  3144705.756  3144705.813  3145130.967
942  MTMAM+I+R6    1572204.858  48  3144505.717  3144505.778  3144949.415
943  MTMAM+I+R7    1572189.013  50  3144478.026  3144478.093  3144940.212
955  MTMAM+F+R6    1519031.807  66  3038195.613  3038195.729  3038805.698
963  MTMAM+F+I+R5  1519090.497  65  3038310.994  3038311.106  3038911.835
964  MTMAM+F+I+R6  1518998.740  67  3038131.481  3038131.600  3038750.810
965  MTMAM+F+I+R7  1518981.007  69  3038100.014  3038100.141  3038737.830
977  FLAVI+R6      1532968.493  47  3066030.986  3066031.045  3066465.441
985  FLAVI+I+R5    1532985.204  46  3066062.408  3066062.465  3066487.619
986  FLAVI+I+R6    1532956.663  48  3066009.326  3066009.387  3066453.024
987  FLAVI+I+R7    1532940.516  50  3065981.032  3065981.099  3066443.217
999  FLAVI+F+R6    1523349.455  66  3046830.910  3046831.025  3047440.995
1007  FLAVI+F+I+R5  1523366.719  65  3046863.439  3046863.551  3047464.280
1008  FLAVI+F+I+R6  1523336.307  67  3046806.614  3046806.734  3047425.943
1009  FLAVI+F+I+R7  1523320.730  69  3046779.461  3046779.587  3047417.277
1021  HIVB+R6       1510195.574  47  3020485.149  3020485.208  3020919.603
1029  HIVB+I+R5     1510191.238  46  3020474.476  3020474.532  3020899.686
1030  HIVB+I+R6     1510187.288  48  3020470.575  3020470.637  3020914.274
1031  HIVB+I+R7     1510181.530  50  3020463.060  3020463.126  3020925.245
1043  HIVB+F+R6     1502667.391  66  3005466.782  3005466.897  3006076.867
1051  HIVB+F+I+R5   1502666.334  65  3005462.669  3005462.781  3006063.510
1052  HIVB+F+I+R6   1502659.505  67  3005453.009  3005453.129  3006072.338
1053  HIVB+F+I+R7   1502651.166  69  3005440.332  3005440.458  3006078.148
1065  HIVW+R6       1570392.154  47  3140878.308  3140878.367  3141312.763
1073  HIVW+I+R5     1570441.109  46  3140974.218  3140974.274  3141399.428
1074  HIVW+I+R6     1570375.301  48  3140846.602  3140846.664  3141290.300
1075  HIVW+I+R7     1570368.275  50  3140836.550  3140836.616  3141298.735
1087  HIVW+F+R6     1544790.505  66  3089713.011  3089713.127  3090323.096
1095  HIVW+F+I+R5   1544812.863  65  3089755.726  3089755.838  3090356.567
1096  HIVW+F+I+R6   1544779.035  67  3089692.071  3089692.190  3090311.399
1097  HIVW+F+I+R7   1544773.061  69  3089684.122  3089684.248  3090321.938
1109  FLU+R6        1503089.826  47  3006273.652  3006273.711  3006708.106
1117  FLU+I+R5      1503124.850  46  3006341.699  3006341.756  3006766.910
1118  FLU+I+R6      1503071.878  48  3006239.757  3006239.818  3006683.455
1119  FLU+I+R7      1503060.033  50  3006220.065  3006220.132  3006682.251
1131  FLU+F+R6      1495964.369  66  2992060.738  2992060.854  2992670.823
1139  FLU+F+I+R5    1496003.178  65  2992136.357  2992136.469  2992737.198
1140  FLU+F+I+R6    1495949.395  67  2992032.791  2992032.910  2992652.119
1141  FLU+F+I+R7    1495938.419  69  2992014.839  2992014.965  2992652.655
1153  RTREV+R6      1482220.288  47  2964534.575  2964534.634  2964969.030
1161  RTREV+I+R5    1482238.640  46  2964569.280  2964569.337  2964994.491
1162  RTREV+I+R6    1482217.554  48  2964531.108  2964531.169  2964974.806
1163  RTREV+I+R7    1482217.389  50  2964534.777  2964534.844  2964996.963
1175  RTREV+F+R6    1472602.358  66  2945336.717  2945336.833  2945946.802
1183  RTREV+F+I+R5  1472616.633  65  2945363.266  2945363.379  2945964.108
1184  RTREV+F+I+R6  1472599.494  67  2945332.987  2945333.107  2945952.316
1185  RTREV+F+I+R7  1472599.211  69  2945336.422  2945336.549  2945974.238
1197  CPREV+R6      1485433.780  47  2970961.560  2970961.620  2971396.015
1205  CPREV+I+R5    1485443.814  46  2970979.627  2970979.684  2971404.838
1206  CPREV+I+R6    1485430.930  48  2970957.859  2970957.921  2971401.558
1207  CPREV+I+R7    1485429.771  50  2970959.543  2970959.610  2971421.729
1219  CPREV+F+R6    1483965.447  66  2968062.893  2968063.009  2968672.978
1227  CPREV+F+I+R5  1483974.055  65  2968078.110  2968078.223  2968678.952
1228  CPREV+F+I+R6  1483960.649  67  2968055.298  2968055.417  2968674.627
1229  CPREV+F+I+R7  1483959.002  69  2968056.005  2968056.131  2968693.821
Akaike Information Criterion:           Q.INSECT+R6
Corrected Akaike Information Criterion: Q.INSECT+R6
Bayesian Information Criterion:         Q.INSECT+I+R5
Best-fit model: Q.INSECT+R6 chosen according to AIC

All model information printed to 20insect_c60_init.model.gz
CPU time for ModelFinder: 475766.896 seconds (132h:9m:26s)
Wall-clock time for ModelFinder: 12199.754 seconds (3h:23m:19s)

NOTE: 1231 MB RAM (1 GB) is required!
Estimate model parameters (epsilon = 0.010)
1. Initial log-likelihood: -1466487.863
2. Current log-likelihood: -1466289.096
3. Current log-likelihood: -1466283.460
4. Current log-likelihood: -1466283.385
5. Current log-likelihood: -1466283.321
6. Current log-likelihood: -1466283.260
7. Current log-likelihood: -1466283.216
8. Current log-likelihood: -1466283.172
9. Current log-likelihood: -1466283.132
10. Current log-likelihood: -1466283.094
11. Current log-likelihood: -1466283.057
12. Current log-likelihood: -1466283.022
13. Current log-likelihood: -1466282.989
14. Current log-likelihood: -1466282.956
15. Current log-likelihood: -1466282.925
16. Current log-likelihood: -1466282.895
17. Current log-likelihood: -1466282.868
18. Current log-likelihood: -1466282.854
19. Current log-likelihood: -1466282.827
20. Current log-likelihood: -1466282.802
21. Current log-likelihood: -1466282.789
22. Current log-likelihood: -1466282.775
23. Current log-likelihood: -1466282.760
24. Current log-likelihood: -1466282.746
25. Current log-likelihood: -1466282.732
26. Current log-likelihood: -1466282.719
27. Current log-likelihood: -1466282.706
28. Current log-likelihood: -1466282.693
29. Current log-likelihood: -1466282.681
30. Current log-likelihood: -1466282.668
31. Current log-likelihood: -1466282.656
32. Current log-likelihood: -1466282.644
33. Current log-likelihood: -1466282.632
34. Current log-likelihood: -1466282.620
35. Current log-likelihood: -1466282.608
36. Current log-likelihood: -1466282.597
37. Current log-likelihood: -1466282.586
38. Current log-likelihood: -1466282.574
39. Current log-likelihood: -1466282.563
40. Current log-likelihood: -1466282.552
41. Current log-likelihood: -1466282.542
42. Current log-likelihood: -1466282.531
43. Current log-likelihood: -1466282.521
44. Current log-likelihood: -1466282.510
45. Current log-likelihood: -1466282.500
46. Current log-likelihood: -1466282.490
Optimal log-likelihood: -1466282.474
Site proportion and rates:  (0.201,0.025) (0.217,0.233) (0.248,0.694) (0.212,1.543) (0.110,3.318) (0.012,6.853)
Parameters optimization took 46 rounds (88.714 sec)
Wrote distance file to... 
BEST SCORE FOUND : -1466282.474
Total tree length: 10.649

Total number of iterations: 0
CPU time used for tree search: 0.000 sec (0h:0m:0s)
Wall-clock time used for tree search: 0.000 sec (0h:0m:0s)
Total CPU time used: 479232.558 sec (133h:7m:12s)
Total wall-clock time used: 12288.559 sec (3h:24m:48s)

Analysis results written to: 
  IQ-TREE report:                20insect_c60_init.iqtree
  Tree used for ModelFinder:     20insect_c60_init.treefile
  Screen log file:               20insect_c60_init.log

Date and Time: Sun Apr 27 19:25:18 2025
