IQ-TREE multicore version 2.4.0 for Linux x86 64-bit built Mar 19 2025
Developed by Bui Quang Minh, Nguyen Lam Tung, Olga Chernomor, Heiko Schmidt,
Dominik Schrempf, Michael Woodhams, Ly Trong Nhan, Thomas Wong

Host:    wright.uds.anu.edu.au (AVX512, FMA3, 1007 GB RAM)
Command: ../../iqtree2 -s ./20_concated.nex -m Q.INSECT+C60+R6 -te ../partition/Q/insect20_Q_search.treefile -mwopt -T 40 -mem 120G -safe -pre insect20_c60_opt
Seed:    224105 (Using SPRNG - Scalable Parallel Random Number Generator)
Time:    Tue Apr 29 06:50:05 2025
Kernel:  Safe AVX+FMA - 40 threads (41 CPU cores detected)

Reading alignment file ./20_concated.nex ... Nexus format detected
Skipping unknown block (sets)...
WARNING: 516 sites contain only gaps or ambiguous characters.
Alignment has 20 sequences with 76398 columns, 66382 distinct patterns
38571 parsimony-informative, 20617 singleton sites, 17210 constant sites
                               Gap/Ambiguity  Composition  p-value
Analyzing sequences: done in 0.0279099 secs using 3511% CPU
   1  Lepeophtheirus_salmonis         44.77%    failed      0.00%
   2  Stylops_melittae                40.37%    failed      0.00%
   3  Anurida_maritima                41.36%    failed      0.00%
   4  DROSOPHILA_MELANOGASTER          3.40%    failed      0.00%
   5  Essigella_californica           16.92%    failed      0.00%
   6  IXODES_SCAPULARIS               18.50%    failed      0.00%
   7  Polyommatus_icarus              30.67%    failed      0.00%
   8  Conwentzia_psociformis          25.74%    failed      0.00%
   9  Velia_caprai                    45.32%    failed      1.15%
  10  Ectopsocus_briggsi              31.03%    failed      0.00%
  11  Acerentomon_sp                  35.58%    failed      0.00%
  12  DAPHNIA_PULEX                    7.82%    failed      0.00%
  13  Baetis_pumilus                  27.55%    failed      0.00%
  14  Cotesia_vestalis                21.79%    failed      0.01%
  15  Acanthocasuarina_muellerianae   43.71%    passed      5.15%
  16  Forficula_auricularia           33.53%    failed      0.00%
  17  Planococcus_citri               28.64%    failed      0.00%
  18  Gynaikothrips_ficorum           39.21%    failed      0.00%
  19  Aleochara_curtula               27.19%    failed      0.00%
  20  Folsomia_candida                45.41%    failed      0.00%
****  TOTAL                           30.43%  19 sequences failed composition chi2 test (p-value<5%; df=19)
Checking for duplicate sequences: done in 0.0275108 secs using 3239% CPU
Reading input tree file ../partition/Q/insect20_Q_search.treefile ...
Model Q.INSECT+C60+R6 is alias for Q.INSECT+POISSON+G+FMIX{C60pi1:1:0.0169698865,C60pi2:1:0.0211683374,C60pi3:1:0.0276589079,C60pi4:1:0.0065675964,C60pi5:1:0.0141221416,C60pi6:1:0.0068774834,C60pi7:1:0.0146909701,C60pi8:1:0.0067225777,C60pi9:1:0.0018396660,C60pi10:1:0.0102547197,C60pi11:1:0.0230896163,C60pi12:1:0.0057941033,C60pi13:1:0.0125394534,C60pi14:1:0.0204526478,C60pi15:1:0.0070629602,C60pi16:1:0.0117982741,C60pi17:1:0.0068334668,C60pi18:1:0.0433775839,C60pi19:1:0.0318278731,C60pi20:1:0.0222546108,C60pi21:1:0.0102264969,C60pi22:1:0.0150545891,C60pi23:1:0.0134159878,C60pi24:1:0.0148552065,C60pi25:1:0.0239111516,C60pi26:1:0.0128776278,C60pi27:1:0.0222318842,C60pi28:1:0.0247444742,C60pi29:1:0.0214274810,C60pi30:1:0.0115001882,C60pi31:1:0.0076017389,C60pi32:1:0.0130258568,C60pi33:1:0.0093701965,C60pi34:1:0.0467194264,C60pi35:1:0.0441940314,C60pi36:1:0.0322263154,C60pi37:1:0.0402999891,C60pi38:1:0.0150234227,C60pi39:1:0.0104589903,C60pi40:1:0.0214742395,C60pi41:1:0.0154957836,C60pi42:1:0.0101789953,C60pi43:1:0.0227980379,C60pi44:1:0.0123204539,C60pi45:1:0.0066777583,C60pi46:1:0.0004150083,C60pi47:1:0.0344385130,C60pi48:1:0.0113663379,C60pi49:1:0.0127143049,C60pi50:1:0.0124323741,C60pi51:1:0.0262124415,C60pi52:1:0.0064994957,C60pi53:1:0.0103203293,C60pi54:1:0.0142463512,C60pi55:1:0.0215600067,C60pi56:1:0.0199150700,C60pi57:1:0.0038964200,C60pi58:1:0.0113448855,C60pi59:1:0.0128595846,C60pi60:1:0.0117656776}+R6
WARNING: Your input class weight 0.000415008 is very small and may cause numerical issues
WARNING: Both Gamma and FreeRate models were specified, continue with FreeRate model

NOTE: 73866 MB RAM (72 GB) is required!
Estimate model parameters (epsilon = 0.010)
1. Initial log-likelihood: -1471719.165
2. Current log-likelihood: -1450132.758
3. Current log-likelihood: -1449788.338
4. Current log-likelihood: -1449756.590
5. Current log-likelihood: -1449735.753
6. Current log-likelihood: -1449719.966
7. Current log-likelihood: -1449707.769
8. Current log-likelihood: -1449698.332
9. Current log-likelihood: -1449691.028
10. Current log-likelihood: -1449685.351
11. Current log-likelihood: -1449680.908
12. Current log-likelihood: -1449677.374
13. Current log-likelihood: -1449674.525
14. Current log-likelihood: -1449672.170
15. Current log-likelihood: -1449670.214
16. Current log-likelihood: -1449668.329
17. Current log-likelihood: -1449666.720
18. Current log-likelihood: -1449665.284
19. Current log-likelihood: -1449663.969
20. Current log-likelihood: -1449662.834
21. Current log-likelihood: -1449661.776
22. Current log-likelihood: -1449660.763
23. Current log-likelihood: -1449659.756
24. Current log-likelihood: -1449658.806
25. Current log-likelihood: -1449657.889
26. Current log-likelihood: -1449657.009
27. Current log-likelihood: -1449656.127
28. Current log-likelihood: -1449655.252
29. Current log-likelihood: -1449654.362
30. Current log-likelihood: -1449653.491
31. Current log-likelihood: -1449652.593
32. Current log-likelihood: -1449651.759
33. Current log-likelihood: -1449650.876
34. Current log-likelihood: -1449650.042
35. Current log-likelihood: -1449649.159
36. Current log-likelihood: -1449648.257
37. Current log-likelihood: -1449647.392
38. Current log-likelihood: -1449646.470
39. Current log-likelihood: -1449645.550
40. Current log-likelihood: -1449644.589
41. Current log-likelihood: -1449643.602
42. Current log-likelihood: -1449642.564
43. Current log-likelihood: -1449641.519
44. Current log-likelihood: -1449640.429
45. Current log-likelihood: -1449639.258
46. Current log-likelihood: -1449638.069
47. Current log-likelihood: -1449636.796
48. Current log-likelihood: -1449635.432
49. Current log-likelihood: -1449633.967
50. Current log-likelihood: -1449632.557
51. Current log-likelihood: -1449630.976
52. Current log-likelihood: -1449629.234
53. Current log-likelihood: -1449627.268
54. Current log-likelihood: -1449625.044
55. Current log-likelihood: -1449622.916
56. Current log-likelihood: -1449621.323
57. Current log-likelihood: -1449619.789
58. Current log-likelihood: -1449618.508
59. Current log-likelihood: -1449617.329
60. Current log-likelihood: -1449616.258
61. Current log-likelihood: -1449615.271
62. Current log-likelihood: -1449614.391
63. Current log-likelihood: -1449613.501
64. Current log-likelihood: -1449612.678
65. Current log-likelihood: -1449611.910
66. Current log-likelihood: -1449611.128
67. Current log-likelihood: -1449610.408
68. Current log-likelihood: -1449609.700
69. Current log-likelihood: -1449609.019
70. Current log-likelihood: -1449608.373
71. Current log-likelihood: -1449607.743
72. Current log-likelihood: -1449607.239
73. Current log-likelihood: -1449606.634
74. Current log-likelihood: -1449606.156
75. Current log-likelihood: -1449605.617
76. Current log-likelihood: -1449605.098
77. Current log-likelihood: -1449604.620
78. Current log-likelihood: -1449604.150
79. Current log-likelihood: -1449603.651
80. Current log-likelihood: -1449603.190
81. Current log-likelihood: -1449602.734
82. Current log-likelihood: -1449602.291
83. Current log-likelihood: -1449601.812
84. Current log-likelihood: -1449601.372
85. Current log-likelihood: -1449600.943
86. Current log-likelihood: -1449600.478
87. Current log-likelihood: -1449600.052
88. Current log-likelihood: -1449599.639
89. Current log-likelihood: -1449599.233
90. Current log-likelihood: -1449598.787
91. Current log-likelihood: -1449598.385
92. Current log-likelihood: -1449597.994
93. Current log-likelihood: -1449597.579
94. Current log-likelihood: -1449597.198
95. Current log-likelihood: -1449596.824
96. Current log-likelihood: -1449596.464
97. Current log-likelihood: -1449596.096
98. Current log-likelihood: -1449595.710
99. Current log-likelihood: -1449595.356
100. Current log-likelihood: -1449595.014
101. Current log-likelihood: -1449594.672
102. Current log-likelihood: -1449594.338
103. Current log-likelihood: -1449594.004
104. Current log-likelihood: -1449593.682
105. Current log-likelihood: -1449593.357
106. Current log-likelihood: -1449593.043
107. Current log-likelihood: -1449592.732
108. Current log-likelihood: -1449592.419
109. Current log-likelihood: -1449592.111
110. Current log-likelihood: -1449591.813
111. Current log-likelihood: -1449591.517
112. Current log-likelihood: -1449591.232
113. Current log-likelihood: -1449590.943
114. Current log-likelihood: -1449590.665
115. Current log-likelihood: -1449590.395
116. Current log-likelihood: -1449590.120
117. Current log-likelihood: -1449589.847
118. Current log-likelihood: -1449589.577
119. Current log-likelihood: -1449589.320
120. Current log-likelihood: -1449589.061
121. Current log-likelihood: -1449588.814
122. Current log-likelihood: -1449588.571
123. Current log-likelihood: -1449588.324
124. Current log-likelihood: -1449588.078
125. Current log-likelihood: -1449587.836
126. Current log-likelihood: -1449587.604
127. Current log-likelihood: -1449587.373
128. Current log-likelihood: -1449587.150
129. Current log-likelihood: -1449586.934
130. Current log-likelihood: -1449586.718
131. Current log-likelihood: -1449586.501
132. Current log-likelihood: -1449586.281
133. Current log-likelihood: -1449586.067
134. Current log-likelihood: -1449585.862
135. Current log-likelihood: -1449585.664
136. Current log-likelihood: -1449585.463
137. Current log-likelihood: -1449585.258
138. Current log-likelihood: -1449585.058
139. Current log-likelihood: -1449584.867
140. Current log-likelihood: -1449584.684
141. Current log-likelihood: -1449584.496
142. Current log-likelihood: -1449584.315
143. Current log-likelihood: -1449584.141
144. Current log-likelihood: -1449583.967
145. Current log-likelihood: -1449583.795
146. Current log-likelihood: -1449583.628
147. Current log-likelihood: -1449583.455
148. Current log-likelihood: -1449583.276
149. Current log-likelihood: -1449583.102
150. Current log-likelihood: -1449582.940
151. Current log-likelihood: -1449582.795
152. Current log-likelihood: -1449582.651
153. Current log-likelihood: -1449582.508
154. Current log-likelihood: -1449582.368
155. Current log-likelihood: -1449582.241
156. Current log-likelihood: -1449582.103
157. Current log-likelihood: -1449581.977
158. Current log-likelihood: -1449581.841
159. Current log-likelihood: -1449581.718
160. Current log-likelihood: -1449581.574
161. Current log-likelihood: -1449581.439
162. Current log-likelihood: -1449581.318
163. Current log-likelihood: -1449581.198
164. Current log-likelihood: -1449581.078
165. Current log-likelihood: -1449580.959
166. Current log-likelihood: -1449580.841
167. Current log-likelihood: -1449580.723
168. Current log-likelihood: -1449580.607
169. Current log-likelihood: -1449580.491
170. Current log-likelihood: -1449580.376
171. Current log-likelihood: -1449580.262
172. Current log-likelihood: -1449580.148
173. Current log-likelihood: -1449580.036
174. Current log-likelihood: -1449579.924
175. Current log-likelihood: -1449579.813
176. Current log-likelihood: -1449579.699
177. Current log-likelihood: -1449579.588
178. Current log-likelihood: -1449579.479
179. Current log-likelihood: -1449579.370
180. Current log-likelihood: -1449579.263
181. Current log-likelihood: -1449579.156
182. Current log-likelihood: -1449579.050
183. Current log-likelihood: -1449578.945
184. Current log-likelihood: -1449578.840
185. Current log-likelihood: -1449578.736
186. Current log-likelihood: -1449578.633
187. Current log-likelihood: -1449578.531
188. Current log-likelihood: -1449578.429
189. Current log-likelihood: -1449578.328
190. Current log-likelihood: -1449578.228
191. Current log-likelihood: -1449578.128
192. Current log-likelihood: -1449578.030
193. Current log-likelihood: -1449577.931
194. Current log-likelihood: -1449577.823
195. Current log-likelihood: -1449577.706
196. Current log-likelihood: -1449577.593
197. Current log-likelihood: -1449577.494
198. Current log-likelihood: -1449577.398
199. Current log-likelihood: -1449577.302
200. Current log-likelihood: -1449577.208
201. Current log-likelihood: -1449577.114
202. Current log-likelihood: -1449577.021
203. Current log-likelihood: -1449576.929
204. Current log-likelihood: -1449576.837
205. Current log-likelihood: -1449576.746
206. Current log-likelihood: -1449576.655
207. Current log-likelihood: -1449576.565
208. Current log-likelihood: -1449576.476
209. Current log-likelihood: -1449576.387
210. Current log-likelihood: -1449576.299
211. Current log-likelihood: -1449576.211
212. Current log-likelihood: -1449576.124
213. Current log-likelihood: -1449576.038
214. Current log-likelihood: -1449575.952
215. Current log-likelihood: -1449575.866
216. Current log-likelihood: -1449575.770
217. Current log-likelihood: -1449575.666
218. Current log-likelihood: -1449575.568
219. Current log-likelihood: -1449575.483
220. Current log-likelihood: -1449575.400
221. Current log-likelihood: -1449575.317
222. Current log-likelihood: -1449575.235
223. Current log-likelihood: -1449575.154
224. Current log-likelihood: -1449575.073
225. Current log-likelihood: -1449574.993
226. Current log-likelihood: -1449574.913
227. Current log-likelihood: -1449574.834
228. Current log-likelihood: -1449574.755
229. Current log-likelihood: -1449574.677
230. Current log-likelihood: -1449574.599
231. Current log-likelihood: -1449574.522
232. Current log-likelihood: -1449574.445
233. Current log-likelihood: -1449574.368
234. Current log-likelihood: -1449574.293
235. Current log-likelihood: -1449574.217
236. Current log-likelihood: -1449574.142
237. Current log-likelihood: -1449574.068
238. Current log-likelihood: -1449573.994
239. Current log-likelihood: -1449573.920
240. Current log-likelihood: -1449573.847
241. Current log-likelihood: -1449573.775
242. Current log-likelihood: -1449573.703
243. Current log-likelihood: -1449573.627
244. Current log-likelihood: -1449573.555
245. Current log-likelihood: -1449573.484
246. Current log-likelihood: -1449573.413
247. Current log-likelihood: -1449573.343
248. Current log-likelihood: -1449573.262
249. Current log-likelihood: -1449573.172
250. Current log-likelihood: -1449573.088
251. Current log-likelihood: -1449573.019
252. Current log-likelihood: -1449572.950
253. Current log-likelihood: -1449572.883
254. Current log-likelihood: -1449572.815
255. Current log-likelihood: -1449572.748
256. Current log-likelihood: -1449572.682
257. Current log-likelihood: -1449572.616
258. Current log-likelihood: -1449572.550
259. Current log-likelihood: -1449572.485
260. Current log-likelihood: -1449572.420
261. Current log-likelihood: -1449572.356
262. Current log-likelihood: -1449572.292
263. Current log-likelihood: -1449572.228
264. Current log-likelihood: -1449572.165
265. Current log-likelihood: -1449572.102
266. Current log-likelihood: -1449572.039
267. Current log-likelihood: -1449571.977
268. Current log-likelihood: -1449571.915
269. Current log-likelihood: -1449571.854
270. Current log-likelihood: -1449571.793
271. Current log-likelihood: -1449571.732
272. Current log-likelihood: -1449571.672
273. Current log-likelihood: -1449571.612
274. Current log-likelihood: -1449571.552
275. Current log-likelihood: -1449571.493
276. Current log-likelihood: -1449571.434
277. Current log-likelihood: -1449571.376
278. Current log-likelihood: -1449571.318
279. Current log-likelihood: -1449571.248
280. Current log-likelihood: -1449571.169
281. Current log-likelihood: -1449571.098
282. Current log-likelihood: -1449571.040
283. Current log-likelihood: -1449570.983
284. Current log-likelihood: -1449570.926
285. Current log-likelihood: -1449570.870
286. Current log-likelihood: -1449570.815
287. Current log-likelihood: -1449570.759
288. Current log-likelihood: -1449570.704
289. Current log-likelihood: -1449570.650
290. Current log-likelihood: -1449570.595
291. Current log-likelihood: -1449570.541
292. Current log-likelihood: -1449570.488
293. Current log-likelihood: -1449570.434
294. Current log-likelihood: -1449570.381
295. Current log-likelihood: -1449570.328
296. Current log-likelihood: -1449570.276
297. Current log-likelihood: -1449570.224
298. Current log-likelihood: -1449570.172
299. Current log-likelihood: -1449570.120
300. Current log-likelihood: -1449570.069
301. Current log-likelihood: -1449570.018
302. Current log-likelihood: -1449569.967
303. Current log-likelihood: -1449569.917
304. Current log-likelihood: -1449569.867
305. Current log-likelihood: -1449569.817
306. Current log-likelihood: -1449569.767
307. Current log-likelihood: -1449569.718
308. Current log-likelihood: -1449569.669
309. Current log-likelihood: -1449569.621
310. Current log-likelihood: -1449569.572
311. Current log-likelihood: -1449569.524
312. Current log-likelihood: -1449569.476
313. Current log-likelihood: -1449569.429
314. Current log-likelihood: -1449569.381
315. Current log-likelihood: -1449569.334
316. Current log-likelihood: -1449569.288
317. Current log-likelihood: -1449569.241
318. Current log-likelihood: -1449569.195
319. Current log-likelihood: -1449569.149
320. Current log-likelihood: -1449569.103
321. Current log-likelihood: -1449569.058
322. Current log-likelihood: -1449569.013
323. Current log-likelihood: -1449568.968
324. Current log-likelihood: -1449568.923
325. Current log-likelihood: -1449568.879
326. Current log-likelihood: -1449568.835
327. Current log-likelihood: -1449568.791
328. Current log-likelihood: -1449568.747
329. Current log-likelihood: -1449568.704
330. Current log-likelihood: -1449568.656
331. Current log-likelihood: -1449568.613
332. Current log-likelihood: -1449568.570
333. Current log-likelihood: -1449568.527
334. Current log-likelihood: -1449568.485
335. Current log-likelihood: -1449568.443
336. Current log-likelihood: -1449568.388
337. Current log-likelihood: -1449568.325
338. Current log-likelihood: -1449568.269
339. Current log-likelihood: -1449568.227
340. Current log-likelihood: -1449568.186
341. Current log-likelihood: -1449568.146
342. Current log-likelihood: -1449568.105
343. Current log-likelihood: -1449568.065
344. Current log-likelihood: -1449568.025
345. Current log-likelihood: -1449567.985
346. Current log-likelihood: -1449567.945
347. Current log-likelihood: -1449567.906
348. Current log-likelihood: -1449567.867
349. Current log-likelihood: -1449567.828
350. Current log-likelihood: -1449567.789
351. Current log-likelihood: -1449567.751
352. Current log-likelihood: -1449567.712
353. Current log-likelihood: -1449567.674
354. Current log-likelihood: -1449567.636
355. Current log-likelihood: -1449567.599
356. Current log-likelihood: -1449567.561
357. Current log-likelihood: -1449567.524
358. Current log-likelihood: -1449567.487
359. Current log-likelihood: -1449567.450
360. Current log-likelihood: -1449567.414
361. Current log-likelihood: -1449567.377
362. Current log-likelihood: -1449567.341
363. Current log-likelihood: -1449567.306
364. Current log-likelihood: -1449567.270
365. Current log-likelihood: -1449567.235
366. Current log-likelihood: -1449567.200
367. Current log-likelihood: -1449567.165
368. Current log-likelihood: -1449567.130
369. Current log-likelihood: -1449567.095
370. Current log-likelihood: -1449567.061
371. Current log-likelihood: -1449567.027
372. Current log-likelihood: -1449566.993
373. Current log-likelihood: -1449566.959
374. Current log-likelihood: -1449566.925
375. Current log-likelihood: -1449566.892
376. Current log-likelihood: -1449566.859
377. Current log-likelihood: -1449566.826
378. Current log-likelihood: -1449566.793
379. Current log-likelihood: -1449566.760
380. Current log-likelihood: -1449566.728
381. Current log-likelihood: -1449566.695
382. Current log-likelihood: -1449566.663
383. Current log-likelihood: -1449566.631
384. Current log-likelihood: -1449566.600
385. Current log-likelihood: -1449566.568
386. Current log-likelihood: -1449566.537
387. Current log-likelihood: -1449566.505
388. Current log-likelihood: -1449566.474
389. Current log-likelihood: -1449566.443
390. Current log-likelihood: -1449566.413
391. Current log-likelihood: -1449566.382
392. Current log-likelihood: -1449566.352
393. Current log-likelihood: -1449566.321
394. Current log-likelihood: -1449566.291
395. Current log-likelihood: -1449566.262
396. Current log-likelihood: -1449566.232
397. Current log-likelihood: -1449566.202
398. Current log-likelihood: -1449566.173
399. Current log-likelihood: -1449566.144
400. Current log-likelihood: -1449566.115
401. Current log-likelihood: -1449566.086
402. Current log-likelihood: -1449566.057
403. Current log-likelihood: -1449566.028
404. Current log-likelihood: -1449566.000
405. Current log-likelihood: -1449565.972
406. Current log-likelihood: -1449565.943
407. Current log-likelihood: -1449565.915
408. Current log-likelihood: -1449565.888
409. Current log-likelihood: -1449565.860
410. Current log-likelihood: -1449565.832
411. Current log-likelihood: -1449565.805
412. Current log-likelihood: -1449565.778
413. Current log-likelihood: -1449565.751
414. Current log-likelihood: -1449565.724
415. Current log-likelihood: -1449565.697
416. Current log-likelihood: -1449565.636
417. Current log-likelihood: -1449565.609
418. Current log-likelihood: -1449565.568
419. Current log-likelihood: -1449565.541
420. Current log-likelihood: -1449565.515
421. Current log-likelihood: -1449565.489
422. Current log-likelihood: -1449565.463
423. Current log-likelihood: -1449565.436
424. Current log-likelihood: -1449565.410
425. Current log-likelihood: -1449565.385
426. Current log-likelihood: -1449565.359
427. Current log-likelihood: -1449565.334
428. Current log-likelihood: -1449565.309
429. Current log-likelihood: -1449565.284
430. Current log-likelihood: -1449565.260
431. Current log-likelihood: -1449565.235
432. Current log-likelihood: -1449565.211
433. Current log-likelihood: -1449565.186
434. Current log-likelihood: -1449565.162
435. Current log-likelihood: -1449565.138
436. Current log-likelihood: -1449565.114
437. Current log-likelihood: -1449565.090
438. Current log-likelihood: -1449565.067
439. Current log-likelihood: -1449565.043
440. Current log-likelihood: -1449565.020
441. Current log-likelihood: -1449564.996
442. Current log-likelihood: -1449564.973
443. Current log-likelihood: -1449564.950
444. Current log-likelihood: -1449564.927
445. Current log-likelihood: -1449564.904
446. Current log-likelihood: -1449564.882
447. Current log-likelihood: -1449564.859
448. Current log-likelihood: -1449564.837
449. Current log-likelihood: -1449564.814
450. Current log-likelihood: -1449564.792
451. Current log-likelihood: -1449564.770
452. Current log-likelihood: -1449564.748
453. Current log-likelihood: -1449564.726
454. Current log-likelihood: -1449564.704
455. Current log-likelihood: -1449564.683
456. Current log-likelihood: -1449564.661
457. Current log-likelihood: -1449564.640
458. Current log-likelihood: -1449564.619
459. Current log-likelihood: -1449564.597
460. Current log-likelihood: -1449564.576
461. Current log-likelihood: -1449564.556
462. Current log-likelihood: -1449564.535
463. Current log-likelihood: -1449564.514
464. Current log-likelihood: -1449564.493
465. Current log-likelihood: -1449564.473
466. Current log-likelihood: -1449564.453
467. Current log-likelihood: -1449564.432
468. Current log-likelihood: -1449564.412
469. Current log-likelihood: -1449564.392
470. Current log-likelihood: -1449564.372
471. Current log-likelihood: -1449564.352
472. Current log-likelihood: -1449564.333
473. Current log-likelihood: -1449564.313
474. Current log-likelihood: -1449564.293
475. Current log-likelihood: -1449564.274
476. Current log-likelihood: -1449564.255
477. Current log-likelihood: -1449564.235
478. Current log-likelihood: -1449564.216
479. Current log-likelihood: -1449564.197
480. Current log-likelihood: -1449564.178
481. Current log-likelihood: -1449564.160
482. Current log-likelihood: -1449564.141
483. Current log-likelihood: -1449564.122
484. Current log-likelihood: -1449564.104
485. Current log-likelihood: -1449564.085
486. Current log-likelihood: -1449564.067
487. Current log-likelihood: -1449564.015
488. Current log-likelihood: -1449563.996
489. Current log-likelihood: -1449563.965
490. Current log-likelihood: -1449563.945
491. Current log-likelihood: -1449563.927
492. Current log-likelihood: -1449563.909
493. Current log-likelihood: -1449563.892
494. Current log-likelihood: -1449563.874
495. Current log-likelihood: -1449563.856
496. Current log-likelihood: -1449563.839
497. Current log-likelihood: -1449563.822
498. Current log-likelihood: -1449563.805
499. Current log-likelihood: -1449563.787
500. Current log-likelihood: -1449563.770
501. Current log-likelihood: -1449563.753
502. Current log-likelihood: -1449563.737
503. Current log-likelihood: -1449563.720
504. Current log-likelihood: -1449563.703
505. Current log-likelihood: -1449563.686
506. Current log-likelihood: -1449563.670
507. Current log-likelihood: -1449563.654
508. Current log-likelihood: -1449563.637
509. Current log-likelihood: -1449563.621
510. Current log-likelihood: -1449563.605
511. Current log-likelihood: -1449563.589
512. Current log-likelihood: -1449563.573
513. Current log-likelihood: -1449563.557
514. Current log-likelihood: -1449563.541
515. Current log-likelihood: -1449563.525
516. Current log-likelihood: -1449563.510
517. Current log-likelihood: -1449563.494
518. Current log-likelihood: -1449563.479
519. Current log-likelihood: -1449563.463
520. Current log-likelihood: -1449563.448
521. Current log-likelihood: -1449563.433
522. Current log-likelihood: -1449563.417
523. Current log-likelihood: -1449563.402
524. Current log-likelihood: -1449563.387
525. Current log-likelihood: -1449563.372
526. Current log-likelihood: -1449563.358
527. Current log-likelihood: -1449563.343
528. Current log-likelihood: -1449563.328
529. Current log-likelihood: -1449563.314
530. Current log-likelihood: -1449563.299
531. Current log-likelihood: -1449563.285
532. Current log-likelihood: -1449563.270
533. Current log-likelihood: -1449563.256
534. Current log-likelihood: -1449563.242
535. Current log-likelihood: -1449563.227
536. Current log-likelihood: -1449563.213
537. Current log-likelihood: -1449563.199
538. Current log-likelihood: -1449563.185
539. Current log-likelihood: -1449563.172
540. Current log-likelihood: -1449563.158
541. Current log-likelihood: -1449563.144
542. Current log-likelihood: -1449563.130
543. Current log-likelihood: -1449563.117
544. Current log-likelihood: -1449563.103
545. Current log-likelihood: -1449563.090
546. Current log-likelihood: -1449563.077
547. Current log-likelihood: -1449563.063
548. Current log-likelihood: -1449563.050
549. Current log-likelihood: -1449563.037
550. Current log-likelihood: -1449563.024
551. Current log-likelihood: -1449563.011
552. Current log-likelihood: -1449562.998
553. Current log-likelihood: -1449562.985
554. Current log-likelihood: -1449562.972
555. Current log-likelihood: -1449562.959
556. Current log-likelihood: -1449562.947
557. Current log-likelihood: -1449562.934
558. Current log-likelihood: -1449562.922
559. Current log-likelihood: -1449562.909
560. Current log-likelihood: -1449562.897
561. Current log-likelihood: -1449562.884
562. Current log-likelihood: -1449562.872
563. Current log-likelihood: -1449562.860
564. Current log-likelihood: -1449562.848
565. Current log-likelihood: -1449562.836
566. Current log-likelihood: -1449562.824
567. Current log-likelihood: -1449562.812
568. Current log-likelihood: -1449562.800
569. Current log-likelihood: -1449562.788
570. Current log-likelihood: -1449562.776
571. Current log-likelihood: -1449562.764
572. Current log-likelihood: -1449562.753
573. Current log-likelihood: -1449562.741
574. Current log-likelihood: -1449562.729
575. Current log-likelihood: -1449562.718
576. Current log-likelihood: -1449562.707
577. Current log-likelihood: -1449562.695
578. Current log-likelihood: -1449562.684
579. Current log-likelihood: -1449562.673
580. Current log-likelihood: -1449562.662
581. Current log-likelihood: -1449562.650
582. Current log-likelihood: -1449562.639
583. Current log-likelihood: -1449562.628
584. Current log-likelihood: -1449562.617
585. Current log-likelihood: -1449562.606
586. Current log-likelihood: -1449562.596
587. Current log-likelihood: -1449562.585
588. Current log-likelihood: -1449562.574
589. Current log-likelihood: -1449562.563
590. Current log-likelihood: -1449562.553
591. Current log-likelihood: -1449562.542
592. Current log-likelihood: -1449562.532
593. Current log-likelihood: -1449562.521
594. Current log-likelihood: -1449562.511
595. Current log-likelihood: -1449562.501
596. Current log-likelihood: -1449562.490
597. Current log-likelihood: -1449562.480
598. Current log-likelihood: -1449562.470
599. Current log-likelihood: -1449562.460
600. Current log-likelihood: -1449562.450
601. Current log-likelihood: -1449562.440
Optimal log-likelihood: -1449562.430
Mixture weights: 0.015 0.000 0.008 0.014 0.023 0.016 0.001 0.007 0.007 0.148 0.018 0.016 0.000 0.004 0.000 0.006 0.038 0.044 0.025 0.001 0.004 0.046 0.004 0.000 0.009 0.015 0.052 0.039 0.017 0.027 0.010 0.012 0.018 0.014 0.027 0.007 0.012 0.055 0.002 0.008 0.006 0.003 0.021 0.003 0.011 0.000 0.009 0.011 0.000 0.000 0.009 0.031 0.004 0.013 0.065 0.005 0.003 0.032 0.004 0.000
Site proportion and rates:  (0.213,0.014) (0.237,0.140) (0.215,0.446) (0.174,1.109) (0.110,2.515) (0.051,7.870)
Parameters optimization took 601 rounds (204101.386 sec)
WARNING: The mixture model might be overfitting because some mixture weights are estimated close to zero
Wrote distance file to... 
BEST SCORE FOUND : -1449562.430
Total tree length: 22.574

Total number of iterations: 0
CPU time used for tree search: 0.000 sec (0h:0m:0s)
Wall-clock time used for tree search: 0.000 sec (0h:0m:0s)
Total CPU time used: 2068223.231 sec (574h:30m:23s)
Total wall-clock time used: 33122291.942 sec (9200h:38m:11s)

Analysis results written to: 
  IQ-TREE report:                insect20_c60_opt.iqtree
  Maximum-likelihood tree:       insect20_c60_opt.treefile
  Screen log file:               insect20_c60_opt.log

Date and Time: Thu May  1 15:31:55 2025
