IQ-TREE multicore version 2.4.0 for Linux x86 64-bit built Mar 19 2025
Developed by Bui Quang Minh, Nguyen Lam Tung, Olga Chernomor, Heiko Schmidt,
Dominik Schrempf, Michael Woodhams, Ly Trong Nhan, Thomas Wong

Host:    wright.uds.anu.edu.au (AVX512, FMA3, 1007 GB RAM)
Command: ../../iqtree2 -s 10_concated.nex -m MF -merit AIC -T 15 -mem 120G -pre 10archaea_c60_init
Seed:    751719 (Using SPRNG - Scalable Parallel Random Number Generator)
Time:    Mon May 19 17:42:23 2025
Kernel:  AVX+FMA - 15 threads (16 CPU cores detected)

Reading alignment file 10_concated.nex ... Nexus format detected
Skipping unknown block (sets)...
Alignment has 10 sequences with 17191 columns, 15945 distinct patterns
9425 parsimony-informative, 5952 singleton sites, 1814 constant sites
               Gap/Ambiguity  Composition  p-value
Analyzing sequences: done in 0.00018996 secs using 86.86% CPU
   1  GCA_002790315   22.36%    failed      0.00%
   2  GCA_002779075   15.51%    failed      0.00%
   3  GCA_001629205   17.96%    failed      0.00%
   4  GCA_000806055   26.48%    failed      0.00%
   5  GCA_001896515    7.99%    failed      0.00%
   6  GCA_001564035   20.34%    failed      0.00%
   7  GCA_001315925   36.95%    failed      0.00%
   8  GCA_000200715    3.97%    failed      0.00%
   9  GCA_000387965   16.04%    failed      0.00%
  10  GCA_002412085   22.88%    failed      0.00%
****  TOTAL           19.05%  10 sequences failed composition chi2 test (p-value<5%; df=19)
Checking for duplicate sequences: done in 0.00120641 secs using 87.78% CPU


Create initial parsimony tree by phylogenetic likelihood library (PLL)... 0.021 seconds
Perform fast likelihood tree search using LG+I+G model...
Estimate model parameters (epsilon = 5.000)
Perform nearest neighbor interchange...
Optimizing NNI: done in 0.371954 secs using 1481% CPU
Estimate model parameters (epsilon = 1.000)
1. Initial log-likelihood: -291684.354
Optimal log-likelihood: -291684.210
Proportion of invariable sites: 0.047
Gamma shape alpha: 1.867
Parameters optimization took 1 rounds (0.154 sec)
Time for fast ML tree search: 1.275 seconds

NOTE: ModelFinder requires 246 MB RAM!
ModelFinder will test up to 1232 protein models (sample size: 17191 epsilon: 0.100) ...
 No. Model         -LnL         df  AIC          AICc         BIC
  1  LG            297294.469   17  594622.938   594622.974   594754.725
  2  LG+I          294727.711   18  589491.422   589491.462   589630.961
  3  LG+G4         291850.682   18  583737.363   583737.403   583876.902
  4  LG+I+G4       291684.192   19  583406.385   583406.429   583553.675
  5  LG+R2         292101.213   19  584240.427   584240.471   584387.718
  6  LG+R3         291688.620   21  583419.241   583419.294   583582.036
  7  LG+R4         291657.136   23  583360.273   583360.337   583538.572
  8  LG+R5         291656.292   25  583362.584   583362.660   583556.388
 14  LG+I+R2       291806.505   20  583653.010   583653.059   583808.053
 15  LG+I+R3       291665.362   22  583374.724   583374.783   583545.271
 16  LG+I+R4       291662.853   24  583373.705   583373.775   583559.757
 17  LG+I+R5       291660.623   26  583373.246   583373.328   583574.801
 18  LG+I+R6       291659.466   28  583374.932   583375.027   583591.992
 29  LG+F+R4       290235.528   42  580555.055   580555.266   580880.645
 30  LG+F+R5       290235.031   44  580558.061   580558.292   580899.155
 51  WAG+R4        293780.049   23  587606.097   587606.162   587784.397
 52  WAG+R5        293779.156   25  587608.313   587608.388   587802.116
 73  WAG+F+R4      291239.155   42  582562.310   582562.521   582887.900
 74  WAG+F+R5      291238.996   44  582565.992   582566.223   582907.086
 95  JTT+R4        296067.177   23  592180.354   592180.419   592358.653
 96  JTT+R5        296067.148   25  592184.295   592184.371   592378.099
117  JTT+F+R4      293500.063   42  587084.125   587084.336   587409.715
118  JTT+F+R5      293500.109   44  587088.219   587088.450   587429.313
139  Q.PFAM+R4     292501.581   23  585049.162   585049.226   585227.461
+R5 reinitialized from +R4 with factor 0.500
140  Q.PFAM+R5     292501.074   25  585052.148   585052.224   585245.952
161  Q.PFAM+F+R4   290465.457   42  581014.914   581015.124   581340.503
162  Q.PFAM+F+R5   290464.654   44  581017.307   581017.538   581358.401
183  Q.BIRD+R4     300514.204   23  601074.407   601074.472   601252.706
184  Q.BIRD+R5     300514.158   25  601078.316   601078.392   601272.119
205  Q.BIRD+F+R4   297027.319   42  594138.638   594138.848   594464.228
206  Q.BIRD+F+R5   297027.032   44  594142.064   594142.295   594483.159
227  Q.MAMMAL+R4   299721.917   23  599489.835   599489.899   599668.134
228  Q.MAMMAL+R5   299721.477   25  599492.955   599493.031   599686.758
249  Q.MAMMAL+F+R4 295694.216   42  591472.432   591472.643   591798.022
250  Q.MAMMAL+F+R5 295693.997   44  591475.994   591476.225   591817.088
271  Q.INSECT+R4   292919.092   23  585884.184   585884.248   586062.483
+R5 reinitialized from +R4 with factor 0.500
272  Q.INSECT+R5   292918.477   25  585886.953   585887.029   586080.757
293  Q.INSECT+F+R4 292290.858   42  584665.717   584665.928   584991.307
294  Q.INSECT+F+R5 292290.600   44  584669.199   584669.430   585010.294
315  Q.PLANT+R4    294816.210   23  589678.419   589678.483   589856.718
316  Q.PLANT+R5    294815.877   25  589681.753   589681.829   589875.557
337  Q.PLANT+F+R4  293484.959   42  587053.917   587054.128   587379.507
338  Q.PLANT+F+R5  293484.830   44  587057.660   587057.890   587398.754
359  Q.YEAST+R4    292252.205   23  584550.409   584550.473   584728.708
360  Q.YEAST+R5    292252.143   25  584554.285   584554.361   584748.089
381  Q.YEAST+F+R4  291490.690   42  583065.381   583065.592   583390.971
382  Q.YEAST+F+R5  291490.318   44  583068.636   583068.867   583409.731
403  JTTDCMUT+R4   296060.608   23  592167.217   592167.281   592345.516
404  JTTDCMUT+R5   296060.514   25  592171.028   592171.104   592364.831
425  JTTDCMUT+F+R4 293453.421   42  586990.843   586991.053   587316.432
426  JTTDCMUT+F+R5 293453.429   44  586994.857   586995.088   587335.951
447  DCMUT+R4      298370.148   23  596786.296   596786.361   596964.596
448  DCMUT+R5      298370.068   25  596790.137   596790.212   596983.940
469  DCMUT+F+R4    294061.596   42  588207.193   588207.404   588532.783
470  DCMUT+F+R5    294061.117   44  588210.233   588210.464   588551.328
491  VT+R4         293321.727   23  586689.454   586689.518   586867.753
+R5 reinitialized from +R4 with factor 0.500
492  VT+R5         293321.821   25  586693.642   586693.718   586887.446
513  VT+F+R4       291539.503   42  583163.006   583163.216   583488.596
+R5 reinitialized from +R4 with factor 0.500
+R5 reinitialized from +R4 with factor 0.250
514  VT+F+R5       291539.591   44  583167.181   583167.412   583508.275
535  PMB+R4        294077.725   23  588201.451   588201.515   588379.750
+R5 reinitialized from +R4 with factor 0.500
+R5 reinitialized from +R4 with factor 0.250
+R5 reinitialized from +R4 with factor 0.125
536  PMB+R5        294077.678   25  588205.356   588205.432   588399.160
557  PMB+F+R4      291748.633   42  583581.265   583581.476   583906.855
558  PMB+F+R5      291748.542   44  583585.085   583585.316   583926.179
579  BLOSUM62+R4   293051.352   23  586148.703   586148.768   586327.003
580  BLOSUM62+R5   293051.294   25  586152.588   586152.664   586346.392
601  BLOSUM62+F+R4 291566.010   42  583216.019   583216.230   583541.609
602  BLOSUM62+F+R5 291565.813   44  583219.626   583219.857   583560.721
623  DAYHOFF+R4    298366.461   23  596778.921   596778.986   596957.221
624  DAYHOFF+R5    298366.237   25  596782.473   596782.549   596976.277
645  DAYHOFF+F+R4  294057.158   42  588198.317   588198.528   588523.907
646  DAYHOFF+F+R5  294056.864   44  588201.729   588201.960   588542.823
667  MTREV+R4      309016.572   23  618079.144   618079.209   618257.444
668  MTREV+R5      309016.087   25  618082.173   618082.249   618275.977
689  MTREV+F+R4    293801.163   42  587686.326   587686.537   588011.916
690  MTREV+F+R5    293799.222   44  587686.443   587686.674   588027.537
711  MTART+R4      308780.601   23  617607.203   617607.267   617785.502
712  MTART+R5      308747.038   25  617544.077   617544.152   617737.880
733  MTART+F+R4    293923.761   42  587931.522   587931.733   588257.112
734  MTART+F+R5    293914.383   44  587916.765   587916.996   588257.859
755  MTZOA+R4      304744.779   23  609535.558   609535.622   609713.857
756  MTZOA+R5      304734.544   25  609519.089   609519.164   609712.892
777  MTZOA+F+R4    292900.054   42  585884.108   585884.319   586209.698
778  MTZOA+F+R5    292880.067   44  585848.133   585848.364   586189.228
799  MTMET+R4      307475.667   23  614997.333   614997.398   615175.632
800  MTMET+R5      307472.860   25  614995.720   614995.796   615189.523
821  MTMET+F+R4    294411.332   42  588906.665   588906.875   589232.255
822  MTMET+F+R5    294384.020   44  588856.040   588856.271   589197.134
843  MTVER+R4      311487.929   23  623021.858   623021.923   623200.158
844  MTVER+R5      311486.969   25  623023.938   623024.014   623217.742
865  MTVER+F+R4    297197.015   42  594478.031   594478.241   594803.621
866  MTVER+F+R5    297159.620   44  594407.240   594407.471   594748.335
887  MTINV+R4      308428.657   23  616903.314   616903.378   617081.613
888  MTINV+R5      308420.699   25  616891.398   616891.474   617085.202
909  MTINV+F+R4    292908.082   42  585900.164   585900.374   586225.754
910  MTINV+F+R5    292889.303   44  585866.606   585866.837   586207.700
931  MTMAM+R4      312192.663   23  624431.326   624431.391   624609.625
932  MTMAM+R5      312191.986   25  624433.971   624434.047   624627.775
953  MTMAM+F+R4    297361.919   42  594807.837   594808.048   595133.427
954  MTMAM+F+R5    297311.974   44  594711.948   594712.179   595053.042
975  FLAVI+R4      303064.326   23  606174.651   606174.715   606352.950
976  FLAVI+R5      303056.347   25  606162.694   606162.770   606356.497
997  FLAVI+F+R4    299726.455   42  599536.910   599537.120   599862.500
998  FLAVI+F+R5    299676.176   44  599440.352   599440.583   599781.446
1019  HIVB+R4       299113.858   23  598273.716   598273.780   598452.015
1020  HIVB+R5       299111.152   25  598272.304   598272.379   598466.107
1041  HIVB+F+R4     296215.431   42  592514.863   592515.074   592840.453
1042  HIVB+F+R5     296199.402   44  592486.804   592487.035   592827.899
1063  HIVW+R4       307961.112   23  615968.224   615968.289   616146.524
1064  HIVW+R5       307927.449   25  615904.897   615904.973   616098.701
1085  HIVW+F+R4     302470.269   42  605024.538   605024.749   605350.128
1086  HIVW+F+R5     302426.613   44  604941.226   604941.457   605282.320
1107  FLU+R4        297740.363   23  595526.726   595526.791   595705.025
1108  FLU+R5        297693.988   25  595437.976   595438.052   595631.779
1129  FLU+F+R4      295117.706   42  590319.412   590319.623   590645.002
1130  FLU+F+R5      295098.462   44  590284.925   590285.156   590626.019
1151  RTREV+R4      294242.135   23  588530.270   588530.335   588708.570
1152  RTREV+R5      294235.409   25  588520.818   588520.893   588714.621
1173  RTREV+F+R4    290717.326   42  581518.652   581518.863   581844.242
1174  RTREV+F+R5    290712.782   44  581513.563   581513.794   581854.658
1195  CPREV+R4      293312.915   23  586671.829   586671.894   586850.128
+R5 reinitialized from +R4 with factor 0.500
1196  CPREV+R5      293311.850   25  586673.701   586673.777   586867.504
1217  CPREV+F+R4    292197.048   42  584478.095   584478.306   584803.685
1218  CPREV+F+R5    292196.839   44  584481.677   584481.908   584822.771
Akaike Information Criterion:           LG+F+R4
Corrected Akaike Information Criterion: LG+F+R4
Bayesian Information Criterion:         LG+F+R4
Best-fit model: LG+F+R4 chosen according to AIC

All model information printed to 10archaea_c60_init.model.gz
CPU time for ModelFinder: 13284.044 seconds (3h:41m:24s)
Wall-clock time for ModelFinder: 886.489 seconds (0h:14m:46s)

NOTE: 98 MB RAM (0 GB) is required!
Estimate model parameters (epsilon = 0.010)
1. Initial log-likelihood: -290305.014
2. Current log-likelihood: -290236.139
3. Current log-likelihood: -290235.350
4. Current log-likelihood: -290235.256
5. Current log-likelihood: -290235.180
6. Current log-likelihood: -290235.119
7. Current log-likelihood: -290235.061
8. Current log-likelihood: -290235.015
9. Current log-likelihood: -290234.974
10. Current log-likelihood: -290234.938
11. Current log-likelihood: -290234.904
12. Current log-likelihood: -290234.874
13. Current log-likelihood: -290234.849
14. Current log-likelihood: -290234.824
15. Current log-likelihood: -290234.806
16. Current log-likelihood: -290234.787
17. Current log-likelihood: -290234.770
18. Current log-likelihood: -290234.758
19. Current log-likelihood: -290234.745
Optimal log-likelihood: -290234.741
Site proportion and rates:  (0.093,0.053) (0.283,0.362) (0.460,1.055) (0.164,2.481)
Parameters optimization took 19 rounds (6.952 sec)
Wrote distance file to... 
BEST SCORE FOUND : -290234.741
Total tree length: 9.844

Total number of iterations: 0
CPU time used for tree search: 0.000 sec (0h:0m:0s)
Wall-clock time used for tree search: 0.000 sec (0h:0m:0s)
Total CPU time used: 13388.526 sec (3h:43m:8s)
Total wall-clock time used: 893.463 sec (0h:14m:53s)

Analysis results written to: 
  IQ-TREE report:                10archaea_c60_init.iqtree
  Tree used for ModelFinder:     10archaea_c60_init.treefile
  Screen log file:               10archaea_c60_init.log

Date and Time: Mon May 19 17:57:17 2025
