IQ-TREE multicore version 2.4.0 for Linux x86 64-bit built Mar 19 2025
Developed by Bui Quang Minh, Nguyen Lam Tung, Olga Chernomor, Heiko Schmidt,
Dominik Schrempf, Michael Woodhams, Ly Trong Nhan, Thomas Wong

Host:    wright.uds.anu.edu.au (AVX512, FMA3, 1007 GB RAM)
Command: ../../iqtree2 -s ./10_concated.nex -m LG+C60+R4 -te ../partition/Q/archaea10_Q_search.treefile -mwopt -T 15 -mem 120G -safe -pre archaea10_c60_opt
Seed:    716584 (Using SPRNG - Scalable Parallel Random Number Generator)
Time:    Mon May 19 18:47:42 2025
Kernel:  Safe AVX+FMA - 15 threads (16 CPU cores detected)

Reading alignment file ./10_concated.nex ... Nexus format detected
Skipping unknown block (sets)...
Alignment has 10 sequences with 17191 columns, 15945 distinct patterns
9425 parsimony-informative, 5952 singleton sites, 1814 constant sites
               Gap/Ambiguity  Composition  p-value
Analyzing sequences: done in 0.000187308 secs using 85.95% CPU
   1  GCA_002790315   22.36%    failed      0.00%
   2  GCA_002779075   15.51%    failed      0.00%
   3  GCA_001629205   17.96%    failed      0.00%
   4  GCA_000806055   26.48%    failed      0.00%
   5  GCA_001896515    7.99%    failed      0.00%
   6  GCA_001564035   20.34%    failed      0.00%
   7  GCA_001315925   36.95%    failed      0.00%
   8  GCA_000200715    3.97%    failed      0.00%
   9  GCA_000387965   16.04%    failed      0.00%
  10  GCA_002412085   22.88%    failed      0.00%
****  TOTAL           19.05%  10 sequences failed composition chi2 test (p-value<5%; df=19)
Checking for duplicate sequences: done in 0.000864632 secs using 4345% CPU
Reading input tree file ../partition/Q/archaea10_Q_search.treefile ...
Model LG+C60+R4 is alias for LG+POISSON+G+FMIX{C60pi1:1:0.0169698865,C60pi2:1:0.0211683374,C60pi3:1:0.0276589079,C60pi4:1:0.0065675964,C60pi5:1:0.0141221416,C60pi6:1:0.0068774834,C60pi7:1:0.0146909701,C60pi8:1:0.0067225777,C60pi9:1:0.0018396660,C60pi10:1:0.0102547197,C60pi11:1:0.0230896163,C60pi12:1:0.0057941033,C60pi13:1:0.0125394534,C60pi14:1:0.0204526478,C60pi15:1:0.0070629602,C60pi16:1:0.0117982741,C60pi17:1:0.0068334668,C60pi18:1:0.0433775839,C60pi19:1:0.0318278731,C60pi20:1:0.0222546108,C60pi21:1:0.0102264969,C60pi22:1:0.0150545891,C60pi23:1:0.0134159878,C60pi24:1:0.0148552065,C60pi25:1:0.0239111516,C60pi26:1:0.0128776278,C60pi27:1:0.0222318842,C60pi28:1:0.0247444742,C60pi29:1:0.0214274810,C60pi30:1:0.0115001882,C60pi31:1:0.0076017389,C60pi32:1:0.0130258568,C60pi33:1:0.0093701965,C60pi34:1:0.0467194264,C60pi35:1:0.0441940314,C60pi36:1:0.0322263154,C60pi37:1:0.0402999891,C60pi38:1:0.0150234227,C60pi39:1:0.0104589903,C60pi40:1:0.0214742395,C60pi41:1:0.0154957836,C60pi42:1:0.0101789953,C60pi43:1:0.0227980379,C60pi44:1:0.0123204539,C60pi45:1:0.0066777583,C60pi46:1:0.0004150083,C60pi47:1:0.0344385130,C60pi48:1:0.0113663379,C60pi49:1:0.0127143049,C60pi50:1:0.0124323741,C60pi51:1:0.0262124415,C60pi52:1:0.0064994957,C60pi53:1:0.0103203293,C60pi54:1:0.0142463512,C60pi55:1:0.0215600067,C60pi56:1:0.0199150700,C60pi57:1:0.0038964200,C60pi58:1:0.0113448855,C60pi59:1:0.0128595846,C60pi60:1:0.0117656776}+R4
WARNING: Your input class weight 0.000415008 is very small and may cause numerical issues
WARNING: Both Gamma and FreeRate models were specified, continue with FreeRate model

NOTE: 5921 MB RAM (5 GB) is required!
Estimate model parameters (epsilon = 0.010)
1. Initial log-likelihood: -297100.199
2. Current log-likelihood: -290554.639
3. Current log-likelihood: -290482.879
4. Current log-likelihood: -290461.518
5. Current log-likelihood: -290447.245
6. Current log-likelihood: -290438.985
7. Current log-likelihood: -290434.383
8. Current log-likelihood: -290431.477
9. Current log-likelihood: -290429.560
10. Current log-likelihood: -290428.226
11. Current log-likelihood: -290427.245
12. Current log-likelihood: -290426.489
13. Current log-likelihood: -290425.868
14. Current log-likelihood: -290425.332
15. Current log-likelihood: -290424.867
16. Current log-likelihood: -290424.443
17. Current log-likelihood: -290424.051
18. Current log-likelihood: -290423.691
19. Current log-likelihood: -290423.356
20. Current log-likelihood: -290423.044
21. Current log-likelihood: -290422.753
22. Current log-likelihood: -290422.489
23. Current log-likelihood: -290422.247
24. Current log-likelihood: -290422.009
25. Current log-likelihood: -290421.790
26. Current log-likelihood: -290421.580
27. Current log-likelihood: -290421.378
28. Current log-likelihood: -290421.183
29. Current log-likelihood: -290421.003
30. Current log-likelihood: -290420.830
31. Current log-likelihood: -290420.653
32. Current log-likelihood: -290420.490
33. Current log-likelihood: -290420.331
34. Current log-likelihood: -290420.175
35. Current log-likelihood: -290420.030
36. Current log-likelihood: -290419.880
37. Current log-likelihood: -290419.734
38. Current log-likelihood: -290419.599
39. Current log-likelihood: -290419.458
40. Current log-likelihood: -290419.329
41. Current log-likelihood: -290419.192
42. Current log-likelihood: -290419.061
43. Current log-likelihood: -290418.938
44. Current log-likelihood: -290418.811
45. Current log-likelihood: -290418.692
46. Current log-likelihood: -290418.569
47. Current log-likelihood: -290418.459
48. Current log-likelihood: -290418.349
49. Current log-likelihood: -290418.245
50. Current log-likelihood: -290418.143
51. Current log-likelihood: -290418.043
52. Current log-likelihood: -290417.943
53. Current log-likelihood: -290417.845
54. Current log-likelihood: -290417.752
55. Current log-likelihood: -290417.656
56. Current log-likelihood: -290417.564
57. Current log-likelihood: -290417.474
58. Current log-likelihood: -290417.384
59. Current log-likelihood: -290417.296
60. Current log-likelihood: -290417.211
61. Current log-likelihood: -290417.126
62. Current log-likelihood: -290417.049
63. Current log-likelihood: -290416.963
64. Current log-likelihood: -290416.883
65. Current log-likelihood: -290416.805
66. Current log-likelihood: -290416.728
67. Current log-likelihood: -290416.653
68. Current log-likelihood: -290416.579
69. Current log-likelihood: -290416.507
70. Current log-likelihood: -290416.437
71. Current log-likelihood: -290416.367
72. Current log-likelihood: -290416.303
73. Current log-likelihood: -290416.236
74. Current log-likelihood: -290416.176
75. Current log-likelihood: -290416.118
76. Current log-likelihood: -290416.065
77. Current log-likelihood: -290416.010
78. Current log-likelihood: -290415.956
79. Current log-likelihood: -290415.908
80. Current log-likelihood: -290415.861
81. Current log-likelihood: -290415.818
82. Current log-likelihood: -290415.774
83. Current log-likelihood: -290415.730
84. Current log-likelihood: -290415.692
85. Current log-likelihood: -290415.650
86. Current log-likelihood: -290415.612
87. Current log-likelihood: -290415.577
88. Current log-likelihood: -290415.542
89. Current log-likelihood: -290415.521
90. Current log-likelihood: -290415.488
91. Current log-likelihood: -290415.468
92. Current log-likelihood: -290415.436
93. Current log-likelihood: -290415.417
94. Current log-likelihood: -290415.386
95. Current log-likelihood: -290415.367
96. Current log-likelihood: -290415.337
97. Current log-likelihood: -290415.320
98. Current log-likelihood: -290415.293
99. Current log-likelihood: -290415.272
100. Current log-likelihood: -290415.247
101. Current log-likelihood: -290415.227
102. Current log-likelihood: -290415.202
103. Current log-likelihood: -290415.191
104. Current log-likelihood: -290415.172
105. Current log-likelihood: -290415.149
Optimal log-likelihood: -290415.139
Mixture weights: 0.000 0.000 0.010 0.009 0.050 0.009 0.000 0.000 0.005 0.102 0.007 0.007 0.000 0.016 0.000 0.035 0.031 0.046 0.092 0.000 0.000 0.124 0.004 0.010 0.006 0.023 0.015 0.030 0.028 0.028 0.001 0.005 0.037 0.010 0.021 0.013 0.025 0.051 0.000 0.001 0.001 0.004 0.017 0.000 0.009 0.000 0.009 0.023 0.000 0.000 0.002 0.012 0.000 0.009 0.027 0.003 0.000 0.019 0.012 0.001
Site proportion and rates:  (0.128,0.028) (0.257,0.169) (0.341,0.597) (0.274,2.738)
Parameters optimization took 105 rounds (2338.416 sec)
WARNING: The mixture model might be overfitting because some mixture weights are estimated close to zero
Wrote distance file to... 
BEST SCORE FOUND : -290415.139
Total tree length: 30.653

Total number of iterations: 0
CPU time used for tree search: 0.000 sec (0h:0m:0s)
Wall-clock time used for tree search: 0.000 sec (0h:0m:0s)
Total CPU time used: 34740.214 sec (9h:39m:0s)
Total wall-clock time used: 34691583.264 sec (9636h:33m:3s)

Analysis results written to: 
  IQ-TREE report:                archaea10_c60_opt.iqtree
  Maximum-likelihood tree:       archaea10_c60_opt.treefile
  Screen log file:               archaea10_c60_opt.log

Date and Time: Mon May 19 19:26:42 2025
