IQ-TREE multicore version 2.4.0 for Linux x86 64-bit built Mar 19 2025
Developed by Bui Quang Minh, Nguyen Lam Tung, Olga Chernomor, Heiko Schmidt,
Dominik Schrempf, Michael Woodhams, Ly Trong Nhan, Thomas Wong

Host:    wright.uds.anu.edu.au (AVX512, FMA3, 1007 GB RAM)
Command: ../../iqtree2 -s ./5_concated.nex -m LG+C60+F+I+R3 -te ../partition/Q/1kplant5_Q_search.treefile -T 30 -mem 120G -safe -pre 1kplant5_c60_F
Seed:    890221 (Using SPRNG - Scalable Parallel Random Number Generator)
Time:    Tue Jun 17 18:13:29 2025
Kernel:  Safe AVX+FMA - 30 threads (31 CPU cores detected)

Reading alignment file ./5_concated.nex ... Nexus format detected
Skipping unknown block (sets)...
WARNING: Sequence CSUV site 76069: {DN} treated as unknown character
WARNING: Sequence SKYV site 133958: {EQ} treated as unknown character
WARNING: 13072 sites contain only gaps or ambiguous characters.
Alignment has 5 sequences with 152928 columns, 48986 distinct patterns
8687 parsimony-informative, 78103 singleton sites, 66138 constant sites
            Gap/Ambiguity  Composition  p-value
Analyzing sequences: done in 0.0316209 secs using 1612% CPU
   1  Chlre_v5.5   28.05%    failed      0.00%
   2  CSUV         39.93%    failed      0.00%
   3  Micpu_v3.0   36.42%    failed      0.00%
   4  MMKU         43.67%    failed      0.00%
   5  SKYV         43.76%    failed      0.00%
****  TOTAL        38.37%  5 sequences failed composition chi2 test (p-value<5%; df=19)
NOTE: minimal branch length is reduced to 0.000000653902 for long alignment
Checking for duplicate sequences: done in 0.0158309 secs using 1446% CPU
Reading input tree file ../partition/Q/1kplant5_Q_search.treefile ...
Model LG+C60+F+I+R3 is alias for LG+POISSON+G+FMIX{C60pi1:1:0.0169698865,C60pi2:1:0.0211683374,C60pi3:1:0.0276589079,C60pi4:1:0.0065675964,C60pi5:1:0.0141221416,C60pi6:1:0.0068774834,C60pi7:1:0.0146909701,C60pi8:1:0.0067225777,C60pi9:1:0.0018396660,C60pi10:1:0.0102547197,C60pi11:1:0.0230896163,C60pi12:1:0.0057941033,C60pi13:1:0.0125394534,C60pi14:1:0.0204526478,C60pi15:1:0.0070629602,C60pi16:1:0.0117982741,C60pi17:1:0.0068334668,C60pi18:1:0.0433775839,C60pi19:1:0.0318278731,C60pi20:1:0.0222546108,C60pi21:1:0.0102264969,C60pi22:1:0.0150545891,C60pi23:1:0.0134159878,C60pi24:1:0.0148552065,C60pi25:1:0.0239111516,C60pi26:1:0.0128776278,C60pi27:1:0.0222318842,C60pi28:1:0.0247444742,C60pi29:1:0.0214274810,C60pi30:1:0.0115001882,C60pi31:1:0.0076017389,C60pi32:1:0.0130258568,C60pi33:1:0.0093701965,C60pi34:1:0.0467194264,C60pi35:1:0.0441940314,C60pi36:1:0.0322263154,C60pi37:1:0.0402999891,C60pi38:1:0.0150234227,C60pi39:1:0.0104589903,C60pi40:1:0.0214742395,C60pi41:1:0.0154957836,C60pi42:1:0.0101789953,C60pi43:1:0.0227980379,C60pi44:1:0.0123204539,C60pi45:1:0.0066777583,C60pi46:1:0.0004150083,C60pi47:1:0.0344385130,C60pi48:1:0.0113663379,C60pi49:1:0.0127143049,C60pi50:1:0.0124323741,C60pi51:1:0.0262124415,C60pi52:1:0.0064994957,C60pi53:1:0.0103203293,C60pi54:1:0.0142463512,C60pi55:1:0.0215600067,C60pi56:1:0.0199150700,C60pi57:1:0.0038964200,C60pi58:1:0.0113448855,C60pi59:1:0.0128595846,C60pi60:1:0.0117656776}+F+I+R3
WARNING: Your input class weight 0.000415008 is very small and may cause numerical issues
WARNING: Both Gamma and FreeRate models were specified, continue with FreeRate model

NOTE: 6928 MB RAM (6 GB) is required!
Estimate model parameters (epsilon = 0.010)
1. Initial log-likelihood: -1042181.273
2. Current log-likelihood: -1016667.941
3. Current log-likelihood: -1015048.168
4. Current log-likelihood: -1014338.003
5. Current log-likelihood: -1013889.037
6. Current log-likelihood: -1013565.620
7. Current log-likelihood: -1013287.428
8. Current log-likelihood: -1013121.570
9. Current log-likelihood: -1013004.389
10. Current log-likelihood: -1012973.231
11. Current log-likelihood: -1012945.275
12. Current log-likelihood: -1012934.315
13. Current log-likelihood: -1012927.122
14. Current log-likelihood: -1012922.444
15. Current log-likelihood: -1012918.511
16. Current log-likelihood: -1012915.920
17. Current log-likelihood: -1012913.666
18. Current log-likelihood: -1012911.663
19. Current log-likelihood: -1012909.739
20. Current log-likelihood: -1012908.015
21. Current log-likelihood: -1012906.449
22. Current log-likelihood: -1012905.025
23. Current log-likelihood: -1012903.789
24. Current log-likelihood: -1012902.667
25. Current log-likelihood: -1012901.639
26. Current log-likelihood: -1012900.650
Optimal log-likelihood: -1012902.887
Mixture weights: 0.617 0.000 0.000 0.000 0.014 0.000 0.000 0.001 0.002 0.000 0.000 0.004 0.006 0.000 0.003 0.013 0.000 0.008 0.020 0.000 0.000 0.003 0.000 0.005 0.000 0.004 0.000 0.004 0.037 0.035 0.000 0.003 0.005 0.000 0.006 0.007 0.000 0.009 0.000 0.001 0.007 0.001 0.004 0.003 0.000 0.000 0.000 0.005 0.010 0.000 0.104 0.007 0.005 0.000 0.000 0.017 0.000 0.000 0.030 0.000 0.001
Proportion of invariable sites: 0.120
Site proportion and rates:  (0.392,0.339) (0.285,1.231) (0.203,2.541)
Parameters optimization took 26 rounds (1477.837 sec)
WARNING: The mixture model might be overfitting because some mixture weights are estimated close to zero
Wrote distance file to... 
BEST SCORE FOUND : -1012902.887
Total tree length: 4.551

Total number of iterations: 0
CPU time used for tree search: 0.000 sec (0h:0m:0s)
Wall-clock time used for tree search: 0.000 sec (0h:0m:0s)
Total CPU time used: 22666.391 sec (6h:17m:46s)
Total wall-clock time used: 37194270.017 sec (10331h:44m:30s)

Analysis results written to: 
  IQ-TREE report:                1kplant5_c60_F.iqtree
  Maximum-likelihood tree:       1kplant5_c60_F.treefile
  Screen log file:               1kplant5_c60_F.log

Date and Time: Tue Jun 17 18:38:09 2025
