IQ-TREE multicore version 2.4.0 for Linux x86 64-bit built Mar 19 2025
Developed by Bui Quang Minh, Nguyen Lam Tung, Olga Chernomor, Heiko Schmidt,
Dominik Schrempf, Michael Woodhams, Ly Trong Nhan, Thomas Wong

Host:    wright.uds.anu.edu.au (AVX512, FMA3, 1007 GB RAM)
Command: ../../iqtree2 -s 5_concated.nex -m MF -merit AIC -T 30 -mem 120G -pre 51kplant_c60_init
Seed:    545932 (Using SPRNG - Scalable Parallel Random Number Generator)
Time:    Tue Jun 17 17:11:06 2025
Kernel:  AVX+FMA - 30 threads (31 CPU cores detected)

Reading alignment file 5_concated.nex ... Nexus format detected
Skipping unknown block (sets)...
WARNING: Sequence CSUV site 76069: {DN} treated as unknown character
WARNING: Sequence SKYV site 133958: {EQ} treated as unknown character
WARNING: 13072 sites contain only gaps or ambiguous characters.
Alignment has 5 sequences with 152928 columns, 48986 distinct patterns
8687 parsimony-informative, 78103 singleton sites, 66138 constant sites
            Gap/Ambiguity  Composition  p-value
Analyzing sequences: done in 0.000734858 secs using 374.9% CPU
   1  Chlre_v5.5   28.05%    failed      0.00%
   2  CSUV         39.93%    failed      0.00%
   3  Micpu_v3.0   36.42%    failed      0.00%
   4  MMKU         43.67%    failed      0.00%
   5  SKYV         43.76%    failed      0.00%
****  TOTAL        38.37%  5 sequences failed composition chi2 test (p-value<5%; df=19)
NOTE: minimal branch length is reduced to 0.000000653902 for long alignment
Checking for duplicate sequences: done in 0.00149512 secs using 7073% CPU


Create initial parsimony tree by phylogenetic likelihood library (PLL)... 0.035 seconds
Perform fast likelihood tree search using LG+I+G model...
Estimate model parameters (epsilon = 5.000)
Perform nearest neighbor interchange...
Optimizing NNI: done in 0.117771 secs using 2837% CPU
Estimate model parameters (epsilon = 1.000)
1. Initial log-likelihood: -1019872.196
2. Current log-likelihood: -1019868.318
3. Current log-likelihood: -1019865.008
4. Current log-likelihood: -1019862.175
5. Current log-likelihood: -1019859.737
6. Current log-likelihood: -1019857.627
7. Current log-likelihood: -1019855.792
8. Current log-likelihood: -1019854.189
9. Current log-likelihood: -1019852.783
10. Current log-likelihood: -1019851.544
11. Current log-likelihood: -1019850.450
Optimal log-likelihood: -1019849.473
Proportion of invariable sites: 0.103
Gamma shape alpha: 1.589
Parameters optimization took 11 rounds (1.076 sec)
Time for fast ML tree search: 4.344 seconds

NOTE: ModelFinder requires 378 MB RAM!
ModelFinder will test up to 1232 protein models (sample size: 152928 epsilon: 0.100) ...
 No. Model         -LnL         df  AIC          AICc         BIC
  1  LG            1032366.136  7   2064746.273  2064746.274  2064815.837
  2  LG+I          1022490.156  8   2044996.313  2044996.314  2045075.815
  3  LG+G4         1019967.024  8   2039950.047  2039950.048  2040029.549
  4  LG+I+G4       1019841.751  9   2039701.502  2039701.504  2039790.942
  5  LG+R2         1020163.096  9   2040344.193  2040344.194  2040433.632
  6  LG+R3         1019836.642  11  2039695.283  2039695.285  2039804.598
+R4 reinitialized from +R3 with factor 0.500
  7  LG+R4         1019836.159  13  2039698.317  2039698.320  2039827.508
 14  LG+I+R2       1019840.403  10  2039700.806  2039700.807  2039800.183
 15  LG+I+R3       1019834.039  12  2039692.079  2039692.081  2039811.331
+I+R4 reinitialized from +I+R3 with factor 0.500
+I+R4 reinitialized from +I+R3 with factor 0.250
+I+R4 reinitialized from +I+R3 with factor 0.125
 16  LG+I+R4       1019834.081  14  2039696.162  2039696.165  2039835.290
 26  LG+F+I+G4     1014153.541  28  2028363.082  2028363.092  2028641.338
 28  LG+F+R3       1014149.056  30  2028358.112  2028358.124  2028656.244
 29  LG+F+R4       1014148.077  32  2028360.153  2028360.167  2028678.160
 36  LG+F+I+R2     1014154.147  29  2028366.294  2028366.306  2028654.488
 37  LG+F+I+R3     1014145.654  31  2028353.307  2028353.320  2028661.377
 38  LG+F+I+R4     1014145.513  33  2028357.026  2028357.041  2028684.971
 48  WAG+I+G4      1019946.178  9   2039910.356  2039910.357  2039999.796
 50  WAG+R3        1019949.293  11  2039920.586  2039920.588  2040029.901
 51  WAG+R4        1019948.150  13  2039922.300  2039922.302  2040051.490
 58  WAG+I+R2      1019945.707  10  2039911.414  2039911.415  2040010.791
+I+R3 reinitialized from +I+R2 with factor 0.500
 59  WAG+I+R3      1019945.428  12  2039914.856  2039914.858  2040034.109
 70  WAG+F+I+G4    1015775.980  28  2031607.960  2031607.971  2031886.216
 72  WAG+F+R3      1015779.729  30  2031619.458  2031619.471  2031917.590
 73  WAG+F+R4      1015778.516  32  2031621.032  2031621.046  2031939.039
 80  WAG+F+I+R2    1015775.293  29  2031608.587  2031608.598  2031896.781
 81  WAG+F+I+R3    1015775.321  31  2031612.642  2031612.655  2031920.712
 92  JTT+I+G4      1024966.838  9   2049951.676  2049951.677  2050041.115
 94  JTT+R3        1024960.893  11  2049943.786  2049943.788  2050053.101
 95  JTT+R4        1024959.399  13  2049944.797  2049944.800  2050073.988
102  JTT+I+R2      1024949.662  10  2049919.323  2049919.325  2050018.701
+I+R3 reinitialized from +I+R2 with factor 0.500
+I+R3 reinitialized from +I+R2 with factor 0.250
103  JTT+I+R3      1024949.273  12  2049922.545  2049922.547  2050041.798
114  JTT+F+I+G4    1020722.849  28  2041501.699  2041501.709  2041779.955
116  JTT+F+R3      1020719.611  30  2041499.222  2041499.234  2041797.354
117  JTT+F+R4      1020718.674  32  2041501.348  2041501.362  2041819.355
124  JTT+F+I+R2    1020713.060  29  2041484.120  2041484.132  2041772.314
125  JTT+F+I+R3    1020712.177  31  2041486.353  2041486.366  2041794.423
136  Q.PFAM+I+G4   1018334.089  9   2036686.177  2036686.178  2036775.617
138  Q.PFAM+R3     1018334.103  11  2036690.205  2036690.207  2036799.520
139  Q.PFAM+R4     1018333.575  13  2036693.150  2036693.152  2036822.340
146  Q.PFAM+I+R2   1018338.644  10  2036697.289  2036697.290  2036796.666
147  Q.PFAM+I+R3   1018336.945  12  2036697.890  2036697.892  2036817.142
158  Q.PFAM+F+I+G4 1014462.666  28  2028981.333  2028981.343  2029259.589
160  Q.PFAM+F+R3   1014463.896  30  2028987.793  2028987.805  2029285.924
161  Q.PFAM+F+R4   1014462.700  32  2028989.400  2028989.413  2029307.407
168  Q.PFAM+F+I+R2 1014467.515  29  2028993.030  2028993.041  2029281.224
169  Q.PFAM+F+I+R3 1014465.832  31  2028993.664  2028993.676  2029301.733
180  Q.BIRD+I+G4   1036451.416  9   2072920.832  2072920.834  2073010.272
182  Q.BIRD+R3     1036460.849  11  2072943.697  2072943.699  2073053.012
183  Q.BIRD+R4     1036455.110  13  2072936.219  2072936.222  2073065.410
190  Q.BIRD+I+R2   1036487.451  10  2072994.902  2072994.903  2073094.279
191  Q.BIRD+I+R3   1036474.787  12  2072973.575  2072973.577  2073092.827
192  Q.BIRD+I+R4   1036444.286  14  2072916.572  2072916.575  2073055.701
202  Q.BIRD+F+I+G4 1031391.723  28  2062839.446  2062839.457  2063117.702
204  Q.BIRD+F+R3   1031399.521  30  2062859.042  2062859.054  2063157.174
205  Q.BIRD+F+R4   1031394.189  32  2062852.379  2062852.393  2063170.386
212  Q.BIRD+F+I+R2 1031441.175  29  2062940.351  2062940.362  2063228.545
213  Q.BIRD+F+I+R3 1031421.919  31  2062905.837  2062905.850  2063213.907
214  Q.BIRD+F+I+R4 1031380.031  33  2062826.062  2062826.076  2063154.007
224  Q.MAMMAL+I+G4 1033536.582  9   2067091.165  2067091.166  2067180.604
226  Q.MAMMAL+R3   1033533.274  11  2067088.549  2067088.551  2067197.864
227  Q.MAMMAL+R4   1033531.364  13  2067088.728  2067088.730  2067217.918
234  Q.MAMMAL+I+R2 1033541.059  10  2067102.118  2067102.120  2067201.496
235  Q.MAMMAL+I+R3 1033534.965  12  2067093.931  2067093.933  2067213.184
236  Q.MAMMAL+I+R4 1033529.161  14  2067086.321  2067086.324  2067225.449
246  Q.MAMMAL+F+I+G4 1028164.444  28  2056384.887  2056384.898  2056663.143
248  Q.MAMMAL+F+R3 1028159.125  30  2056378.251  2056378.263  2056676.382
249  Q.MAMMAL+F+R4 1028155.744  32  2056375.488  2056375.502  2056693.495
256  Q.MAMMAL+F+I+R2 1028173.129  29  2056404.257  2056404.269  2056692.451
257  Q.MAMMAL+F+I+R3 1028163.996  31  2056389.991  2056390.004  2056698.061
258  Q.MAMMAL+F+I+R4 1028150.677  33  2056367.354  2056367.369  2056695.299
268  Q.INSECT+I+G4 1030736.448  9   2061490.896  2061490.897  2061580.335
270  Q.INSECT+R3   1030723.905  11  2061469.809  2061469.811  2061579.124
+R4 reinitialized from +R3 with factor 0.500
+R4 reinitialized from +R3 with factor 0.250
271  Q.INSECT+R4   1030723.728  13  2061473.455  2061473.457  2061602.645
278  Q.INSECT+I+R2 1030718.920  10  2061457.840  2061457.842  2061557.218
279  Q.INSECT+I+R3 1030718.408  12  2061460.816  2061460.818  2061580.068
290  Q.INSECT+F+I+G4 1017639.521  28  2035335.043  2035335.053  2035613.299
292  Q.INSECT+F+R3 1017632.189  30  2035324.378  2035324.390  2035622.509
293  Q.INSECT+F+R4 1017631.461  32  2035326.923  2035326.936  2035644.930
300  Q.INSECT+F+I+R2 1017636.373  29  2035330.747  2035330.758  2035618.941
301  Q.INSECT+F+I+R3 1017633.207  31  2035328.414  2035328.427  2035636.483
302  Q.INSECT+F+I+R4 1017630.938  33  2035327.876  2035327.891  2035655.821
312  Q.PLANT+I+G4  1027278.054  9   2054574.109  2054574.110  2054663.548
314  Q.PLANT+R3    1027249.708  11  2054521.415  2054521.417  2054630.730
+R4 reinitialized from +R3 with factor 0.500
+R4 reinitialized from +R3 with factor 0.250
+R4 reinitialized from +R3 with factor 0.125
+R4 reinitialized from +R3 with factor 0.062
315  Q.PLANT+R4    1027249.736  13  2054525.471  2054525.474  2054654.662
322  Q.PLANT+I+R2  1027255.529  10  2054531.058  2054531.059  2054630.435
323  Q.PLANT+I+R3  1027251.783  12  2054527.566  2054527.568  2054646.819
+I+R4 reinitialized from +I+R3 with factor 0.500
324  Q.PLANT+I+R4  1027251.237  14  2054530.475  2054530.477  2054669.603
334  Q.PLANT+F+I+G4 1021808.432  28  2043672.864  2043672.875  2043951.120
336  Q.PLANT+F+R3  1021794.317  30  2043648.633  2043648.645  2043946.765
337  Q.PLANT+F+R4  1021793.917  32  2043651.834  2043651.848  2043969.841
344  Q.PLANT+F+I+R2 1021807.227  29  2043672.455  2043672.466  2043960.649
345  Q.PLANT+F+I+R3 1021800.047  31  2043662.094  2043662.106  2043970.163
346  Q.PLANT+F+I+R4 1021794.331  33  2043654.662  2043654.677  2043982.607
356  Q.YEAST+I+G4  1032759.116  9   2065536.233  2065536.234  2065625.672
358  Q.YEAST+R3    1032746.924  11  2065515.848  2065515.850  2065625.163
359  Q.YEAST+R4    1032746.431  13  2065518.862  2065518.865  2065648.053
366  Q.YEAST+I+R2  1032751.603  10  2065523.206  2065523.208  2065622.583
367  Q.YEAST+I+R3  1032748.866  12  2065521.731  2065521.733  2065640.984
368  Q.YEAST+I+R4  1032746.866  14  2065521.732  2065521.734  2065660.860
378  Q.YEAST+F+I+G4 1015813.887  28  2031683.774  2031683.784  2031962.030
380  Q.YEAST+F+R3  1015810.253  30  2031680.506  2031680.519  2031978.638
381  Q.YEAST+F+R4  1015810.063  32  2031684.125  2031684.139  2032002.132
388  Q.YEAST+F+I+R2 1015820.548  29  2031699.096  2031699.107  2031987.290
389  Q.YEAST+F+I+R3 1015815.785  31  2031693.571  2031693.584  2032001.640
390  Q.YEAST+F+I+R4 1015810.728  33  2031687.456  2031687.470  2032015.400
400  JTTDCMUT+I+G4 1024855.240  9   2049728.481  2049728.482  2049817.920
402  JTTDCMUT+R3   1024846.066  11  2049714.131  2049714.133  2049823.446
403  JTTDCMUT+R4   1024844.828  13  2049715.657  2049715.659  2049844.847
410  JTTDCMUT+I+R2 1024838.353  10  2049696.707  2049696.708  2049796.084
+I+R3 reinitialized from +I+R2 with factor 0.500
+I+R3 reinitialized from +I+R2 with factor 0.250
411  JTTDCMUT+I+R3 1024838.421  12  2049700.841  2049700.843  2049820.094
422  JTTDCMUT+F+I+G4 1020622.599  28  2041301.198  2041301.209  2041579.454
424  JTTDCMUT+F+R3 1020616.152  30  2041292.305  2041292.317  2041590.437
425  JTTDCMUT+F+R4 1020615.163  32  2041294.326  2041294.340  2041612.333
432  JTTDCMUT+F+I+R2 1020611.857  29  2041281.715  2041281.726  2041569.908
433  JTTDCMUT+F+I+R3 1020611.275  31  2041284.550  2041284.563  2041592.620
444  DCMUT+I+G4    1029041.004  9   2058100.008  2058100.009  2058189.448
446  DCMUT+R3      1029038.058  11  2058098.116  2058098.117  2058207.431
447  DCMUT+R4      1029037.793  13  2058101.586  2058101.588  2058230.776
454  DCMUT+I+R2    1029045.741  10  2058111.482  2058111.483  2058210.859
455  DCMUT+I+R3    1029042.146  12  2058108.291  2058108.293  2058227.544
456  DCMUT+I+R4    1029037.118  14  2058102.236  2058102.238  2058241.364
466  DCMUT+F+I+G4  1021269.319  28  2042594.638  2042594.649  2042872.895
468  DCMUT+F+R3    1021264.287  30  2042588.574  2042588.587  2042886.706
469  DCMUT+F+R4    1021263.994  32  2042591.988  2042592.002  2042909.996
476  DCMUT+F+I+R2  1021271.565  29  2042601.129  2042601.141  2042889.323
477  DCMUT+F+I+R3  1021267.739  31  2042597.477  2042597.490  2042905.547
478  DCMUT+F+I+R4  1021262.438  33  2042590.875  2042590.890  2042918.820
488  VT+I+G4       1022391.598  9   2044801.197  2044801.198  2044890.636
490  VT+R3         1022382.490  11  2044786.980  2044786.982  2044896.295
491  VT+R4         1022379.403  13  2044784.806  2044784.808  2044913.996
498  VT+I+R2       1022385.485  10  2044790.970  2044790.971  2044890.347
499  VT+I+R3       1022378.505  12  2044781.010  2044781.012  2044900.263
500  VT+I+R4       1022372.295  14  2044772.590  2044772.593  2044911.719
510  VT+F+I+G4     1017151.948  28  2034359.897  2034359.907  2034638.153
512  VT+F+R3       1017141.590  30  2034343.179  2034343.192  2034641.311
513  VT+F+R4       1017138.962  32  2034341.923  2034341.937  2034659.930
520  VT+F+I+R2     1017146.535  29  2034351.069  2034351.080  2034639.263
521  VT+F+I+R3     1017139.437  31  2034340.874  2034340.887  2034648.943
522  VT+F+I+R4     1017133.127  33  2034332.254  2034332.269  2034660.199
532  PMB+I+G4      1026433.853  9   2052885.705  2052885.707  2052975.145
534  PMB+R3        1026407.704  11  2052837.408  2052837.409  2052946.723
535  PMB+R4        1026406.603  13  2052839.205  2052839.208  2052968.396
542  PMB+I+R2      1026421.882  10  2052863.765  2052863.766  2052963.142
543  PMB+I+R3      1026410.563  12  2052845.127  2052845.129  2052964.379
544  PMB+I+R4      1026403.147  14  2052834.295  2052834.298  2052973.423
554  PMB+F+I+G4    1019662.387  28  2039380.774  2039380.785  2039659.030
556  PMB+F+R3      1019650.070  30  2039360.139  2039360.151  2039658.271
557  PMB+F+R4      1019649.406  32  2039362.812  2039362.825  2039680.819
564  PMB+F+I+R2    1019655.350  29  2039368.700  2039368.712  2039656.894
565  PMB+F+I+R3    1019649.206  31  2039360.411  2039360.424  2039668.480
566  PMB+F+I+R4    1019646.056  33  2039358.112  2039358.126  2039686.056
576  BLOSUM62+I+G4 1026466.404  9   2052950.807  2052950.809  2053040.247
578  BLOSUM62+R3   1026448.340  11  2052918.679  2052918.681  2053027.994
579  BLOSUM62+R4   1026447.129  13  2052920.259  2052920.261  2053049.449
586  BLOSUM62+I+R2 1026453.171  10  2052926.343  2052926.344  2053025.720
587  BLOSUM62+I+R3 1026444.944  12  2052913.887  2052913.889  2053033.140
588  BLOSUM62+I+R4 1026440.877  14  2052909.754  2052909.757  2053048.882
598  BLOSUM62+F+I+G4 1018704.123  28  2037464.246  2037464.257  2037742.502
600  BLOSUM62+F+R3 1018697.734  30  2037455.467  2037455.479  2037753.599
601  BLOSUM62+F+R4 1018697.026  32  2037458.052  2037458.066  2037776.059
608  BLOSUM62+F+I+R2 1018695.623  29  2037449.246  2037449.257  2037737.440
609  BLOSUM62+F+I+R3 1018691.967  31  2037445.935  2037445.948  2037754.004
610  BLOSUM62+F+I+R4 1018691.333  33  2037448.666  2037448.681  2037776.611
620  DAYHOFF+I+G4  1029017.088  9   2058052.177  2058052.178  2058141.616
622  DAYHOFF+R3    1029013.768  11  2058049.537  2058049.539  2058158.852
623  DAYHOFF+R4    1029012.921  13  2058051.843  2058051.845  2058181.033
630  DAYHOFF+I+R2  1029021.851  10  2058063.703  2058063.704  2058163.080
631  DAYHOFF+I+R3  1029017.782  12  2058059.564  2058059.566  2058178.817
632  DAYHOFF+I+R4  1029011.643  14  2058051.287  2058051.289  2058190.415
642  DAYHOFF+F+I+G4 1021249.615  28  2042555.230  2042555.241  2042833.486
644  DAYHOFF+F+R3  1021244.552  30  2042549.103  2042549.116  2042847.235
645  DAYHOFF+F+R4  1021243.706  32  2042551.411  2042551.425  2042869.418
652  DAYHOFF+F+I+R2 1021251.784  29  2042561.568  2042561.580  2042849.762
653  DAYHOFF+F+I+R3 1021247.570  31  2042557.140  2042557.153  2042865.210
654  DAYHOFF+F+I+R4 1021241.026  33  2042548.051  2042548.066  2042875.996
664  MTREV+I+G4    1091673.766  9   2183365.531  2183365.532  2183454.971
666  MTREV+R3      1091569.474  11  2183160.948  2183160.949  2183270.263
667  MTREV+R4      1091568.241  13  2183162.482  2183162.485  2183291.673
674  MTREV+I+R2    1091596.955  10  2183213.911  2183213.912  2183313.288
675  MTREV+I+R3    1091554.403  12  2183132.807  2183132.809  2183252.059
676  MTREV+I+R4    1091540.338  14  2183108.676  2183108.679  2183247.804
686  MTREV+F+I+G4  1026960.264  28  2053976.527  2053976.538  2054254.783
688  MTREV+F+R3    1026978.684  30  2054017.368  2054017.380  2054315.499
689  MTREV+F+R4    1026976.305  32  2054016.609  2054016.623  2054334.616
696  MTREV+F+I+R2  1027076.327  29  2054210.653  2054210.665  2054498.847
697  MTREV+F+I+R3  1026969.618  31  2054001.237  2054001.250  2054309.306
698  MTREV+F+I+R4  1026928.840  33  2053923.681  2053923.695  2054251.625
708  MTART+I+G4    1097654.810  9   2195327.619  2195327.620  2195417.059
710  MTART+R3      1097528.888  11  2195079.776  2195079.778  2195189.091
711  MTART+R4      1097480.716  13  2194987.433  2194987.435  2195116.623
718  MTART+I+R2    1097745.302  10  2195510.604  2195510.606  2195609.982
719  MTART+I+R3    1097225.474  12  2194474.949  2194474.951  2194594.201
720  MTART+I+R4    1097208.354  14  2194444.707  2194444.710  2194583.835
730  MTART+F+I+G4  1030051.005  28  2060158.010  2060158.021  2060436.266
732  MTART+F+R3    1029894.172  30  2059848.343  2059848.356  2060146.475
733  MTART+F+R4    1029715.864  32  2059495.728  2059495.741  2059813.735
740  MTART+F+I+R2  1030231.432  29  2060520.864  2060520.876  2060809.058
741  MTART+F+I+R3  1029731.595  31  2059525.190  2059525.203  2059833.260
742  MTART+F+I+R4  1029672.311  33  2059410.622  2059410.636  2059738.567
752  MTZOA+I+G4    1076972.684  9   2153963.368  2153963.369  2154052.808
754  MTZOA+R3      1076502.116  11  2153026.233  2153026.234  2153135.548
755  MTZOA+R4      1076495.579  13  2153017.157  2153017.160  2153146.348
762  MTZOA+I+R2    1076531.738  10  2153083.476  2153083.477  2153182.853
763  MTZOA+I+R3    1076512.785  12  2153049.570  2153049.572  2153168.823
764  MTZOA+I+R4    1076508.284  14  2153044.569  2153044.572  2153183.697
774  MTZOA+F+I+G4  1024944.998  28  2049945.995  2049946.006  2050224.251
776  MTZOA+F+R3    1024898.054  30  2049856.108  2049856.121  2050154.240
777  MTZOA+F+R4    1024793.348  32  2049650.695  2049650.709  2049968.702
784  MTZOA+F+I+R2  1025027.015  29  2050112.029  2050112.041  2050400.223
785  MTZOA+F+I+R3  1024812.423  31  2049686.847  2049686.860  2049994.916
786  MTZOA+F+I+R4  1024783.120  33  2049632.239  2049632.254  2049960.184
796  MTMET+I+G4    1103792.228  9   2207602.456  2207602.457  2207691.896
798  MTMET+R3      1103196.626  11  2206415.251  2206415.253  2206524.566
799  MTMET+R4      1103188.602  13  2206403.204  2206403.206  2206532.394
806  MTMET+I+R2    1103187.117  10  2206394.233  2206394.234  2206493.610
+I+R3 reinitialized from +I+R2 with factor 0.500
+I+R3 reinitialized from +I+R2 with factor 0.250
+I+R3 reinitialized from +I+R2 with factor 0.125
+I+R3 reinitialized from +I+R2 with factor 0.062
+I+R3 reinitialized from +I+R2 with factor 0.031
WARNING: Log-likelihood -1.10319e+06 of MTMET+I+R3 worse than MTMET+I+R2 -1.10319e+06
807  MTMET+I+R3    1103188.712  12  2206401.423  2206401.425  2206520.676
818  MTMET+F+I+G4  1027750.173  28  2055556.346  2055556.357  2055834.603
820  MTMET+F+R3    1027777.743  30  2055615.486  2055615.498  2055913.617
821  MTMET+F+R4    1027682.369  32  2055428.739  2055428.752  2055746.746
828  MTMET+F+I+R2  1027890.272  29  2055838.543  2055838.554  2056126.737
829  MTMET+F+I+R3  1027876.479  31  2055814.958  2055814.971  2056123.027
830  MTMET+F+I+R4  1027681.361  33  2055428.721  2055428.736  2055756.666
840  MTVER+I+G4    1102868.985  9   2205755.971  2205755.972  2205845.410
842  MTVER+R3      1102166.476  11  2204354.952  2204354.954  2204464.267
+R4 reinitialized from +R3 with factor 0.500
+R4 reinitialized from +R3 with factor 0.250
843  MTVER+R4      1102166.244  13  2204358.489  2204358.491  2204487.679
850  MTVER+I+R2    1102218.868  10  2204457.736  2204457.737  2204557.113
851  MTVER+I+R3    1102169.592  12  2204363.184  2204363.186  2204482.437
852  MTVER+I+R4    1102153.695  14  2204335.391  2204335.393  2204474.519
862  MTVER+F+I+G4  1034340.170  28  2068736.340  2068736.351  2069014.597
864  MTVER+F+R3    1034393.629  30  2068847.257  2068847.269  2069145.389
865  MTVER+F+R4    1034356.771  32  2068777.542  2068777.556  2069095.549
872  MTVER+F+I+R2  1034594.174  29  2069246.349  2069246.360  2069534.543
873  MTVER+F+I+R3  1034329.527  31  2068721.053  2068721.066  2069029.122
874  MTVER+F+I+R4  1034239.215  33  2068544.430  2068544.445  2068872.375
884  MTINV+I+G4    1117312.676  9   2234643.353  2234643.354  2234732.792
886  MTINV+R3      1116843.150  11  2233708.300  2233708.301  2233817.615
887  MTINV+R4      1116838.444  13  2233702.888  2233702.891  2233832.079
894  MTINV+I+R2    1116820.819  10  2233661.638  2233661.639  2233761.015
895  MTINV+I+R3    1116820.654  12  2233665.307  2233665.309  2233784.560
906  MTINV+F+I+G4  1024125.142  28  2048306.284  2048306.295  2048584.540
908  MTINV+F+R3    1024106.233  30  2048272.466  2048272.478  2048570.598
+R4 reinitialized from +R3 with factor 0.500
909  MTINV+F+R4    1024101.277  32  2048266.554  2048266.568  2048584.561
916  MTINV+F+I+R2  1024127.225  29  2048312.450  2048312.462  2048600.644
917  MTINV+F+I+R3  1024094.899  31  2048251.798  2048251.811  2048559.867
918  MTINV+F+I+R4  1024060.275  33  2048186.551  2048186.565  2048514.496
928  MTMAM+I+G4    1102862.180  9   2205742.360  2205742.361  2205831.799
930  MTMAM+R3      1102452.434  11  2204926.868  2204926.869  2205036.183
931  MTMAM+R4      1102422.632  13  2204871.264  2204871.266  2205000.454
938  MTMAM+I+R2    1103009.564  10  2206039.128  2206039.130  2206138.506
939  MTMAM+I+R3    1102409.201  12  2204842.402  2204842.404  2204961.654
940  MTMAM+I+R4    1102408.882  14  2204845.765  2204845.767  2204984.893
950  MTMAM+F+I+G4  1036535.725  28  2073127.450  2073127.461  2073405.706
952  MTMAM+F+R3    1036608.835  30  2073277.671  2073277.683  2073575.803
953  MTMAM+F+R4    1036394.976  32  2072853.953  2072853.966  2073171.960
960  MTMAM+F+I+R2  1037205.184  29  2074468.368  2074468.379  2074756.562
961  MTMAM+F+I+R3  1036448.538  31  2072959.076  2072959.089  2073267.146
962  MTMAM+F+I+R4  1036384.520  33  2072835.039  2072835.054  2073162.984
972  FLAVI+I+G4    1050558.152  9   2101134.304  2101134.305  2101223.743
974  FLAVI+R3      1050584.464  11  2101190.927  2101190.929  2101300.242
975  FLAVI+R4      1050486.032  13  2100998.065  2100998.067  2101127.255
982  FLAVI+I+R2    1050832.241  10  2101684.482  2101684.484  2101783.860
983  FLAVI+I+R3    1050489.868  12  2101003.736  2101003.738  2101122.989
984  FLAVI+I+R4    1050481.909  14  2100991.819  2100991.822  2101130.947
994  FLAVI+F+I+G4  1039279.141  28  2078614.281  2078614.292  2078892.538
996  FLAVI+F+R3    1039348.083  30  2078756.166  2078756.178  2079054.297
997  FLAVI+F+R4    1039225.945  32  2078515.890  2078515.904  2078833.897
1004  FLAVI+F+I+R2  1039579.820  29  2079217.639  2079217.650  2079505.833
1005  FLAVI+F+I+R3  1039239.240  31  2078540.480  2078540.493  2078848.549
1006  FLAVI+F+I+R4  1039217.107  33  2078500.215  2078500.229  2078828.160
1016  HIVB+I+G4     1042530.205  9   2085078.410  2085078.412  2085167.850
1018  HIVB+R3       1042409.373  11  2084840.746  2084840.747  2084950.061
1019  HIVB+R4       1042396.706  13  2084819.412  2084819.414  2084948.602
1026  HIVB+I+R2     1042421.557  10  2084863.115  2084863.116  2084962.492
1027  HIVB+I+R3     1042393.310  12  2084810.620  2084810.622  2084929.872
+I+R4 reinitialized from +I+R3 with factor 0.500
1028  HIVB+I+R4     1042392.626  14  2084813.251  2084813.254  2084952.379
1038  HIVB+F+I+G4   1030128.748  28  2060313.495  2060313.506  2060591.751
1040  HIVB+F+R3     1030147.471  30  2060354.942  2060354.955  2060653.074
1041  HIVB+F+R4     1030125.069  32  2060314.139  2060314.153  2060632.146
1048  HIVB+F+I+R2   1030197.420  29  2060452.840  2060452.852  2060741.034
1049  HIVB+F+I+R3   1030124.381  31  2060310.761  2060310.774  2060618.831
1050  HIVB+F+I+R4   1030124.242  33  2060314.484  2060314.498  2060642.428
1060  HIVW+I+G4     1084846.684  9   2169711.369  2169711.370  2169800.808
1062  HIVW+R3       1084747.023  11  2169516.045  2169516.047  2169625.360
1063  HIVW+R4       1084450.382  13  2168926.763  2168926.766  2169055.954
1070  HIVW+I+R2     1084827.904  10  2169675.808  2169675.810  2169775.185
1071  HIVW+I+R3     1084446.759  12  2168917.517  2168917.519  2169036.770
+I+R4 reinitialized from +I+R3 with factor 0.500
1072  HIVW+I+R4     1084442.477  14  2168912.954  2168912.957  2169052.082
1082  HIVW+F+I+G4   1046221.166  28  2092498.332  2092498.342  2092776.588
1084  HIVW+F+R3     1046076.606  30  2092213.212  2092213.224  2092511.344
1085  HIVW+F+R4     1045864.750  32  2091793.500  2091793.514  2092111.507
1092  HIVW+F+I+R2   1046337.223  29  2092732.445  2092732.457  2093020.639
1093  HIVW+F+I+R3   1045876.484  31  2091814.967  2091814.980  2092123.037
1094  HIVW+F+I+R4   1045873.247  33  2091812.495  2091812.509  2092140.440
1104  FLU+I+G4      1048559.420  9   2097136.841  2097136.842  2097226.280
1106  FLU+R3        1048159.279  11  2096340.558  2096340.560  2096449.873
1107  FLU+R4        1048039.040  13  2096104.080  2096104.083  2096233.271
1114  FLU+I+R2      1048664.020  10  2097348.040  2097348.041  2097447.417
1115  FLU+I+R3      1048029.868  12  2096083.736  2096083.738  2096202.988
1116  FLU+I+R4      1048029.909  14  2096087.818  2096087.820  2096226.946
1126  FLU+F+I+G4    1027487.241  28  2055030.483  2055030.493  2055308.739
1128  FLU+F+R3      1026885.901  30  2053831.801  2053831.813  2054129.933
1129  FLU+F+R4      1026795.350  32  2053654.700  2053654.713  2053972.707
1136  FLU+F+I+R2    1027624.942  29  2055307.883  2055307.895  2055596.077
1137  FLU+F+I+R3    1026788.913  31  2053639.827  2053639.840  2053947.896
1138  FLU+F+I+R4    1026788.655  33  2053643.309  2053643.324  2053971.254
1148  RTREV+I+G4    1031324.784  9   2062667.569  2062667.570  2062757.008
1150  RTREV+R3      1031367.250  11  2062756.499  2062756.501  2062865.814
1151  RTREV+R4      1031326.730  13  2062679.461  2062679.463  2062808.651
1158  RTREV+I+R2    1031321.784  10  2062663.569  2062663.570  2062762.946
+I+R3 reinitialized from +I+R2 with factor 0.500
1159  RTREV+I+R3    1031319.931  12  2062663.862  2062663.864  2062783.115
1170  RTREV+F+I+G4  1015732.870  28  2031521.740  2031521.750  2031799.996
1172  RTREV+F+R3    1015747.708  30  2031555.417  2031555.429  2031853.549
1173  RTREV+F+R4    1015734.192  32  2031532.385  2031532.399  2031850.392
1180  RTREV+F+I+R2  1015734.446  29  2031526.892  2031526.903  2031815.086
1181  RTREV+F+I+R3  1015731.462  31  2031524.924  2031524.937  2031832.993
+I+R4 reinitialized from +I+R3 with factor 0.500
1182  RTREV+F+I+R4  1015730.328  33  2031526.656  2031526.671  2031854.601
1192  CPREV+I+G4    1030426.663  9   2060871.326  2060871.327  2060960.765
1194  CPREV+R3      1030436.624  11  2060895.248  2060895.249  2061004.563
1195  CPREV+R4      1030424.934  13  2060875.868  2060875.871  2061005.059
1202  CPREV+I+R2    1030421.716  10  2060863.431  2060863.433  2060962.808
1203  CPREV+I+R3    1030420.405  12  2060864.811  2060864.813  2060984.063
1214  CPREV+F+I+G4  1019689.487  28  2039434.973  2039434.984  2039713.229
1216  CPREV+F+R3    1019691.027  30  2039442.054  2039442.066  2039740.186
1217  CPREV+F+R4    1019683.522  32  2039431.044  2039431.057  2039749.051
1224  CPREV+F+I+R2  1019691.537  29  2039441.075  2039441.086  2039729.268
1225  CPREV+F+I+R3  1019686.332  31  2039434.665  2039434.678  2039742.734
1226  CPREV+F+I+R4  1019684.042  33  2039434.084  2039434.099  2039762.029
Akaike Information Criterion:           LG+F+I+R3
Corrected Akaike Information Criterion: LG+F+I+R3
Bayesian Information Criterion:         LG+F+I+G4
Best-fit model: LG+F+I+R3 chosen according to AIC

All model information printed to 51kplant_c60_init.model.gz
CPU time for ModelFinder: 57629.103 seconds (16h:0m:29s)
Wall-clock time for ModelFinder: 3738.442 seconds (1h:2m:18s)

NOTE: 113 MB RAM (0 GB) is required!
Estimate model parameters (epsilon = 0.010)
1. Initial log-likelihood: -1014192.269
2. Current log-likelihood: -1014151.823
3. Current log-likelihood: -1014150.951
4. Current log-likelihood: -1014150.442
5. Current log-likelihood: -1014150.133
6. Current log-likelihood: -1014149.948
7. Current log-likelihood: -1014149.799
8. Current log-likelihood: -1014149.711
9. Current log-likelihood: -1014149.618
10. Current log-likelihood: -1014149.556
11. Current log-likelihood: -1014149.515
12. Current log-likelihood: -1014149.472
13. Current log-likelihood: -1014149.432
14. Current log-likelihood: -1014149.395
15. Current log-likelihood: -1014149.359
16. Current log-likelihood: -1014149.326
17. Current log-likelihood: -1014149.298
18. Current log-likelihood: -1014149.274
19. Current log-likelihood: -1014149.252
20. Current log-likelihood: -1014149.230
21. Current log-likelihood: -1014149.210
22. Current log-likelihood: -1014149.190
23. Current log-likelihood: -1014149.171
24. Current log-likelihood: -1014149.152
25. Current log-likelihood: -1014149.134
26. Current log-likelihood: -1014149.117
27. Current log-likelihood: -1014149.101
28. Current log-likelihood: -1014149.085
29. Current log-likelihood: -1014149.070
30. Current log-likelihood: -1014149.055
31. Current log-likelihood: -1014149.041
32. Current log-likelihood: -1014149.027
33. Current log-likelihood: -1014149.014
Optimal log-likelihood: -1014149.004
Proportion of invariable sites: 0.118
Site proportion and rates:  (0.409,0.451) (0.147,0.914) (0.326,2.088)
Parameters optimization took 33 rounds (4.448 sec)
Wrote distance file to... 
BEST SCORE FOUND : -1014149.004
Total tree length: 3.454

Total number of iterations: 0
CPU time used for tree search: 0.000 sec (0h:0m:0s)
Wall-clock time used for tree search: 0.000 sec (0h:0m:0s)
Total CPU time used: 57762.735 sec (16h:2m:42s)
Total wall-clock time used: 3742.907 sec (1h:2m:22s)

Analysis results written to: 
  IQ-TREE report:                51kplant_c60_init.iqtree
  Tree used for ModelFinder:     51kplant_c60_init.treefile
  Screen log file:               51kplant_c60_init.log

Date and Time: Tue Jun 17 18:13:29 2025
