IQ-TREE multicore version 2.4.0 for Linux x86 64-bit built Mar 19 2025
Developed by Bui Quang Minh, Nguyen Lam Tung, Olga Chernomor, Heiko Schmidt,
Dominik Schrempf, Michael Woodhams, Ly Trong Nhan, Thomas Wong

Host:    dayhoff.uds.anu.edu.au (AVX2, FMA3, 1007 GB RAM)
Command: ../../iqtree2 -s 5_concated.nex -m MF -merit AIC -T 21 -mem 120G -pre 5Ascomycota_c60_init
Seed:    131295 (Using SPRNG - Scalable Parallel Random Number Generator)
Time:    Fri May  9 16:42:49 2025
Kernel:  AVX+FMA - 21 threads (22 CPU cores detected)

Reading alignment file 5_concated.nex ... Nexus format detected
Skipping unknown block (sets)...
WARNING: 8171 sites contain only gaps or ambiguous characters.
Alignment has 5 sequences with 270328 columns, 106611 distinct patterns
24146 parsimony-informative, 166695 singleton sites, 79487 constant sites
                             Gap/Ambiguity  Composition  p-value
Analyzing sequences: done in 0.0150372 secs using 1253% CPU
   1  Huntiella_omanensis           16.48%    failed      0.00%
   2  Kazachstania_transvaalensis   18.08%    failed      0.00%
   3  Metschnikowia_bowlesiae       18.27%    failed      0.00%
   4  Saturnispora_silvae           24.16%    failed      0.00%
   5  Starmerella_apicola           32.88%    failed      0.00%
****  TOTAL                         21.97%  5 sequences failed composition chi2 test (p-value<5%; df=19)
NOTE: minimal branch length is reduced to 0.000000369921 for long alignment
Checking for duplicate sequences: done in 0.0229397 secs using 1029% CPU


Create initial parsimony tree by phylogenetic likelihood library (PLL)... 0.099 seconds
Perform fast likelihood tree search using LG+I+G model...
Estimate model parameters (epsilon = 5.000)
Perform nearest neighbor interchange...
Optimizing NNI: done in 1.52077 secs using 1715% CPU
Estimate model parameters (epsilon = 1.000)
1. Initial log-likelihood: -2306524.020
2. Current log-likelihood: -2306520.898
3. Current log-likelihood: -2306518.654
4. Current log-likelihood: -2306517.047
5. Current log-likelihood: -2306515.891
Optimal log-likelihood: -2306515.051
Proportion of invariable sites: 0.095
Gamma shape alpha: 1.846
Parameters optimization took 5 rounds (2.057 sec)
Time for fast ML tree search: 14.473 seconds

NOTE: ModelFinder requires 823 MB RAM!
ModelFinder will test up to 1232 protein models (sample size: 270328 epsilon: 0.100) ...
 No. Model         -LnL         df  AIC          AICc         BIC
  1  LG            2339626.546  7   4679267.093  4679267.093  4679340.645
  2  LG+I          2313819.945  8   4627655.890  4627655.890  4627739.949
  3  LG+G4         2307430.902  8   4614877.804  4614877.805  4614961.863
  4  LG+I+G4       2306513.088  9   4613044.175  4613044.176  4613138.742
  5  LG+R2         2307355.013  9   4614728.025  4614728.026  4614822.592
  6  LG+R3         2306508.702  11  4613039.404  4613039.405  4613154.985
  7  LG+R4         2306506.649  13  4613039.298  4613039.299  4613175.894
+R5 reinitialized from +R4 with factor 0.500
+R5 reinitialized from +R4 with factor 0.250
  8  LG+R5         2306506.628  15  4613043.256  4613043.257  4613200.866
 14  LG+I+R2       2306545.901  10  4613111.802  4613111.803  4613216.876
 15  LG+I+R3       2306509.505  12  4613043.009  4613043.010  4613169.098
 16  LG+I+R4       2306504.107  14  4613036.215  4613036.216  4613183.318
+I+R5 reinitialized from +I+R4 with factor 0.500
+I+R5 reinitialized from +I+R4 with factor 0.250
+I+R5 reinitialized from +I+R4 with factor 0.125
+I+R5 reinitialized from +I+R4 with factor 0.062
 17  LG+I+R5       2306504.121  16  4613040.243  4613040.245  4613208.361
 26  LG+F+I+G4     2301609.718  28  4603275.436  4603275.442  4603569.643
 28  LG+F+R3       2301613.451  30  4603286.902  4603286.909  4603602.124
 29  LG+F+R4       2301609.941  32  4603283.882  4603283.890  4603620.119
 30  LG+F+R5       2301609.620  34  4603287.240  4603287.249  4603644.491
 37  LG+F+I+R3     2301616.031  31  4603294.061  4603294.069  4603619.791
 38  LG+F+I+R4     2301606.113  33  4603278.226  4603278.234  4603624.970
+I+R5 reinitialized from +I+R4 with factor 0.500
+I+R5 reinitialized from +I+R4 with factor 0.250
+I+R5 reinitialized from +I+R4 with factor 0.125
+I+R5 reinitialized from +I+R4 with factor 0.062
 39  LG+F+I+R5     2301606.173  35  4603282.347  4603282.356  4603650.105
 48  WAG+I+G4      2318067.205  9   4636152.410  4636152.411  4636246.977
 50  WAG+R3        2318007.747  11  4636037.493  4636037.494  4636153.074
 51  WAG+R4        2318004.587  13  4636035.174  4636035.176  4636171.770
 52  WAG+R5        2318004.588  15  4636039.176  4636039.178  4636196.787
 59  WAG+I+R3      2318003.420  12  4636030.840  4636030.841  4636156.929
 60  WAG+I+R4      2318002.653  14  4636033.306  4636033.308  4636180.410
 70  WAG+F+I+G4    2307921.607  28  4615899.213  4615899.219  4616193.420
 72  WAG+F+R3      2307885.311  30  4615830.621  4615830.628  4616145.843
+R4 reinitialized from +R3 with factor 0.500
+R4 reinitialized from +R3 with factor 0.250
+R4 reinitialized from +R3 with factor 0.125
+R4 reinitialized from +R3 with factor 0.062
+R4 reinitialized from +R3 with factor 0.031
 73  WAG+F+R4      2307885.491  32  4615834.983  4615834.990  4616171.219
 81  WAG+F+I+R3    2307886.162  31  4615834.324  4615834.331  4616160.053
+I+R4 reinitialized from +I+R3 with factor 0.500
 82  WAG+F+I+R4    2307885.384  33  4615836.768  4615836.777  4616183.512
 92  JTT+I+G4      2328245.205  9   4656508.411  4656508.411  4656602.977
 94  JTT+R3        2328147.329  11  4656316.657  4656316.658  4656432.239
 95  JTT+R4        2328143.276  13  4656312.552  4656312.553  4656449.148
 96  JTT+R5        2328140.664  15  4656311.329  4656311.331  4656468.940
103  JTT+I+R3      2328140.591  12  4656305.182  4656305.183  4656431.271
+I+R4 reinitialized from +I+R3 with factor 0.500
+I+R4 reinitialized from +I+R3 with factor 0.250
+I+R4 reinitialized from +I+R3 with factor 0.125
+I+R4 reinitialized from +I+R3 with factor 0.062
+I+R4 reinitialized from +I+R3 with factor 0.031
104  JTT+I+R4      2328141.117  14  4656310.233  4656310.235  4656457.337
114  JTT+F+I+G4    2318560.310  28  4637176.620  4637176.626  4637470.827
116  JTT+F+R3      2318451.499  30  4636962.998  4636963.005  4637278.220
+R4 reinitialized from +R3 with factor 0.500
+R4 reinitialized from +R3 with factor 0.250
+R4 reinitialized from +R3 with factor 0.125
+R4 reinitialized from +R3 with factor 0.062
117  JTT+F+R4      2318451.380  32  4636966.760  4636966.767  4637302.996
125  JTT+F+I+R3    2318454.734  31  4636971.467  4636971.475  4637297.196
+I+R4 reinitialized from +I+R3 with factor 0.500
+I+R4 reinitialized from +I+R3 with factor 0.250
+I+R4 reinitialized from +I+R3 with factor 0.125
+I+R4 reinitialized from +I+R3 with factor 0.062
+I+R4 reinitialized from +I+R3 with factor 0.031
126  JTT+F+I+R4    2318455.608  33  4636977.215  4636977.224  4637323.959
136  Q.PFAM+I+G4   2308440.391  9   4616898.781  4616898.782  4616993.348
138  Q.PFAM+R3     2308408.897  11  4616839.795  4616839.796  4616955.376
139  Q.PFAM+R4     2308408.765  13  4616843.531  4616843.532  4616980.127
147  Q.PFAM+I+R3   2308406.172  12  4616836.345  4616836.346  4616962.433
148  Q.PFAM+I+R4   2308405.601  14  4616839.202  4616839.203  4616986.305
158  Q.PFAM+F+I+G4 2302661.994  28  4605379.989  4605379.995  4605674.196
160  Q.PFAM+F+R3   2302637.279  30  4605334.558  4605334.565  4605649.780
161  Q.PFAM+F+R4   2302637.367  32  4605338.735  4605338.742  4605674.971
169  Q.PFAM+F+I+R3 2302634.563  31  4605331.127  4605331.134  4605656.856
170  Q.PFAM+F+I+R4 2302633.725  33  4605333.449  4605333.457  4605680.193
180  Q.BIRD+I+G4   2354947.935  9   4709913.870  4709913.870  4710008.436
182  Q.BIRD+R3     2354928.417  11  4709878.835  4709878.836  4709994.416
183  Q.BIRD+R4     2354926.682  13  4709879.364  4709879.366  4710015.960
191  Q.BIRD+I+R3   2354876.548  12  4709777.097  4709777.098  4709903.185
192  Q.BIRD+I+R4   2354875.189  14  4709778.378  4709778.379  4709925.481
202  Q.BIRD+F+I+G4 2342880.563  28  4685817.126  4685817.132  4686111.333
204  Q.BIRD+F+R3   2342747.419  30  4685554.838  4685554.844  4685870.059
205  Q.BIRD+F+R4   2342745.475  32  4685554.950  4685554.957  4685891.186
213  Q.BIRD+F+I+R3 2342709.091  31  4685480.181  4685480.189  4685805.911
214  Q.BIRD+F+I+R4 2342708.827  33  4685483.654  4685483.663  4685830.398
224  Q.MAMMAL+I+G4 2348930.187  9   4697878.375  4697878.376  4697972.941
226  Q.MAMMAL+R3   2348872.875  11  4697767.749  4697767.750  4697883.331
227  Q.MAMMAL+R4   2348872.030  13  4697770.060  4697770.061  4697906.656
235  Q.MAMMAL+I+R3 2348865.039  12  4697754.079  4697754.080  4697880.168
+I+R4 reinitialized from +I+R3 with factor 0.500
+I+R4 reinitialized from +I+R3 with factor 0.250
+I+R4 reinitialized from +I+R3 with factor 0.125
+I+R4 reinitialized from +I+R3 with factor 0.062
+I+R4 reinitialized from +I+R3 with factor 0.031
236  Q.MAMMAL+I+R4 2348865.406  14  4697758.812  4697758.814  4697905.916
246  Q.MAMMAL+F+I+G4 2335154.383  28  4670364.766  4670364.772  4670658.973
248  Q.MAMMAL+F+R3 2334982.704  30  4670025.408  4670025.415  4670340.630
249  Q.MAMMAL+F+R4 2334982.032  32  4670028.063  4670028.071  4670364.300
257  Q.MAMMAL+F+I+R3 2334983.749  31  4670029.498  4670029.506  4670355.227
+I+R4 reinitialized from +I+R3 with factor 0.500
+I+R4 reinitialized from +I+R3 with factor 0.250
+I+R4 reinitialized from +I+R3 with factor 0.125
+I+R4 reinitialized from +I+R3 with factor 0.062
+I+R4 reinitialized from +I+R3 with factor 0.031
258  Q.MAMMAL+F+I+R4 2334984.087  33  4670034.173  4670034.182  4670380.917
268  Q.INSECT+I+G4 2311556.365  9   4623130.730  4623130.731  4623225.297
270  Q.INSECT+R3   2311469.710  11  4622961.420  4622961.421  4623077.002
271  Q.INSECT+R4   2311469.583  13  4622965.167  4622965.168  4623101.763
279  Q.INSECT+I+R3 2311485.756  12  4622995.512  4622995.514  4623121.601
280  Q.INSECT+I+R4 2311485.754  14  4622999.507  4622999.509  4623146.611
290  Q.INSECT+F+I+G4 2308956.164  28  4617968.328  4617968.334  4618262.535
292  Q.INSECT+F+R3 2308919.839  30  4617899.678  4617899.685  4618214.899
293  Q.INSECT+F+R4 2308919.818  32  4617903.635  4617903.643  4618239.872
301  Q.INSECT+F+I+R3 2308927.424  31  4617916.849  4617916.856  4618242.578
302  Q.INSECT+F+I+R4 2308927.498  33  4617920.996  4617921.005  4618267.740
312  Q.PLANT+I+G4  2323741.625  9   4647501.249  4647501.250  4647595.816
314  Q.PLANT+R3    2323660.169  11  4647342.338  4647342.339  4647457.919
315  Q.PLANT+R4    2323660.101  13  4647346.203  4647346.204  4647482.799
323  Q.PLANT+I+R3  2323675.651  12  4647375.301  4647375.302  4647501.390
324  Q.PLANT+I+R4  2323675.602  14  4647379.205  4647379.206  4647526.308
334  Q.PLANT+F+I+G4 2318928.681  28  4637913.361  4637913.367  4638207.568
336  Q.PLANT+F+R3  2318845.657  30  4637751.313  4637751.320  4638066.535
337  Q.PLANT+F+R4  2318845.554  32  4637755.109  4637755.117  4638091.345
345  Q.PLANT+F+I+R3 2318862.968  31  4637787.936  4637787.944  4638113.665
346  Q.PLANT+F+I+R4 2318862.796  33  4637791.591  4637791.599  4638138.335
356  Q.YEAST+I+G4  2306031.304  9   4612080.607  4612080.608  4612175.174
358  Q.YEAST+R3    2306027.035  11  4612076.070  4612076.071  4612191.651
359  Q.YEAST+R4    2306027.116  13  4612080.232  4612080.234  4612216.828
367  Q.YEAST+I+R3  2306023.243  12  4612070.487  4612070.488  4612196.575
368  Q.YEAST+I+R4  2306023.145  14  4612074.290  4612074.292  4612221.394
378  Q.YEAST+F+I+G4 2303551.903  28  4607159.806  4607159.812  4607454.013
380  Q.YEAST+F+R3  2303563.933  30  4607187.866  4607187.873  4607503.088
381  Q.YEAST+F+R4  2303563.713  32  4607191.425  4607191.433  4607527.662
389  Q.YEAST+F+I+R3 2303556.116  31  4607174.232  4607174.239  4607499.961
390  Q.YEAST+F+I+R4 2303555.900  33  4607177.800  4607177.808  4607524.544
400  JTTDCMUT+I+G4 2328281.104  9   4656580.207  4656580.208  4656674.774
402  JTTDCMUT+R3   2328178.902  11  4656379.804  4656379.805  4656495.386
403  JTTDCMUT+R4   2328177.180  13  4656380.359  4656380.361  4656516.955
411  JTTDCMUT+I+R3 2328184.738  12  4656393.477  4656393.478  4656519.565
412  JTTDCMUT+I+R4 2328184.469  14  4656396.939  4656396.940  4656544.042
422  JTTDCMUT+F+I+G4 2318415.834  28  4636887.668  4636887.674  4637181.875
424  JTTDCMUT+F+R3 2318309.019  30  4636678.037  4636678.044  4636993.259
425  JTTDCMUT+F+R4 2318306.934  32  4636677.869  4636677.877  4637014.105
426  JTTDCMUT+F+R5 2318306.654  34  4636681.309  4636681.317  4637038.560
433  JTTDCMUT+F+I+R3 2318319.231  31  4636700.461  4636700.469  4637026.191
434  JTTDCMUT+F+I+R4 2318318.883  33  4636703.766  4636703.774  4637050.510
444  DCMUT+I+G4    2341791.788  9   4683601.576  4683601.576  4683696.142
446  DCMUT+R3      2341799.300  11  4683620.600  4683620.601  4683736.182
+R4 reinitialized from +R3 with factor 0.500
447  DCMUT+R4      2341795.579  13  4683617.158  4683617.159  4683753.754
448  DCMUT+R5      2341793.019  15  4683616.039  4683616.040  4683773.649
455  DCMUT+I+R3    2341795.045  12  4683614.090  4683614.091  4683740.179
456  DCMUT+I+R4    2341794.920  14  4683617.840  4683617.841  4683764.943
466  DCMUT+F+I+G4  2318444.499  28  4636944.997  4636945.003  4637239.204
468  DCMUT+F+R3    2318423.625  30  4636907.249  4636907.256  4637222.471
469  DCMUT+F+R4    2318422.263  32  4636908.526  4636908.534  4637244.762
477  DCMUT+F+I+R3  2318420.443  31  4636902.886  4636902.894  4637228.616
478  DCMUT+F+I+R4  2318420.373  33  4636906.747  4636906.755  4637253.491
488  VT+I+G4       2314300.258  9   4628618.516  4628618.517  4628713.083
490  VT+R3         2314099.937  11  4628221.873  4628221.874  4628337.455
491  VT+R4         2314093.317  13  4628212.634  4628212.636  4628349.230
492  VT+R5         2314088.336  15  4628206.673  4628206.674  4628364.284
499  VT+I+R3       2314073.268  12  4628170.535  4628170.536  4628296.624
500  VT+I+R4       2314072.637  14  4628173.275  4628173.276  4628320.378
510  VT+F+I+G4     2310442.510  28  4620941.021  4620941.027  4621235.228
512  VT+F+R3       2310263.401  30  4620586.802  4620586.808  4620902.023
513  VT+F+R4       2310256.069  32  4620576.138  4620576.145  4620912.374
514  VT+F+R5       2310252.592  34  4620573.184  4620573.193  4620930.436
521  VT+F+I+R3     2310241.156  31  4620544.312  4620544.320  4620870.041
522  VT+F+I+R4     2310240.909  33  4620547.818  4620547.826  4620894.562
532  PMB+I+G4      2330441.609  9   4660901.217  4660901.218  4660995.784
534  PMB+R3        2330099.300  11  4660220.599  4660220.600  4660336.181
+R4 reinitialized from +R3 with factor 0.500
535  PMB+R4        2330098.770  13  4660223.539  4660223.541  4660360.135
543  PMB+I+R3      2330109.665  12  4660243.331  4660243.332  4660369.419
544  PMB+I+R4      2330109.635  14  4660247.270  4660247.271  4660394.373
554  PMB+F+I+G4    2316639.463  28  4633334.927  4633334.933  4633629.134
556  PMB+F+R3      2316439.999  30  4632939.998  4632940.004  4633255.219
557  PMB+F+R4      2316439.978  32  4632943.956  4632943.964  4633280.193
565  PMB+F+I+R3    2316430.500  31  4632923.000  4632923.008  4633248.729
566  PMB+F+I+R4    2316430.321  33  4632926.642  4632926.651  4633273.386
576  BLOSUM62+I+G4 2325361.705  9   4650741.411  4650741.411  4650835.977
578  BLOSUM62+R3   2325073.739  11  4650169.478  4650169.479  4650285.060
579  BLOSUM62+R4   2325073.549  13  4650173.099  4650173.100  4650309.695
587  BLOSUM62+I+R3 2325066.015  12  4650156.031  4650156.032  4650282.119
588  BLOSUM62+I+R4 2325065.907  14  4650159.814  4650159.815  4650306.917
598  BLOSUM62+F+I+G4 2314401.422  28  4628858.844  4628858.850  4629153.051
600  BLOSUM62+F+R3 2314233.449  30  4628526.899  4628526.906  4628842.121
+R4 reinitialized from +R3 with factor 0.500
601  BLOSUM62+F+R4 2314226.293  32  4628516.585  4628516.593  4628852.822
602  BLOSUM62+F+R5 2314213.348  34  4628494.697  4628494.705  4628851.948
609  BLOSUM62+F+I+R3 2314207.861  31  4628477.722  4628477.729  4628803.451
610  BLOSUM62+F+I+R4 2314207.658  33  4628481.317  4628481.325  4628828.061
620  DAYHOFF+I+G4  2341765.486  9   4683548.972  4683548.973  4683643.539
622  DAYHOFF+R3    2341772.237  11  4683566.475  4683566.476  4683682.056
+R4 reinitialized from +R3 with factor 0.500
623  DAYHOFF+R4    2341770.237  13  4683566.475  4683566.476  4683703.071
631  DAYHOFF+I+R3  2341769.505  12  4683563.010  4683563.011  4683689.098
+I+R4 reinitialized from +I+R3 with factor 0.500
632  DAYHOFF+I+R4  2341764.027  14  4683556.054  4683556.055  4683703.157
+I+R5 reinitialized from +I+R4 with factor 0.500
633  DAYHOFF+I+R5  2341764.046  16  4683560.091  4683560.093  4683728.210
642  DAYHOFF+F+I+G4 2318411.648  28  4636879.296  4636879.302  4637173.503
644  DAYHOFF+F+R3  2318395.127  30  4636850.253  4636850.260  4637165.475
645  DAYHOFF+F+R4  2318394.074  32  4636852.148  4636852.155  4637188.384
653  DAYHOFF+F+I+R3 2318384.831  31  4636831.663  4636831.670  4637157.392
+I+R4 reinitialized from +I+R3 with factor 0.500
+I+R4 reinitialized from +I+R3 with factor 0.250
654  DAYHOFF+F+I+R4 2318384.923  33  4636835.845  4636835.854  4637182.589
664  MTREV+I+G4    2441942.256  9   4883902.512  4883902.513  4883997.079
666  MTREV+R3      2441427.555  11  4882877.110  4882877.111  4882992.691
667  MTREV+R4      2441424.002  13  4882874.003  4882874.004  4883010.599
+R5 reinitialized from +R4 with factor 0.500
668  MTREV+R5      2441419.022  15  4882868.044  4882868.045  4883025.654
675  MTREV+I+R3    2441416.990  12  4882857.979  4882857.980  4882984.068
+I+R4 reinitialized from +I+R3 with factor 0.500
+I+R4 reinitialized from +I+R3 with factor 0.250
+I+R4 reinitialized from +I+R3 with factor 0.125
+I+R4 reinitialized from +I+R3 with factor 0.062
+I+R4 reinitialized from +I+R3 with factor 0.031
676  MTREV+I+R4    2441417.260  14  4882862.521  4882862.523  4883009.624
686  MTREV+F+I+G4  2330642.879  28  4661341.758  4661341.764  4661635.965
688  MTREV+F+R3    2330704.441  30  4661468.883  4661468.889  4661784.104
689  MTREV+F+R4    2330676.788  32  4661417.575  4661417.583  4661753.812
690  MTREV+F+R5    2330655.758  34  4661379.516  4661379.524  4661736.767
697  MTREV+F+I+R3  2330639.030  31  4661340.060  4661340.067  4661665.789
698  MTREV+F+I+R4  2330638.048  33  4661342.097  4661342.105  4661688.841
708  MTART+I+G4    2447307.871  9   4894633.742  4894633.742  4894728.308
710  MTART+R3      2446722.306  11  4893466.611  4893466.612  4893582.192
711  MTART+R4      2446624.099  13  4893274.199  4893274.200  4893410.795
712  MTART+R5      2446611.829  15  4893253.658  4893253.659  4893411.269
719  MTART+I+R3    2446662.130  12  4893348.260  4893348.261  4893474.348
720  MTART+I+R4    2446661.471  14  4893350.942  4893350.943  4893498.045
730  MTART+F+I+G4  2329318.662  28  4658693.325  4658693.331  4658987.532
732  MTART+F+R3    2329291.018  30  4658642.037  4658642.044  4658957.259
733  MTART+F+R4    2329199.323  32  4658462.646  4658462.654  4658798.883
734  MTART+F+R5    2329196.032  34  4658460.063  4658460.072  4658817.315
741  MTART+F+I+R3  2329202.792  31  4658467.584  4658467.591  4658793.313
+I+R4 reinitialized from +I+R3 with factor 0.500
742  MTART+F+I+R4  2329194.614  33  4658455.229  4658455.237  4658801.973
+I+R5 reinitialized from +I+R4 with factor 0.500
743  MTART+F+I+R5  2329194.648  35  4658459.295  4658459.305  4658827.054
752  MTZOA+I+G4    2420260.860  9   4840539.721  4840539.721  4840634.287
754  MTZOA+R3      2419092.905  11  4838207.811  4838207.812  4838323.392
755  MTZOA+R4      2419091.531  13  4838209.062  4838209.063  4838345.658
763  MTZOA+I+R3    2419122.594  12  4838269.188  4838269.189  4838395.276
764  MTZOA+I+R4    2419084.769  14  4838197.538  4838197.539  4838344.641
765  MTZOA+I+R5    2419083.258  16  4838198.516  4838198.518  4838366.634
774  MTZOA+F+I+G4  2319182.455  28  4638420.910  4638420.916  4638715.117
776  MTZOA+F+R3    2319188.211  30  4638436.423  4638436.430  4638751.645
777  MTZOA+F+R4    2319141.957  32  4638347.913  4638347.921  4638684.150
778  MTZOA+F+R5    2319138.327  34  4638344.653  4638344.662  4638701.905
785  MTZOA+F+I+R3  2319144.090  31  4638350.180  4638350.187  4638675.909
786  MTZOA+F+I+R4  2319140.807  33  4638347.614  4638347.622  4638694.358
787  MTZOA+F+I+R5  2319139.243  35  4638348.487  4638348.496  4638716.246
796  MTMET+I+G4    2443008.376  9   4886034.751  4886034.752  4886129.318
798  MTMET+R3      2441269.530  11  4882561.061  4882561.062  4882676.642
799  MTMET+R4      2441265.731  13  4882557.463  4882557.464  4882694.059
800  MTMET+R5      2441265.478  15  4882560.955  4882560.957  4882718.566
807  MTMET+I+R3    2441256.577  12  4882537.155  4882537.156  4882663.244
808  MTMET+I+R4    2441256.574  14  4882541.148  4882541.149  4882688.251
818  MTMET+F+I+G4  2329948.815  28  4659953.631  4659953.637  4660247.838
820  MTMET+F+R3    2330030.090  30  4660120.179  4660120.186  4660435.401
821  MTMET+F+R4    2329965.579  32  4659995.158  4659995.165  4660331.394
822  MTMET+F+R5    2329957.418  34  4659982.836  4659982.844  4660340.087
829  MTMET+F+I+R3  2329950.061  31  4659962.122  4659962.130  4660287.851
830  MTMET+F+I+R4  2329927.110  33  4659920.219  4659920.228  4660266.963
+I+R5 reinitialized from +I+R4 with factor 0.500
831  MTMET+F+I+R5  2329924.801  35  4659919.603  4659919.612  4660287.361
840  MTVER+I+G4    2461622.157  9   4923262.314  4923262.315  4923356.881
842  MTVER+R3      2459909.773  11  4919841.546  4919841.547  4919957.127
843  MTVER+R4      2459909.024  13  4919844.048  4919844.050  4919980.644
851  MTVER+I+R3    2459946.233  12  4919916.467  4919916.468  4920042.555
852  MTVER+I+R4    2459861.301  14  4919750.603  4919750.605  4919897.706
+I+R5 reinitialized from +I+R4 with factor 0.500
853  MTVER+I+R5    2459859.938  16  4919751.876  4919751.878  4919919.994
862  MTVER+F+I+G4  2347432.911  28  4694921.821  4694921.827  4695216.028
864  MTVER+F+R3    2347576.382  30  4695212.765  4695212.772  4695527.987
865  MTVER+F+R4    2347394.556  32  4694853.113  4694853.121  4695189.350
866  MTVER+F+R5    2347384.109  34  4694836.217  4694836.226  4695193.469
873  MTVER+F+I+R3  2347422.046  31  4694906.093  4694906.100  4695231.822
874  MTVER+F+I+R4  2347378.025  33  4694822.050  4694822.059  4695168.794
+I+R5 reinitialized from +I+R4 with factor 0.500
875  MTVER+F+I+R5  2347373.377  35  4694816.754  4694816.764  4695184.513
884  MTINV+I+G4    2461905.089  9   4923828.177  4923828.178  4923922.744
886  MTINV+R3      2460469.636  11  4920961.273  4920961.274  4921076.854
887  MTINV+R4      2460455.366  13  4920936.732  4920936.733  4921073.328
+R5 reinitialized from +R4 with factor 0.500
888  MTINV+R5      2460446.219  15  4920922.438  4920922.440  4921080.049
895  MTINV+I+R3    2460442.130  12  4920908.260  4920908.261  4921034.349
+I+R4 reinitialized from +I+R3 with factor 0.500
896  MTINV+I+R4    2460442.058  14  4920912.117  4920912.118  4921059.220
906  MTINV+F+I+G4  2320522.712  28  4641101.423  4641101.429  4641395.630
908  MTINV+F+R3    2320525.549  30  4641111.099  4641111.106  4641426.321
909  MTINV+F+R4    2320512.220  32  4641088.440  4641088.448  4641424.677
+R5 reinitialized from +R4 with factor 0.500
910  MTINV+F+R5    2320510.202  34  4641088.404  4641088.413  4641445.655
917  MTINV+F+I+R3  2320522.626  31  4641107.252  4641107.259  4641432.981
+I+R4 reinitialized from +I+R3 with factor 0.500
918  MTINV+F+I+R4  2320515.701  33  4641097.403  4641097.411  4641444.147
919  MTINV+F+I+R5  2320511.781  35  4641093.562  4641093.571  4641461.321
928  MTMAM+I+G4    2466668.566  9   4933355.132  4933355.132  4933449.698
930  MTMAM+R3      2465963.071  11  4931948.141  4931948.142  4932063.722
931  MTMAM+R4      2465831.259  13  4931688.519  4931688.520  4931825.115
932  MTMAM+R5      2465770.850  15  4931571.700  4931571.702  4931729.311
939  MTMAM+I+R3    2465734.990  12  4931493.980  4931493.981  4931620.069
940  MTMAM+I+R4    2465723.038  14  4931474.076  4931474.078  4931621.180
+I+R5 reinitialized from +I+R4 with factor 0.500
+I+R5 reinitialized from +I+R4 with factor 0.250
+I+R5 reinitialized from +I+R4 with factor 0.125
+I+R5 reinitialized from +I+R4 with factor 0.062
+I+R5 reinitialized from +I+R4 with factor 0.031
941  MTMAM+I+R5    2465723.611  16  4931479.222  4931479.224  4931647.340
950  MTMAM+F+I+G4  2352585.547  28  4705227.095  4705227.101  4705521.302
952  MTMAM+F+R3    2352775.031  30  4705610.062  4705610.069  4705925.283
953  MTMAM+F+R4    2352504.928  32  4705073.855  4705073.863  4705410.092
954  MTMAM+F+R5    2352415.218  34  4704898.437  4704898.445  4705255.688
961  MTMAM+F+I+R3  2352556.427  31  4705174.854  4705174.861  4705500.583
962  MTMAM+F+I+R4  2352492.292  33  4705050.585  4705050.593  4705397.329
963  MTMAM+F+I+R5  2352479.443  35  4705028.887  4705028.896  4705396.645
972  FLAVI+I+G4    2390687.056  9   4781392.112  4781392.113  4781486.679
974  FLAVI+R3      2390846.271  11  4781714.542  4781714.543  4781830.123
975  FLAVI+R4      2390557.593  13  4781141.186  4781141.187  4781277.782
+R5 reinitialized from +R4 with factor 0.500
976  FLAVI+R5      2390552.821  15  4781135.642  4781135.644  4781293.253
983  FLAVI+I+R3    2390545.375  12  4781114.750  4781114.751  4781240.838
+I+R4 reinitialized from +I+R3 with factor 0.500
984  FLAVI+I+R4    2390544.075  14  4781116.150  4781116.152  4781263.254
994  FLAVI+F+I+G4  2360833.637  28  4721723.273  4721723.279  4722017.480
996  FLAVI+F+R3    2361056.693  30  4722173.385  4722173.392  4722488.607
997  FLAVI+F+R4    2360795.003  32  4721654.006  4721654.013  4721990.242
998  FLAVI+F+R5    2360794.715  34  4721657.430  4721657.439  4722014.681
1005  FLAVI+F+I+R3  2360802.844  31  4721667.689  4721667.696  4721993.418
1006  FLAVI+F+I+R4  2360801.101  33  4721668.201  4721668.210  4722014.945
1016  HIVB+I+G4     2359161.435  9   4718340.870  4718340.871  4718435.437
1018  HIVB+R3       2359100.812  11  4718223.624  4718223.625  4718339.206
1019  HIVB+R4       2359082.052  13  4718190.104  4718190.105  4718326.700
1020  HIVB+R5       2359081.992  15  4718193.984  4718193.986  4718351.595
1027  HIVB+I+R3     2359080.973  12  4718185.946  4718185.948  4718312.035
1028  HIVB+I+R4     2359077.378  14  4718182.756  4718182.758  4718329.860
+I+R5 reinitialized from +I+R4 with factor 0.500
1029  HIVB+I+R5     2359076.998  16  4718185.996  4718185.998  4718354.115
1038  HIVB+F+I+G4   2336957.924  28  4673971.847  4673971.853  4674266.054
1040  HIVB+F+R3     2336892.681  30  4673845.362  4673845.369  4674160.584
1041  HIVB+F+R4     2336873.373  32  4673810.745  4673810.753  4674146.982
1042  HIVB+F+R5     2336871.763  34  4673811.526  4673811.535  4674168.777
1049  HIVB+F+I+R3   2336873.248  31  4673808.495  4673808.502  4674134.224
1050  HIVB+F+I+R4   2336870.281  33  4673806.561  4673806.570  4674153.305
+I+R5 reinitialized from +I+R4 with factor 0.500
+I+R5 reinitialized from +I+R4 with factor 0.250
+I+R5 reinitialized from +I+R4 with factor 0.125
1051  HIVB+F+I+R5   2336870.133  35  4673810.266  4673810.276  4674178.025
1060  HIVW+I+G4     2429479.164  9   4858976.328  4858976.329  4859070.895
1062  HIVW+R3       2429464.390  11  4858950.780  4858950.781  4859066.362
1063  HIVW+R4       2428781.914  13  4857589.828  4857589.830  4857726.425
1064  HIVW+R5       2428779.309  15  4857588.619  4857588.621  4857746.230
1071  HIVW+I+R3     2428835.399  12  4857694.797  4857694.798  4857820.886
1072  HIVW+I+R4     2428831.661  14  4857691.322  4857691.324  4857838.425
+I+R5 reinitialized from +I+R4 with factor 0.500
1073  HIVW+I+R5     2428821.558  16  4857675.116  4857675.118  4857843.234
1082  HIVW+F+I+G4   2377454.219  28  4754964.438  4754964.444  4755258.645
1084  HIVW+F+R3     2377356.568  30  4754773.137  4754773.144  4755088.358
1085  HIVW+F+R4     2376651.215  32  4753366.431  4753366.438  4753702.667
+R5 reinitialized from +R4 with factor 0.500
1086  HIVW+F+R5     2376651.112  34  4753370.225  4753370.233  4753727.476
1093  HIVW+F+I+R3   2376663.448  31  4753388.897  4753388.904  4753714.626
1094  HIVW+F+I+R4   2376661.541  33  4753389.083  4753389.091  4753735.827
1104  FLU+I+G4      2351513.517  9   4703045.033  4703045.034  4703139.600
1106  FLU+R3        2351525.422  11  4703072.843  4703072.844  4703188.425
1107  FLU+R4        2350408.742  13  4700843.484  4700843.485  4700980.080
1108  FLU+R5        2350404.929  15  4700839.858  4700839.860  4700997.469
1115  FLU+I+R3      2350400.395  12  4700824.789  4700824.790  4700950.878
1116  FLU+I+R4      2350398.643  14  4700825.286  4700825.288  4700972.390
1126  FLU+F+I+G4    2332808.641  28  4665673.282  4665673.288  4665967.489
1128  FLU+F+R3      2332829.397  30  4665718.794  4665718.801  4666034.016
1129  FLU+F+R4      2331321.215  32  4662706.431  4662706.439  4663042.667
1130  FLU+F+R5      2331320.645  34  4662709.290  4662709.299  4663066.541
1137  FLU+F+I+R3    2331310.657  31  4662683.314  4662683.321  4663009.043
1138  FLU+F+I+R4    2331310.088  33  4662686.176  4662686.184  4663032.920
1148  RTREV+I+G4    2326744.795  9   4653507.590  4653507.591  4653602.157
1150  RTREV+R3      2326646.300  11  4653314.599  4653314.600  4653430.181
1151  RTREV+R4      2326592.089  13  4653210.179  4653210.180  4653346.775
+R5 reinitialized from +R4 with factor 0.500
+R5 reinitialized from +R4 with factor 0.250
+R5 reinitialized from +R4 with factor 0.125
+R5 reinitialized from +R4 with factor 0.062
1152  RTREV+R5      2326592.153  15  4653214.306  4653214.307  4653371.916
1159  RTREV+I+R3    2326594.764  12  4653213.527  4653213.528  4653339.616
+I+R4 reinitialized from +I+R3 with factor 0.500
+I+R4 reinitialized from +I+R3 with factor 0.250
1160  RTREV+I+R4    2326594.605  14  4653217.210  4653217.211  4653364.313
1170  RTREV+F+I+G4  2304354.920  28  4608765.840  4608765.846  4609060.047
1172  RTREV+F+R3    2304298.470  30  4608656.940  4608656.947  4608972.162
1173  RTREV+F+R4    2304293.708  32  4608651.415  4608651.423  4608987.652
1174  RTREV+F+R5    2304293.488  34  4608654.975  4608654.984  4609012.226
1181  RTREV+F+I+R3  2304297.882  31  4608657.764  4608657.772  4608983.493
1182  RTREV+F+I+R4  2304296.390  33  4608658.779  4608658.788  4609005.523
1192  CPREV+I+G4    2329958.609  9   4659935.218  4659935.219  4660029.784
1194  CPREV+R3      2329922.662  11  4659867.323  4659867.324  4659982.904
+R4 reinitialized from +R3 with factor 0.500
1195  CPREV+R4      2329922.505  13  4659871.011  4659871.012  4660007.607
1203  CPREV+I+R3    2329934.793  12  4659893.586  4659893.587  4660019.674
1204  CPREV+I+R4    2329933.930  14  4659895.860  4659895.862  4660042.964
1214  CPREV+F+I+G4  2316902.554  28  4633861.109  4633861.115  4634155.316
1216  CPREV+F+R3    2316886.342  30  4633832.684  4633832.691  4634147.906
+R4 reinitialized from +R3 with factor 0.500
+R4 reinitialized from +R3 with factor 0.250
1217  CPREV+F+R4    2316886.236  32  4633836.472  4633836.480  4634172.709
1225  CPREV+F+I+R3  2316915.320  31  4633892.641  4633892.648  4634218.370
1226  CPREV+F+I+R4  2316912.391  33  4633890.782  4633890.791  4634237.526
1227  CPREV+F+I+R5  2316909.077  35  4633888.154  4633888.164  4634255.913
Akaike Information Criterion:           LG+F+I+G4
Corrected Akaike Information Criterion: LG+F+I+G4
Bayesian Information Criterion:         LG+F+I+G4
Best-fit model: LG+F+I+G4 chosen according to AIC

All model information printed to 5Ascomycota_c60_init.model.gz
CPU time for ModelFinder: 332960.670 seconds (92h:29m:20s)
Wall-clock time for ModelFinder: 16633.653 seconds (4h:37m:13s)

NOTE: 329 MB RAM (0 GB) is required!
Estimate model parameters (epsilon = 0.010)
Thoroughly optimizing +I+G parameters from 10 start values...
Init pinv, alpha: 0.000, 1.880 / Estimate: 0.000, 1.046 / LogL: -2302515.314
Init pinv, alpha: 0.033, 1.880 / Estimate: 0.092, 1.750 / LogL: -2301609.780
Init pinv, alpha: 0.065, 1.880 / Estimate: 0.092, 1.750 / LogL: -2301609.780
Init pinv, alpha: 0.098, 1.880 / Estimate: 0.093, 1.764 / LogL: -2301609.749
Init pinv, alpha: 0.131, 1.880 / Estimate: 0.093, 1.764 / LogL: -2301609.759
Init pinv, alpha: 0.163, 1.880 / Estimate: 0.093, 1.764 / LogL: -2301609.753
Init pinv, alpha: 0.196, 1.880 / Estimate: 0.093, 1.763 / LogL: -2301609.742
Init pinv, alpha: 0.229, 1.880 / Estimate: 0.093, 1.764 / LogL: -2301609.760
Init pinv, alpha: 0.261, 1.880 / Estimate: 0.093, 1.763 / LogL: -2301609.746
Init pinv, alpha: 0.294, 1.880 / Estimate: 0.093, 1.764 / LogL: -2301609.758
Optimal pinv,alpha: 0.093, 1.763 / LogL: -2301609.742

Parameters optimization took 113.083 sec
Wrote distance file to... 
BEST SCORE FOUND : -2301609.742
Total tree length: 4.248

Total number of iterations: 0
CPU time used for tree search: 0.000 sec (0h:0m:0s)
Wall-clock time used for tree search: 0.000 sec (0h:0m:0s)
Total CPU time used: 335212.530 sec (93h:6m:52s)
Total wall-clock time used: 16746.812 sec (4h:39m:6s)

Analysis results written to: 
  IQ-TREE report:                5Ascomycota_c60_init.iqtree
  Tree used for ModelFinder:     5Ascomycota_c60_init.treefile
  Screen log file:               5Ascomycota_c60_init.log

Date and Time: Fri May  9 21:21:56 2025
