IQ-TREE multicore version 2.4.0 for Linux x86 64-bit built Mar 19 2025
Developed by Bui Quang Minh, Nguyen Lam Tung, Olga Chernomor, Heiko Schmidt,
Dominik Schrempf, Michael Woodhams, Ly Trong Nhan, Thomas Wong

Host:    dayhoff.uds.anu.edu.au (AVX2, FMA3, 1007 GB RAM)
Command: ../../iqtree2 -s ./5_concated.nex -m LG+C60+I+G4 -te ../partition/Q/Ascomycota5_Q_search.treefile -T 21 -mem 120G -safe -pre Ascomycota5_c60_unopt
Seed:    409347 (Using SPRNG - Scalable Parallel Random Number Generator)
Time:    Fri May  9 22:19:20 2025
Kernel:  Safe AVX+FMA - 21 threads (22 CPU cores detected)

Reading alignment file ./5_concated.nex ... Nexus format detected
Skipping unknown block (sets)...
WARNING: 8171 sites contain only gaps or ambiguous characters.
Alignment has 5 sequences with 270328 columns, 106611 distinct patterns
24146 parsimony-informative, 166695 singleton sites, 79487 constant sites
                             Gap/Ambiguity  Composition  p-value
Analyzing sequences: done in 0.016924 secs using 1015% CPU
   1  Huntiella_omanensis           16.48%    failed      0.00%
   2  Kazachstania_transvaalensis   18.08%    failed      0.00%
   3  Metschnikowia_bowlesiae       18.27%    failed      0.00%
   4  Saturnispora_silvae           24.16%    failed      0.00%
   5  Starmerella_apicola           32.88%    failed      0.00%
****  TOTAL                         21.97%  5 sequences failed composition chi2 test (p-value<5%; df=19)
NOTE: minimal branch length is reduced to 0.000000369921 for long alignment
Checking for duplicate sequences: done in 0.0304194 secs using 920.2% CPU
Reading input tree file ../partition/Q/Ascomycota5_Q_search.treefile ...
Model LG+C60+I+G4 is alias for LG+POISSON+G+FMIX{C60pi1:1:0.0169698865,C60pi2:1:0.0211683374,C60pi3:1:0.0276589079,C60pi4:1:0.0065675964,C60pi5:1:0.0141221416,C60pi6:1:0.0068774834,C60pi7:1:0.0146909701,C60pi8:1:0.0067225777,C60pi9:1:0.0018396660,C60pi10:1:0.0102547197,C60pi11:1:0.0230896163,C60pi12:1:0.0057941033,C60pi13:1:0.0125394534,C60pi14:1:0.0204526478,C60pi15:1:0.0070629602,C60pi16:1:0.0117982741,C60pi17:1:0.0068334668,C60pi18:1:0.0433775839,C60pi19:1:0.0318278731,C60pi20:1:0.0222546108,C60pi21:1:0.0102264969,C60pi22:1:0.0150545891,C60pi23:1:0.0134159878,C60pi24:1:0.0148552065,C60pi25:1:0.0239111516,C60pi26:1:0.0128776278,C60pi27:1:0.0222318842,C60pi28:1:0.0247444742,C60pi29:1:0.0214274810,C60pi30:1:0.0115001882,C60pi31:1:0.0076017389,C60pi32:1:0.0130258568,C60pi33:1:0.0093701965,C60pi34:1:0.0467194264,C60pi35:1:0.0441940314,C60pi36:1:0.0322263154,C60pi37:1:0.0402999891,C60pi38:1:0.0150234227,C60pi39:1:0.0104589903,C60pi40:1:0.0214742395,C60pi41:1:0.0154957836,C60pi42:1:0.0101789953,C60pi43:1:0.0227980379,C60pi44:1:0.0123204539,C60pi45:1:0.0066777583,C60pi46:1:0.0004150083,C60pi47:1:0.0344385130,C60pi48:1:0.0113663379,C60pi49:1:0.0127143049,C60pi50:1:0.0124323741,C60pi51:1:0.0262124415,C60pi52:1:0.0064994957,C60pi53:1:0.0103203293,C60pi54:1:0.0142463512,C60pi55:1:0.0215600067,C60pi56:1:0.0199150700,C60pi57:1:0.0038964200,C60pi58:1:0.0113448855,C60pi59:1:0.0128595846,C60pi60:1:0.0117656776}+I+G4
WARNING: Your input class weight 0.000415008 is very small and may cause numerical issues

NOTE: 19769 MB RAM (19 GB) is required!
Estimate model parameters (epsilon = 0.010)
1. Initial log-likelihood: -2366682.260
2. Current log-likelihood: -2323625.265
3. Current log-likelihood: -2322297.540
4. Current log-likelihood: -2322020.696
5. Current log-likelihood: -2321929.445
6. Current log-likelihood: -2321885.601
7. Current log-likelihood: -2321859.539
8. Current log-likelihood: -2321840.968
9. Current log-likelihood: -2321826.713
10. Current log-likelihood: -2321815.371
11. Current log-likelihood: -2321806.117
12. Current log-likelihood: -2321798.423
13. Current log-likelihood: -2321791.931
14. Current log-likelihood: -2321786.378
15. Current log-likelihood: -2321781.571
16. Current log-likelihood: -2321777.375
17. Current log-likelihood: -2321773.685
18. Current log-likelihood: -2321770.418
19. Current log-likelihood: -2321767.515
20. Current log-likelihood: -2321764.911
21. Current log-likelihood: -2321762.568
22. Current log-likelihood: -2321760.451
23. Current log-likelihood: -2321758.531
24. Current log-likelihood: -2321756.784
25. Current log-likelihood: -2321755.522
26. Current log-likelihood: -2321753.975
27. Current log-likelihood: -2321752.904
28. Current log-likelihood: -2321751.566
29. Current log-likelihood: -2321750.439
30. Current log-likelihood: -2321749.398
31. Current log-likelihood: -2321748.438
32. Current log-likelihood: -2321747.548
33. Current log-likelihood: -2321746.706
34. Current log-likelihood: -2321745.902
35. Current log-likelihood: -2321745.357
36. Current log-likelihood: -2321744.642
37. Current log-likelihood: -2321744.158
38. Current log-likelihood: -2321743.507
39. Current log-likelihood: -2321743.063
40. Current log-likelihood: -2321742.464
41. Current log-likelihood: -2321742.048
42. Current log-likelihood: -2321741.672
43. Current log-likelihood: -2321741.319
44. Current log-likelihood: -2321740.983
45. Current log-likelihood: -2321740.660
46. Current log-likelihood: -2321740.350
47. Current log-likelihood: -2321740.050
48. Current log-likelihood: -2321739.760
49. Current log-likelihood: -2321739.477
50. Current log-likelihood: -2321739.203
51. Current log-likelihood: -2321738.937
52. Current log-likelihood: -2321738.677
53. Current log-likelihood: -2321738.425
54. Current log-likelihood: -2321738.179
55. Current log-likelihood: -2321737.940
56. Current log-likelihood: -2321737.707
57. Current log-likelihood: -2321737.481
58. Current log-likelihood: -2321737.261
59. Current log-likelihood: -2321737.047
60. Current log-likelihood: -2321736.840
61. Current log-likelihood: -2321736.752
62. Current log-likelihood: -2321736.566
63. Current log-likelihood: -2321736.385
64. Current log-likelihood: -2321736.207
65. Current log-likelihood: -2321736.132
66. Current log-likelihood: -2321735.971
67. Current log-likelihood: -2321735.813
68. Current log-likelihood: -2321735.747
69. Current log-likelihood: -2321735.602
70. Current log-likelihood: -2321735.549
71. Current log-likelihood: -2321735.414
72. Current log-likelihood: -2321735.367
73. Current log-likelihood: -2321735.240
74. Current log-likelihood: -2321735.198
75. Current log-likelihood: -2321735.077
76. Current log-likelihood: -2321735.037
77. Current log-likelihood: -2321734.924
78. Current log-likelihood: -2321734.885
79. Current log-likelihood: -2321734.778
80. Current log-likelihood: -2321734.739
81. Current log-likelihood: -2321734.639
82. Current log-likelihood: -2321734.601
83. Current log-likelihood: -2321734.507
84. Current log-likelihood: -2321734.469
85. Current log-likelihood: -2321734.447
86. Current log-likelihood: -2321734.360
87. Current log-likelihood: -2321734.328
88. Current log-likelihood: -2321734.247
89. Current log-likelihood: -2321734.214
90. Current log-likelihood: -2321734.195
91. Current log-likelihood: -2321734.120
92. Current log-likelihood: -2321734.090
93. Current log-likelihood: -2321734.075
94. Current log-likelihood: -2321734.006
95. Current log-likelihood: -2321733.978
96. Current log-likelihood: -2321733.964
97. Current log-likelihood: -2321733.901
98. Current log-likelihood: -2321733.874
99. Current log-likelihood: -2321733.861
Optimal log-likelihood: -2321733.851
Mixture weights: 0.017 0.021 0.028 0.007 0.014 0.007 0.015 0.007 0.002 0.010 0.023 0.006 0.013 0.020 0.007 0.012 0.007 0.043 0.032 0.022 0.010 0.015 0.013 0.015 0.024 0.013 0.022 0.025 0.021 0.012 0.008 0.013 0.009 0.047 0.044 0.032 0.040 0.015 0.010 0.021 0.015 0.010 0.023 0.012 0.007 0.000 0.034 0.011 0.013 0.012 0.026 0.006 0.010 0.014 0.022 0.020 0.004 0.011 0.013 0.012
Proportion of invariable sites: 0.077
Gamma shape alpha: 0.418
Parameters optimization took 99 rounds (1602.013 sec)
Wrote distance file to... 
BEST SCORE FOUND : -2321733.851
Total tree length: 46.881

Total number of iterations: 0
CPU time used for tree search: 0.000 sec (0h:0m:0s)
Wall-clock time used for tree search: 0.000 sec (0h:0m:0s)
Total CPU time used: 29483.655 sec (8h:11m:23s)
Total wall-clock time used: 46781724.601 sec (12994h:55m:24s)

Analysis results written to: 
  IQ-TREE report:                Ascomycota5_c60_unopt.iqtree
  Maximum-likelihood tree:       Ascomycota5_c60_unopt.treefile
  Screen log file:               Ascomycota5_c60_unopt.log

Date and Time: Fri May  9 22:46:05 2025
