IQ-TREE multicore version 2.4.0 for Linux x86 64-bit built Mar 19 2025
Developed by Bui Quang Minh, Nguyen Lam Tung, Olga Chernomor, Heiko Schmidt,
Dominik Schrempf, Michael Woodhams, Ly Trong Nhan, Thomas Wong

Host:    dayhoff.uds.anu.edu.au (AVX2, FMA3, 1007 GB RAM)
Command: ../../iqtree2 -s ./5_concated.nex -m LG+C60+I+G4 -te ../partition/Q/Ascomycota5_Q_search.treefile -mwopt -T 21 -mem 120G -safe -pre Ascomycota5_c60_opt
Seed:    99808 (Using SPRNG - Scalable Parallel Random Number Generator)
Time:    Fri May  9 22:46:05 2025
Kernel:  Safe AVX+FMA - 21 threads (22 CPU cores detected)

Reading alignment file ./5_concated.nex ... Nexus format detected
Skipping unknown block (sets)...
WARNING: 8171 sites contain only gaps or ambiguous characters.
Alignment has 5 sequences with 270328 columns, 106611 distinct patterns
24146 parsimony-informative, 166695 singleton sites, 79487 constant sites
                             Gap/Ambiguity  Composition  p-value
Analyzing sequences: done in 0.0173176 secs using 1290% CPU
   1  Huntiella_omanensis           16.48%    failed      0.00%
   2  Kazachstania_transvaalensis   18.08%    failed      0.00%
   3  Metschnikowia_bowlesiae       18.27%    failed      0.00%
   4  Saturnispora_silvae           24.16%    failed      0.00%
   5  Starmerella_apicola           32.88%    failed      0.00%
****  TOTAL                         21.97%  5 sequences failed composition chi2 test (p-value<5%; df=19)
NOTE: minimal branch length is reduced to 0.000000369921 for long alignment
Checking for duplicate sequences: done in 0.0131351 secs using 1823% CPU
Reading input tree file ../partition/Q/Ascomycota5_Q_search.treefile ...
Model LG+C60+I+G4 is alias for LG+POISSON+G+FMIX{C60pi1:1:0.0169698865,C60pi2:1:0.0211683374,C60pi3:1:0.0276589079,C60pi4:1:0.0065675964,C60pi5:1:0.0141221416,C60pi6:1:0.0068774834,C60pi7:1:0.0146909701,C60pi8:1:0.0067225777,C60pi9:1:0.0018396660,C60pi10:1:0.0102547197,C60pi11:1:0.0230896163,C60pi12:1:0.0057941033,C60pi13:1:0.0125394534,C60pi14:1:0.0204526478,C60pi15:1:0.0070629602,C60pi16:1:0.0117982741,C60pi17:1:0.0068334668,C60pi18:1:0.0433775839,C60pi19:1:0.0318278731,C60pi20:1:0.0222546108,C60pi21:1:0.0102264969,C60pi22:1:0.0150545891,C60pi23:1:0.0134159878,C60pi24:1:0.0148552065,C60pi25:1:0.0239111516,C60pi26:1:0.0128776278,C60pi27:1:0.0222318842,C60pi28:1:0.0247444742,C60pi29:1:0.0214274810,C60pi30:1:0.0115001882,C60pi31:1:0.0076017389,C60pi32:1:0.0130258568,C60pi33:1:0.0093701965,C60pi34:1:0.0467194264,C60pi35:1:0.0441940314,C60pi36:1:0.0322263154,C60pi37:1:0.0402999891,C60pi38:1:0.0150234227,C60pi39:1:0.0104589903,C60pi40:1:0.0214742395,C60pi41:1:0.0154957836,C60pi42:1:0.0101789953,C60pi43:1:0.0227980379,C60pi44:1:0.0123204539,C60pi45:1:0.0066777583,C60pi46:1:0.0004150083,C60pi47:1:0.0344385130,C60pi48:1:0.0113663379,C60pi49:1:0.0127143049,C60pi50:1:0.0124323741,C60pi51:1:0.0262124415,C60pi52:1:0.0064994957,C60pi53:1:0.0103203293,C60pi54:1:0.0142463512,C60pi55:1:0.0215600067,C60pi56:1:0.0199150700,C60pi57:1:0.0038964200,C60pi58:1:0.0113448855,C60pi59:1:0.0128595846,C60pi60:1:0.0117656776}+I+G4
WARNING: Your input class weight 0.000415008 is very small and may cause numerical issues

NOTE: 19769 MB RAM (19 GB) is required!
Estimate model parameters (epsilon = 0.010)
1. Initial log-likelihood: -2366682.260
2. Current log-likelihood: -2310355.926
3. Current log-likelihood: -2306868.632
4. Current log-likelihood: -2305786.237
5. Current log-likelihood: -2305605.014
6. Current log-likelihood: -2305572.439
7. Current log-likelihood: -2305510.387
8. Current log-likelihood: -2305490.462
9. Current log-likelihood: -2305459.294
10. Current log-likelihood: -2305440.949
11. Current log-likelihood: -2305419.069
12. Current log-likelihood: -2305412.849
13. Current log-likelihood: -2305394.807
14. Current log-likelihood: -2305387.163
15. Current log-likelihood: -2305369.935
16. Current log-likelihood: -2305362.589
17. Current log-likelihood: -2305348.142
18. Current log-likelihood: -2305346.029
19. Current log-likelihood: -2305331.820
20. Current log-likelihood: -2305328.677
21. Current log-likelihood: -2305316.404
Optimal log-likelihood: -2305316.372
Mixture weights: 0.044 0.012 0.002 0.013 0.030 0.027 0.003 0.003 0.003 0.076 0.019 0.009 0.000 0.005 0.000 0.010 0.025 0.063 0.044 0.010 0.005 0.031 0.005 0.003 0.004 0.009 0.056 0.018 0.017 0.035 0.005 0.016 0.011 0.018 0.036 0.011 0.016 0.082 0.000 0.004 0.000 0.009 0.021 0.000 0.000 0.000 0.014 0.011 0.000 0.000 0.011 0.023 0.000 0.023 0.043 0.012 0.000 0.044 0.004 0.003
Proportion of invariable sites: 0.085
Gamma shape alpha: 0.497
Parameters optimization took 21 rounds (924.332 sec)
WARNING: The mixture model might be overfitting because some mixture weights are estimated close to zero
Wrote distance file to... 
BEST SCORE FOUND : -2305316.372
Total tree length: 27.874

Total number of iterations: 0
CPU time used for tree search: 0.000 sec (0h:0m:0s)
Wall-clock time used for tree search: 0.000 sec (0h:0m:0s)
Total CPU time used: 16677.589 sec (4h:37m:57s)
Total wall-clock time used: 46782651.496 sec (12995h:10m:51s)

Analysis results written to: 
  IQ-TREE report:                Ascomycota5_c60_opt.iqtree
  Maximum-likelihood tree:       Ascomycota5_c60_opt.treefile
  Screen log file:               Ascomycota5_c60_opt.log

Date and Time: Fri May  9 23:01:32 2025
