IQ-TREE multicore version 2.4.0 for Linux x86 64-bit built Mar 19 2025
Developed by Bui Quang Minh, Nguyen Lam Tung, Olga Chernomor, Heiko Schmidt,
Dominik Schrempf, Michael Woodhams, Ly Trong Nhan, Thomas Wong

Host:    dayhoff.uds.anu.edu.au (AVX2, FMA3, 1007 GB RAM)
Command: ../../iqtree2 -s 10_concated.nex -m MF -merit AIC -T 45 -mem 120G -pre 101kplant_c60_init
Seed:    498655 (Using SPRNG - Scalable Parallel Random Number Generator)
Time:    Tue Jun 17 17:48:03 2025
Kernel:  AVX+FMA - 45 threads (46 CPU cores detected)

Reading alignment file 10_concated.nex ... Nexus format detected
Skipping unknown block (sets)...
WARNING: Sequence HKZW site 14010: {DN} treated as unknown character
WARNING: Sequence CSUV site 76069: {DN} treated as unknown character
WARNING: Sequence SKYV site 133958: {EQ} treated as unknown character
WARNING: Sequence YPIC site 134559: {EQ} treated as unknown character
WARNING: 8665 sites contain only gaps or ambiguous characters.
Alignment has 10 sequences with 152928 columns, 105974 distinct patterns
43657 parsimony-informative, 63158 singleton sites, 46113 constant sites
            Gap/Ambiguity  Composition  p-value
Analyzing sequences: done in 0.0245704 secs using 2675% CPU
   1  Chlre_v5.5   28.05%    failed      0.00%
   2  CSUV         39.93%    failed      0.00%
   3  Micpu_v3.0   36.42%    failed      0.00%
   4  MMKU         43.67%    failed      0.00%
   5  HKZW         40.00%    failed      0.00%
   6  ZFGK         36.95%    failed      0.00%
   7  BNCU         28.04%    failed      0.00%
   8  YPIC         36.08%    failed      0.00%
   9  BFIK         44.30%    failed      0.00%
  10  SKYV         43.76%    failed      0.00%
****  TOTAL        37.72%  10 sequences failed composition chi2 test (p-value<5%; df=19)
NOTE: minimal branch length is reduced to 0.000000653902 for long alignment
Checking for duplicate sequences: done in 0.0118765 secs using 3662% CPU


Create initial parsimony tree by phylogenetic likelihood library (PLL)... 0.109 seconds
Perform fast likelihood tree search using LG+I+G model...
Estimate model parameters (epsilon = 5.000)
Perform nearest neighbor interchange...
Optimizing NNI: done in 4.5965 secs using 3711% CPU
Estimate model parameters (epsilon = 1.000)
1. Initial log-likelihood: -1712441.256
2. Current log-likelihood: -1712438.821
3. Current log-likelihood: -1712437.207
4. Current log-likelihood: -1712436.132
Optimal log-likelihood: -1712435.398
Proportion of invariable sites: 0.101
Gamma shape alpha: 1.318
Parameters optimization took 4 rounds (4.819 sec)
Time for fast ML tree search: 25.266 seconds

NOTE: ModelFinder requires 1637 MB RAM!
ModelFinder will test up to 1232 protein models (sample size: 152928 epsilon: 0.100) ...
 No. Model         -LnL         df  AIC          AICc         BIC
  1  LG            1761228.675  17  3522491.349  3522491.353  3522660.290
  2  LG+I          1730570.412  18  3461176.824  3461176.829  3461355.703
  3  LG+G4         1713131.156  18  3426298.311  3426298.316  3426477.190
  4  LG+I+G4       1712434.167  19  3424906.333  3424906.338  3425095.150
  5  LG+R2         1715935.894  19  3431909.788  3431909.793  3432098.605
  6  LG+R3         1712558.932  21  3425159.864  3425159.870  3425368.556
  7  LG+R4         1712357.612  23  3424761.223  3424761.230  3424989.791
  8  LG+R5         1712355.058  25  3424760.116  3424760.125  3425008.560
  9  LG+R6         1712354.047  27  3424762.094  3424762.104  3425030.413
 14  LG+I+R2       1713223.038  20  3426486.076  3426486.081  3426684.830
 15  LG+I+R3       1712381.539  22  3424807.078  3424807.085  3425025.708
 16  LG+I+R4       1712372.270  24  3424792.539  3424792.547  3425031.044
 17  LG+I+R5       1712365.129  26  3424782.259  3424782.268  3425040.639
 18  LG+I+R6       1712363.559  28  3424783.118  3424783.129  3425061.375
 29  LG+F+R4       1705411.966  42  3410907.933  3410907.957  3411325.317
 30  LG+F+R5       1705410.571  44  3410909.142  3410909.167  3411346.401
 51  WAG+R4        1715267.984  23  3430581.967  3430581.974  3430810.535
 52  WAG+R5        1715268.033  25  3430586.067  3430586.075  3430834.510
 73  WAG+F+R4      1710470.251  42  3421024.502  3421024.525  3421441.886
+R5 reinitialized from +R4 with factor 0.500
 74  WAG+F+R5      1710469.022  44  3421026.044  3421026.070  3421463.304
 95  JTT+R4        1722211.302  23  3444468.603  3444468.610  3444697.171
 96  JTT+R5        1722210.798  25  3444471.596  3444471.605  3444720.039
117  JTT+F+R4      1717411.558  42  3434907.117  3434907.140  3435324.501
118  JTT+F+R5      1717410.812  44  3434909.624  3434909.650  3435346.884
139  Q.PFAM+R4     1710528.959  23  3421103.918  3421103.926  3421332.486
140  Q.PFAM+R5     1710527.585  25  3421105.170  3421105.179  3421353.613
161  Q.PFAM+F+R4   1706492.358  42  3413068.716  3413068.740  3413486.101
162  Q.PFAM+F+R5   1706490.787  44  3413069.573  3413069.599  3413506.833
183  Q.BIRD+R4     1743737.920  23  3487521.840  3487521.848  3487750.408
184  Q.BIRD+R5     1743733.112  25  3487516.223  3487516.232  3487764.666
185  Q.BIRD+R6     1743728.100  27  3487510.200  3487510.210  3487778.519
205  Q.BIRD+F+R4   1739689.275  42  3479462.551  3479462.574  3479879.935
206  Q.BIRD+F+R5   1739683.536  44  3479455.072  3479455.098  3479892.332
207  Q.BIRD+F+R6   1739675.558  46  3479443.117  3479443.145  3479900.252
227  Q.MAMMAL+R4   1736381.188  23  3472808.376  3472808.383  3473036.943
228  Q.MAMMAL+R5   1736379.202  25  3472808.405  3472808.413  3473056.848
249  Q.MAMMAL+F+R4 1732230.689  42  3464545.379  3464545.403  3464962.763
250  Q.MAMMAL+F+R5 1732227.839  44  3464543.677  3464543.703  3464980.937
251  Q.MAMMAL+F+R6 1732223.741  46  3464539.481  3464539.509  3464996.616
271  Q.INSECT+R4   1724680.770  23  3449407.540  3449407.547  3449636.107
272  Q.INSECT+R5   1724679.884  25  3449409.768  3449409.777  3449658.211
293  Q.INSECT+F+R4 1710583.112  42  3421250.223  3421250.247  3421667.607
294  Q.INSECT+F+R5 1710581.488  44  3421250.976  3421251.002  3421688.236
315  Q.PLANT+R4    1723380.830  23  3446807.661  3446807.668  3447036.229
316  Q.PLANT+R5    1723377.436  25  3446804.872  3446804.881  3447053.315
317  Q.PLANT+R6    1723371.221  27  3446796.442  3446796.452  3447064.760
337  Q.PLANT+F+R4  1718204.417  42  3436492.835  3436492.858  3436910.219
338  Q.PLANT+F+R5  1718200.250  44  3436488.500  3436488.526  3436925.759
339  Q.PLANT+F+R6  1718196.015  46  3436484.030  3436484.058  3436941.165
359  Q.YEAST+R4    1727257.982  23  3454561.964  3454561.972  3454790.532
360  Q.YEAST+R5    1727255.817  25  3454561.633  3454561.642  3454810.076
361  Q.YEAST+R6    1727252.773  27  3454559.547  3454559.557  3454827.865
381  Q.YEAST+F+R4  1707706.994  42  3415497.989  3415498.012  3415915.373
382  Q.YEAST+F+R5  1707703.636  44  3415495.273  3415495.299  3415932.532
383  Q.YEAST+F+R6  1707696.741  46  3415485.482  3415485.511  3415942.617
403  JTTDCMUT+R4   1722028.836  23  3444103.671  3444103.678  3444332.239
404  JTTDCMUT+R5   1722027.624  25  3444105.249  3444105.257  3444353.692
425  JTTDCMUT+F+R4 1717224.686  42  3434533.372  3434533.396  3434950.757
426  JTTDCMUT+F+R5 1717223.530  44  3434535.060  3434535.086  3434972.320
447  DCMUT+R4      1729393.211  23  3458832.422  3458832.430  3459060.990
448  DCMUT+R5      1729390.538  25  3458831.076  3458831.084  3459079.519
449  DCMUT+R6      1729382.165  27  3458818.330  3458818.340  3459086.649
469  DCMUT+F+R4    1719497.810  42  3439079.620  3439079.644  3439497.004
470  DCMUT+F+R5    1719491.726  44  3439071.452  3439071.478  3439508.712
471  DCMUT+F+R6    1719475.613  46  3439043.226  3439043.254  3439500.361
491  VT+R4         1720201.980  23  3440449.959  3440449.966  3440678.527
492  VT+R5         1720201.939  25  3440453.878  3440453.887  3440702.321
513  VT+F+R4       1714553.783  42  3429191.565  3429191.589  3429608.950
514  VT+F+R5       1714553.651  44  3429195.303  3429195.329  3429632.563
535  PMB+R4        1729871.794  23  3459789.588  3459789.596  3460018.156
536  PMB+R5        1729868.867  25  3459787.735  3459787.743  3460036.178
537  PMB+R6        1729864.479  27  3459782.958  3459782.968  3460051.276
557  PMB+F+R4      1721891.923  42  3443867.845  3443867.869  3444285.229
558  PMB+F+R5      1721891.124  44  3443870.248  3443870.274  3444307.508
579  BLOSUM62+R4   1729941.525  23  3459929.050  3459929.057  3460157.618
580  BLOSUM62+R5   1729940.189  25  3459930.378  3459930.387  3460178.821
601  BLOSUM62+F+R4 1720338.674  42  3440761.347  3440761.371  3441178.732
602  BLOSUM62+F+R5 1720337.902  44  3440763.805  3440763.831  3441201.065
623  DAYHOFF+R4    1729322.836  23  3458691.672  3458691.679  3458920.240
624  DAYHOFF+R5    1729318.268  25  3458686.536  3458686.544  3458934.979
625  DAYHOFF+R6    1729305.306  27  3458664.611  3458664.621  3458932.930
645  DAYHOFF+F+R4  1719439.525  42  3438963.049  3438963.073  3439380.433
646  DAYHOFF+F+R5  1719432.923  44  3438953.845  3438953.871  3439391.105
647  DAYHOFF+F+R6  1719414.826  46  3438921.652  3438921.680  3439378.787
667  MTREV+R4      1829202.072  23  3658450.144  3658450.152  3658678.712
668  MTREV+R5      1829181.525  25  3658413.050  3658413.059  3658661.494
+R6 reinitialized from +R5 with factor 0.500
669  MTREV+R6      1829178.194  27  3658410.388  3658410.398  3658678.707
689  MTREV+F+R4    1730995.384  42  3462074.768  3462074.792  3462492.153
690  MTREV+F+R5    1730939.099  44  3461966.197  3461966.223  3462403.457
691  MTREV+F+R6    1730935.426  46  3461962.851  3461962.879  3462419.986
711  MTART+R4      1836989.681  23  3674025.362  3674025.369  3674253.929
712  MTART+R5      1836670.579  25  3673391.159  3673391.167  3673639.602
713  MTART+R6      1836654.477  27  3673362.955  3673362.965  3673631.273
733  MTART+F+R4    1737622.202  42  3475328.405  3475328.428  3475745.789
734  MTART+F+R5    1737331.071  44  3474750.142  3474750.168  3475187.402
735  MTART+F+R6    1737327.242  46  3474746.484  3474746.512  3475203.619
755  MTZOA+R4      1798821.574  23  3597689.148  3597689.155  3597917.716
756  MTZOA+R5      1798765.677  25  3597581.353  3597581.362  3597829.796
757  MTZOA+R6      1798759.404  27  3597572.807  3597572.817  3597841.126
777  MTZOA+F+R4    1725839.819  42  3451763.637  3451763.661  3452181.022
778  MTZOA+F+R5    1725695.968  44  3451479.936  3451479.962  3451917.196
779  MTZOA+F+R6    1725692.110  46  3451476.221  3451476.249  3451933.356
799  MTMET+R4      1840594.473  23  3681234.946  3681234.954  3681463.514
800  MTMET+R5      1840591.749  25  3681233.499  3681233.507  3681481.942
801  MTMET+R6      1840588.676  27  3681231.352  3681231.362  3681499.670
821  MTMET+F+R4    1731821.431  42  3463726.862  3463726.886  3464144.247
822  MTMET+F+R5    1731716.566  44  3463521.131  3463521.157  3463958.391
823  MTMET+F+R6    1731713.737  46  3463519.474  3463519.502  3463976.609
843  MTVER+R4      1845446.828  23  3690939.655  3690939.662  3691168.223
844  MTVER+R5      1845434.477  25  3690918.954  3690918.963  3691167.397
845  MTVER+R6      1845423.663  27  3690901.327  3690901.336  3691169.645
865  MTVER+F+R4    1747371.442  42  3494826.883  3494826.907  3495244.267
866  MTVER+F+R5    1747241.588  44  3494571.175  3494571.201  3495008.435
867  MTVER+F+R6    1747238.121  46  3494568.242  3494568.270  3495025.377
887  MTINV+R4      1857146.060  23  3714338.120  3714338.127  3714566.687
888  MTINV+R5      1857040.009  25  3714130.018  3714130.027  3714378.462
+R6 reinitialized from +R5 with factor 0.500
+R6 reinitialized from +R5 with factor 0.250
+R6 reinitialized from +R5 with factor 0.125
889  MTINV+R6      1857040.084  27  3714134.168  3714134.178  3714402.487
909  MTINV+F+R4    1723894.443  42  3447872.887  3447872.910  3448290.271
910  MTINV+F+R5    1723818.435  44  3447724.869  3447724.895  3448162.129
911  MTINV+F+R6    1723818.451  46  3447728.902  3447728.930  3448186.037
931  MTMAM+R4      1853415.937  23  3706877.873  3706877.880  3707106.441
932  MTMAM+R5      1853154.829  25  3706359.658  3706359.667  3706608.101
933  MTMAM+R6      1853153.365  27  3706360.731  3706360.741  3706629.049
953  MTMAM+F+R4    1753373.279  42  3506830.558  3506830.582  3507247.942
954  MTMAM+F+R5    1753074.884  44  3506237.767  3506237.793  3506675.027
955  MTMAM+F+R6    1753068.911  46  3506229.822  3506229.850  3506686.957
975  FLAVI+R4      1774236.325  23  3548518.651  3548518.658  3548747.218
976  FLAVI+R5      1774133.665  25  3548317.330  3548317.338  3548565.773
977  FLAVI+R6      1774131.911  27  3548317.821  3548317.831  3548586.140
997  FLAVI+F+R4    1758994.899  42  3518073.798  3518073.822  3518491.182
998  FLAVI+F+R5    1758896.222  44  3517880.444  3517880.470  3518317.703
999  FLAVI+F+R6    1758893.756  46  3517879.511  3517879.540  3518336.647
1019  HIVB+R4       1755670.223  23  3511386.445  3511386.452  3511615.013
1020  HIVB+R5       1755648.237  25  3511346.475  3511346.483  3511594.918
1021  HIVB+R6       1755648.256  27  3511350.512  3511350.522  3511618.830
1041  HIVB+F+R4     1738115.483  42  3476314.967  3476314.990  3476732.351
1042  HIVB+F+R5     1738085.952  44  3476259.903  3476259.929  3476697.163
1043  HIVB+F+R6     1738084.821  46  3476261.642  3476261.670  3476718.777
1063  HIVW+R4       1830522.693  23  3661091.385  3661091.392  3661319.953
1064  HIVW+R5       1830355.527  25  3660761.053  3660761.062  3661009.496
1065  HIVW+R6       1830354.431  27  3660762.862  3660762.872  3661031.180
1085  HIVW+F+R4     1775594.529  42  3551273.059  3551273.083  3551690.443
1086  HIVW+F+R5     1775444.627  44  3550977.254  3550977.280  3551414.514
1087  HIVW+F+R6     1775442.943  46  3550977.886  3550977.914  3551435.021
1107  FLU+R4        1759532.342  23  3519110.684  3519110.691  3519339.251
1108  FLU+R5        1759388.861  25  3518827.723  3518827.731  3519076.166
1109  FLU+R6        1759387.121  27  3518828.242  3518828.252  3519096.561
1129  FLU+F+R4      1731284.254  42  3462652.509  3462652.532  3463069.893
1130  FLU+F+R5      1731150.461  44  3462388.923  3462388.949  3462826.183
1131  FLU+F+R6      1731141.385  46  3462374.771  3462374.799  3462831.906
1151  RTREV+R4      1732122.555  23  3464291.110  3464291.117  3464519.677
1152  RTREV+R5      1732108.755  25  3464267.510  3464267.519  3464515.953
1153  RTREV+R6      1732108.063  27  3464270.127  3464270.137  3464538.445
1173  RTREV+F+R4    1710092.822  42  3420269.644  3420269.668  3420687.029
1174  RTREV+F+R5    1710077.758  44  3420243.515  3420243.541  3420680.775
1175  RTREV+F+R6    1710077.323  46  3420246.647  3420246.675  3420703.782
1195  CPREV+R4      1730815.009  23  3461676.018  3461676.025  3461904.585
1196  CPREV+R5      1730803.779  25  3461657.558  3461657.566  3461906.001
1197  CPREV+R6      1730803.542  27  3461661.085  3461661.095  3461929.403
1217  CPREV+F+R4    1717267.586  42  3434619.172  3434619.195  3435036.556
1218  CPREV+F+R5    1717251.078  44  3434590.155  3434590.181  3435027.415
1219  CPREV+F+R6    1717250.380  46  3434592.760  3434592.789  3435049.896
Akaike Information Criterion:           LG+F+R4
Corrected Akaike Information Criterion: LG+F+R4
Bayesian Information Criterion:         LG+F+R4
Best-fit model: LG+F+R4 chosen according to AIC

All model information printed to 101kplant_c60_init.model.gz
CPU time for ModelFinder: 789632.980 seconds (219h:20m:32s)
Wall-clock time for ModelFinder: 21759.669 seconds (6h:2m:39s)

NOTE: 655 MB RAM (0 GB) is required!
Estimate model parameters (epsilon = 0.010)
1. Initial log-likelihood: -1705505.791
2. Current log-likelihood: -1705412.751
3. Current log-likelihood: -1705411.168
4. Current log-likelihood: -1705410.971
5. Current log-likelihood: -1705410.818
6. Current log-likelihood: -1705410.653
7. Current log-likelihood: -1705410.532
8. Current log-likelihood: -1705410.513
9. Current log-likelihood: -1705410.401
10. Current log-likelihood: -1705410.281
11. Current log-likelihood: -1705410.244
12. Current log-likelihood: -1705410.233
13. Current log-likelihood: -1705410.156
Optimal log-likelihood: -1705410.147
Site proportion and rates:  (0.189,0.045) (0.345,0.443) (0.368,1.336) (0.098,3.535)
Parameters optimization took 13 rounds (60.917 sec)
Wrote distance file to... 
BEST SCORE FOUND : -1705410.147
Total tree length: 6.489

Total number of iterations: 0
CPU time used for tree search: 0.000 sec (0h:0m:0s)
Wall-clock time used for tree search: 0.000 sec (0h:0m:0s)
Total CPU time used: 791734.657 sec (219h:55m:34s)
Total wall-clock time used: 21820.698 sec (6h:3m:40s)

Analysis results written to: 
  IQ-TREE report:                101kplant_c60_init.iqtree
  Tree used for ModelFinder:     101kplant_c60_init.treefile
  Screen log file:               101kplant_c60_init.log

Date and Time: Tue Jun 17 23:51:44 2025
