IQ-TREE multicore version 2.4.0 for Linux x86 64-bit built Mar 19 2025
Developed by Bui Quang Minh, Nguyen Lam Tung, Olga Chernomor, Heiko Schmidt,
Dominik Schrempf, Michael Woodhams, Ly Trong Nhan, Thomas Wong

Host:    dayhoff.uds.anu.edu.au (AVX2, FMA3, 1007 GB RAM)
Command: ../../iqtree2 -s ./10_concated.nex -m LG+C60+R4 -te ../partition/Q/1kplant10_Q_search.treefile -T 45 -mem 120G -safe -pre 1kplant10_c60_unopt
Seed:    288778 (Using SPRNG - Scalable Parallel Random Number Generator)
Time:    Wed Jun 18 01:37:15 2025
Kernel:  Safe AVX+FMA - 45 threads (46 CPU cores detected)

Reading alignment file ./10_concated.nex ... Nexus format detected
Skipping unknown block (sets)...
WARNING: Sequence HKZW site 14010: {DN} treated as unknown character
WARNING: Sequence CSUV site 76069: {DN} treated as unknown character
WARNING: Sequence SKYV site 133958: {EQ} treated as unknown character
WARNING: Sequence YPIC site 134559: {EQ} treated as unknown character
WARNING: 8665 sites contain only gaps or ambiguous characters.
Alignment has 10 sequences with 152928 columns, 105974 distinct patterns
43657 parsimony-informative, 63158 singleton sites, 46113 constant sites
            Gap/Ambiguity  Composition  p-value
Analyzing sequences: done in 0.00650196 secs using 3159% CPU
   1  Chlre_v5.5   28.05%    failed      0.00%
   2  CSUV         39.93%    failed      0.00%
   3  Micpu_v3.0   36.42%    failed      0.00%
   4  MMKU         43.67%    failed      0.00%
   5  HKZW         40.00%    failed      0.00%
   6  ZFGK         36.95%    failed      0.00%
   7  BNCU         28.04%    failed      0.00%
   8  YPIC         36.08%    failed      0.00%
   9  BFIK         44.30%    failed      0.00%
  10  SKYV         43.76%    failed      0.00%
****  TOTAL        37.72%  10 sequences failed composition chi2 test (p-value<5%; df=19)
NOTE: minimal branch length is reduced to 0.000000653902 for long alignment
Checking for duplicate sequences: done in 0.012438 secs using 3731% CPU
Reading input tree file ../partition/Q/1kplant10_Q_search.treefile ...
Model LG+C60+R4 is alias for LG+POISSON+G+FMIX{C60pi1:1:0.0169698865,C60pi2:1:0.0211683374,C60pi3:1:0.0276589079,C60pi4:1:0.0065675964,C60pi5:1:0.0141221416,C60pi6:1:0.0068774834,C60pi7:1:0.0146909701,C60pi8:1:0.0067225777,C60pi9:1:0.0018396660,C60pi10:1:0.0102547197,C60pi11:1:0.0230896163,C60pi12:1:0.0057941033,C60pi13:1:0.0125394534,C60pi14:1:0.0204526478,C60pi15:1:0.0070629602,C60pi16:1:0.0117982741,C60pi17:1:0.0068334668,C60pi18:1:0.0433775839,C60pi19:1:0.0318278731,C60pi20:1:0.0222546108,C60pi21:1:0.0102264969,C60pi22:1:0.0150545891,C60pi23:1:0.0134159878,C60pi24:1:0.0148552065,C60pi25:1:0.0239111516,C60pi26:1:0.0128776278,C60pi27:1:0.0222318842,C60pi28:1:0.0247444742,C60pi29:1:0.0214274810,C60pi30:1:0.0115001882,C60pi31:1:0.0076017389,C60pi32:1:0.0130258568,C60pi33:1:0.0093701965,C60pi34:1:0.0467194264,C60pi35:1:0.0441940314,C60pi36:1:0.0322263154,C60pi37:1:0.0402999891,C60pi38:1:0.0150234227,C60pi39:1:0.0104589903,C60pi40:1:0.0214742395,C60pi41:1:0.0154957836,C60pi42:1:0.0101789953,C60pi43:1:0.0227980379,C60pi44:1:0.0123204539,C60pi45:1:0.0066777583,C60pi46:1:0.0004150083,C60pi47:1:0.0344385130,C60pi48:1:0.0113663379,C60pi49:1:0.0127143049,C60pi50:1:0.0124323741,C60pi51:1:0.0262124415,C60pi52:1:0.0064994957,C60pi53:1:0.0103203293,C60pi54:1:0.0142463512,C60pi55:1:0.0215600067,C60pi56:1:0.0199150700,C60pi57:1:0.0038964200,C60pi58:1:0.0113448855,C60pi59:1:0.0128595846,C60pi60:1:0.0117656776}+R4
WARNING: Your input class weight 0.000415008 is very small and may cause numerical issues
WARNING: Both Gamma and FreeRate models were specified, continue with FreeRate model

NOTE: 39302 MB RAM (38 GB) is required!
Estimate model parameters (epsilon = 0.010)
1. Initial log-likelihood: -1740812.004
2. Current log-likelihood: -1721461.363
3. Current log-likelihood: -1719525.419
4. Current log-likelihood: -1719054.734
5. Current log-likelihood: -1718748.958
6. Current log-likelihood: -1718532.078
7. Current log-likelihood: -1718376.404
8. Current log-likelihood: -1718263.909
9. Current log-likelihood: -1718181.061
10. Current log-likelihood: -1718118.494
11. Current log-likelihood: -1718069.635
12. Current log-likelihood: -1718030.200
13. Current log-likelihood: -1717997.284
14. Current log-likelihood: -1717969.175
15. Current log-likelihood: -1717944.564
16. Current log-likelihood: -1717922.612
17. Current log-likelihood: -1717902.743
18. Current log-likelihood: -1717884.551
19. Current log-likelihood: -1717867.747
20. Current log-likelihood: -1717852.153
21. Current log-likelihood: -1717837.603
22. Current log-likelihood: -1717823.909
23. Current log-likelihood: -1717810.988
24. Current log-likelihood: -1717799.012
25. Current log-likelihood: -1717788.979
26. Current log-likelihood: -1717780.262
27. Current log-likelihood: -1717772.441
28. Current log-likelihood: -1717765.287
29. Current log-likelihood: -1717758.662
30. Current log-likelihood: -1717752.485
31. Current log-likelihood: -1717746.699
32. Current log-likelihood: -1717741.268
33. Current log-likelihood: -1717736.170
34. Current log-likelihood: -1717731.372
35. Current log-likelihood: -1717726.860
36. Current log-likelihood: -1717722.619
37. Current log-likelihood: -1717718.636
38. Current log-likelihood: -1717714.904
39. Current log-likelihood: -1717711.395
40. Current log-likelihood: -1717708.114
41. Current log-likelihood: -1717705.041
42. Current log-likelihood: -1717702.168
43. Current log-likelihood: -1717699.519
44. Current log-likelihood: -1717697.048
45. Current log-likelihood: -1717694.740
46. Current log-likelihood: -1717692.626
47. Current log-likelihood: -1717690.618
48. Current log-likelihood: -1717688.780
49. Current log-likelihood: -1717687.074
50. Current log-likelihood: -1717685.485
51. Current log-likelihood: -1717684.039
52. Current log-likelihood: -1717682.693
53. Current log-likelihood: -1717681.443
54. Current log-likelihood: -1717680.275
55. Current log-likelihood: -1717679.187
56. Current log-likelihood: -1717678.222
57. Current log-likelihood: -1717677.275
58. Current log-likelihood: -1717676.434
59. Current log-likelihood: -1717675.652
60. Current log-likelihood: -1717674.923
61. Current log-likelihood: -1717674.241
62. Current log-likelihood: -1717673.603
63. Current log-likelihood: -1717673.004
64. Current log-likelihood: -1717672.441
65. Current log-likelihood: -1717671.916
66. Current log-likelihood: -1717671.424
67. Current log-likelihood: -1717670.997
68. Current log-likelihood: -1717670.627
69. Current log-likelihood: -1717670.283
70. Current log-likelihood: -1717669.978
71. Current log-likelihood: -1717669.733
72. Current log-likelihood: -1717669.504
73. Current log-likelihood: -1717669.290
74. Current log-likelihood: -1717669.081
75. Current log-likelihood: -1717668.887
76. Current log-likelihood: -1717668.696
77. Current log-likelihood: -1717668.654
78. Current log-likelihood: -1717668.564
79. Current log-likelihood: -1717668.471
80. Current log-likelihood: -1717668.386
81. Current log-likelihood: -1717668.349
82. Current log-likelihood: -1717668.266
83. Current log-likelihood: -1717668.184
84. Current log-likelihood: -1717668.100
85. Current log-likelihood: -1717668.072
86. Current log-likelihood: -1717667.990
87. Current log-likelihood: -1717667.916
88. Current log-likelihood: -1717667.838
89. Current log-likelihood: -1717667.812
90. Current log-likelihood: -1717667.737
91. Current log-likelihood: -1717667.669
92. Current log-likelihood: -1717667.598
93. Current log-likelihood: -1717667.576
94. Current log-likelihood: -1717667.528
95. Current log-likelihood: -1717667.504
96. Current log-likelihood: -1717667.460
97. Current log-likelihood: -1717667.440
98. Current log-likelihood: -1717667.398
99. Current log-likelihood: -1717667.375
Optimal log-likelihood: -1717667.369
Mixture weights: 0.017 0.021 0.028 0.007 0.014 0.007 0.015 0.007 0.002 0.010 0.023 0.006 0.013 0.020 0.007 0.012 0.007 0.043 0.032 0.022 0.010 0.015 0.013 0.015 0.024 0.013 0.022 0.025 0.021 0.012 0.008 0.013 0.009 0.047 0.044 0.032 0.040 0.015 0.010 0.021 0.015 0.010 0.023 0.012 0.007 0.000 0.034 0.011 0.013 0.012 0.026 0.006 0.010 0.014 0.022 0.020 0.004 0.011 0.013 0.012
Site proportion and rates:  (0.230,0.007) (0.190,0.073) (0.258,0.334) (0.321,2.794)
Parameters optimization took 99 rounds (5457.910 sec)
Wrote distance file to... 
BEST SCORE FOUND : -1717667.369
Total tree length: 55.742

Total number of iterations: 0
CPU time used for tree search: 0.000 sec (0h:0m:0s)
Wall-clock time used for tree search: 0.000 sec (0h:0m:0s)
Total CPU time used: 212062.759 sec (58h:54m:22s)
Total wall-clock time used: 50167055.520 sec (13935h:17m:35s)

Analysis results written to: 
  IQ-TREE report:                1kplant10_c60_unopt.iqtree
  Maximum-likelihood tree:       1kplant10_c60_unopt.treefile
  Screen log file:               1kplant10_c60_unopt.log

Date and Time: Wed Jun 18 03:08:18 2025
