IQ-TREE multicore version 2.4.0 for Linux x86 64-bit built Mar 19 2025
Developed by Bui Quang Minh, Nguyen Lam Tung, Olga Chernomor, Heiko Schmidt,
Dominik Schrempf, Michael Woodhams, Ly Trong Nhan, Thomas Wong

Host:    dayhoff.uds.anu.edu.au (AVX2, FMA3, 1007 GB RAM)
Command: ../../iqtree2 -s ./10_concated.nex -m LG+C60+R4 -te ../partition/Q/1kplant10_Q_search.treefile -mwopt -T 45 -mem 120G -safe -pre 1kplant10_c60_opt
Seed:    880873 (Using SPRNG - Scalable Parallel Random Number Generator)
Time:    Wed Jun 18 03:08:18 2025
Kernel:  Safe AVX+FMA - 45 threads (46 CPU cores detected)

Reading alignment file ./10_concated.nex ... Nexus format detected
Skipping unknown block (sets)...
WARNING: Sequence HKZW site 14010: {DN} treated as unknown character
WARNING: Sequence CSUV site 76069: {DN} treated as unknown character
WARNING: Sequence SKYV site 133958: {EQ} treated as unknown character
WARNING: Sequence YPIC site 134559: {EQ} treated as unknown character
WARNING: 8665 sites contain only gaps or ambiguous characters.
Alignment has 10 sequences with 152928 columns, 105974 distinct patterns
43657 parsimony-informative, 63158 singleton sites, 46113 constant sites
            Gap/Ambiguity  Composition  p-value
Analyzing sequences: done in 0.00879241 secs using 2787% CPU
   1  Chlre_v5.5   28.05%    failed      0.00%
   2  CSUV         39.93%    failed      0.00%
   3  Micpu_v3.0   36.42%    failed      0.00%
   4  MMKU         43.67%    failed      0.00%
   5  HKZW         40.00%    failed      0.00%
   6  ZFGK         36.95%    failed      0.00%
   7  BNCU         28.04%    failed      0.00%
   8  YPIC         36.08%    failed      0.00%
   9  BFIK         44.30%    failed      0.00%
  10  SKYV         43.76%    failed      0.00%
****  TOTAL        37.72%  10 sequences failed composition chi2 test (p-value<5%; df=19)
NOTE: minimal branch length is reduced to 0.000000653902 for long alignment
Checking for duplicate sequences: done in 0.00853378 secs using 3253% CPU
Reading input tree file ../partition/Q/1kplant10_Q_search.treefile ...
Model LG+C60+R4 is alias for LG+POISSON+G+FMIX{C60pi1:1:0.0169698865,C60pi2:1:0.0211683374,C60pi3:1:0.0276589079,C60pi4:1:0.0065675964,C60pi5:1:0.0141221416,C60pi6:1:0.0068774834,C60pi7:1:0.0146909701,C60pi8:1:0.0067225777,C60pi9:1:0.0018396660,C60pi10:1:0.0102547197,C60pi11:1:0.0230896163,C60pi12:1:0.0057941033,C60pi13:1:0.0125394534,C60pi14:1:0.0204526478,C60pi15:1:0.0070629602,C60pi16:1:0.0117982741,C60pi17:1:0.0068334668,C60pi18:1:0.0433775839,C60pi19:1:0.0318278731,C60pi20:1:0.0222546108,C60pi21:1:0.0102264969,C60pi22:1:0.0150545891,C60pi23:1:0.0134159878,C60pi24:1:0.0148552065,C60pi25:1:0.0239111516,C60pi26:1:0.0128776278,C60pi27:1:0.0222318842,C60pi28:1:0.0247444742,C60pi29:1:0.0214274810,C60pi30:1:0.0115001882,C60pi31:1:0.0076017389,C60pi32:1:0.0130258568,C60pi33:1:0.0093701965,C60pi34:1:0.0467194264,C60pi35:1:0.0441940314,C60pi36:1:0.0322263154,C60pi37:1:0.0402999891,C60pi38:1:0.0150234227,C60pi39:1:0.0104589903,C60pi40:1:0.0214742395,C60pi41:1:0.0154957836,C60pi42:1:0.0101789953,C60pi43:1:0.0227980379,C60pi44:1:0.0123204539,C60pi45:1:0.0066777583,C60pi46:1:0.0004150083,C60pi47:1:0.0344385130,C60pi48:1:0.0113663379,C60pi49:1:0.0127143049,C60pi50:1:0.0124323741,C60pi51:1:0.0262124415,C60pi52:1:0.0064994957,C60pi53:1:0.0103203293,C60pi54:1:0.0142463512,C60pi55:1:0.0215600067,C60pi56:1:0.0199150700,C60pi57:1:0.0038964200,C60pi58:1:0.0113448855,C60pi59:1:0.0128595846,C60pi60:1:0.0117656776}+R4
WARNING: Your input class weight 0.000415008 is very small and may cause numerical issues
WARNING: Both Gamma and FreeRate models were specified, continue with FreeRate model

NOTE: 39302 MB RAM (38 GB) is required!
Estimate model parameters (epsilon = 0.010)
1. Initial log-likelihood: -1740812.004
2. Current log-likelihood: -1704615.914
3. Current log-likelihood: -1703782.967
4. Current log-likelihood: -1703728.005
5. Current log-likelihood: -1703687.631
6. Current log-likelihood: -1703656.839
7. Current log-likelihood: -1703631.137
8. Current log-likelihood: -1703606.940
9. Current log-likelihood: -1703584.054
10. Current log-likelihood: -1703563.253
11. Current log-likelihood: -1703545.611
12. Current log-likelihood: -1703528.868
13. Current log-likelihood: -1703514.026
14. Current log-likelihood: -1703499.772
15. Current log-likelihood: -1703487.055
16. Current log-likelihood: -1703475.246
17. Current log-likelihood: -1703460.688
18. Current log-likelihood: -1703450.693
19. Current log-likelihood: -1703441.210
20. Current log-likelihood: -1703432.636
21. Current log-likelihood: -1703425.082
22. Current log-likelihood: -1703417.410
23. Current log-likelihood: -1703410.764
24. Current log-likelihood: -1703404.423
25. Current log-likelihood: -1703398.403
26. Current log-likelihood: -1703392.705
27. Current log-likelihood: -1703387.693
28. Current log-likelihood: -1703382.854
29. Current log-likelihood: -1703378.285
30. Current log-likelihood: -1703373.998
31. Current log-likelihood: -1703370.210
32. Current log-likelihood: -1703366.275
33. Current log-likelihood: -1703362.894
34. Current log-likelihood: -1703359.632
35. Current log-likelihood: -1703356.509
36. Current log-likelihood: -1703353.537
37. Current log-likelihood: -1703350.715
38. Current log-likelihood: -1703348.440
39. Current log-likelihood: -1703345.850
40. Current log-likelihood: -1703343.675
41. Current log-likelihood: -1703341.263
42. Current log-likelihood: -1703339.238
43. Current log-likelihood: -1703337.059
44. Current log-likelihood: -1703335.283
45. Current log-likelihood: -1703333.539
46. Current log-likelihood: -1703331.608
47. Current log-likelihood: -1703330.043
48. Current log-likelihood: -1703328.542
49. Current log-likelihood: -1703327.094
50. Current log-likelihood: -1703325.692
51. Current log-likelihood: -1703324.373
52. Current log-likelihood: -1703322.928
53. Current log-likelihood: -1703321.738
54. Current log-likelihood: -1703320.615
55. Current log-likelihood: -1703319.382
56. Current log-likelihood: -1703318.401
57. Current log-likelihood: -1703317.447
58. Current log-likelihood: -1703316.517
59. Current log-likelihood: -1703315.611
60. Current log-likelihood: -1703314.728
61. Current log-likelihood: -1703313.868
62. Current log-likelihood: -1703313.028
63. Current log-likelihood: -1703312.210
64. Current log-likelihood: -1703311.416
65. Current log-likelihood: -1703310.624
66. Current log-likelihood: -1703309.852
67. Current log-likelihood: -1703309.100
68. Current log-likelihood: -1703308.367
69. Current log-likelihood: -1703307.652
70. Current log-likelihood: -1703306.955
71. Current log-likelihood: -1703306.305
72. Current log-likelihood: -1703305.688
73. Current log-likelihood: -1703305.119
74. Current log-likelihood: -1703304.681
75. Current log-likelihood: -1703304.162
76. Current log-likelihood: -1703303.674
77. Current log-likelihood: -1703303.196
78. Current log-likelihood: -1703302.849
79. Current log-likelihood: -1703302.385
80. Current log-likelihood: -1703301.942
81. Current log-likelihood: -1703301.599
82. Current log-likelihood: -1703301.181
83. Current log-likelihood: -1703300.764
84. Current log-likelihood: -1703300.327
85. Current log-likelihood: -1703300.026
86. Current log-likelihood: -1703299.679
87. Current log-likelihood: -1703299.379
88. Current log-likelihood: -1703299.090
89. Current log-likelihood: -1703298.821
90. Current log-likelihood: -1703298.503
91. Current log-likelihood: -1703298.225
92. Current log-likelihood: -1703298.060
93. Current log-likelihood: -1703297.798
94. Current log-likelihood: -1703297.602
95. Current log-likelihood: -1703297.428
96. Current log-likelihood: -1703297.267
97. Current log-likelihood: -1703297.108
98. Current log-likelihood: -1703296.952
99. Current log-likelihood: -1703296.797
100. Current log-likelihood: -1703296.644
101. Current log-likelihood: -1703296.493
102. Current log-likelihood: -1703296.342
103. Current log-likelihood: -1703296.193
104. Current log-likelihood: -1703296.013
105. Current log-likelihood: -1703295.864
106. Current log-likelihood: -1703295.718
107. Current log-likelihood: -1703295.575
108. Current log-likelihood: -1703295.432
109. Current log-likelihood: -1703295.290
110. Current log-likelihood: -1703295.149
111. Current log-likelihood: -1703295.009
112. Current log-likelihood: -1703294.870
113. Current log-likelihood: -1703294.732
114. Current log-likelihood: -1703294.595
115. Current log-likelihood: -1703294.459
116. Current log-likelihood: -1703294.325
117. Current log-likelihood: -1703294.191
118. Current log-likelihood: -1703294.057
119. Current log-likelihood: -1703293.925
120. Current log-likelihood: -1703293.794
121. Current log-likelihood: -1703293.664
122. Current log-likelihood: -1703293.501
123. Current log-likelihood: -1703293.371
124. Current log-likelihood: -1703293.243
125. Current log-likelihood: -1703293.117
126. Current log-likelihood: -1703292.991
127. Current log-likelihood: -1703292.866
128. Current log-likelihood: -1703292.742
129. Current log-likelihood: -1703292.635
130. Current log-likelihood: -1703292.529
131. Current log-likelihood: -1703292.401
132. Current log-likelihood: -1703292.280
133. Current log-likelihood: -1703292.159
134. Current log-likelihood: -1703292.041
135. Current log-likelihood: -1703291.939
136. Current log-likelihood: -1703291.837
137. Current log-likelihood: -1703291.718
138. Current log-likelihood: -1703291.603
139. Current log-likelihood: -1703291.488
140. Current log-likelihood: -1703291.373
141. Current log-likelihood: -1703291.276
142. Current log-likelihood: -1703291.177
143. Current log-likelihood: -1703291.060
144. Current log-likelihood: -1703290.947
145. Current log-likelihood: -1703290.836
146. Current log-likelihood: -1703290.726
147. Current log-likelihood: -1703290.632
148. Current log-likelihood: -1703290.536
149. Current log-likelihood: -1703290.428
150. Current log-likelihood: -1703290.321
151. Current log-likelihood: -1703290.232
152. Current log-likelihood: -1703290.161
153. Current log-likelihood: -1703290.073
154. Current log-likelihood: -1703289.980
155. Current log-likelihood: -1703289.876
156. Current log-likelihood: -1703289.772
157. Current log-likelihood: -1703289.666
158. Current log-likelihood: -1703289.583
159. Current log-likelihood: -1703289.515
160. Current log-likelihood: -1703289.434
161. Current log-likelihood: -1703289.368
162. Current log-likelihood: -1703289.287
163. Current log-likelihood: -1703289.222
164. Current log-likelihood: -1703289.142
165. Current log-likelihood: -1703289.078
166. Current log-likelihood: -1703288.999
167. Current log-likelihood: -1703288.936
168. Current log-likelihood: -1703288.857
169. Current log-likelihood: -1703288.772
170. Current log-likelihood: -1703288.676
171. Current log-likelihood: -1703288.598
172. Current log-likelihood: -1703288.532
173. Current log-likelihood: -1703288.455
174. Current log-likelihood: -1703288.393
175. Current log-likelihood: -1703288.317
176. Current log-likelihood: -1703288.257
177. Current log-likelihood: -1703288.182
178. Current log-likelihood: -1703288.122
179. Current log-likelihood: -1703288.047
180. Current log-likelihood: -1703288.004
181. Current log-likelihood: -1703287.924
182. Current log-likelihood: -1703287.877
183. Current log-likelihood: -1703287.799
184. Current log-likelihood: -1703287.726
185. Current log-likelihood: -1703287.664
186. Current log-likelihood: -1703287.601
187. Current log-likelihood: -1703287.540
188. Current log-likelihood: -1703287.475
189. Current log-likelihood: -1703287.432
190. Current log-likelihood: -1703287.376
191. Current log-likelihood: -1703287.312
192. Current log-likelihood: -1703287.269
193. Current log-likelihood: -1703287.215
194. Current log-likelihood: -1703287.152
195. Current log-likelihood: -1703287.109
196. Current log-likelihood: -1703287.055
197. Current log-likelihood: -1703286.993
198. Current log-likelihood: -1703286.951
199. Current log-likelihood: -1703286.898
200. Current log-likelihood: -1703286.836
201. Current log-likelihood: -1703286.795
202. Current log-likelihood: -1703286.743
203. Current log-likelihood: -1703286.681
204. Current log-likelihood: -1703286.641
205. Current log-likelihood: -1703286.590
206. Current log-likelihood: -1703286.528
207. Current log-likelihood: -1703286.488
208. Current log-likelihood: -1703286.452
209. Current log-likelihood: -1703286.403
210. Current log-likelihood: -1703286.342
211. Current log-likelihood: -1703286.303
212. Current log-likelihood: -1703286.268
213. Current log-likelihood: -1703286.220
214. Current log-likelihood: -1703286.160
215. Current log-likelihood: -1703286.122
216. Current log-likelihood: -1703286.088
217. Current log-likelihood: -1703286.040
218. Current log-likelihood: -1703285.981
219. Current log-likelihood: -1703285.943
220. Current log-likelihood: -1703285.910
221. Current log-likelihood: -1703285.877
222. Current log-likelihood: -1703285.830
223. Current log-likelihood: -1703285.773
224. Current log-likelihood: -1703285.736
225. Current log-likelihood: -1703285.704
226. Current log-likelihood: -1703285.672
227. Current log-likelihood: -1703285.626
228. Current log-likelihood: -1703285.569
229. Current log-likelihood: -1703285.534
230. Current log-likelihood: -1703285.502
231. Current log-likelihood: -1703285.471
232. Current log-likelihood: -1703285.425
233. Current log-likelihood: -1703285.370
234. Current log-likelihood: -1703285.335
235. Current log-likelihood: -1703285.304
236. Current log-likelihood: -1703285.274
237. Current log-likelihood: -1703285.244
238. Current log-likelihood: -1703285.199
239. Current log-likelihood: -1703285.145
240. Current log-likelihood: -1703285.111
241. Current log-likelihood: -1703285.081
242. Current log-likelihood: -1703285.052
243. Current log-likelihood: -1703285.023
244. Current log-likelihood: -1703284.979
245. Current log-likelihood: -1703284.925
246. Current log-likelihood: -1703284.892
247. Current log-likelihood: -1703284.863
248. Current log-likelihood: -1703284.834
249. Current log-likelihood: -1703284.806
250. Current log-likelihood: -1703284.779
251. Current log-likelihood: -1703284.735
252. Current log-likelihood: -1703284.682
253. Current log-likelihood: -1703284.650
254. Current log-likelihood: -1703284.622
255. Current log-likelihood: -1703284.595
256. Current log-likelihood: -1703284.568
257. Current log-likelihood: -1703284.541
258. Current log-likelihood: -1703284.498
259. Current log-likelihood: -1703284.446
260. Current log-likelihood: -1703284.415
261. Current log-likelihood: -1703284.387
262. Current log-likelihood: -1703284.361
263. Current log-likelihood: -1703284.334
264. Current log-likelihood: -1703284.308
265. Current log-likelihood: -1703284.282
266. Current log-likelihood: -1703284.240
267. Current log-likelihood: -1703284.189
268. Current log-likelihood: -1703284.159
269. Current log-likelihood: -1703284.133
270. Current log-likelihood: -1703284.107
271. Current log-likelihood: -1703284.081
272. Current log-likelihood: -1703284.056
273. Current log-likelihood: -1703284.031
274. Current log-likelihood: -1703284.006
275. Current log-likelihood: -1703283.964
276. Current log-likelihood: -1703283.914
277. Current log-likelihood: -1703283.885
278. Current log-likelihood: -1703283.860
279. Current log-likelihood: -1703283.835
280. Current log-likelihood: -1703283.810
281. Current log-likelihood: -1703283.786
282. Current log-likelihood: -1703283.762
283. Current log-likelihood: -1703283.738
284. Current log-likelihood: -1703283.696
285. Current log-likelihood: -1703283.648
286. Current log-likelihood: -1703283.620
287. Current log-likelihood: -1703283.595
288. Current log-likelihood: -1703283.571
289. Current log-likelihood: -1703283.547
290. Current log-likelihood: -1703283.523
291. Current log-likelihood: -1703283.500
292. Current log-likelihood: -1703283.476
293. Current log-likelihood: -1703283.453
294. Current log-likelihood: -1703283.430
295. Current log-likelihood: -1703283.407
296. Current log-likelihood: -1703283.366
297. Current log-likelihood: -1703283.319
298. Current log-likelihood: -1703283.292
299. Current log-likelihood: -1703283.268
300. Current log-likelihood: -1703283.245
301. Current log-likelihood: -1703283.222
302. Current log-likelihood: -1703283.200
303. Current log-likelihood: -1703283.177
304. Current log-likelihood: -1703283.155
305. Current log-likelihood: -1703283.133
306. Current log-likelihood: -1703283.110
307. Current log-likelihood: -1703283.088
308. Current log-likelihood: -1703283.049
309. Current log-likelihood: -1703283.002
310. Current log-likelihood: -1703282.976
311. Current log-likelihood: -1703282.953
312. Current log-likelihood: -1703282.931
313. Current log-likelihood: -1703282.909
314. Current log-likelihood: -1703282.888
315. Current log-likelihood: -1703282.866
316. Current log-likelihood: -1703282.844
317. Current log-likelihood: -1703282.823
318. Current log-likelihood: -1703282.802
319. Current log-likelihood: -1703282.780
320. Current log-likelihood: -1703282.759
321. Current log-likelihood: -1703282.738
322. Current log-likelihood: -1703282.717
323. Current log-likelihood: -1703282.678
324. Current log-likelihood: -1703282.633
325. Current log-likelihood: -1703282.608
326. Current log-likelihood: -1703282.586
327. Current log-likelihood: -1703282.565
328. Current log-likelihood: -1703282.545
329. Current log-likelihood: -1703282.524
330. Current log-likelihood: -1703282.503
331. Current log-likelihood: -1703282.483
332. Current log-likelihood: -1703282.462
333. Current log-likelihood: -1703282.442
334. Current log-likelihood: -1703282.422
335. Current log-likelihood: -1703282.402
336. Current log-likelihood: -1703282.382
337. Current log-likelihood: -1703282.362
338. Current log-likelihood: -1703282.342
339. Current log-likelihood: -1703282.322
340. Current log-likelihood: -1703282.302
341. Current log-likelihood: -1703282.241
342. Current log-likelihood: -1703282.216
343. Current log-likelihood: -1703282.196
344. Current log-likelihood: -1703282.176
345. Current log-likelihood: -1703282.156
346. Current log-likelihood: -1703282.136
347. Current log-likelihood: -1703282.117
348. Current log-likelihood: -1703282.097
349. Current log-likelihood: -1703282.078
350. Current log-likelihood: -1703282.058
351. Current log-likelihood: -1703282.039
352. Current log-likelihood: -1703282.020
353. Current log-likelihood: -1703282.001
354. Current log-likelihood: -1703281.982
355. Current log-likelihood: -1703281.963
356. Current log-likelihood: -1703281.944
357. Current log-likelihood: -1703281.925
358. Current log-likelihood: -1703281.906
359. Current log-likelihood: -1703281.887
360. Current log-likelihood: -1703281.869
361. Current log-likelihood: -1703281.850
362. Current log-likelihood: -1703281.831
363. Current log-likelihood: -1703281.813
364. Current log-likelihood: -1703281.794
365. Current log-likelihood: -1703281.734
366. Current log-likelihood: -1703281.711
367. Current log-likelihood: -1703281.692
368. Current log-likelihood: -1703281.673
369. Current log-likelihood: -1703281.655
370. Current log-likelihood: -1703281.637
371. Current log-likelihood: -1703281.619
372. Current log-likelihood: -1703281.600
373. Current log-likelihood: -1703281.582
374. Current log-likelihood: -1703281.564
375. Current log-likelihood: -1703281.546
376. Current log-likelihood: -1703281.528
377. Current log-likelihood: -1703281.510
378. Current log-likelihood: -1703281.493
379. Current log-likelihood: -1703281.475
380. Current log-likelihood: -1703281.457
381. Current log-likelihood: -1703281.440
382. Current log-likelihood: -1703281.422
383. Current log-likelihood: -1703281.404
384. Current log-likelihood: -1703281.387
385. Current log-likelihood: -1703281.370
386. Current log-likelihood: -1703281.352
387. Current log-likelihood: -1703281.335
388. Current log-likelihood: -1703281.318
389. Current log-likelihood: -1703281.300
390. Current log-likelihood: -1703281.283
391. Current log-likelihood: -1703281.266
392. Current log-likelihood: -1703281.249
393. Current log-likelihood: -1703281.232
394. Current log-likelihood: -1703281.215
395. Current log-likelihood: -1703281.198
396. Current log-likelihood: -1703281.181
397. Current log-likelihood: -1703281.164
398. Current log-likelihood: -1703281.105
399. Current log-likelihood: -1703281.084
400. Current log-likelihood: -1703281.066
401. Current log-likelihood: -1703281.049
402. Current log-likelihood: -1703281.033
403. Current log-likelihood: -1703281.016
404. Current log-likelihood: -1703280.999
405. Current log-likelihood: -1703280.983
406. Current log-likelihood: -1703280.966
407. Current log-likelihood: -1703280.950
408. Current log-likelihood: -1703280.933
409. Current log-likelihood: -1703280.917
410. Current log-likelihood: -1703280.901
411. Current log-likelihood: -1703280.884
412. Current log-likelihood: -1703280.868
413. Current log-likelihood: -1703280.852
414. Current log-likelihood: -1703280.836
415. Current log-likelihood: -1703280.820
416. Current log-likelihood: -1703280.803
417. Current log-likelihood: -1703280.787
418. Current log-likelihood: -1703280.771
419. Current log-likelihood: -1703280.756
420. Current log-likelihood: -1703280.740
421. Current log-likelihood: -1703280.724
422. Current log-likelihood: -1703280.708
423. Current log-likelihood: -1703280.692
424. Current log-likelihood: -1703280.677
425. Current log-likelihood: -1703280.661
426. Current log-likelihood: -1703280.645
427. Current log-likelihood: -1703280.630
428. Current log-likelihood: -1703280.614
429. Current log-likelihood: -1703280.599
430. Current log-likelihood: -1703280.583
431. Current log-likelihood: -1703280.568
432. Current log-likelihood: -1703280.552
433. Current log-likelihood: -1703280.537
434. Current log-likelihood: -1703280.522
435. Current log-likelihood: -1703280.506
436. Current log-likelihood: -1703280.491
437. Current log-likelihood: -1703280.476
438. Current log-likelihood: -1703280.461
439. Current log-likelihood: -1703280.446
440. Current log-likelihood: -1703280.430
441. Current log-likelihood: -1703280.415
442. Current log-likelihood: -1703280.400
443. Current log-likelihood: -1703280.385
444. Current log-likelihood: -1703280.370
445. Current log-likelihood: -1703280.356
446. Current log-likelihood: -1703280.341
447. Current log-likelihood: -1703280.326
448. Current log-likelihood: -1703280.311
449. Current log-likelihood: -1703280.296
450. Current log-likelihood: -1703280.282
451. Current log-likelihood: -1703280.267
452. Current log-likelihood: -1703280.252
453. Current log-likelihood: -1703280.238
454. Current log-likelihood: -1703280.223
455. Current log-likelihood: -1703280.209
456. Current log-likelihood: -1703280.194
457. Current log-likelihood: -1703280.180
458. Current log-likelihood: -1703280.165
459. Current log-likelihood: -1703280.151
460. Current log-likelihood: -1703280.136
461. Current log-likelihood: -1703280.122
462. Current log-likelihood: -1703280.108
463. Current log-likelihood: -1703280.094
464. Current log-likelihood: -1703280.079
465. Current log-likelihood: -1703280.065
466. Current log-likelihood: -1703280.051
467. Current log-likelihood: -1703280.037
468. Current log-likelihood: -1703280.023
469. Current log-likelihood: -1703280.009
470. Current log-likelihood: -1703279.995
471. Current log-likelihood: -1703279.981
472. Current log-likelihood: -1703279.967
473. Current log-likelihood: -1703279.953
474. Current log-likelihood: -1703279.939
475. Current log-likelihood: -1703279.925
476. Current log-likelihood: -1703279.911
477. Current log-likelihood: -1703279.897
478. Current log-likelihood: -1703279.884
479. Current log-likelihood: -1703279.870
480. Current log-likelihood: -1703279.856
481. Current log-likelihood: -1703279.843
482. Current log-likelihood: -1703279.829
483. Current log-likelihood: -1703279.815
484. Current log-likelihood: -1703279.802
485. Current log-likelihood: -1703279.788
486. Current log-likelihood: -1703279.775
487. Current log-likelihood: -1703279.761
488. Current log-likelihood: -1703279.748
489. Current log-likelihood: -1703279.734
490. Current log-likelihood: -1703279.721
491. Current log-likelihood: -1703279.708
492. Current log-likelihood: -1703279.694
493. Current log-likelihood: -1703279.681
494. Current log-likelihood: -1703279.668
495. Current log-likelihood: -1703279.654
496. Current log-likelihood: -1703279.641
497. Current log-likelihood: -1703279.628
498. Current log-likelihood: -1703279.615
499. Current log-likelihood: -1703279.602
500. Current log-likelihood: -1703279.589
501. Current log-likelihood: -1703279.576
502. Current log-likelihood: -1703279.563
503. Current log-likelihood: -1703279.550
504. Current log-likelihood: -1703279.537
505. Current log-likelihood: -1703279.524
506. Current log-likelihood: -1703279.511
507. Current log-likelihood: -1703279.498
508. Current log-likelihood: -1703279.485
509. Current log-likelihood: -1703279.472
510. Current log-likelihood: -1703279.460
511. Current log-likelihood: -1703279.447
512. Current log-likelihood: -1703279.434
513. Current log-likelihood: -1703279.421
514. Current log-likelihood: -1703279.409
515. Current log-likelihood: -1703279.396
516. Current log-likelihood: -1703279.383
517. Current log-likelihood: -1703279.371
518. Current log-likelihood: -1703279.358
519. Current log-likelihood: -1703279.346
520. Current log-likelihood: -1703279.333
521. Current log-likelihood: -1703279.321
522. Current log-likelihood: -1703279.308
523. Current log-likelihood: -1703279.296
524. Current log-likelihood: -1703279.283
525. Current log-likelihood: -1703279.271
526. Current log-likelihood: -1703279.259
527. Current log-likelihood: -1703279.246
528. Current log-likelihood: -1703279.234
529. Current log-likelihood: -1703279.222
530. Current log-likelihood: -1703279.210
531. Current log-likelihood: -1703279.197
532. Current log-likelihood: -1703279.185
533. Current log-likelihood: -1703279.173
534. Current log-likelihood: -1703279.161
535. Current log-likelihood: -1703279.149
536. Current log-likelihood: -1703279.137
537. Current log-likelihood: -1703279.125
538. Current log-likelihood: -1703279.113
539. Current log-likelihood: -1703279.101
540. Current log-likelihood: -1703279.089
541. Current log-likelihood: -1703279.077
542. Current log-likelihood: -1703279.065
543. Current log-likelihood: -1703279.053
544. Current log-likelihood: -1703279.041
545. Current log-likelihood: -1703279.029
546. Current log-likelihood: -1703279.017
547. Current log-likelihood: -1703279.006
548. Current log-likelihood: -1703278.994
549. Current log-likelihood: -1703278.982
550. Current log-likelihood: -1703278.970
551. Current log-likelihood: -1703278.959
552. Current log-likelihood: -1703278.947
553. Current log-likelihood: -1703278.935
554. Current log-likelihood: -1703278.924
555. Current log-likelihood: -1703278.912
556. Current log-likelihood: -1703278.901
557. Current log-likelihood: -1703278.889
558. Current log-likelihood: -1703278.878
559. Current log-likelihood: -1703278.866
560. Current log-likelihood: -1703278.855
561. Current log-likelihood: -1703278.843
562. Current log-likelihood: -1703278.832
563. Current log-likelihood: -1703278.820
564. Current log-likelihood: -1703278.809
565. Current log-likelihood: -1703278.798
566. Current log-likelihood: -1703278.786
567. Current log-likelihood: -1703278.775
568. Current log-likelihood: -1703278.764
569. Current log-likelihood: -1703278.753
570. Current log-likelihood: -1703278.741
571. Current log-likelihood: -1703278.730
572. Current log-likelihood: -1703278.719
573. Current log-likelihood: -1703278.708
574. Current log-likelihood: -1703278.697
575. Current log-likelihood: -1703278.686
576. Current log-likelihood: -1703278.674
577. Current log-likelihood: -1703278.663
578. Current log-likelihood: -1703278.652
579. Current log-likelihood: -1703278.641
580. Current log-likelihood: -1703278.630
581. Current log-likelihood: -1703278.619
582. Current log-likelihood: -1703278.608
583. Current log-likelihood: -1703278.597
584. Current log-likelihood: -1703278.587
585. Current log-likelihood: -1703278.576
586. Current log-likelihood: -1703278.565
587. Current log-likelihood: -1703278.554
588. Current log-likelihood: -1703278.543
589. Current log-likelihood: -1703278.532
590. Current log-likelihood: -1703278.522
591. Current log-likelihood: -1703278.511
592. Current log-likelihood: -1703278.500
593. Current log-likelihood: -1703278.489
594. Current log-likelihood: -1703278.479
595. Current log-likelihood: -1703278.468
596. Current log-likelihood: -1703278.457
597. Current log-likelihood: -1703278.447
598. Current log-likelihood: -1703278.436
599. Current log-likelihood: -1703278.426
600. Current log-likelihood: -1703278.415
601. Current log-likelihood: -1703278.405
602. Current log-likelihood: -1703278.394
603. Current log-likelihood: -1703278.384
604. Current log-likelihood: -1703278.373
605. Current log-likelihood: -1703278.363
606. Current log-likelihood: -1703278.352
607. Current log-likelihood: -1703278.342
608. Current log-likelihood: -1703278.332
609. Current log-likelihood: -1703278.321
610. Current log-likelihood: -1703278.311
611. Current log-likelihood: -1703278.300
612. Current log-likelihood: -1703278.290
613. Current log-likelihood: -1703278.280
614. Current log-likelihood: -1703278.270
615. Current log-likelihood: -1703278.259
616. Current log-likelihood: -1703278.249
617. Current log-likelihood: -1703278.239
618. Current log-likelihood: -1703278.229
619. Current log-likelihood: -1703278.219
620. Current log-likelihood: -1703278.209
621. Current log-likelihood: -1703278.198
622. Current log-likelihood: -1703278.188
623. Current log-likelihood: -1703278.178
624. Current log-likelihood: -1703278.168
625. Current log-likelihood: -1703278.158
626. Current log-likelihood: -1703278.148
Optimal log-likelihood: -1703278.138
Mixture weights: 0.017 0.000 0.001 0.011 0.009 0.013 0.001 0.003 0.007 0.090 0.022 0.001 0.000 0.015 0.003 0.014 0.046 0.036 0.000 0.004 0.006 0.008 0.004 0.000 0.007 0.000 0.011 0.079 0.045 0.039 0.001 0.014 0.006 0.012 0.028 0.000 0.011 0.011 0.001 0.007 0.002 0.007 0.016 0.022 0.037 0.001 0.001 0.011 0.000 0.140 0.009 0.053 0.000 0.000 0.079 0.000 0.003 0.032 0.005 0.000
Site proportion and rates:  (0.212,0.015) (0.284,0.137) (0.323,0.568) (0.182,4.262)
Parameters optimization took 626 rounds (25058.036 sec)
WARNING: The mixture model might be overfitting because some mixture weights are estimated close to zero
Wrote distance file to... 
BEST SCORE FOUND : -1703278.138
Total tree length: 25.060

Total number of iterations: 0
CPU time used for tree search: 0.000 sec (0h:0m:0s)
Wall-clock time used for tree search: 0.000 sec (0h:0m:0s)
Total CPU time used: 973653.900 sec (270h:27m:33s)
Total wall-clock time used: 50192119.666 sec (13942h:15m:19s)

Analysis results written to: 
  IQ-TREE report:                1kplant10_c60_opt.iqtree
  Maximum-likelihood tree:       1kplant10_c60_opt.treefile
  Screen log file:               1kplant10_c60_opt.log

Date and Time: Wed Jun 18 10:06:00 2025
