IQ-TREE multicore version 2.4.0 for Linux x86 64-bit built Mar 19 2025
Developed by Bui Quang Minh, Nguyen Lam Tung, Olga Chernomor, Heiko Schmidt,
Dominik Schrempf, Michael Woodhams, Ly Trong Nhan, Thomas Wong

Host:    fisher.uds.anu.edu.au (AVX2, FMA3, 1007 GB RAM)
Command: ../../iqtree2 -s 5_concated.nex -m MF -merit AIC -T 30 -mem 120G -pre 5avian_c60_init
Seed:    425138 (Using SPRNG - Scalable Parallel Random Number Generator)
Time:    Fri Jun 13 02:32:18 2025
Kernel:  AVX+FMA - 30 threads (31 CPU cores detected)

Reading alignment file 5_concated.nex ... Nexus format detected
Skipping unknown block (sets)...
WARNING: 50255 sites contain only gaps or ambiguous characters.
Alignment has 5 sequences with 268838 columns, 14785 distinct patterns
5587 parsimony-informative, 31112 singleton sites, 232139 constant sites
        Gap/Ambiguity  Composition  p-value
Analyzing sequences: done in 0.0063151 secs using 1375% CPU
   1  ANAPLA   33.17%    passed     95.66%
   2  CALSQU   28.06%    passed     99.97%
   3  JUNHYE   36.20%    failed      0.03%
   4  NOTORN   36.15%    passed     49.78%
   5  URILOM   28.82%    passed     48.13%
****  TOTAL    32.48%  1 sequences failed composition chi2 test (p-value<5%; df=19)
NOTE: minimal branch length is reduced to 0.000000371971 for long alignment
Checking for duplicate sequences: done in 0.00218165 secs using 2453% CPU


Create initial parsimony tree by phylogenetic likelihood library (PLL)... 0.013 seconds
Perform fast likelihood tree search using LG+I+G model...
Estimate model parameters (epsilon = 5.000)
Perform nearest neighbor interchange...
Optimizing NNI: done in 0.040013 secs using 2790% CPU
Estimate model parameters (epsilon = 1.000)
1. Initial log-likelihood: -926580.943
Optimal log-likelihood: -926580.941
Proportion of invariable sites: 0.431
Gamma shape alpha: 0.678
Parameters optimization took 1 rounds (0.035 sec)
Time for fast ML tree search: 0.256 seconds

NOTE: ModelFinder requires 114 MB RAM!
ModelFinder will test up to 1232 protein models (sample size: 268838 epsilon: 0.100) ...
 No. Model         -LnL         df  AIC          AICc         BIC
  1  LG            935282.989   7   1870579.977  1870579.978  1870653.490
  2  LG+I          926776.632   8   1853569.265  1853569.265  1853653.280
  3  LG+G4         926650.215   8   1853316.430  1853316.430  1853400.444
  4  LG+I+G4       926580.939   9   1853179.879  1853179.879  1853274.395
  5  LG+R2         926690.900   9   1853399.799  1853399.800  1853494.316
  6  LG+R3         926579.487   11  1853180.975  1853180.976  1853296.495
  7  LG+R4         926576.639   13  1853179.279  1853179.280  1853315.803
  8  LG+R5         926574.799   15  1853179.598  1853179.600  1853337.126
 14  LG+I+R2       926611.173   10  1853242.346  1853242.347  1853347.365
 15  LG+I+R3       926571.333   12  1853166.666  1853166.667  1853292.688
 16  LG+I+R4       926564.178   14  1853156.355  1853156.357  1853303.381
 17  LG+I+R5       926559.405   16  1853150.809  1853150.811  1853318.839
 18  LG+I+R6       926555.937   18  1853147.874  1853147.876  1853336.907
 19  LG+I+R7       926553.555   20  1853147.110  1853147.113  1853357.147
 20  LG+I+R8       926551.900   22  1853147.801  1853147.805  1853378.842
 38  LG+F+I+R4     923139.064   33  1846344.129  1846344.137  1846690.690
 39  LG+F+I+R5     923134.230   35  1846338.459  1846338.469  1846706.025
 40  LG+F+I+R6     923130.710   37  1846335.420  1846335.431  1846723.989
 41  LG+F+I+R7     923128.280   39  1846334.559  1846334.571  1846744.132
 42  LG+F+I+R8     923126.501   41  1846335.003  1846335.016  1846765.579
 60  WAG+I+R4      926013.522   14  1852055.044  1852055.045  1852202.070
 61  WAG+I+R5      926013.253   16  1852058.506  1852058.508  1852226.535
 82  WAG+F+I+R4    923226.020   33  1846518.039  1846518.048  1846864.601
 83  WAG+F+I+R5    923225.803   35  1846521.605  1846521.615  1846889.171
104  JTT+I+R4      916795.889   14  1833619.778  1833619.780  1833766.804
105  JTT+I+R5      916795.412   16  1833622.824  1833622.826  1833790.854
126  JTT+F+I+R4    915458.038   33  1830982.075  1830982.083  1831328.637
127  JTT+F+I+R5    915457.569   35  1830985.138  1830985.148  1831352.704
148  Q.PFAM+I+R4   926336.987   14  1852701.974  1852701.975  1852849.000
149  Q.PFAM+I+R5   926335.076   16  1852702.152  1852702.154  1852870.182
170  Q.PFAM+F+I+R4 922795.127   33  1845656.254  1845656.263  1846002.816
171  Q.PFAM+F+I+R5 922793.011   35  1845656.022  1845656.032  1846023.587
172  Q.PFAM+F+I+R6 922791.685   37  1845657.370  1845657.380  1846045.939
192  Q.BIRD+I+R4   911800.948   14  1823629.896  1823629.897  1823776.922
193  Q.BIRD+I+R5   911796.954   16  1823625.908  1823625.910  1823793.938
194  Q.BIRD+I+R6   911794.721   18  1823625.443  1823625.445  1823814.476
195  Q.BIRD+I+R7   911793.606   20  1823627.213  1823627.216  1823837.250
214  Q.BIRD+F+I+R4 911678.605   33  1823423.210  1823423.219  1823769.772
215  Q.BIRD+F+I+R5 911674.578   35  1823419.156  1823419.165  1823786.721
216  Q.BIRD+F+I+R6 911672.297   37  1823418.594  1823418.604  1823807.163
217  Q.BIRD+F+I+R7 911671.093   39  1823420.187  1823420.198  1823829.759
236  Q.MAMMAL+I+R4 912964.703   14  1825957.406  1825957.407  1826104.432
237  Q.MAMMAL+I+R5 912963.578   16  1825959.157  1825959.159  1826127.186
258  Q.MAMMAL+F+I+R4 912592.958   33  1825251.917  1825251.925  1825598.478
259  Q.MAMMAL+F+I+R5 912591.755   35  1825253.509  1825253.518  1825621.074
280  Q.INSECT+I+R4 927394.282   14  1854816.563  1854816.565  1854963.589
281  Q.INSECT+I+R5 927392.300   16  1854816.599  1854816.601  1854984.629
302  Q.INSECT+F+I+R4 919518.645   33  1839103.289  1839103.298  1839449.851
303  Q.INSECT+F+I+R5 919516.909   35  1839103.817  1839103.826  1839471.382
324  Q.PLANT+I+R4  918284.455   14  1836596.910  1836596.911  1836743.936
325  Q.PLANT+I+R5  918278.535   16  1836589.070  1836589.072  1836757.100
326  Q.PLANT+I+R6  918275.095   18  1836586.190  1836586.193  1836775.224
327  Q.PLANT+I+R7  918272.728   20  1836585.456  1836585.459  1836795.493
328  Q.PLANT+I+R8  918270.724   22  1836585.447  1836585.451  1836816.488
346  Q.PLANT+F+I+R4 914613.251   33  1829292.503  1829292.511  1829639.064
347  Q.PLANT+F+I+R5 914607.415   35  1829284.831  1829284.840  1829652.396
348  Q.PLANT+F+I+R6 914604.148   37  1829282.296  1829282.306  1829670.865
349  Q.PLANT+F+I+R7 914601.697   39  1829281.394  1829281.406  1829690.967
350  Q.PLANT+F+I+R8 914599.631   41  1829281.262  1829281.275  1829711.839
368  Q.YEAST+I+R4  932231.263   14  1864490.527  1864490.528  1864637.553
369  Q.YEAST+I+R5  932227.240   16  1864486.481  1864486.483  1864654.511
370  Q.YEAST+I+R6  932224.992   18  1864485.984  1864485.987  1864675.018
371  Q.YEAST+I+R7  932223.267   20  1864486.534  1864486.537  1864696.571
390  Q.YEAST+F+I+R4 921618.324   33  1843302.647  1843302.655  1843649.209
391  Q.YEAST+F+I+R5 921614.386   35  1843298.771  1843298.781  1843666.337
392  Q.YEAST+F+I+R6 921612.122   37  1843298.244  1843298.255  1843686.813
393  Q.YEAST+F+I+R7 921610.443   39  1843298.886  1843298.898  1843708.459
412  JTTDCMUT+I+R4 917076.466   14  1834180.931  1834180.933  1834327.958
413  JTTDCMUT+I+R5 917076.030   16  1834184.061  1834184.063  1834352.091
434  JTTDCMUT+F+I+R4 915702.778   33  1831471.556  1831471.565  1831818.118
435  JTTDCMUT+F+I+R5 915702.324   35  1831474.648  1831474.657  1831842.213
456  DCMUT+I+R4    928224.833   14  1856477.667  1856477.669  1856624.693
457  DCMUT+I+R5    928224.448   16  1856480.897  1856480.899  1856648.927
478  DCMUT+F+I+R4  923040.125   33  1846146.250  1846146.258  1846492.811
479  DCMUT+F+I+R5  923037.288   35  1846144.576  1846144.585  1846512.141
+I+R6 reinitialized from +I+R5 with factor 0.500
480  DCMUT+F+I+R6  923035.706   37  1846145.412  1846145.422  1846533.981
500  VT+I+R4       925405.328   14  1850838.656  1850838.657  1850985.682
+I+R5 reinitialized from +I+R4 with factor 0.500
+I+R5 reinitialized from +I+R4 with factor 0.250
+I+R5 reinitialized from +I+R4 with factor 0.125
501  VT+I+R5       925405.385   16  1850842.769  1850842.771  1851010.799
522  VT+F+I+R4     923468.327   33  1847002.655  1847002.663  1847349.216
+I+R5 reinitialized from +I+R4 with factor 0.500
+I+R5 reinitialized from +I+R4 with factor 0.250
+I+R5 reinitialized from +I+R4 with factor 0.125
523  VT+F+I+R5     923468.389   35  1847006.778  1847006.787  1847374.343
544  PMB+I+R4      933548.238   14  1867124.476  1867124.477  1867271.502
545  PMB+I+R5      933548.294   16  1867128.589  1867128.591  1867296.619
566  PMB+F+I+R4    930120.938   33  1860307.876  1860307.885  1860654.438
567  PMB+F+I+R5    930120.974   35  1860311.948  1860311.958  1860679.513
588  BLOSUM62+I+R4 935852.562   14  1871733.124  1871733.126  1871880.150
589  BLOSUM62+I+R5 935852.580   16  1871737.159  1871737.162  1871905.189
610  BLOSUM62+F+I+R4 930829.201   33  1861724.402  1861724.411  1862070.964
611  BLOSUM62+F+I+R5 930829.266   35  1861728.531  1861728.541  1862096.097
632  DAYHOFF+I+R4  928156.972   14  1856341.943  1856341.945  1856488.969
633  DAYHOFF+I+R5  928156.670   16  1856345.339  1856345.341  1856513.369
654  DAYHOFF+F+I+R4 922988.619   33  1846043.238  1846043.247  1846389.800
655  DAYHOFF+F+I+R5 922988.653   35  1846047.307  1846047.316  1846414.872
676  MTREV+I+R4    971293.966   14  1942615.933  1942615.934  1942762.959
677  MTREV+I+R5    971293.890   16  1942619.781  1942619.783  1942787.811
698  MTREV+F+I+R4  923709.021   33  1847484.042  1847484.050  1847830.603
699  MTREV+F+I+R5  923708.988   35  1847487.976  1847487.985  1847855.541
720  MTART+I+R4    982042.132   14  1964112.264  1964112.266  1964259.290
721  MTART+I+R5    982038.235   16  1964108.469  1964108.471  1964276.499
722  MTART+I+R6    982032.867   18  1964101.734  1964101.736  1964290.767
723  MTART+I+R7    982031.070   20  1964102.140  1964102.144  1964312.178
742  MTART+F+I+R4  931732.104   33  1863530.209  1863530.217  1863876.770
743  MTART+F+I+R5  931731.908   35  1863533.817  1863533.826  1863901.382
764  MTZOA+I+R4    968685.910   14  1937399.821  1937399.823  1937546.847
765  MTZOA+I+R5    968685.536   16  1937403.073  1937403.075  1937571.103
786  MTZOA+F+I+R4  925865.378   33  1851796.755  1851796.764  1852143.317
787  MTZOA+F+I+R5  925865.346   35  1851800.692  1851800.701  1852168.257
808  MTMET+I+R4    973852.399   14  1947732.798  1947732.800  1947879.824
809  MTMET+I+R5    973851.860   16  1947735.721  1947735.723  1947903.751
830  MTMET+F+I+R4  918450.930   33  1836967.860  1836967.869  1837314.422
831  MTMET+F+I+R5  918450.683   35  1836971.366  1836971.375  1837338.931
852  MTVER+I+R4    971497.480   14  1943022.960  1943022.962  1943169.986
853  MTVER+I+R5    971497.145   16  1943026.290  1943026.292  1943194.320
874  MTVER+F+I+R4  918677.072   33  1837420.143  1837420.152  1837766.705
875  MTVER+F+I+R5  918676.916   35  1837423.831  1837423.841  1837791.397
896  MTINV+I+R4    991308.464   14  1982644.928  1982644.930  1982791.954
897  MTINV+I+R5    991308.285   16  1982648.570  1982648.572  1982816.600
918  MTINV+F+I+R4  920970.700   33  1842007.400  1842007.408  1842353.962
919  MTINV+F+I+R5  920970.417   35  1842010.834  1842010.843  1842378.399
940  MTMAM+I+R4    973393.492   14  1946814.984  1946814.986  1946962.010
941  MTMAM+I+R5    973392.229   16  1946816.458  1946816.460  1946984.488
962  MTMAM+F+I+R4  923397.472   33  1846860.944  1846860.952  1847207.506
963  MTMAM+F+I+R5  923397.397   35  1846864.793  1846864.803  1847232.358
984  FLAVI+I+R4    928656.853   14  1857341.705  1857341.707  1857488.732
985  FLAVI+I+R5    928656.545   16  1857345.089  1857345.091  1857513.119
1006  FLAVI+F+I+R4  917562.015   33  1835190.030  1835190.038  1835536.592
1007  FLAVI+F+I+R5  917561.962   35  1835193.924  1835193.933  1835561.489
1028  HIVB+I+R4     924521.952   14  1849071.903  1849071.905  1849218.929
1029  HIVB+I+R5     924521.890   16  1849075.780  1849075.782  1849243.810
1050  HIVB+F+I+R4   916404.875   33  1832875.751  1832875.759  1833222.312
1051  HIVB+F+I+R5   916404.826   35  1832879.653  1832879.662  1833247.218
1072  HIVW+I+R4     944209.576   14  1888447.153  1888447.154  1888594.179
1073  HIVW+I+R5     944209.203   16  1888450.405  1888450.407  1888618.435
1094  HIVW+F+I+R4   921095.434   33  1842256.868  1842256.876  1842603.429
1095  HIVW+F+I+R5   921095.000   35  1842260.001  1842260.010  1842627.566
1116  FLU+I+R4      929190.224   14  1858408.449  1858408.450  1858555.475
1117  FLU+I+R5      929190.199   16  1858412.397  1858412.399  1858580.427
1138  FLU+F+I+R4    919249.970   33  1838565.939  1838565.948  1838912.501
1139  FLU+F+I+R5    919249.934   35  1838569.868  1838569.878  1838937.434
1160  RTREV+I+R4    935617.630   14  1871263.260  1871263.262  1871410.286
1161  RTREV+I+R5    935617.663   16  1871267.327  1871267.329  1871435.357
1182  RTREV+F+I+R4  927072.326   33  1854210.652  1854210.660  1854557.213
1183  RTREV+F+I+R5  927072.307   35  1854214.613  1854214.623  1854582.179
1204  CPREV+I+R4    931970.138   14  1863968.277  1863968.279  1864115.303
1205  CPREV+I+R5    931969.741   16  1863971.482  1863971.484  1864139.512
1226  CPREV+F+I+R4  924713.288   33  1849492.575  1849492.584  1849839.137
1227  CPREV+F+I+R5  924712.840   35  1849495.680  1849495.689  1849863.245
Akaike Information Criterion:           Q.BIRD+F+I+R6
Corrected Akaike Information Criterion: Q.BIRD+F+I+R6
Bayesian Information Criterion:         Q.BIRD+F+I+R4
Best-fit model: Q.BIRD+F+I+R6 chosen according to AIC

All model information printed to 5avian_c60_init.model.gz
CPU time for ModelFinder: 9990.023 seconds (2h:46m:30s)
Wall-clock time for ModelFinder: 1328.090 seconds (0h:22m:8s)

NOTE: 68 MB RAM (0 GB) is required!
Estimate model parameters (epsilon = 0.010)
1. Initial log-likelihood: -915327.482
2. Current log-likelihood: -911708.068
3. Current log-likelihood: -911680.269
4. Current log-likelihood: -911677.332
5. Current log-likelihood: -911675.811
6. Current log-likelihood: -911674.920
7. Current log-likelihood: -911674.306
8. Current log-likelihood: -911673.810
9. Current log-likelihood: -911673.387
10. Current log-likelihood: -911673.008
11. Current log-likelihood: -911672.673
12. Current log-likelihood: -911672.381
13. Current log-likelihood: -911672.116
14. Current log-likelihood: -911671.874
15. Current log-likelihood: -911671.656
16. Current log-likelihood: -911671.476
17. Current log-likelihood: -911671.320
18. Current log-likelihood: -911671.188
19. Current log-likelihood: -911671.073
20. Current log-likelihood: -911670.967
21. Current log-likelihood: -911670.878
22. Current log-likelihood: -911670.799
23. Current log-likelihood: -911670.742
24. Current log-likelihood: -911670.687
Optimal log-likelihood: -911670.684
Proportion of invariable sites: 0.559
Site proportion and rates:  (0.155,0.704) (0.040,1.622) (0.091,1.865) (0.078,3.066) (0.069,4.708) (0.008,11.174)
Parameters optimization took 24 rounds (4.506 sec)
Wrote distance file to... 
BEST SCORE FOUND : -911670.684
Total tree length: 0.343

Total number of iterations: 0
CPU time used for tree search: 0.000 sec (0h:0m:0s)
Wall-clock time used for tree search: 0.000 sec (0h:0m:0s)
Total CPU time used: 10125.158 sec (2h:48m:45s)
Total wall-clock time used: 1332.613 sec (0h:22m:12s)

Analysis results written to: 
  IQ-TREE report:                5avian_c60_init.iqtree
  Tree used for ModelFinder:     5avian_c60_init.treefile
  Screen log file:               5avian_c60_init.log

Date and Time: Fri Jun 13 02:54:31 2025
