IQ-TREE multicore version 2.4.0 for Linux x86 64-bit built Mar 19 2025
Developed by Bui Quang Minh, Nguyen Lam Tung, Olga Chernomor, Heiko Schmidt,
Dominik Schrempf, Michael Woodhams, Ly Trong Nhan, Thomas Wong

Host:    dayhoff.uds.anu.edu.au (AVX2, FMA3, 1007 GB RAM)
Command: ../../iqtree2 -s ./20_concated.nex -m Q.PLANT+C60+R5 -te ../partition/Q/Legume20_Q_search.treefile -T 60 -mem 120G -safe -pre Legume20_c60_unopt
Seed:    967698 (Using SPRNG - Scalable Parallel Random Number Generator)
Time:    Fri Apr 25 13:33:20 2025
Kernel:  Safe AVX+FMA - 60 threads (62 CPU cores detected)

Reading alignment file ./20_concated.nex ... Nexus format detected
Skipping unknown block (sets)...
Alignment has 20 sequences with 116731 columns, 70806 distinct patterns
40231 parsimony-informative, 24219 singleton sites, 52281 constant sites
                     Gap/Ambiguity  Composition  p-value
Analyzing sequences: done in 0.00649922 secs using 3187% CPU
   1  Lathyrus_sativus      24.04%    failed      0.00%
   2  Linum_usitatissimum   19.69%    failed      0.12%
   3  Fragaria_vesca        22.25%    passed     22.11%
   4  Cucumis_sativus       13.97%    passed     61.87%
   5  Cannabis_sativa        4.60%    passed     56.41%
   6  Gossypium_raimondii    2.63%    passed     90.35%
   7  Citrus_sinensis       13.33%    passed     99.65%
   8  Acacia_koa             7.82%    passed     99.63%
   9  Juglans_regia         10.46%    passed     44.64%
  10  Vigna_radiata         20.47%    passed     32.59%
  11  Salix_purpurea         1.98%    passed     99.76%
  12  Nelumbo_nucifera       4.80%    failed      2.55%
  13  Papaver_somniferum    16.76%    passed     33.08%
  14  Eucalyptus_grandis     7.93%    failed      0.00%
  15  Carica_papaya         30.79%    passed     56.36%
  16  Aquilegia_coerulea     9.79%    passed     28.32%
  17  Vitis_vinifera        12.33%    passed     15.63%
  18  Mimulus_guttatus      14.21%    passed     47.80%
  19  Lactuca_sativa        17.91%    failed      0.00%
  20  Solanum_tuberosum     26.41%    passed     83.18%
****  TOTAL                 14.11%  5 sequences failed composition chi2 test (p-value<5%; df=19)
NOTE: minimal branch length is reduced to 0.000000856670 for long alignment
Checking for duplicate sequences: done in 0.00610411 secs using 3688% CPU
Reading input tree file ../partition/Q/Legume20_Q_search.treefile ...
Model Q.PLANT+C60+R5 is alias for Q.PLANT+POISSON+G+FMIX{C60pi1:1:0.0169698865,C60pi2:1:0.0211683374,C60pi3:1:0.0276589079,C60pi4:1:0.0065675964,C60pi5:1:0.0141221416,C60pi6:1:0.0068774834,C60pi7:1:0.0146909701,C60pi8:1:0.0067225777,C60pi9:1:0.0018396660,C60pi10:1:0.0102547197,C60pi11:1:0.0230896163,C60pi12:1:0.0057941033,C60pi13:1:0.0125394534,C60pi14:1:0.0204526478,C60pi15:1:0.0070629602,C60pi16:1:0.0117982741,C60pi17:1:0.0068334668,C60pi18:1:0.0433775839,C60pi19:1:0.0318278731,C60pi20:1:0.0222546108,C60pi21:1:0.0102264969,C60pi22:1:0.0150545891,C60pi23:1:0.0134159878,C60pi24:1:0.0148552065,C60pi25:1:0.0239111516,C60pi26:1:0.0128776278,C60pi27:1:0.0222318842,C60pi28:1:0.0247444742,C60pi29:1:0.0214274810,C60pi30:1:0.0115001882,C60pi31:1:0.0076017389,C60pi32:1:0.0130258568,C60pi33:1:0.0093701965,C60pi34:1:0.0467194264,C60pi35:1:0.0441940314,C60pi36:1:0.0322263154,C60pi37:1:0.0402999891,C60pi38:1:0.0150234227,C60pi39:1:0.0104589903,C60pi40:1:0.0214742395,C60pi41:1:0.0154957836,C60pi42:1:0.0101789953,C60pi43:1:0.0227980379,C60pi44:1:0.0123204539,C60pi45:1:0.0066777583,C60pi46:1:0.0004150083,C60pi47:1:0.0344385130,C60pi48:1:0.0113663379,C60pi49:1:0.0127143049,C60pi50:1:0.0124323741,C60pi51:1:0.0262124415,C60pi52:1:0.0064994957,C60pi53:1:0.0103203293,C60pi54:1:0.0142463512,C60pi55:1:0.0215600067,C60pi56:1:0.0199150700,C60pi57:1:0.0038964200,C60pi58:1:0.0113448855,C60pi59:1:0.0128595846,C60pi60:1:0.0117656776}+R5
WARNING: Your input class weight 0.000415008 is very small and may cause numerical issues
WARNING: Both Gamma and FreeRate models were specified, continue with FreeRate model

NOTE: 65656 MB RAM (64 GB) is required!
Estimate model parameters (epsilon = 0.010)
1. Initial log-likelihood: -1507774.825
2. Current log-likelihood: -1488559.553
3. Current log-likelihood: -1487794.713
4. Current log-likelihood: -1487551.589
5. Current log-likelihood: -1487418.798
6. Current log-likelihood: -1487342.187
7. Current log-likelihood: -1487294.330
8. Current log-likelihood: -1487261.279
9. Current log-likelihood: -1487236.420
10. Current log-likelihood: -1487216.013
11. Current log-likelihood: -1487198.447
12. Current log-likelihood: -1487182.888
13. Current log-likelihood: -1487169.012
14. Current log-likelihood: -1487156.590
15. Current log-likelihood: -1487145.518
16. Current log-likelihood: -1487135.532
17. Current log-likelihood: -1487126.680
18. Current log-likelihood: -1487118.841
19. Current log-likelihood: -1487111.903
20. Current log-likelihood: -1487105.737
21. Current log-likelihood: -1487100.213
22. Current log-likelihood: -1487095.211
23. Current log-likelihood: -1487090.662
24. Current log-likelihood: -1487086.468
25. Current log-likelihood: -1487082.567
26. Current log-likelihood: -1487078.862
27. Current log-likelihood: -1487075.395
28. Current log-likelihood: -1487071.783
29. Current log-likelihood: -1487068.766
30. Current log-likelihood: -1487065.481
31. Current log-likelihood: -1487062.439
32. Current log-likelihood: -1487059.515
33. Current log-likelihood: -1487056.697
34. Current log-likelihood: -1487053.993
35. Current log-likelihood: -1487051.368
36. Current log-likelihood: -1487048.863
37. Current log-likelihood: -1487046.442
38. Current log-likelihood: -1487044.140
39. Current log-likelihood: -1487041.943
40. Current log-likelihood: -1487039.851
41. Current log-likelihood: -1487037.865
42. Current log-likelihood: -1487035.983
43. Current log-likelihood: -1487034.217
44. Current log-likelihood: -1487032.648
45. Current log-likelihood: -1487031.169
46. Current log-likelihood: -1487029.765
47. Current log-likelihood: -1487028.449
48. Current log-likelihood: -1487027.233
49. Current log-likelihood: -1487026.074
50. Current log-likelihood: -1487025.012
51. Current log-likelihood: -1487024.010
52. Current log-likelihood: -1487023.078
53. Current log-likelihood: -1487022.199
54. Current log-likelihood: -1487021.377
55. Current log-likelihood: -1487020.602
56. Current log-likelihood: -1487019.910
57. Current log-likelihood: -1487019.238
58. Current log-likelihood: -1487018.603
59. Current log-likelihood: -1487018.031
60. Current log-likelihood: -1487017.535
61. Current log-likelihood: -1487016.995
62. Current log-likelihood: -1487016.539
63. Current log-likelihood: -1487016.085
64. Current log-likelihood: -1487015.671
65. Current log-likelihood: -1487015.258
66. Current log-likelihood: -1487014.882
67. Current log-likelihood: -1487014.528
68. Current log-likelihood: -1487014.199
69. Current log-likelihood: -1487013.929
70. Current log-likelihood: -1487013.624
71. Current log-likelihood: -1487013.394
72. Current log-likelihood: -1487013.150
73. Current log-likelihood: -1487012.918
74. Current log-likelihood: -1487012.755
75. Current log-likelihood: -1487012.538
76. Current log-likelihood: -1487012.386
77. Current log-likelihood: -1487012.185
78. Current log-likelihood: -1487011.998
79. Current log-likelihood: -1487011.844
80. Current log-likelihood: -1487011.661
81. Current log-likelihood: -1487011.541
82. Current log-likelihood: -1487011.414
83. Current log-likelihood: -1487011.295
84. Current log-likelihood: -1487011.202
85. Current log-likelihood: -1487011.064
86. Current log-likelihood: -1487010.963
87. Current log-likelihood: -1487010.879
88. Current log-likelihood: -1487010.785
89. Current log-likelihood: -1487010.706
90. Current log-likelihood: -1487010.637
91. Current log-likelihood: -1487010.549
92. Current log-likelihood: -1487010.483
93. Current log-likelihood: -1487010.420
94. Current log-likelihood: -1487010.358
95. Current log-likelihood: -1487010.284
96. Current log-likelihood: -1487010.225
97. Current log-likelihood: -1487010.172
98. Current log-likelihood: -1487010.104
99. Current log-likelihood: -1487010.052
100. Current log-likelihood: -1487010.016
101. Current log-likelihood: -1487009.981
102. Current log-likelihood: -1487009.947
103. Current log-likelihood: -1487009.913
104. Current log-likelihood: -1487009.881
105. Current log-likelihood: -1487009.850
106. Current log-likelihood: -1487009.806
107. Current log-likelihood: -1487009.774
108. Current log-likelihood: -1487009.745
109. Current log-likelihood: -1487009.717
110. Current log-likelihood: -1487009.690
111. Current log-likelihood: -1487009.677
112. Current log-likelihood: -1487009.645
113. Current log-likelihood: -1487009.617
114. Current log-likelihood: -1487009.592
115. Current log-likelihood: -1487009.580
116. Current log-likelihood: -1487009.567
117. Current log-likelihood: -1487009.555
118. Current log-likelihood: -1487009.542
119. Current log-likelihood: -1487009.512
120. Current log-likelihood: -1487009.488
121. Current log-likelihood: -1487009.476
122. Current log-likelihood: -1487009.464
123. Current log-likelihood: -1487009.453
124. Current log-likelihood: -1487009.442
125. Current log-likelihood: -1487009.431
126. Current log-likelihood: -1487009.420
127. Current log-likelihood: -1487009.409
128. Current log-likelihood: -1487009.399
129. Current log-likelihood: -1487009.389
Optimal log-likelihood: -1487009.371
Mixture weights: 0.017 0.021 0.028 0.007 0.014 0.007 0.015 0.007 0.002 0.010 0.023 0.006 0.013 0.020 0.007 0.012 0.007 0.043 0.032 0.022 0.010 0.015 0.013 0.015 0.024 0.013 0.022 0.025 0.021 0.012 0.008 0.013 0.009 0.047 0.044 0.032 0.040 0.015 0.010 0.021 0.015 0.010 0.023 0.012 0.007 0.000 0.034 0.011 0.013 0.012 0.026 0.006 0.010 0.014 0.022 0.020 0.004 0.011 0.013 0.012
Site proportion and rates:  (0.425,0.033) (0.263,0.411) (0.197,1.413) (0.093,3.767) (0.023,10.991)
Parameters optimization took 129 rounds (13455.154 sec)
Wrote distance file to... 
BEST SCORE FOUND : -1487009.371
Total tree length: 4.786

Total number of iterations: 0
CPU time used for tree search: 0.000 sec (0h:0m:0s)
Wall-clock time used for tree search: 0.000 sec (0h:0m:0s)
Total CPU time used: 738237.329 sec (205h:3m:57s)
Total wall-clock time used: 45552419.503 sec (12653h:26m:59s)

Analysis results written to: 
  IQ-TREE report:                Legume20_c60_unopt.iqtree
  Maximum-likelihood tree:       Legume20_c60_unopt.treefile
  Screen log file:               Legume20_c60_unopt.log

Date and Time: Fri Apr 25 17:17:42 2025
