IQ-TREE multicore version 2.4.0 for Linux x86 64-bit built Mar 19 2025
Developed by Bui Quang Minh, Nguyen Lam Tung, Olga Chernomor, Heiko Schmidt,
Dominik Schrempf, Michael Woodhams, Ly Trong Nhan, Thomas Wong

Host:    fisher.uds.anu.edu.au (AVX2, FMA3, 1007 GB RAM)
Command: ../../iqtree2 -s 5_concated.nex -m MF -merit AIC -T 30 -mem 120G -pre 5archaea_c60_init
Seed:    580929 (Using SPRNG - Scalable Parallel Random Number Generator)
Time:    Thu Jun 12 22:03:46 2025
Kernel:  AVX+FMA - 30 threads (31 CPU cores detected)

Reading alignment file 5_concated.nex ... Nexus format detected
Skipping unknown block (sets)...
WARNING: 198 sites contain only gaps or ambiguous characters.
Alignment has 5 sequences with 17191 columns, 12116 distinct patterns
1681 parsimony-informative, 11942 singleton sites, 3568 constant sites
               Gap/Ambiguity  Composition  p-value
Analyzing sequences: done in 0.00437953 secs using 3014% CPU
   1  GCA_000806055   26.48%    failed      0.00%
   2  GCA_001629205   17.96%    failed      0.00%
   3  GCA_002779075   15.51%    failed      0.00%
   4  GCA_002790315   22.36%    failed      0.00%
   5  GCA_002412085   22.88%    failed      0.00%
****  TOTAL           21.04%  5 sequences failed composition chi2 test (p-value<5%; df=19)
Checking for duplicate sequences: done in 0.00185394 secs using 1078% CPU


Create initial parsimony tree by phylogenetic likelihood library (PLL)... 0.013 seconds
Perform fast likelihood tree search using LG+I+G model...
Estimate model parameters (epsilon = 5.000)
Perform nearest neighbor interchange...
Optimizing NNI: done in 0.779617 secs using 2798% CPU
Estimate model parameters (epsilon = 1.000)
1. Initial log-likelihood: -157597.053
2. Current log-likelihood: -157594.313
3. Current log-likelihood: -157592.519
4. Current log-likelihood: -157591.278
Optimal log-likelihood: -157590.385
Proportion of invariable sites: 0.054
Gamma shape alpha: 2.234
Parameters optimization took 4 rounds (0.871 sec)
Time for fast ML tree search: 4.072 seconds

NOTE: ModelFinder requires 93 MB RAM!
ModelFinder will test up to 1232 protein models (sample size: 17191 epsilon: 0.100) ...
 No. Model         -LnL         df  AIC          AICc         BIC
  1  LG            158910.700   7   317835.401   317835.407   317889.666
  2  LG+I          158020.347   8   316056.694   316056.703   316118.711
  3  LG+G4         157612.128   8   315240.256   315240.265   315302.273
  4  LG+I+G4       157587.921   9   315193.843   315193.853   315263.612
  5  LG+R2         157617.327   9   315252.655   315252.665   315322.424
  6  LG+R3         157590.007   11  315202.014   315202.030   315287.288
  7  LG+R4         157588.361   13  315202.721   315202.742   315303.499
 14  LG+I+R2       157589.320   10  315198.640   315198.653   315276.161
 15  LG+I+R3       157587.540   12  315199.080   315199.098   315292.105
 26  LG+F+I+G4     156443.321   28  312942.643   312942.738   313159.703
 28  LG+F+R3       156443.211   30  312946.422   312946.530   313178.986
 29  LG+F+R4       156442.005   32  312948.010   312948.133   313196.079
 36  LG+F+I+R2     156448.265   29  312954.531   312954.632   313179.343
 37  LG+F+I+R3     156443.593   31  312949.186   312949.301   313189.502
 48  WAG+I+G4      158707.220   9   317432.439   317432.450   317502.209
 50  WAG+R3        158706.272   11  317434.543   317434.559   317519.817
 51  WAG+R4        158705.236   13  317436.472   317436.493   317537.250
 58  WAG+I+R2      158706.556   10  317433.112   317433.125   317510.633
 59  WAG+I+R3      158705.346   12  317434.692   317434.710   317527.718
 70  WAG+F+I+G4    156732.801   28  313521.602   313521.697   313738.662
 72  WAG+F+R3      156731.288   30  313522.576   313522.684   313755.140
 73  WAG+F+R4      156730.353   32  313524.706   313524.829   313772.775
 80  WAG+F+I+R2    156732.428   29  313522.857   313522.958   313747.669
 81  WAG+F+I+R3    156730.824   31  313523.649   313523.764   313763.965
 92  JTT+I+G4      159754.029   9   319526.058   319526.068   319595.827
 94  JTT+R3        159751.287   11  319524.574   319524.590   319609.848
+R4 reinitialized from +R3 with factor 0.500
 95  JTT+R4        159751.288   13  319528.576   319528.597   319629.354
102  JTT+I+R2      159751.947   10  319523.895   319523.908   319601.416
103  JTT+I+R3      159750.647   12  319525.293   319525.311   319618.319
114  JTT+F+I+G4    157823.156   28  315702.313   315702.407   315919.373
116  JTT+F+R3      157816.899   30  315693.797   315693.906   315926.362
+R4 reinitialized from +R3 with factor 0.500
+R4 reinitialized from +R3 with factor 0.250
+R4 reinitialized from +R3 with factor 0.125
117  JTT+F+R4      157816.962   32  315697.923   315698.046   315945.992
124  JTT+F+I+R2    157819.037   29  315696.074   315696.175   315920.886
125  JTT+F+I+R3    157816.953   31  315695.905   315696.021   315936.221
136  Q.PFAM+I+G4   158109.710   9   316237.419   316237.430   316307.189
138  Q.PFAM+R3     158109.751   11  316241.503   316241.518   316326.776
139  Q.PFAM+R4     158109.653   13  316245.305   316245.326   316346.083
146  Q.PFAM+I+R2   158110.326   10  316240.653   316240.666   316318.174
147  Q.PFAM+I+R3   158108.652   12  316241.303   316241.322   316334.329
158  Q.PFAM+F+I+G4 156522.591   28  313101.183   313101.278   313318.243
160  Q.PFAM+F+R3   156517.340   30  313094.680   313094.788   313327.244
161  Q.PFAM+F+R4   156517.365   32  313098.731   313098.854   313346.799
168  Q.PFAM+F+I+R2 156523.236   29  313104.472   313104.573   313329.284
169  Q.PFAM+F+I+R3 156519.002   31  313100.003   313100.119   313340.320
180  Q.BIRD+I+G4   161838.341   9   323694.681   323694.692   323764.450
182  Q.BIRD+R3     161836.173   11  323694.346   323694.361   323779.620
183  Q.BIRD+R4     161836.091   13  323698.181   323698.202   323798.959
190  Q.BIRD+I+R2   161845.583   10  323711.166   323711.179   323788.688
191  Q.BIRD+I+R3   161834.402   12  323692.805   323692.823   323785.831
202  Q.BIRD+F+I+G4 159305.909   28  318667.818   318667.913   318884.878
204  Q.BIRD+F+R3   159281.788   30  318623.575   318623.683   318856.139
205  Q.BIRD+F+R4   159281.693   32  318627.385   318627.508   318875.454
212  Q.BIRD+F+I+R2 159300.616   29  318659.232   318659.333   318884.044
213  Q.BIRD+F+I+R3 159280.059   31  318622.118   318622.234   318862.435
224  Q.MAMMAL+I+G4 161708.665   9   323435.330   323435.340   323505.099
226  Q.MAMMAL+R3   161706.464   11  323434.928   323434.944   323520.202
227  Q.MAMMAL+R4   161706.437   13  323438.874   323438.896   323539.652
234  Q.MAMMAL+I+R2 161707.052   10  323434.104   323434.116   323511.625
235  Q.MAMMAL+I+R3 161704.002   12  323432.004   323432.022   323525.029
246  Q.MAMMAL+F+I+G4 158805.537   28  317667.074   317667.168   317884.134
248  Q.MAMMAL+F+R3 158783.381   30  317626.763   317626.871   317859.327
249  Q.MAMMAL+F+R4 158783.158   32  317630.317   317630.440   317878.385
256  Q.MAMMAL+F+I+R2 158788.012   29  317634.025   317634.126   317858.837
257  Q.MAMMAL+F+I+R3 158781.127   31  317624.254   317624.370   317864.570
268  Q.INSECT+I+G4 158112.597   9   316243.193   316243.204   316312.962
270  Q.INSECT+R3   158110.402   11  316242.805   316242.820   316328.078
271  Q.INSECT+R4   158110.333   13  316246.665   316246.687   316347.443
278  Q.INSECT+I+R2 158108.609   10  316237.219   316237.232   316314.740
+I+R3 reinitialized from +I+R2 with factor 0.500
279  Q.INSECT+I+R3 158107.582   12  316239.165   316239.183   316332.190
290  Q.INSECT+F+I+G4 157403.225   28  314862.451   314862.546   315079.511
292  Q.INSECT+F+R3 157402.824   30  314865.647   314865.755   315098.211
293  Q.INSECT+F+R4 157402.339   32  314868.677   314868.800   315116.746
300  Q.INSECT+F+I+R2 157407.333   29  314872.665   314872.767   315097.478
301  Q.INSECT+F+I+R3 157404.432   31  314870.865   314870.980   315111.181
312  Q.PLANT+I+G4  158936.043   9   317890.085   317890.096   317959.854
314  Q.PLANT+R3    158929.498   11  317880.995   317881.010   317966.269
315  Q.PLANT+R4    158928.386   13  317882.772   317882.794   317983.550
322  Q.PLANT+I+R2  158929.796   10  317879.591   317879.604   317957.113
323  Q.PLANT+I+R3  158928.140   12  317880.279   317880.297   317973.305
334  Q.PLANT+F+I+G4 157757.743   28  315571.485   315571.580   315788.545
336  Q.PLANT+F+R3  157751.104   30  315562.208   315562.316   315794.772
337  Q.PLANT+F+R4  157750.307   32  315564.614   315564.737   315812.683
344  Q.PLANT+F+I+R2 157757.536   29  315573.073   315573.174   315797.885
345  Q.PLANT+F+I+R3 157753.995   31  315569.990   315570.106   315810.307
356  Q.YEAST+I+G4  157703.642   9   315425.284   315425.295   315495.053
358  Q.YEAST+R3    157705.346   11  315432.693   315432.708   315517.966
359  Q.YEAST+R4    157704.705   13  315435.410   315435.432   315536.188
366  Q.YEAST+I+R2  157708.784   10  315437.568   315437.581   315515.089
367  Q.YEAST+I+R3  157705.999   12  315435.997   315436.015   315529.023
378  Q.YEAST+F+I+G4 157048.912   28  314153.823   314153.918   314370.883
380  Q.YEAST+F+R3  157049.850   30  314159.699   314159.808   314392.264
381  Q.YEAST+F+R4  157049.502   32  314163.003   314163.126   314411.072
388  Q.YEAST+F+I+R2 157060.490   29  314178.980   314179.081   314403.792
389  Q.YEAST+F+I+R3 157055.960   31  314173.920   314174.036   314414.236
400  JTTDCMUT+I+G4 159762.418   9   319542.836   319542.846   319612.605
402  JTTDCMUT+R3   159759.581   11  319541.162   319541.177   319626.436
403  JTTDCMUT+R4   159759.219   13  319544.438   319544.460   319645.216
410  JTTDCMUT+I+R2 159758.955   10  319537.911   319537.924   319615.432
411  JTTDCMUT+I+R3 159758.590   12  319541.180   319541.198   319634.206
422  JTTDCMUT+F+I+G4 157811.090   28  315678.181   315678.276   315895.241
424  JTTDCMUT+F+R3 157804.916   30  315669.833   315669.941   315902.397
425  JTTDCMUT+F+R4 157804.838   32  315673.676   315673.799   315921.744
432  JTTDCMUT+F+I+R2 157806.693   29  315671.387   315671.488   315896.199
433  JTTDCMUT+F+I+R3 157805.219   31  315672.437   315672.553   315912.754
444  DCMUT+I+G4    160989.929   9   321997.857   321997.868   322067.626
446  DCMUT+R3      160991.910   11  322005.820   322005.835   322091.093
447  DCMUT+R4      160991.556   13  322009.111   322009.132   322109.889
454  DCMUT+I+R2    160992.532   10  322005.063   322005.076   322082.585
455  DCMUT+I+R3    160991.341   12  322006.681   322006.699   322099.707
466  DCMUT+F+I+G4  157994.417   28  316044.835   316044.929   316261.895
468  DCMUT+F+R3    157995.736   30  316051.472   316051.581   316284.037
469  DCMUT+F+R4    157995.583   32  316055.167   316055.290   316303.235
476  DCMUT+F+I+R2  157993.987   29  316045.975   316046.076   316270.787
477  DCMUT+F+I+R3  157993.535   31  316049.071   316049.186   316289.387
488  VT+I+G4       158217.248   9   316452.495   316452.506   316522.264
490  VT+R3         158208.076   11  316438.152   316438.168   316523.426
491  VT+R4         158207.610   13  316441.219   316441.240   316541.997
498  VT+I+R2       158213.835   10  316447.670   316447.683   316525.191
499  VT+I+R3       158212.081   12  316448.161   316448.180   316541.187
510  VT+F+I+G4     156829.961   28  313715.923   313716.017   313932.983
512  VT+F+R3       156815.597   30  313691.193   313691.302   313923.758
513  VT+F+R4       156814.933   32  313693.866   313693.989   313941.934
520  VT+F+I+R2     156824.275   29  313706.550   313706.652   313931.362
521  VT+F+I+R3     156819.949   31  313701.897   313702.013   313942.213
532  PMB+I+G4      158730.951   9   317479.902   317479.912   317549.671
534  PMB+R3        158717.092   11  317456.184   317456.200   317541.458
535  PMB+R4        158716.893   13  317459.785   317459.806   317560.563
542  PMB+I+R2      158729.225   10  317478.450   317478.463   317555.971
543  PMB+I+R3      158727.068   12  317478.136   317478.154   317571.161
554  PMB+F+I+G4    156851.850   28  313759.700   313759.795   313976.760
556  PMB+F+R3      156834.508   30  313729.015   313729.124   313961.579
557  PMB+F+R4      156834.265   32  313732.530   313732.653   313980.599
564  PMB+F+I+R2    156847.582   29  313753.164   313753.265   313977.976
565  PMB+F+I+R3    156843.461   31  313748.921   313749.037   313989.238
576  BLOSUM62+I+G4 158061.246   9   316140.493   316140.503   316210.262
578  BLOSUM62+R3   158046.720   11  316115.439   316115.454   316200.713
579  BLOSUM62+R4   158046.605   13  316119.211   316119.232   316219.989
586  BLOSUM62+I+R2 158057.446   10  316134.892   316134.905   316212.413
587  BLOSUM62+I+R3 158054.207   12  316132.415   316132.433   316225.440
598  BLOSUM62+F+I+G4 156811.013   28  313678.026   313678.121   313895.086
600  BLOSUM62+F+R3 156795.572   30  313651.144   313651.252   313883.708
601  BLOSUM62+F+R4 156795.390   32  313654.780   313654.903   313902.849
608  BLOSUM62+F+I+R2 156805.347   29  313668.695   313668.796   313893.507
609  BLOSUM62+F+I+R3 156801.031   31  313664.063   313664.178   313904.379
620  DAYHOFF+I+G4  160991.555   9   322001.110   322001.120   322070.879
622  DAYHOFF+R3    160993.952   11  322009.904   322009.919   322095.177
623  DAYHOFF+R4    160993.656   13  322013.313   322013.334   322114.091
630  DAYHOFF+I+R2  160994.742   10  322009.484   322009.497   322087.006
631  DAYHOFF+I+R3  160994.050   12  322012.100   322012.118   322105.126
642  DAYHOFF+F+I+G4 157994.085   28  316044.171   316044.265   316261.231
644  DAYHOFF+F+R3  157996.433   30  316052.866   316052.975   316285.431
645  DAYHOFF+F+R4  157996.405   32  316056.810   316056.933   316304.879
652  DAYHOFF+F+I+R2 157993.606   29  316045.212   316045.313   316270.024
653  DAYHOFF+F+I+R3 157993.553   31  316049.106   316049.222   316289.422
664  MTREV+I+G4    167310.524   9   334639.049   334639.059   334708.818
666  MTREV+R3      167289.980   11  334601.961   334601.976   334687.234
667  MTREV+R4      167289.793   13  334605.587   334605.608   334706.365
674  MTREV+I+R2    167289.315   10  334598.630   334598.643   334676.152
675  MTREV+I+R3    167286.274   12  334596.548   334596.567   334689.574
686  MTREV+F+I+G4  157821.384   28  315698.768   315698.862   315915.828
688  MTREV+F+R3    157819.149   30  315698.297   315698.405   315930.861
689  MTREV+F+R4    157818.689   32  315701.378   315701.501   315949.446
696  MTREV+F+I+R2  157832.001   29  315722.002   315722.103   315946.814
697  MTREV+F+I+R3  157824.400   31  315710.800   315710.915   315951.116
708  MTART+I+G4    167304.003   9   334626.007   334626.017   334695.776
710  MTART+R3      167251.332   11  334524.664   334524.679   334609.938
711  MTART+R4      167243.190   13  334512.380   334512.401   334613.157
718  MTART+I+R2    167289.407   10  334598.814   334598.827   334676.336
719  MTART+I+R3    167255.843   12  334535.687   334535.705   334628.712
730  MTART+F+I+G4  157853.376   28  315762.752   315762.847   315979.812
732  MTART+F+R3    157850.027   30  315760.054   315760.162   315992.618
733  MTART+F+R4    157849.795   32  315763.589   315763.712   316011.658
740  MTART+F+I+R2  157889.626   29  315837.251   315837.352   316062.063
741  MTART+F+I+R3  157850.650   31  315763.301   315763.416   316003.617
752  MTZOA+I+G4    165831.985   9   331681.971   331681.981   331751.740
754  MTZOA+R3      165733.950   11  331489.901   331489.916   331575.174
755  MTZOA+R4      165732.199   13  331490.397   331490.419   331591.175
762  MTZOA+I+R2    165726.628   10  331473.256   331473.268   331550.777
+I+R3 reinitialized from +I+R2 with factor 0.500
+I+R3 reinitialized from +I+R2 with factor 0.250
763  MTZOA+I+R3    165726.602   12  331477.204   331477.222   331570.229
774  MTZOA+F+I+G4  157492.089   28  315040.177   315040.272   315257.237
776  MTZOA+F+R3    157491.489   30  315042.977   315043.086   315275.542
777  MTZOA+F+R4    157491.260   32  315046.519   315046.642   315294.588
784  MTZOA+F+I+R2  157522.936   29  315103.873   315103.974   315328.685
785  MTZOA+F+I+R3  157497.299   31  315056.597   315056.713   315296.913
796  MTMET+I+G4    166350.855   9   332719.711   332719.721   332789.480
798  MTMET+R3      166208.336   11  332438.672   332438.687   332523.945
799  MTMET+R4      166208.102   13  332442.204   332442.225   332542.982
806  MTMET+I+R2    166204.673   10  332429.346   332429.359   332506.868
807  MTMET+I+R3    166204.653   12  332433.305   332433.323   332526.331
818  MTMET+F+I+G4  158164.700   28  316385.400   316385.495   316602.460
820  MTMET+F+R3    158157.988   30  316375.975   316376.084   316608.539
821  MTMET+F+R4    158157.159   32  316378.318   316378.441   316626.387
828  MTMET+F+I+R2  158197.726   29  316453.451   316453.552   316678.263
829  MTMET+F+I+R3  158155.990   31  316373.979   316374.095   316614.296
840  MTVER+I+G4    168669.974   9   337357.947   337357.958   337427.717
842  MTVER+R3      168489.921   11  337001.842   337001.858   337087.116
843  MTVER+R4      168489.873   13  337005.746   337005.767   337106.524
850  MTVER+I+R2    168484.128   10  336988.257   336988.269   337065.778
+I+R3 reinitialized from +I+R2 with factor 0.500
851  MTVER+I+R3    168483.502   12  336991.005   336991.023   337084.030
862  MTVER+F+I+G4  159266.457   28  318588.913   318589.008   318805.973
864  MTVER+F+R3    159261.699   30  318583.398   318583.506   318815.962
865  MTVER+F+R4    159261.459   32  318586.917   318587.041   318834.986
872  MTVER+F+I+R2  159341.803   29  318741.606   318741.708   318966.418
873  MTVER+F+I+R3  159260.392   31  318582.784   318582.900   318823.101
884  MTINV+I+G4    166987.797   9   333993.594   333993.604   334063.363
886  MTINV+R3      166886.618   11  333795.236   333795.251   333880.510
887  MTINV+R4      166886.601   13  333799.202   333799.223   333899.980
894  MTINV+I+R2    166882.550   10  333785.099   333785.112   333862.621
895  MTINV+I+R3    166882.489   12  333788.977   333788.995   333882.003
906  MTINV+F+I+G4  157537.195   28  315130.390   315130.484   315347.449
908  MTINV+F+R3    157537.384   30  315134.767   315134.876   315367.331
909  MTINV+F+R4    157532.601   32  315129.202   315129.325   315377.271
916  MTINV+F+I+R2  157547.921   29  315153.841   315153.942   315378.653
917  MTINV+F+I+R3  157540.672   31  315143.345   315143.460   315383.661
928  MTMAM+I+G4    168836.009   9   337690.018   337690.028   337759.787
930  MTMAM+R3      168729.078   11  337480.155   337480.170   337565.429
931  MTMAM+R4      168729.082   13  337484.164   337484.185   337584.942
938  MTMAM+I+R2    168774.198   10  337568.395   337568.408   337645.917
939  MTMAM+I+R3    168723.816   12  337471.632   337471.651   337564.658
950  MTMAM+F+I+G4  159250.191   28  318556.382   318556.476   318773.442
952  MTMAM+F+R3    159240.715   30  318541.430   318541.538   318773.994
953  MTMAM+F+R4    159224.998   32  318513.996   318514.119   318762.064
960  MTMAM+F+I+R2  159335.114   29  318728.229   318728.330   318953.041
961  MTMAM+F+I+R3  159239.706   31  318541.412   318541.527   318781.728
972  FLAVI+I+G4    162851.625   9   325721.251   325721.261   325791.020
974  FLAVI+R3      162831.261   11  325684.523   325684.538   325769.796
975  FLAVI+R4      162829.424   13  325684.849   325684.870   325785.627
982  FLAVI+I+R2    162870.005   10  325760.010   325760.023   325837.532
983  FLAVI+I+R3    162826.887   12  325677.775   325677.793   325770.800
994  FLAVI+F+I+G4  160265.751   28  320587.501   320587.596   320804.561
996  FLAVI+F+R3    160266.246   30  320592.492   320592.601   320825.056
997  FLAVI+F+R4    160247.605   32  320559.209   320559.333   320807.278
1004  FLAVI+F+I+R2  160332.152   29  320722.304   320722.406   320947.116
1005  FLAVI+F+I+R3  160260.160   31  320582.320   320582.435   320822.636
1016  HIVB+I+G4     160910.044   9   321838.088   321838.098   321907.857
1018  HIVB+R3       160908.151   11  321838.303   321838.318   321923.576
+R4 reinitialized from +R3 with factor 0.500
1019  HIVB+R4       160908.053   13  321842.106   321842.127   321942.884
1026  HIVB+I+R2     160917.844   10  321855.688   321855.701   321933.209
1027  HIVB+I+R3     160907.846   12  321839.692   321839.710   321932.718
1038  HIVB+F+I+G4   158789.908   28  317635.816   317635.911   317852.876
1040  HIVB+F+R3     158785.724   30  317631.448   317631.556   317864.012
1041  HIVB+F+R4     158785.071   32  317634.142   317634.265   317882.211
1048  HIVB+F+I+R2   158801.256   29  317660.511   317660.613   317885.323
1049  HIVB+F+I+R3   158783.209   31  317628.418   317628.534   317868.735
1060  HIVW+I+G4     164589.839   9   329197.678   329197.688   329267.447
1062  HIVW+R3       164561.755   11  329145.510   329145.525   329230.783
1063  HIVW+R4       164560.675   13  329147.349   329147.370   329248.127
1070  HIVW+I+R2     164593.112   10  329206.223   329206.236   329283.744
1071  HIVW+I+R3     164559.680   12  329143.359   329143.377   329236.385
1082  HIVW+F+I+G4   161461.690   28  322979.380   322979.475   323196.440
1084  HIVW+F+R3     161407.865   30  322875.729   322875.838   323108.294
1085  HIVW+F+R4     161381.081   32  322826.162   322826.285   323074.230
1092  HIVW+F+I+R2   161487.722   29  323033.444   323033.545   323258.256
1093  HIVW+F+I+R3   161381.668   31  322825.336   322825.452   323065.652
1104  FLU+I+G4      160565.663   9   321149.326   321149.336   321219.095
1106  FLU+R3        160505.471   11  321032.943   321032.958   321118.216
+R4 reinitialized from +R3 with factor 0.500
+R4 reinitialized from +R3 with factor 0.250
+R4 reinitialized from +R3 with factor 0.125
+R4 reinitialized from +R3 with factor 0.062
+R4 reinitialized from +R3 with factor 0.031
1107  FLU+R4        160505.748   13  321037.497   321037.518   321138.275
1114  FLU+I+R2      160559.375   10  321138.749   321138.762   321216.271
1115  FLU+I+R3      160496.816   12  321017.632   321017.650   321110.657
1126  FLU+F+I+G4    158578.180   28  317212.360   317212.455   317429.420
1128  FLU+F+R3      158470.451   30  317000.901   317001.010   317233.466
1129  FLU+F+R4      158470.207   32  317004.414   317004.537   317252.482
1136  FLU+F+I+R2    158586.701   29  317231.402   317231.504   317456.214
1137  FLU+F+I+R3    158463.198   31  316988.396   316988.512   317228.713
1148  RTREV+I+G4    158736.878   9   317491.757   317491.767   317561.526
1150  RTREV+R3      158734.252   11  317490.503   317490.518   317575.777
1151  RTREV+R4      158733.969   13  317493.938   317493.959   317594.716
1158  RTREV+I+R2    158723.180   10  317466.361   317466.374   317543.882
+I+R3 reinitialized from +I+R2 with factor 0.500
+I+R3 reinitialized from +I+R2 with factor 0.250
+I+R3 reinitialized from +I+R2 with factor 0.125
+I+R3 reinitialized from +I+R2 with factor 0.062
1159  RTREV+I+R3    158723.236   12  317470.472   317470.490   317563.497
1170  RTREV+F+I+G4  156567.912   28  313191.823   313191.918   313408.883
1172  RTREV+F+R3    156563.486   30  313186.972   313187.080   313419.536
1173  RTREV+F+R4    156563.304   32  313190.608   313190.732   313438.677
1180  RTREV+F+I+R2  156557.093   29  313172.186   313172.288   313396.999
1181  RTREV+F+I+R3  156557.060   31  313176.120   313176.236   313416.437
1192  CPREV+I+G4    158318.581   9   316655.162   316655.172   316724.931
1194  CPREV+R3      158330.071   11  316682.142   316682.157   316767.415
1195  CPREV+R4      158326.850   13  316679.700   316679.722   316780.478
1202  CPREV+I+R2    158319.921   10  316659.842   316659.855   316737.363
1203  CPREV+I+R3    158319.112   12  316662.225   316662.243   316755.250
1214  CPREV+F+I+G4  157157.057   28  314370.114   314370.208   314587.174
1216  CPREV+F+R3    157162.785   30  314385.569   314385.678   314618.134
1217  CPREV+F+R4    157160.763   32  314385.526   314385.649   314633.594
1224  CPREV+F+I+R2  157159.738   29  314377.476   314377.578   314602.288
1225  CPREV+F+I+R3  157159.136   31  314380.272   314380.388   314620.589
Akaike Information Criterion:           LG+F+I+G4
Corrected Akaike Information Criterion: LG+F+I+G4
Bayesian Information Criterion:         LG+F+I+G4
Best-fit model: LG+F+I+G4 chosen according to AIC

All model information printed to 5archaea_c60_init.model.gz
CPU time for ModelFinder: 9189.028 seconds (2h:33m:9s)
Wall-clock time for ModelFinder: 608.990 seconds (0h:10m:8s)

NOTE: 37 MB RAM (0 GB) is required!
Estimate model parameters (epsilon = 0.010)
Thoroughly optimizing +I+G parameters from 10 start values...
Init pinv, alpha: 0.000, 2.350 / Estimate: 0.000, 1.389 / LogL: -156471.427
Init pinv, alpha: 0.023, 2.350 / Estimate: 0.044, 1.856 / LogL: -156443.361
Init pinv, alpha: 0.046, 2.350 / Estimate: 0.045, 1.880 / LogL: -156443.319
Init pinv, alpha: 0.069, 2.350 / Estimate: 0.047, 1.899 / LogL: -156443.360
Init pinv, alpha: 0.092, 2.350 / Estimate: 0.047, 1.897 / LogL: -156443.352
Init pinv, alpha: 0.115, 2.350 / Estimate: 0.047, 1.897 / LogL: -156443.353
Init pinv, alpha: 0.138, 2.350 / Estimate: 0.047, 1.899 / LogL: -156443.358
Init pinv, alpha: 0.161, 2.350 / Estimate: 0.047, 1.900 / LogL: -156443.362
Init pinv, alpha: 0.184, 2.350 / Estimate: 0.047, 1.901 / LogL: -156443.365
Init pinv, alpha: 0.208, 2.350 / Estimate: 0.047, 1.901 / LogL: -156443.365
Optimal pinv,alpha: 0.045, 1.880 / LogL: -156443.319

Parameters optimization took 6.670 sec
Wrote distance file to... 
BEST SCORE FOUND : -156443.319
Total tree length: 5.084

Total number of iterations: 0
CPU time used for tree search: 0.000 sec (0h:0m:0s)
Wall-clock time used for tree search: 0.000 sec (0h:0m:0s)
Total CPU time used: 9388.818 sec (2h:36m:28s)
Total wall-clock time used: 615.675 sec (0h:10m:15s)

Analysis results written to: 
  IQ-TREE report:                5archaea_c60_init.iqtree
  Tree used for ModelFinder:     5archaea_c60_init.treefile
  Screen log file:               5archaea_c60_init.log

Date and Time: Thu Jun 12 22:14:02 2025
