IQ-TREE multicore version 2.4.0 for Linux x86 64-bit built Mar 19 2025
Developed by Bui Quang Minh, Nguyen Lam Tung, Olga Chernomor, Heiko Schmidt,
Dominik Schrempf, Michael Woodhams, Ly Trong Nhan, Thomas Wong

Host:    fisher.uds.anu.edu.au (AVX2, FMA3, 1007 GB RAM)
Command: ../../iqtree2 -s 5_concated.nex -mdef archaea5_c60_F_parameter.nex -m LG_C60_F_I_G4 -t ../partition/Q/archaea5_Q_search.treefile -bb 1000 --wbtl -T 30 --mem 120G -pre archaea5_c60_search
Seed:    146992 (Using SPRNG - Scalable Parallel Random Number Generator)
Time:    Thu Jun 12 22:23:54 2025
Kernel:  AVX+FMA - 30 threads (31 CPU cores detected)

Reading alignment file 5_concated.nex ... Nexus format detected
Skipping unknown block (sets)...
WARNING: 198 sites contain only gaps or ambiguous characters.
Alignment has 5 sequences with 17191 columns, 12116 distinct patterns
1681 parsimony-informative, 11942 singleton sites, 3568 constant sites
               Gap/Ambiguity  Composition  p-value
Analyzing sequences: done in 0.00577667 secs using 1449% CPU
   1  GCA_000806055   26.48%    failed      0.00%
   2  GCA_001629205   17.96%    failed      0.00%
   3  GCA_002779075   15.51%    failed      0.00%
   4  GCA_002790315   22.36%    failed      0.00%
   5  GCA_002412085   22.88%    failed      0.00%
****  TOTAL           21.04%  5 sequences failed composition chi2 test (p-value<5%; df=19)
Checking for duplicate sequences: done in 0.00492277 secs using 1487% CPU
Reading model definition file archaea5_c60_F_parameter.nex ... 87 models and 215 frequency vectors loaded
Reading input tree file ../partition/Q/archaea5_Q_search.treefile ...
Generating 1000 samples for ultrafast bootstrap (seed: 146992)...
Model LG_C60_F_I_G4 is alias for LG+I{0.0512}+G4{1.6237}+FMIX{F:1.0000:0.7383,C60pi1:1.0000:0.00005,C60pi2:1.0000:0.00005,C60pi3:1.0000:0.00005,C60pi4:1.0000:0.0110,C60pi5:1.0000:0.0213,C60pi6:1.0000:0.00005,C60pi7:1.0000:0.00005,C60pi8:1.0000:0.00005,C60pi9:1.0000:0.0076,C60pi10:1.0000:0.00005,C60pi11:1.0000:0.0004,C60pi12:1.0000:0.0008,C60pi13:1.0000:0.00005,C60pi14:1.0000:0.0105,C60pi15:1.0000:0.00005,C60pi16:1.0000:0.0137,C60pi17:1.0000:0.0105,C60pi18:1.0000:0.0102,C60pi19:1.0000:0.0147,C60pi20:1.0000:0.00005,C60pi21:1.0000:0.00005,C60pi22:1.0000:0.0487,C60pi23:1.0000:0.0014,C60pi24:1.0000:0.00005,C60pi25:1.0000:0.0040,C60pi26:1.0000:0.0152,C60pi27:1.0000:0.00005,C60pi28:1.0000:0.00005,C60pi29:1.0000:0.00005,C60pi30:1.0000:0.00005,C60pi31:1.0000:0.00005,C60pi32:1.0000:0.0066,C60pi33:1.0000:0.0139,C60pi34:1.0000:0.0032,C60pi35:1.0000:0.0021,C60pi36:1.0000:0.0090,C60pi37:1.0000:0.0123,C60pi38:1.0000:0.0228,C60pi39:1.0000:0.00005,C60pi40:1.0000:0.00005,C60pi41:1.0000:0.00005,C60pi42:1.0000:0.00005,C60pi43:1.0000:0.00005,C60pi44:1.0000:0.00005,C60pi45:1.0000:0.00005,C60pi46:1.0000:0.00005,C60pi47:1.0000:0.00005,C60pi48:1.0000:0.0045,C60pi49:1.0000:0.00005,C60pi50:1.0000:0.00005,C60pi51:1.0000:0.0009,C60pi52:1.0000:0.00005,C60pi53:1.0000:0.00005,C60pi54:1.0000:0.00005,C60pi55:1.0000:0.00005,C60pi56:1.0000:0.0005,C60pi57:1.0000:0.00005,C60pi58:1.0000:0.0014,C60pi59:1.0000:0.0032,C60pi60:1.0000:0.0108}
WARNING: Your input class weight 5e-05 is very small and may cause numerical issues
WARNING: Your input class weight 5e-05 is very small and may cause numerical issues
WARNING: Your input class weight 5e-05 is very small and may cause numerical issues
WARNING: Your input class weight 5e-05 is very small and may cause numerical issues
WARNING: Your input class weight 5e-05 is very small and may cause numerical issues
WARNING: Your input class weight 5e-05 is very small and may cause numerical issues
WARNING: Your input class weight 5e-05 is very small and may cause numerical issues
WARNING: Your input class weight 0.0004 is very small and may cause numerical issues
WARNING: Your input class weight 0.0008 is very small and may cause numerical issues
WARNING: Your input class weight 5e-05 is very small and may cause numerical issues
WARNING: Your input class weight 5e-05 is very small and may cause numerical issues
WARNING: Your input class weight 5e-05 is very small and may cause numerical issues
WARNING: Your input class weight 5e-05 is very small and may cause numerical issues
WARNING: Your input class weight 5e-05 is very small and may cause numerical issues
WARNING: Your input class weight 5e-05 is very small and may cause numerical issues
WARNING: Your input class weight 5e-05 is very small and may cause numerical issues
WARNING: Your input class weight 5e-05 is very small and may cause numerical issues
WARNING: Your input class weight 5e-05 is very small and may cause numerical issues
WARNING: Your input class weight 5e-05 is very small and may cause numerical issues
WARNING: Your input class weight 5e-05 is very small and may cause numerical issues
WARNING: Your input class weight 5e-05 is very small and may cause numerical issues
WARNING: Your input class weight 5e-05 is very small and may cause numerical issues
WARNING: Your input class weight 5e-05 is very small and may cause numerical issues
WARNING: Your input class weight 5e-05 is very small and may cause numerical issues
WARNING: Your input class weight 5e-05 is very small and may cause numerical issues
WARNING: Your input class weight 5e-05 is very small and may cause numerical issues
WARNING: Your input class weight 5e-05 is very small and may cause numerical issues
WARNING: Your input class weight 5e-05 is very small and may cause numerical issues
WARNING: Your input class weight 5e-05 is very small and may cause numerical issues
WARNING: Your input class weight 5e-05 is very small and may cause numerical issues
WARNING: Your input class weight 0.0009 is very small and may cause numerical issues
WARNING: Your input class weight 5e-05 is very small and may cause numerical issues
WARNING: Your input class weight 5e-05 is very small and may cause numerical issues
WARNING: Your input class weight 5e-05 is very small and may cause numerical issues
WARNING: Your input class weight 5e-05 is very small and may cause numerical issues
WARNING: Your input class weight 0.0005 is very small and may cause numerical issues
WARNING: Your input class weight 5e-05 is very small and may cause numerical issues

NOTE: 2334 MB RAM (2 GB) is required!
Estimate model parameters (epsilon = 0.100)
1. Initial log-likelihood: -156455.226
2. Current log-likelihood: -156281.593
3. Current log-likelihood: -156281.095
Optimal log-likelihood: -156281.094
Mixture weights: 0.737 0.000 0.000 0.000 0.011 0.021 0.000 0.000 0.000 0.008 0.000 0.000 0.001 0.000 0.010 0.000 0.014 0.010 0.010 0.015 0.000 0.000 0.049 0.001 0.000 0.004 0.015 0.000 0.000 0.000 0.000 0.000 0.007 0.014 0.003 0.002 0.009 0.012 0.023 0.000 0.000 0.000 0.000 0.000 0.000 0.000 0.000 0.000 0.004 0.000 0.000 0.001 0.000 0.000 0.000 0.000 0.000 0.000 0.001 0.003 0.011
Proportion of invariable sites: 0.051
Gamma shape alpha: 1.624
Parameters optimization took 3 rounds (4.982 sec)
WARNING: The mixture model might be overfitting because some mixture weights are estimated close to zero
Wrote distance file to... 

Do NNI search on 1 best initial trees
Optimizing NNI: done in 2.27926 secs using 2667% CPU
Finish initializing candidate tree set (1)
Current best tree score: -156281.094 / CPU time: 2.545
Number of iterations: 1
--------------------------------------------------------------------
|               OPTIMIZING CANDIDATE TREE SET                      |
--------------------------------------------------------------------
Optimizing NNI: done in 5.46147 secs using 2563% CPU
Optimizing NNI: done in 5.3055 secs using 2704% CPU
Optimizing NNI: done in 5.54154 secs using 2651% CPU
Optimizing NNI: done in 5.23762 secs using 2716% CPU
UPDATE BEST LOG-LIKELIHOOD: -156281.094
Optimizing NNI: done in 5.09201 secs using 2718% CPU
UPDATE BEST LOG-LIKELIHOOD: -156281.094
Optimizing NNI: done in 5.58336 secs using 2647% CPU
Optimizing NNI: done in 5.08118 secs using 2771% CPU
Optimizing NNI: done in 5.38226 secs using 2766% CPU
Optimizing NNI: done in 5.06084 secs using 2726% CPU
Iteration 10 / LogL: -156281.094 / Time: 5722h:59m:8s
Optimizing NNI: done in 5.40751 secs using 2691% CPU
Optimizing NNI: done in 5.10767 secs using 2703% CPU
Optimizing NNI: done in 5.09121 secs using 2735% CPU
Optimizing NNI: done in 5.13173 secs using 2706% CPU
Optimizing NNI: done in 5.19659 secs using 2788% CPU
Optimizing NNI: done in 4.92892 secs using 2802% CPU
Optimizing NNI: done in 5.09471 secs using 2740% CPU
Optimizing NNI: done in 5.01124 secs using 2776% CPU
Optimizing NNI: done in 5.39932 secs using 2770% CPU
Optimizing NNI: done in 5.47138 secs using 2727% CPU
Iteration 20 / LogL: -156281.155 / Time: 5723h:0m:1s
Optimizing NNI: done in 5.45374 secs using 2735% CPU
Optimizing NNI: done in 5.15456 secs using 2737% CPU
Optimizing NNI: done in 5.1268 secs using 2686% CPU
Optimizing NNI: done in 5.06659 secs using 2725% CPU
Optimizing NNI: done in 5.15923 secs using 2721% CPU
Optimizing NNI: done in 5.50623 secs using 2708% CPU
Optimizing NNI: done in 5.36103 secs using 2747% CPU
Optimizing NNI: done in 5.27101 secs using 2736% CPU
Optimizing NNI: done in 5.32472 secs using 2792% CPU
Optimizing NNI: done in 5.36083 secs using 2739% CPU
Iteration 30 / LogL: -156281.105 / Time: 5723h:0m:55s (0h:6m:37s left)
Optimizing NNI: done in 5.06081 secs using 2707% CPU
Optimizing NNI: done in 4.85483 secs using 2798% CPU
Optimizing NNI: done in 4.77009 secs using 2797% CPU
Optimizing NNI: done in 5.08961 secs using 2828% CPU
Optimizing NNI: done in 5.04775 secs using 2822% CPU
Optimizing NNI: done in 5.009 secs using 2820% CPU
Optimizing NNI: done in 4.97192 secs using 2767% CPU
Optimizing NNI: done in 5.31151 secs using 2735% CPU
Optimizing NNI: done in 5.05306 secs using 2738% CPU
Optimizing NNI: done in 5.10798 secs using 2798% CPU
Iteration 40 / LogL: -156281.155 / Time: 5723h:1m:47s (0h:5m:33s left)
Optimizing NNI: done in 4.79095 secs using 2832% CPU
Optimizing NNI: done in 5.19993 secs using 2792% CPU
Optimizing NNI: done in 5.03688 secs using 2832% CPU
Optimizing NNI: done in 5.01197 secs using 2825% CPU
Optimizing NNI: done in 5.178 secs using 2800% CPU
Optimizing NNI: done in 4.96479 secs using 2799% CPU
Optimizing NNI: done in 5.2839 secs using 2796% CPU
Optimizing NNI: done in 5.05282 secs using 2825% CPU
Optimizing NNI: done in 5.0636 secs using 2814% CPU
Optimizing NNI: done in 4.9016 secs using 2798% CPU
Iteration 50 / LogL: -156281.094 / Time: 5723h:2m:39s (0h:4m:33s left)
Log-likelihood cutoff on original alignment: -156308.542
UFBoot trees printed to archaea5_c60_search.ufboot
Optimizing NNI: done in 5.23289 secs using 2794% CPU
Optimizing NNI: done in 5.16422 secs using 2819% CPU
Optimizing NNI: done in 5.15214 secs using 2828% CPU
Optimizing NNI: done in 5.2967 secs using 2795% CPU
Optimizing NNI: done in 5.18088 secs using 2708% CPU
Optimizing NNI: done in 5.38255 secs using 2697% CPU
Optimizing NNI: done in 5.43274 secs using 2770% CPU
Optimizing NNI: done in 5.07387 secs using 2756% CPU
Optimizing NNI: done in 5.49921 secs using 2741% CPU
Optimizing NNI: done in 5.59129 secs using 2699% CPU
Iteration 60 / LogL: -156281.155 / Time: 5723h:3m:34s (0h:3m:38s left)
Optimizing NNI: done in 5.65983 secs using 2679% CPU
Optimizing NNI: done in 5.23341 secs using 2712% CPU
Optimizing NNI: done in 5.71005 secs using 2635% CPU
Optimizing NNI: done in 5.14405 secs using 2724% CPU
Optimizing NNI: done in 5.0575 secs using 2754% CPU
Optimizing NNI: done in 5.16238 secs using 2710% CPU
Optimizing NNI: done in 5.15292 secs using 2680% CPU
Optimizing NNI: done in 5.37935 secs using 2794% CPU
Optimizing NNI: done in 5.06652 secs using 2777% CPU
Optimizing NNI: done in 5.23975 secs using 2662% CPU
Iteration 70 / LogL: -156281.094 / Time: 5723h:4m:28s (0h:2m:44s left)
Optimizing NNI: done in 5.08195 secs using 2748% CPU
Optimizing NNI: done in 4.92345 secs using 2787% CPU
Optimizing NNI: done in 5.02698 secs using 2741% CPU
Optimizing NNI: done in 5.25816 secs using 2723% CPU
Optimizing NNI: done in 5.25272 secs using 2735% CPU
Optimizing NNI: done in 4.9195 secs using 2764% CPU
Optimizing NNI: done in 5.03751 secs using 2701% CPU
Optimizing NNI: done in 5.16616 secs using 2823% CPU
Optimizing NNI: done in 4.8845 secs using 2830% CPU
Optimizing NNI: done in 4.89068 secs using 2832% CPU
Iteration 80 / LogL: -156281.094 / Time: 5723h:5m:20s (0h:1m:48s left)
Optimizing NNI: done in 4.94678 secs using 2789% CPU
Optimizing NNI: done in 5.25625 secs using 2768% CPU
Optimizing NNI: done in 4.99896 secs using 2754% CPU
Optimizing NNI: done in 5.05894 secs using 2698% CPU
Optimizing NNI: done in 4.97891 secs using 2736% CPU
Optimizing NNI: done in 5.32138 secs using 2745% CPU
Optimizing NNI: done in 5.24987 secs using 2741% CPU
Optimizing NNI: done in 4.92393 secs using 2758% CPU
Optimizing NNI: done in 5.34079 secs using 2727% CPU
Optimizing NNI: done in 4.94711 secs using 2826% CPU
Iteration 90 / LogL: -156281.105 / Time: 5723h:6m:12s (0h:0m:54s left)
Optimizing NNI: done in 4.99015 secs using 2787% CPU
Optimizing NNI: done in 4.855 secs using 2845% CPU
Optimizing NNI: done in 4.98577 secs using 2846% CPU
Optimizing NNI: done in 4.94339 secs using 2838% CPU
Optimizing NNI: done in 5.14863 secs using 2775% CPU
Optimizing NNI: done in 4.82004 secs using 2773% CPU
Optimizing NNI: done in 4.97353 secs using 2833% CPU
Optimizing NNI: done in 4.78468 secs using 2824% CPU
Optimizing NNI: done in 4.99092 secs using 2819% CPU
Optimizing NNI: done in 5.34458 secs using 2690% CPU
Iteration 100 / LogL: -156281.105 / Time: 5723h:7m:4s (0h:0m:0s left)
Log-likelihood cutoff on original alignment: -156308.537
NOTE: Bootstrap correlation coefficient of split occurrence frequencies: 1.000
UFBoot trees printed to archaea5_c60_search.ufboot
Optimizing NNI: done in 4.81149 secs using 2808% CPU
TREE SEARCH COMPLETED AFTER 101 ITERATIONS / Time: 5723h:7m:9s

--------------------------------------------------------------------
|                    FINALIZING TREE SEARCH                        |
--------------------------------------------------------------------
Performs final model parameters optimization
Estimate model parameters (epsilon = 0.010)
1. Initial log-likelihood: -156281.094
Optimal log-likelihood: -156281.094
Mixture weights: 0.737 0.000 0.000 0.000 0.011 0.021 0.000 0.000 0.000 0.008 0.000 0.000 0.001 0.000 0.010 0.000 0.014 0.010 0.010 0.015 0.000 0.000 0.049 0.001 0.000 0.004 0.015 0.000 0.000 0.000 0.000 0.000 0.007 0.014 0.003 0.002 0.009 0.012 0.023 0.000 0.000 0.000 0.000 0.000 0.000 0.000 0.000 0.000 0.004 0.000 0.000 0.001 0.000 0.000 0.000 0.000 0.000 0.000 0.001 0.003 0.011
Proportion of invariable sites: 0.051
Gamma shape alpha: 1.624
Parameters optimization took 1 rounds (2.415 sec)
WARNING: The mixture model might be overfitting because some mixture weights are estimated close to zero
BEST SCORE FOUND : -156281.094
Creating bootstrap support values...
Split supports printed to NEXUS file archaea5_c60_search.splits.nex
Total tree length: 6.138

Total number of iterations: 101
CPU time used for tree search: 14637.367 sec (4h:3m:57s)
Wall-clock time used for tree search: 532.553 sec (0h:8m:52s)
Total CPU time used: 14824.404 sec (4h:7m:4s)
Total wall-clock time used: 20603231.583 sec (5723h:7m:11s)
UFBoot trees printed to archaea5_c60_search.ufboot

Computing bootstrap consensus tree...
Reading input file archaea5_c60_search.splits.nex...
5 taxa and 10 splits.
Consensus tree written to archaea5_c60_search.contree
Reading input trees file archaea5_c60_search.contree
Log-likelihood of consensus tree: -156281.094

Analysis results written to: 
  IQ-TREE report:                archaea5_c60_search.iqtree
  Maximum-likelihood tree:       archaea5_c60_search.treefile

Ultrafast bootstrap approximation results written to:
  Split support values:          archaea5_c60_search.splits.nex
  Consensus tree:                archaea5_c60_search.contree
  UFBoot trees:                  archaea5_c60_search.ufboot
  Screen log file:               archaea5_c60_search.log

Date and Time: Thu Jun 12 22:32:59 2025
