IQ-TREE multicore version 2.4.0 for Linux x86 64-bit built Mar 19 2025
Developed by Bui Quang Minh, Nguyen Lam Tung, Olga Chernomor, Heiko Schmidt,
Dominik Schrempf, Michael Woodhams, Ly Trong Nhan, Thomas Wong

Host:    wright.uds.anu.edu.au (AVX512, FMA3, 1007 GB RAM)
Command: ../../iqtree2 -s 5_concated.nex -m MF -merit AIC -T 21 -mem 120G -pre 5legume_c60_init
Seed:    447394 (Using SPRNG - Scalable Parallel Random Number Generator)
Time:    Fri May  9 13:07:40 2025
Kernel:  AVX+FMA - 21 threads (22 CPU cores detected)

Reading alignment file 5_concated.nex ... Nexus format detected
Skipping unknown block (sets)...
WARNING: 8 sites contain only gaps or ambiguous characters.
Alignment has 5 sequences with 116731 columns, 21255 distinct patterns
6150 parsimony-informative, 35364 singleton sites, 75217 constant sites
                     Gap/Ambiguity  Composition  p-value
Analyzing sequences: done in 0.071782 secs using 907.8% CPU
   1  Fragaria_vesca        22.25%    passed     19.88%
   2  Lathyrus_sativus      24.04%    failed      0.32%
   3  Linum_usitatissimum   19.69%    failed      0.08%
   4  Lactuca_sativa        17.91%    failed      0.15%
   5  Mimulus_guttatus      14.21%    passed     94.74%
****  TOTAL                 19.62%  3 sequences failed composition chi2 test (p-value<5%; df=19)
NOTE: minimal branch length is reduced to 0.000000856670 for long alignment
Checking for duplicate sequences: done in 0.0420162 secs using 811.2% CPU


Create initial parsimony tree by phylogenetic likelihood library (PLL)... 0.029 seconds
Perform fast likelihood tree search using LG+I+G model...
Estimate model parameters (epsilon = 5.000)
Perform nearest neighbor interchange...
Optimizing NNI: done in 1.88641 secs using 1997% CPU
Estimate model parameters (epsilon = 1.000)
1. Initial log-likelihood: -643321.049
Optimal log-likelihood: -643320.942
Proportion of invariable sites: 0.321
Gamma shape alpha: 1.543
Parameters optimization took 1 rounds (1.562 sec)
Time for fast ML tree search: 8.754 seconds

NOTE: ModelFinder requires 164 MB RAM!
ModelFinder will test up to 1232 protein models (sample size: 116731 epsilon: 0.100) ...
 No. Model         -LnL         df  AIC          AICc         BIC
  1  LG            650690.865   7   1301395.731  1301395.732  1301463.404
  2  LG+I          643707.885   8   1287431.771  1287431.772  1287509.112
  3  LG+G4         643334.628   8   1286685.256  1286685.257  1286762.597
  4  LG+I+G4       643320.642   9   1286659.284  1286659.286  1286746.293
  5  LG+R2         643366.094   9   1286750.188  1286750.189  1286837.196
  6  LG+R3         643306.517   11  1286635.033  1286635.036  1286741.377
  7  LG+R4         643288.387   13  1286602.775  1286602.778  1286728.454
  8  LG+R5         643285.760   15  1286601.520  1286601.524  1286746.535
  9  LG+R6         643284.852   17  1286603.705  1286603.710  1286768.054
 14  LG+I+R2       643326.791   10  1286673.583  1286673.585  1286770.259
 15  LG+I+R3       643290.589   12  1286605.178  1286605.181  1286721.189
 16  LG+I+R4       643285.046   14  1286598.092  1286598.096  1286733.439
 17  LG+I+R5       643282.784   16  1286597.569  1286597.574  1286752.251
 18  LG+I+R6       643282.253   18  1286600.506  1286600.512  1286774.523
 29  LG+F+R4       642473.628   32  1285011.257  1285011.275  1285320.621
 30  LG+F+R5       642471.650   34  1285011.300  1285011.320  1285339.999
 37  LG+F+I+R3     642475.289   31  1285012.578  1285012.595  1285312.275
 38  LG+F+I+R4     642470.962   33  1285007.923  1285007.943  1285326.955
 39  LG+F+I+R5     642469.113   35  1285008.226  1285008.248  1285346.593
 51  WAG+R4        645241.764   13  1290509.528  1290509.531  1290635.207
+R5 reinitialized from +R4 with factor 0.500
 52  WAG+R5        645241.838   15  1290513.676  1290513.680  1290658.691
 59  WAG+I+R3      645241.640   12  1290507.279  1290507.282  1290623.291
 60  WAG+I+R4      645241.488   14  1290510.977  1290510.980  1290646.324
 73  WAG+F+R4      643813.666   32  1287691.333  1287691.351  1288000.697
 74  WAG+F+R5      643813.730   34  1287695.460  1287695.480  1288024.159
 81  WAG+F+I+R3    643813.556   31  1287689.113  1287689.130  1287988.809
 82  WAG+F+I+R4    643813.360   33  1287692.720  1287692.739  1288011.752
 95  JTT+R4        643106.929   13  1286239.858  1286239.861  1286365.537
 96  JTT+R5        643106.949   15  1286243.898  1286243.902  1286388.912
103  JTT+I+R3      643107.359   12  1286238.718  1286238.721  1286354.730
104  JTT+I+R4      643107.091   14  1286242.182  1286242.186  1286377.529
117  JTT+F+R4      642042.571   32  1284149.142  1284149.160  1284458.506
118  JTT+F+R5      642042.651   34  1284153.303  1284153.323  1284482.002
125  JTT+F+I+R3    642042.901   31  1284147.803  1284147.820  1284447.499
126  JTT+F+I+R4    642042.699   33  1284151.397  1284151.417  1284470.429
139  Q.PFAM+R4     643903.401   13  1287832.802  1287832.805  1287958.481
140  Q.PFAM+R5     643903.420   15  1287836.840  1287836.844  1287981.854
147  Q.PFAM+I+R3   643903.424   12  1287830.848  1287830.851  1287946.860
148  Q.PFAM+I+R4   643902.884   14  1287833.768  1287833.772  1287969.115
161  Q.PFAM+F+R4   643126.888   32  1286317.777  1286317.795  1286627.141
+R5 reinitialized from +R4 with factor 0.500
+R5 reinitialized from +R4 with factor 0.250
+R5 reinitialized from +R4 with factor 0.125
+R5 reinitialized from +R4 with factor 0.062
+R5 reinitialized from +R4 with factor 0.031
162  Q.PFAM+F+R5   643127.026   34  1286322.052  1286322.073  1286650.752
169  Q.PFAM+F+I+R3 643126.205   31  1286314.410  1286314.427  1286614.106
+I+R4 reinitialized from +I+R3 with factor 0.500
+I+R4 reinitialized from +I+R3 with factor 0.250
170  Q.PFAM+F+I+R4 643126.282   33  1286318.564  1286318.583  1286637.595
183  Q.BIRD+R4     647426.896   13  1294879.792  1294879.795  1295005.471
184  Q.BIRD+R5     647426.937   15  1294883.873  1294883.878  1295028.888
191  Q.BIRD+I+R3   647426.509   12  1294877.018  1294877.020  1294993.029
192  Q.BIRD+I+R4   647426.458   14  1294880.915  1294880.919  1295016.262
205  Q.BIRD+F+R4   646086.818   32  1292237.635  1292237.653  1292546.999
206  Q.BIRD+F+R5   646086.679   34  1292241.358  1292241.378  1292570.057
213  Q.BIRD+F+I+R3 646086.728   31  1292235.456  1292235.473  1292535.153
214  Q.BIRD+F+I+R4 646086.487   33  1292238.974  1292238.993  1292558.005
227  Q.MAMMAL+R4   646930.383   13  1293886.767  1293886.770  1294012.446
228  Q.MAMMAL+R5   646930.353   15  1293890.705  1293890.710  1294035.720
235  Q.MAMMAL+I+R3 646930.196   12  1293884.392  1293884.395  1294000.404
236  Q.MAMMAL+I+R4 646930.110   14  1293888.221  1293888.224  1294023.567
249  Q.MAMMAL+F+R4 645039.248   32  1290142.497  1290142.515  1290451.861
250  Q.MAMMAL+F+R5 645039.015   34  1290146.029  1290146.050  1290474.729
257  Q.MAMMAL+F+I+R3 645039.045   31  1290140.089  1290140.106  1290439.786
258  Q.MAMMAL+F+I+R4 645038.850   33  1290143.700  1290143.719  1290462.732
271  Q.INSECT+R4   644429.149   13  1288884.298  1288884.301  1289009.977
272  Q.INSECT+R5   644429.217   15  1288888.433  1288888.438  1289033.448
279  Q.INSECT+I+R3 644429.233   12  1288882.467  1288882.469  1288998.478
280  Q.INSECT+I+R4 644429.094   14  1288886.189  1288886.192  1289021.535
293  Q.INSECT+F+R4 642243.337   32  1284550.673  1284550.691  1284860.037
+R5 reinitialized from +R4 with factor 0.500
294  Q.INSECT+F+R5 642242.756   34  1284553.512  1284553.533  1284882.212
301  Q.INSECT+F+I+R3 642243.576   31  1284549.153  1284549.170  1284848.849
302  Q.INSECT+F+I+R4 642243.460   33  1284552.920  1284552.940  1284871.952
315  Q.PLANT+R4    640684.218   13  1281394.435  1281394.438  1281520.115
+R5 reinitialized from +R4 with factor 0.500
316  Q.PLANT+R5    640683.514   15  1281397.028  1281397.032  1281542.042
323  Q.PLANT+I+R3  640684.472   12  1281392.943  1281392.946  1281508.955
324  Q.PLANT+I+R4  640683.651   14  1281395.303  1281395.306  1281530.649
337  Q.PLANT+F+R4  640467.616   32  1280999.232  1280999.250  1281308.596
338  Q.PLANT+F+R5  640467.519   34  1281003.038  1281003.059  1281331.738
345  Q.PLANT+F+I+R3 640467.709   31  1280997.418  1280997.435  1281297.115
346  Q.PLANT+F+I+R4 640467.234   33  1281000.468  1281000.487  1281319.500
359  Q.YEAST+R4    645407.251   13  1290840.502  1290840.505  1290966.181
+R5 reinitialized from +R4 with factor 0.500
+R5 reinitialized from +R4 with factor 0.250
+R5 reinitialized from +R4 with factor 0.125
360  Q.YEAST+R5    645407.282   15  1290844.563  1290844.567  1290989.578
367  Q.YEAST+I+R3  645407.039   12  1290838.078  1290838.080  1290954.089
368  Q.YEAST+I+R4  645406.760   14  1290841.519  1290841.523  1290976.866
381  Q.YEAST+F+R4  642445.769   32  1284955.538  1284955.556  1285264.902
382  Q.YEAST+F+R5  642445.858   34  1284959.716  1284959.737  1285288.415
389  Q.YEAST+F+I+R3 642445.520   31  1284953.041  1284953.058  1285252.737
390  Q.YEAST+F+I+R4 642445.292   33  1284956.584  1284956.604  1285275.616
403  JTTDCMUT+R4   643105.244   13  1286236.488  1286236.491  1286362.167
404  JTTDCMUT+R5   643105.270   15  1286240.540  1286240.544  1286385.554
411  JTTDCMUT+I+R3 643104.995   12  1286233.990  1286233.993  1286350.001
412  JTTDCMUT+I+R4 643104.961   14  1286237.922  1286237.926  1286373.269
425  JTTDCMUT+F+R4 641998.629   32  1284061.259  1284061.277  1284370.623
426  JTTDCMUT+F+R5 641998.649   34  1284065.298  1284065.318  1284393.997
433  JTTDCMUT+F+I+R3 641998.380   31  1284058.760  1284058.777  1284358.456
434  JTTDCMUT+F+I+R4 641998.322   33  1284062.645  1284062.664  1284381.676
447  DCMUT+R4      649209.194   13  1298444.387  1298444.391  1298570.067
448  DCMUT+R5      649209.086   15  1298448.172  1298448.176  1298593.186
455  DCMUT+I+R3    649209.193   12  1298442.386  1298442.388  1298558.397
456  DCMUT+I+R4    649209.077   14  1298446.155  1298446.158  1298581.502
469  DCMUT+F+R4    644629.152   32  1289322.304  1289322.322  1289631.668
470  DCMUT+F+R5    644629.050   34  1289326.099  1289326.119  1289654.798
477  DCMUT+F+I+R3  644629.263   31  1289320.526  1289320.543  1289620.223
478  DCMUT+F+I+R4  644629.088   33  1289324.176  1289324.195  1289643.208
491  VT+R4         646287.818   13  1292601.635  1292601.638  1292727.314
492  VT+R5         646287.643   15  1292605.286  1292605.290  1292750.300
499  VT+I+R3       646285.709   12  1292595.417  1292595.420  1292711.429
500  VT+I+R4       646285.099   14  1292598.197  1292598.201  1292733.544
513  VT+F+R4       645782.982   32  1291629.963  1291629.981  1291939.327
514  VT+F+R5       645782.772   34  1291633.543  1291633.564  1291962.243
521  VT+F+I+R3     645780.761   31  1291623.521  1291623.538  1291923.218
522  VT+F+I+R4     645780.124   33  1291626.248  1291626.268  1291945.280
535  PMB+R4        652081.442   13  1304188.883  1304188.886  1304314.562
536  PMB+R5        652081.145   15  1304192.289  1304192.294  1304337.304
543  PMB+I+R3      652077.718   12  1304179.436  1304179.439  1304295.448
544  PMB+I+R4      652075.809   14  1304179.617  1304179.621  1304314.964
557  PMB+F+R4      649831.239   32  1299726.478  1299726.496  1300035.842
558  PMB+F+R5      649830.915   34  1299729.830  1299729.850  1300058.529
565  PMB+F+I+R3    649827.921   31  1299717.843  1299717.860  1300017.539
566  PMB+F+I+R4    649826.280   33  1299718.560  1299718.580  1300037.592
579  BLOSUM62+R4   651835.959   13  1303697.919  1303697.922  1303823.598
580  BLOSUM62+R5   651835.290   15  1303700.580  1303700.584  1303845.595
587  BLOSUM62+I+R3 651831.979   12  1303687.959  1303687.962  1303803.970
588  BLOSUM62+I+R4 651830.396   14  1303688.792  1303688.796  1303824.139
601  BLOSUM62+F+R4 650081.783   32  1300227.565  1300227.584  1300536.930
602  BLOSUM62+F+R5 650081.124   34  1300230.249  1300230.269  1300558.948
609  BLOSUM62+F+I+R3 650078.369   31  1300218.738  1300218.755  1300518.434
610  BLOSUM62+F+I+R4 650076.999   33  1300219.998  1300220.018  1300539.030
623  DAYHOFF+R4    649167.763   13  1298361.527  1298361.530  1298487.206
+R5 reinitialized from +R4 with factor 0.500
624  DAYHOFF+R5    649166.623   15  1298363.246  1298363.250  1298508.260
631  DAYHOFF+I+R3  649168.001   12  1298360.002  1298360.005  1298476.014
632  DAYHOFF+I+R4  649167.752   14  1298363.503  1298363.507  1298498.850
645  DAYHOFF+F+R4  644591.791   32  1289247.582  1289247.600  1289556.946
646  DAYHOFF+F+R5  644590.538   34  1289249.076  1289249.096  1289577.775
653  DAYHOFF+F+I+R3 644592.066   31  1289246.132  1289246.149  1289545.828
654  DAYHOFF+F+I+R4 644591.196   33  1289248.392  1289248.411  1289567.424
667  MTREV+R4      679770.500   13  1359567.000  1359567.003  1359692.679
668  MTREV+R5      679770.207   15  1359570.414  1359570.418  1359715.429
675  MTREV+I+R3    679770.205   12  1359564.410  1359564.413  1359680.421
+I+R4 reinitialized from +I+R3 with factor 0.500
+I+R4 reinitialized from +I+R3 with factor 0.250
+I+R4 reinitialized from +I+R3 with factor 0.125
676  MTREV+I+R4    679770.155   14  1359568.309  1359568.313  1359703.656
689  MTREV+F+R4    646316.914   32  1292697.828  1292697.846  1293007.192
+R5 reinitialized from +R4 with factor 0.500
+R5 reinitialized from +R4 with factor 0.250
+R5 reinitialized from +R4 with factor 0.125
690  MTREV+F+R5    646316.795   34  1292701.589  1292701.609  1293030.288
697  MTREV+F+I+R3  646317.364   31  1292696.727  1292696.744  1292996.424
698  MTREV+F+I+R4  646316.896   33  1292699.792  1292699.811  1293018.823
711  MTART+R4      681260.800   13  1362547.601  1362547.604  1362673.280
712  MTART+R5      681259.508   15  1362549.016  1362549.021  1362694.031
719  MTART+I+R3    681250.234   12  1362524.467  1362524.470  1362640.479
+I+R4 reinitialized from +I+R3 with factor 0.500
720  MTART+I+R4    681249.683   14  1362527.367  1362527.370  1362662.713
733  MTART+F+R4    648542.695   32  1297149.390  1297149.408  1297458.754
734  MTART+F+R5    648542.391   34  1297152.781  1297152.802  1297481.481
741  MTART+F+I+R3  648540.893   31  1297143.785  1297143.802  1297443.482
742  MTART+F+I+R4  648540.863   33  1297147.725  1297147.744  1297466.757
755  MTZOA+R4      672478.682   13  1344983.363  1344983.367  1345109.043
756  MTZOA+R5      672478.221   15  1344986.442  1344986.446  1345131.457
763  MTZOA+I+R3    672479.882   12  1344983.764  1344983.766  1345099.775
+I+R4 reinitialized from +I+R3 with factor 0.500
764  MTZOA+I+R4    672478.053   14  1344984.106  1344984.110  1345119.453
777  MTZOA+F+R4    645069.602   32  1290203.204  1290203.222  1290512.568
778  MTZOA+F+R5    645069.146   34  1290206.291  1290206.311  1290534.990
785  MTZOA+F+I+R3  645069.199   31  1290200.397  1290200.414  1290500.094
786  MTZOA+F+I+R4  645068.819   33  1290203.638  1290203.657  1290522.669
799  MTMET+R4      679996.521   13  1360019.042  1360019.045  1360144.721
800  MTMET+R5      679995.212   15  1360020.424  1360020.428  1360165.438
807  MTMET+I+R3    679997.916   12  1360019.832  1360019.835  1360135.844
808  MTMET+I+R4    679996.682   14  1360021.364  1360021.367  1360156.711
821  MTMET+F+R4    645364.069   32  1290792.138  1290792.156  1291101.502
+R5 reinitialized from +R4 with factor 0.500
+R5 reinitialized from +R4 with factor 0.250
822  MTMET+F+R5    645363.806   34  1290795.612  1290795.633  1291124.312
829  MTMET+F+I+R3  645363.813   31  1290789.626  1290789.643  1291089.322
830  MTMET+F+I+R4  645363.241   33  1290792.482  1290792.501  1291111.514
843  MTVER+R4      684171.332   13  1368368.664  1368368.667  1368494.343
844  MTVER+R5      684170.990   15  1368371.980  1368371.984  1368516.994
851  MTVER+I+R3    684170.485   12  1368364.969  1368364.972  1368480.981
852  MTVER+I+R4    684170.267   14  1368368.534  1368368.537  1368503.880
865  MTVER+F+R4    648902.286   32  1297868.571  1297868.589  1298177.935
866  MTVER+F+R5    648901.337   34  1297870.674  1297870.694  1298199.373
873  MTVER+F+I+R3  648903.466   31  1297868.931  1297868.948  1298168.628
874  MTVER+F+I+R4  648902.121   33  1297870.241  1297870.260  1298189.273
887  MTINV+R4      686674.422   13  1373374.844  1373374.847  1373500.523
888  MTINV+R5      686672.915   15  1373375.831  1373375.835  1373520.845
895  MTINV+I+R3    686679.409   12  1373382.819  1373382.821  1373498.830
896  MTINV+I+R4    686675.068   14  1373378.136  1373378.140  1373513.483
897  MTINV+I+R5    686668.984   16  1373369.968  1373369.973  1373524.650
+I+R6 reinitialized from +I+R5 with factor 0.500
+I+R6 reinitialized from +I+R5 with factor 0.250
+I+R6 reinitialized from +I+R5 with factor 0.125
898  MTINV+I+R6    686669.011   18  1373374.023  1373374.029  1373548.040
909  MTINV+F+R4    644250.258   32  1288564.516  1288564.534  1288873.880
+R5 reinitialized from +R4 with factor 0.500
910  MTINV+F+R5    644249.723   34  1288567.447  1288567.467  1288896.146
917  MTINV+F+I+R3  644250.181   31  1288562.361  1288562.378  1288862.058
+I+R4 reinitialized from +I+R3 with factor 0.500
918  MTINV+F+I+R4  644249.023   33  1288564.046  1288564.065  1288883.078
931  MTMAM+R4      684710.280   13  1369446.560  1369446.563  1369572.239
932  MTMAM+R5      684687.478   15  1369404.956  1369404.960  1369549.971
933  MTMAM+R6      684684.695   17  1369403.390  1369403.395  1369567.740
939  MTMAM+I+R3    684682.961   12  1369389.923  1369389.925  1369505.934
+I+R4 reinitialized from +I+R3 with factor 0.500
+I+R4 reinitialized from +I+R3 with factor 0.250
940  MTMAM+I+R4    684682.879   14  1369393.758  1369393.761  1369529.105
953  MTMAM+F+R4    650381.082   32  1300826.164  1300826.182  1301135.528
+R5 reinitialized from +R4 with factor 0.500
954  MTMAM+F+R5    650381.149   34  1300830.299  1300830.319  1301158.998
961  MTMAM+F+I+R3  650385.007   31  1300832.014  1300832.031  1301131.710
962  MTMAM+F+I+R4  650383.449   33  1300832.899  1300832.918  1301151.930
975  FLAVI+R4      655481.602   13  1310989.204  1310989.207  1311114.883
976  FLAVI+R5      655479.875   15  1310989.749  1310989.753  1311134.764
983  FLAVI+I+R3    655476.917   12  1310977.835  1310977.837  1311093.846
+I+R4 reinitialized from +I+R3 with factor 0.500
984  FLAVI+I+R4    655476.713   14  1310981.426  1310981.430  1311116.773
997  FLAVI+F+R4    650115.694   32  1300295.387  1300295.405  1300604.751
998  FLAVI+F+R5    650114.821   34  1300297.642  1300297.662  1300626.341
1005  FLAVI+F+I+R3  650112.687   31  1300287.375  1300287.392  1300587.071
+I+R4 reinitialized from +I+R3 with factor 0.500
+I+R4 reinitialized from +I+R3 with factor 0.250
+I+R4 reinitialized from +I+R3 with factor 0.125
1006  FLAVI+F+I+R4  650112.523   33  1300291.046  1300291.065  1300610.078
1019  HIVB+R4       651379.414   13  1302784.827  1302784.830  1302910.506
1020  HIVB+R5       651378.602   15  1302787.203  1302787.207  1302932.218
1027  HIVB+I+R3     651378.689   12  1302781.378  1302781.380  1302897.389
1028  HIVB+I+R4     651378.747   14  1302785.494  1302785.497  1302920.841
1041  HIVB+F+R4     646232.095   32  1292528.189  1292528.207  1292837.553
1042  HIVB+F+R5     646231.159   34  1292530.319  1292530.339  1292859.018
1049  HIVB+F+I+R3   646230.859   31  1292523.717  1292523.734  1292823.414
+I+R4 reinitialized from +I+R3 with factor 0.500
1050  HIVB+F+I+R4   646230.526   33  1292527.052  1292527.071  1292846.084
1063  HIVW+R4       670285.266   13  1340596.531  1340596.534  1340722.210
1064  HIVW+R5       670284.717   15  1340599.435  1340599.439  1340744.449
1071  HIVW+I+R3     670285.112   12  1340594.223  1340594.226  1340710.235
1072  HIVW+I+R4     670284.447   14  1340596.894  1340596.898  1340732.241
1085  HIVW+F+R4     656191.224   32  1312446.447  1312446.465  1312755.811
1086  HIVW+F+R5     656190.534   34  1312449.068  1312449.089  1312777.768
1093  HIVW+F+I+R3   656188.243   31  1312438.487  1312438.504  1312738.183
+I+R4 reinitialized from +I+R3 with factor 0.500
+I+R4 reinitialized from +I+R3 with factor 0.250
1094  HIVW+F+I+R4   656188.261   33  1312442.522  1312442.542  1312761.554
1107  FLU+R4        651970.080   13  1303966.160  1303966.163  1304091.839
1108  FLU+R5        651969.725   15  1303969.450  1303969.454  1304114.464
1115  FLU+I+R3      651970.098   12  1303964.195  1303964.198  1304080.207
1116  FLU+I+R4      651969.793   14  1303967.587  1303967.590  1304102.934
1129  FLU+F+R4      646149.643   32  1292363.287  1292363.305  1292672.651
1130  FLU+F+R5      646149.215   34  1292366.431  1292366.451  1292695.130
1137  FLU+F+I+R3    646149.399   31  1292360.799  1292360.816  1292660.495
1138  FLU+F+I+R4    646149.039   33  1292364.078  1292364.098  1292683.110
1151  RTREV+R4      651044.533   13  1302115.067  1302115.070  1302240.746
1152  RTREV+R5      651044.158   15  1302118.316  1302118.320  1302263.330
1159  RTREV+I+R3    651045.092   12  1302114.184  1302114.186  1302230.195
1160  RTREV+I+R4    651044.904   14  1302117.809  1302117.812  1302253.155
1173  RTREV+F+R4    644995.035   32  1290054.070  1290054.088  1290363.434
1174  RTREV+F+R5    644994.934   34  1290057.869  1290057.889  1290386.568
1181  RTREV+F+I+R3  644995.988   31  1290053.975  1290053.992  1290353.672
1182  RTREV+F+I+R4  644995.798   33  1290057.597  1290057.616  1290376.629
1195  CPREV+R4      647461.134   13  1294948.268  1294948.271  1295073.947
1196  CPREV+R5      647461.047   15  1294952.094  1294952.098  1295097.109
1203  CPREV+I+R3    647461.641   12  1294947.281  1294947.284  1295063.293
1204  CPREV+I+R4    647461.502   14  1294951.004  1294951.008  1295086.351
1217  CPREV+F+R4    644693.362   32  1289450.724  1289450.742  1289760.088
1218  CPREV+F+R5    644693.384   34  1289454.769  1289454.789  1289783.468
1225  CPREV+F+I+R3  644694.498   31  1289450.996  1289451.013  1289750.693
1226  CPREV+F+I+R4  644694.367   33  1289454.735  1289454.754  1289773.767
Akaike Information Criterion:           Q.PLANT+F+I+R3
Corrected Akaike Information Criterion: Q.PLANT+F+I+R3
Bayesian Information Criterion:         Q.PLANT+F+I+R3
Best-fit model: Q.PLANT+F+I+R3 chosen according to AIC

All model information printed to 5legume_c60_init.model.gz
CPU time for ModelFinder: 21600.240 seconds (6h:0m:0s)
Wall-clock time for ModelFinder: 3160.858 seconds (0h:52m:40s)

NOTE: 49 MB RAM (0 GB) is required!
Estimate model parameters (epsilon = 0.010)
1. Initial log-likelihood: -640603.536
2. Current log-likelihood: -640467.545
3. Current log-likelihood: -640464.648
4. Current log-likelihood: -640464.253
5. Current log-likelihood: -640463.985
6. Current log-likelihood: -640463.762
7. Current log-likelihood: -640463.559
8. Current log-likelihood: -640463.377
9. Current log-likelihood: -640463.222
10. Current log-likelihood: -640463.081
11. Current log-likelihood: -640462.969
12. Current log-likelihood: -640462.845
13. Current log-likelihood: -640462.753
14. Current log-likelihood: -640462.669
15. Current log-likelihood: -640462.607
16. Current log-likelihood: -640462.526
17. Current log-likelihood: -640462.474
18. Current log-likelihood: -640462.416
19. Current log-likelihood: -640462.374
20. Current log-likelihood: -640462.325
21. Current log-likelihood: -640462.290
22. Current log-likelihood: -640462.259
Optimal log-likelihood: -640462.254
Proportion of invariable sites: 0.374
Site proportion and rates:  (0.379,0.755) (0.218,2.306) (0.029,7.258)
Parameters optimization took 22 rounds (2.029 sec)
Wrote distance file to... 
BEST SCORE FOUND : -640462.254
Total tree length: 0.961

Total number of iterations: 0
CPU time used for tree search: 0.000 sec (0h:0m:0s)
Wall-clock time used for tree search: 0.000 sec (0h:0m:0s)
Total CPU time used: 21643.114 sec (6h:0m:43s)
Total wall-clock time used: 3162.904 sec (0h:52m:42s)

Analysis results written to: 
  IQ-TREE report:                5legume_c60_init.iqtree
  Tree used for ModelFinder:     5legume_c60_init.treefile
  Screen log file:               5legume_c60_init.log

Date and Time: Fri May  9 14:00:24 2025
