IQ-TREE multicore version 2.4.0 for Linux x86 64-bit built Mar 19 2025
Developed by Bui Quang Minh, Nguyen Lam Tung, Olga Chernomor, Heiko Schmidt,
Dominik Schrempf, Michael Woodhams, Ly Trong Nhan, Thomas Wong

Host:    wright.uds.anu.edu.au (AVX512, FMA3, 1007 GB RAM)
Command: ../../iqtree2 -s ./5_concated.nex -m Q.PLANT+C60+I+R3 -te ../partition/Q/legume5_Q_search.treefile -T 21 -mem 120G -safe -pre legume5_c60_unopt
Seed:    206479 (Using SPRNG - Scalable Parallel Random Number Generator)
Time:    Fri May  9 14:03:39 2025
Kernel:  Safe AVX+FMA - 21 threads (22 CPU cores detected)

Reading alignment file ./5_concated.nex ... Nexus format detected
Skipping unknown block (sets)...
WARNING: 8 sites contain only gaps or ambiguous characters.
Alignment has 5 sequences with 116731 columns, 21255 distinct patterns
6150 parsimony-informative, 35364 singleton sites, 75217 constant sites
                     Gap/Ambiguity  Composition  p-value
Analyzing sequences: done in 0.0317617 secs using 1595% CPU
   1  Fragaria_vesca        22.25%    passed     19.88%
   2  Lathyrus_sativus      24.04%    failed      0.32%
   3  Linum_usitatissimum   19.69%    failed      0.08%
   4  Lactuca_sativa        17.91%    failed      0.15%
   5  Mimulus_guttatus      14.21%    passed     94.74%
****  TOTAL                 19.62%  3 sequences failed composition chi2 test (p-value<5%; df=19)
NOTE: minimal branch length is reduced to 0.000000856670 for long alignment
Checking for duplicate sequences: done in 0.0301816 secs using 2035% CPU
Reading input tree file ../partition/Q/legume5_Q_search.treefile ...
Model Q.PLANT+C60+I+R3 is alias for Q.PLANT+POISSON+G+FMIX{C60pi1:1:0.0169698865,C60pi2:1:0.0211683374,C60pi3:1:0.0276589079,C60pi4:1:0.0065675964,C60pi5:1:0.0141221416,C60pi6:1:0.0068774834,C60pi7:1:0.0146909701,C60pi8:1:0.0067225777,C60pi9:1:0.0018396660,C60pi10:1:0.0102547197,C60pi11:1:0.0230896163,C60pi12:1:0.0057941033,C60pi13:1:0.0125394534,C60pi14:1:0.0204526478,C60pi15:1:0.0070629602,C60pi16:1:0.0117982741,C60pi17:1:0.0068334668,C60pi18:1:0.0433775839,C60pi19:1:0.0318278731,C60pi20:1:0.0222546108,C60pi21:1:0.0102264969,C60pi22:1:0.0150545891,C60pi23:1:0.0134159878,C60pi24:1:0.0148552065,C60pi25:1:0.0239111516,C60pi26:1:0.0128776278,C60pi27:1:0.0222318842,C60pi28:1:0.0247444742,C60pi29:1:0.0214274810,C60pi30:1:0.0115001882,C60pi31:1:0.0076017389,C60pi32:1:0.0130258568,C60pi33:1:0.0093701965,C60pi34:1:0.0467194264,C60pi35:1:0.0441940314,C60pi36:1:0.0322263154,C60pi37:1:0.0402999891,C60pi38:1:0.0150234227,C60pi39:1:0.0104589903,C60pi40:1:0.0214742395,C60pi41:1:0.0154957836,C60pi42:1:0.0101789953,C60pi43:1:0.0227980379,C60pi44:1:0.0123204539,C60pi45:1:0.0066777583,C60pi46:1:0.0004150083,C60pi47:1:0.0344385130,C60pi48:1:0.0113663379,C60pi49:1:0.0127143049,C60pi50:1:0.0124323741,C60pi51:1:0.0262124415,C60pi52:1:0.0064994957,C60pi53:1:0.0103203293,C60pi54:1:0.0142463512,C60pi55:1:0.0215600067,C60pi56:1:0.0199150700,C60pi57:1:0.0038964200,C60pi58:1:0.0113448855,C60pi59:1:0.0128595846,C60pi60:1:0.0117656776}+I+R3
WARNING: Your input class weight 0.000415008 is very small and may cause numerical issues
WARNING: Both Gamma and FreeRate models were specified, continue with FreeRate model

NOTE: 2959 MB RAM (2 GB) is required!
Estimate model parameters (epsilon = 0.010)
1. Initial log-likelihood: -646558.221
2. Current log-likelihood: -643961.861
3. Current log-likelihood: -643817.803
4. Current log-likelihood: -643726.936
5. Current log-likelihood: -643672.418
6. Current log-likelihood: -643638.656
7. Current log-likelihood: -643616.984
8. Current log-likelihood: -643602.110
9. Current log-likelihood: -643591.049
10. Current log-likelihood: -643582.467
11. Current log-likelihood: -643575.531
12. Current log-likelihood: -643569.767
13. Current log-likelihood: -643564.898
14. Current log-likelihood: -643560.734
15. Current log-likelihood: -643557.222
16. Current log-likelihood: -643554.278
17. Current log-likelihood: -643551.717
18. Current log-likelihood: -643549.539
19. Current log-likelihood: -643547.665
20. Current log-likelihood: -643546.047
21. Current log-likelihood: -643544.643
22. Current log-likelihood: -643543.457
23. Current log-likelihood: -643542.388
24. Current log-likelihood: -643541.391
25. Current log-likelihood: -643540.510
26. Current log-likelihood: -643539.729
27. Current log-likelihood: -643539.016
28. Current log-likelihood: -643538.412
29. Current log-likelihood: -643537.837
30. Current log-likelihood: -643537.300
31. Current log-likelihood: -643536.791
32. Current log-likelihood: -643536.351
33. Current log-likelihood: -643535.922
34. Current log-likelihood: -643535.503
35. Current log-likelihood: -643535.095
36. Current log-likelihood: -643534.744
37. Current log-likelihood: -643534.328
38. Current log-likelihood: -643533.974
39. Current log-likelihood: -643533.595
40. Current log-likelihood: -643533.237
41. Current log-likelihood: -643532.894
42. Current log-likelihood: -643532.558
43. Current log-likelihood: -643532.169
44. Current log-likelihood: -643531.838
45. Current log-likelihood: -643531.506
46. Current log-likelihood: -643531.173
47. Current log-likelihood: -643530.853
48. Current log-likelihood: -643530.526
49. Current log-likelihood: -643530.199
50. Current log-likelihood: -643529.880
51. Current log-likelihood: -643529.538
52. Current log-likelihood: -643529.213
53. Current log-likelihood: -643528.896
54. Current log-likelihood: -643528.558
55. Current log-likelihood: -643528.235
56. Current log-likelihood: -643527.923
57. Current log-likelihood: -643527.588
58. Current log-likelihood: -643527.271
59. Current log-likelihood: -643526.962
60. Current log-likelihood: -643526.631
61. Current log-likelihood: -643526.316
62. Current log-likelihood: -643525.999
63. Current log-likelihood: -643525.682
64. Current log-likelihood: -643525.372
65. Current log-likelihood: -643525.041
66. Current log-likelihood: -643524.724
67. Current log-likelihood: -643524.406
68. Current log-likelihood: -643524.095
69. Current log-likelihood: -643523.762
70. Current log-likelihood: -643523.443
71. Current log-likelihood: -643523.130
72. Current log-likelihood: -643522.821
73. Current log-likelihood: -643522.509
74. Current log-likelihood: -643522.201
75. Current log-likelihood: -643521.888
76. Current log-likelihood: -643521.613
77. Current log-likelihood: -643521.306
78. Current log-likelihood: -643521.002
79. Current log-likelihood: -643520.726
80. Current log-likelihood: -643520.416
81. Current log-likelihood: -643520.109
82. Current log-likelihood: -643519.804
83. Current log-likelihood: -643519.526
84. Current log-likelihood: -643519.213
85. Current log-likelihood: -643518.903
86. Current log-likelihood: -643518.594
87. Current log-likelihood: -643518.284
88. Current log-likelihood: -643518.001
89. Current log-likelihood: -643517.683
90. Current log-likelihood: -643517.367
91. Current log-likelihood: -643517.052
92. Current log-likelihood: -643516.749
93. Current log-likelihood: -643516.411
94. Current log-likelihood: -643516.097
95. Current log-likelihood: -643515.781
96. Current log-likelihood: -643515.498
97. Current log-likelihood: -643515.181
98. Current log-likelihood: -643514.863
99. Current log-likelihood: -643514.550
100. Current log-likelihood: -643514.243
101. Current log-likelihood: -643513.937
102. Current log-likelihood: -643513.659
103. Current log-likelihood: -643513.345
104. Current log-likelihood: -643513.034
105. Current log-likelihood: -643512.725
106. Current log-likelihood: -643512.416
107. Current log-likelihood: -643512.135
108. Current log-likelihood: -643511.817
109. Current log-likelihood: -643511.501
110. Current log-likelihood: -643511.187
111. Current log-likelihood: -643510.873
112. Current log-likelihood: -643510.559
113. Current log-likelihood: -643510.245
114. Current log-likelihood: -643509.930
115. Current log-likelihood: -643509.615
116. Current log-likelihood: -643509.299
117. Current log-likelihood: -643508.982
118. Current log-likelihood: -643508.665
119. Current log-likelihood: -643508.347
120. Current log-likelihood: -643508.028
121. Current log-likelihood: -643507.709
122. Current log-likelihood: -643507.389
123. Current log-likelihood: -643507.069
124. Current log-likelihood: -643506.749
125. Current log-likelihood: -643506.428
126. Current log-likelihood: -643506.107
127. Current log-likelihood: -643505.786
128. Current log-likelihood: -643505.465
129. Current log-likelihood: -643505.143
130. Current log-likelihood: -643504.822
131. Current log-likelihood: -643504.501
132. Current log-likelihood: -643504.179
133. Current log-likelihood: -643503.869
134. Current log-likelihood: -643503.539
135. Current log-likelihood: -643503.222
136. Current log-likelihood: -643502.905
137. Current log-likelihood: -643502.597
138. Current log-likelihood: -643502.269
139. Current log-likelihood: -643501.955
140. Current log-likelihood: -643501.650
141. Current log-likelihood: -643501.324
142. Current log-likelihood: -643501.012
143. Current log-likelihood: -643500.709
144. Current log-likelihood: -643500.386
145. Current log-likelihood: -643500.076
146. Current log-likelihood: -643499.776
147. Current log-likelihood: -643499.455
148. Current log-likelihood: -643499.159
149. Current log-likelihood: -643498.842
150. Current log-likelihood: -643498.549
151. Current log-likelihood: -643498.235
152. Current log-likelihood: -643497.945
153. Current log-likelihood: -643497.635
154. Current log-likelihood: -643497.347
155. Current log-likelihood: -643497.040
156. Current log-likelihood: -643496.755
157. Current log-likelihood: -643496.451
158. Current log-likelihood: -643496.170
159. Current log-likelihood: -643495.879
160. Current log-likelihood: -643495.583
161. Current log-likelihood: -643495.309
162. Current log-likelihood: -643495.024
163. Current log-likelihood: -643494.735
164. Current log-likelihood: -643494.466
165. Current log-likelihood: -643494.188
166. Current log-likelihood: -643493.943
167. Current log-likelihood: -643493.652
168. Current log-likelihood: -643493.386
169. Current log-likelihood: -643493.156
170. Current log-likelihood: -643492.891
171. Current log-likelihood: -643492.664
172. Current log-likelihood: -643492.402
173. Current log-likelihood: -643492.148
174. Current log-likelihood: -643491.930
175. Current log-likelihood: -643491.675
176. Current log-likelihood: -643491.457
177. Current log-likelihood: -643491.205
178. Current log-likelihood: -643490.960
179. Current log-likelihood: -643490.751
180. Current log-likelihood: -643490.505
181. Current log-likelihood: -643490.297
182. Current log-likelihood: -643490.054
183. Current log-likelihood: -643489.848
184. Current log-likelihood: -643489.616
185. Current log-likelihood: -643489.432
186. Current log-likelihood: -643489.267
187. Current log-likelihood: -643489.110
188. Current log-likelihood: -643488.932
189. Current log-likelihood: -643488.779
190. Current log-likelihood: -643488.604
191. Current log-likelihood: -643488.454
192. Current log-likelihood: -643488.283
193. Current log-likelihood: -643488.134
194. Current log-likelihood: -643487.973
195. Current log-likelihood: -643487.819
196. Current log-likelihood: -643487.671
197. Current log-likelihood: -643487.524
198. Current log-likelihood: -643487.378
199. Current log-likelihood: -643487.233
200. Current log-likelihood: -643487.088
201. Current log-likelihood: -643486.944
202. Current log-likelihood: -643486.800
203. Current log-likelihood: -643486.658
204. Current log-likelihood: -643486.516
205. Current log-likelihood: -643486.374
206. Current log-likelihood: -643486.234
207. Current log-likelihood: -643486.094
208. Current log-likelihood: -643485.954
209. Current log-likelihood: -643485.815
210. Current log-likelihood: -643485.677
211. Current log-likelihood: -643485.540
212. Current log-likelihood: -643485.403
213. Current log-likelihood: -643485.266
214. Current log-likelihood: -643485.131
215. Current log-likelihood: -643484.995
216. Current log-likelihood: -643484.861
217. Current log-likelihood: -643484.727
218. Current log-likelihood: -643484.594
219. Current log-likelihood: -643484.461
220. Current log-likelihood: -643484.329
221. Current log-likelihood: -643484.197
222. Current log-likelihood: -643484.066
223. Current log-likelihood: -643483.935
224. Current log-likelihood: -643483.805
225. Current log-likelihood: -643483.676
226. Current log-likelihood: -643483.547
227. Current log-likelihood: -643483.419
228. Current log-likelihood: -643483.291
229. Current log-likelihood: -643483.164
230. Current log-likelihood: -643483.037
231. Current log-likelihood: -643482.911
232. Current log-likelihood: -643482.785
233. Current log-likelihood: -643482.660
234. Current log-likelihood: -643482.535
235. Current log-likelihood: -643482.411
236. Current log-likelihood: -643482.287
237. Current log-likelihood: -643482.164
238. Current log-likelihood: -643482.042
239. Current log-likelihood: -643481.919
240. Current log-likelihood: -643481.798
241. Current log-likelihood: -643481.676
242. Current log-likelihood: -643481.554
243. Current log-likelihood: -643481.437
244. Current log-likelihood: -643481.317
245. Current log-likelihood: -643481.196
246. Current log-likelihood: -643481.080
247. Current log-likelihood: -643480.960
248. Current log-likelihood: -643480.846
249. Current log-likelihood: -643480.726
250. Current log-likelihood: -643480.613
251. Current log-likelihood: -643480.494
252. Current log-likelihood: -643480.381
253. Current log-likelihood: -643480.264
254. Current log-likelihood: -643480.152
255. Current log-likelihood: -643480.035
256. Current log-likelihood: -643479.922
257. Current log-likelihood: -643479.812
258. Current log-likelihood: -643479.696
259. Current log-likelihood: -643479.585
260. Current log-likelihood: -643479.473
261. Current log-likelihood: -643479.361
262. Current log-likelihood: -643479.251
263. Current log-likelihood: -643479.141
264. Current log-likelihood: -643479.031
265. Current log-likelihood: -643478.922
266. Current log-likelihood: -643478.814
267. Current log-likelihood: -643478.706
268. Current log-likelihood: -643478.595
269. Current log-likelihood: -643478.491
270. Current log-likelihood: -643478.384
271. Current log-likelihood: -643478.278
272. Current log-likelihood: -643478.172
273. Current log-likelihood: -643478.067
274. Current log-likelihood: -643477.959
275. Current log-likelihood: -643477.858
276. Current log-likelihood: -643477.754
277. Current log-likelihood: -643477.651
278. Current log-likelihood: -643477.548
279. Current log-likelihood: -643477.442
280. Current log-likelihood: -643477.344
281. Current log-likelihood: -643477.242
282. Current log-likelihood: -643477.141
283. Current log-likelihood: -643477.040
284. Current log-likelihood: -643476.937
285. Current log-likelihood: -643476.841
286. Current log-likelihood: -643476.742
287. Current log-likelihood: -643476.643
288. Current log-likelihood: -643476.542
289. Current log-likelihood: -643476.448
290. Current log-likelihood: -643476.350
291. Current log-likelihood: -643476.254
292. Current log-likelihood: -643476.155
293. Current log-likelihood: -643476.062
294. Current log-likelihood: -643475.967
295. Current log-likelihood: -643475.872
296. Current log-likelihood: -643475.775
297. Current log-likelihood: -643475.685
298. Current log-likelihood: -643475.592
299. Current log-likelihood: -643475.497
300. Current log-likelihood: -643475.408
301. Current log-likelihood: -643475.316
302. Current log-likelihood: -643475.225
303. Current log-likelihood: -643475.132
304. Current log-likelihood: -643475.045
305. Current log-likelihood: -643474.955
306. Current log-likelihood: -643474.864
307. Current log-likelihood: -643474.779
308. Current log-likelihood: -643474.691
309. Current log-likelihood: -643474.601
310. Current log-likelihood: -643474.517
311. Current log-likelihood: -643474.431
312. Current log-likelihood: -643474.343
313. Current log-likelihood: -643474.260
314. Current log-likelihood: -643474.176
315. Current log-likelihood: -643474.090
316. Current log-likelihood: -643474.009
317. Current log-likelihood: -643473.926
318. Current log-likelihood: -643473.841
319. Current log-likelihood: -643473.762
320. Current log-likelihood: -643473.681
321. Current log-likelihood: -643473.598
322. Current log-likelihood: -643473.520
323. Current log-likelihood: -643473.441
324. Current log-likelihood: -643473.360
325. Current log-likelihood: -643473.284
326. Current log-likelihood: -643473.206
327. Current log-likelihood: -643473.126
328. Current log-likelihood: -643473.052
329. Current log-likelihood: -643472.974
330. Current log-likelihood: -643472.900
331. Current log-likelihood: -643472.825
332. Current log-likelihood: -643472.749
333. Current log-likelihood: -643472.677
334. Current log-likelihood: -643472.603
335. Current log-likelihood: -643472.529
336. Current log-likelihood: -643472.459
337. Current log-likelihood: -643472.385
338. Current log-likelihood: -643472.316
339. Current log-likelihood: -643472.245
340. Current log-likelihood: -643472.174
341. Current log-likelihood: -643472.106
342. Current log-likelihood: -643472.036
343. Current log-likelihood: -643471.969
344. Current log-likelihood: -643471.901
345. Current log-likelihood: -643471.833
346. Current log-likelihood: -643471.768
347. Current log-likelihood: -643471.700
348. Current log-likelihood: -643471.637
349. Current log-likelihood: -643471.570
350. Current log-likelihood: -643471.507
351. Current log-likelihood: -643471.443
352. Current log-likelihood: -643471.378
353. Current log-likelihood: -643471.317
354. Current log-likelihood: -643471.254
355. Current log-likelihood: -643471.194
356. Current log-likelihood: -643471.131
357. Current log-likelihood: -643471.072
358. Current log-likelihood: -643471.012
359. Current log-likelihood: -643470.951
360. Current log-likelihood: -643470.894
361. Current log-likelihood: -643470.834
362. Current log-likelihood: -643470.778
363. Current log-likelihood: -643470.719
364. Current log-likelihood: -643470.664
365. Current log-likelihood: -643470.607
366. Current log-likelihood: -643470.550
367. Current log-likelihood: -643470.496
368. Current log-likelihood: -643470.440
369. Current log-likelihood: -643470.388
370. Current log-likelihood: -643470.333
371. Current log-likelihood: -643470.281
372. Current log-likelihood: -643470.228
373. Current log-likelihood: -643470.174
374. Current log-likelihood: -643470.124
375. Current log-likelihood: -643470.072
376. Current log-likelihood: -643470.023
377. Current log-likelihood: -643469.972
378. Current log-likelihood: -643469.923
379. Current log-likelihood: -643469.873
380. Current log-likelihood: -643469.824
381. Current log-likelihood: -643469.777
382. Current log-likelihood: -643469.728
383. Current log-likelihood: -643469.682
384. Current log-likelihood: -643469.635
385. Current log-likelihood: -643469.589
386. Current log-likelihood: -643469.543
387. Current log-likelihood: -643469.497
388. Current log-likelihood: -643469.453
389. Current log-likelihood: -643469.408
390. Current log-likelihood: -643469.365
391. Current log-likelihood: -643469.321
392. Current log-likelihood: -643469.277
393. Current log-likelihood: -643469.235
394. Current log-likelihood: -643469.192
395. Current log-likelihood: -643469.152
396. Current log-likelihood: -643469.110
397. Current log-likelihood: -643469.068
398. Current log-likelihood: -643469.029
399. Current log-likelihood: -643468.988
400. Current log-likelihood: -643468.949
401. Current log-likelihood: -643468.909
402. Current log-likelihood: -643468.870
403. Current log-likelihood: -643468.832
404. Current log-likelihood: -643468.794
405. Current log-likelihood: -643468.757
406. Current log-likelihood: -643468.719
407. Current log-likelihood: -643468.682
408. Current log-likelihood: -643468.646
409. Current log-likelihood: -643468.610
410. Current log-likelihood: -643468.575
411. Current log-likelihood: -643468.538
412. Current log-likelihood: -643468.503
413. Current log-likelihood: -643468.469
414. Current log-likelihood: -643468.434
415. Current log-likelihood: -643468.400
416. Current log-likelihood: -643468.368
417. Current log-likelihood: -643468.334
418. Current log-likelihood: -643468.301
419. Current log-likelihood: -643468.269
420. Current log-likelihood: -643468.237
421. Current log-likelihood: -643468.203
422. Current log-likelihood: -643468.181
423. Current log-likelihood: -643468.160
424. Current log-likelihood: -643468.141
425. Current log-likelihood: -643468.111
426. Current log-likelihood: -643468.080
427. Current log-likelihood: -643468.060
428. Current log-likelihood: -643468.042
429. Current log-likelihood: -643468.013
430. Current log-likelihood: -643467.984
431. Current log-likelihood: -643467.968
432. Current log-likelihood: -643467.953
433. Current log-likelihood: -643467.926
434. Current log-likelihood: -643467.898
435. Current log-likelihood: -643467.883
436. Current log-likelihood: -643467.868
437. Current log-likelihood: -643467.842
438. Current log-likelihood: -643467.816
439. Current log-likelihood: -643467.802
440. Current log-likelihood: -643467.787
441. Current log-likelihood: -643467.763
442. Current log-likelihood: -643467.738
443. Current log-likelihood: -643467.724
444. Current log-likelihood: -643467.710
445. Current log-likelihood: -643467.687
446. Current log-likelihood: -643467.663
447. Current log-likelihood: -643467.650
448. Current log-likelihood: -643467.637
449. Current log-likelihood: -643467.614
450. Current log-likelihood: -643467.591
451. Current log-likelihood: -643467.580
452. Current log-likelihood: -643467.567
453. Current log-likelihood: -643467.545
454. Current log-likelihood: -643467.523
455. Current log-likelihood: -643467.512
456. Current log-likelihood: -643467.499
457. Current log-likelihood: -643467.478
458. Current log-likelihood: -643467.458
459. Current log-likelihood: -643467.447
460. Current log-likelihood: -643467.435
461. Current log-likelihood: -643467.421
Optimal log-likelihood: -643467.409
Mixture weights: 0.017 0.021 0.028 0.007 0.014 0.007 0.015 0.007 0.002 0.010 0.023 0.006 0.013 0.020 0.007 0.012 0.007 0.043 0.032 0.022 0.010 0.015 0.013 0.015 0.024 0.013 0.022 0.025 0.021 0.012 0.008 0.013 0.009 0.047 0.044 0.032 0.040 0.015 0.010 0.021 0.015 0.010 0.023 0.012 0.007 0.000 0.034 0.011 0.013 0.012 0.026 0.006 0.010 0.014 0.022 0.020 0.004 0.011 0.013 0.012
Proportion of invariable sites: 0.382
Site proportion and rates:  (0.433,0.134) (0.117,0.803) (0.069,12.327)
Parameters optimization took 461 rounds (8910.300 sec)
Wrote distance file to... 
BEST SCORE FOUND : -643467.409
Total tree length: 6.352

Total number of iterations: 0
CPU time used for tree search: 0.000 sec (0h:0m:0s)
Wall-clock time used for tree search: 0.000 sec (0h:0m:0s)
Total CPU time used: 58218.476 sec (16h:10m:18s)
Total wall-clock time used: 33817111.448 sec (9393h:38m:31s)

Analysis results written to: 
  IQ-TREE report:                legume5_c60_unopt.iqtree
  Maximum-likelihood tree:       legume5_c60_unopt.treefile
  Screen log file:               legume5_c60_unopt.log

Date and Time: Fri May  9 16:32:10 2025
