IQ-TREE multicore version 2.4.0 for Linux x86 64-bit built Mar 19 2025
Developed by Bui Quang Minh, Nguyen Lam Tung, Olga Chernomor, Heiko Schmidt,
Dominik Schrempf, Michael Woodhams, Ly Trong Nhan, Thomas Wong

Host:    wright.uds.anu.edu.au (AVX512, FMA3, 1007 GB RAM)
Command: ../../iqtree2 -s ./5_concated.nex -m Q.PLANT+C60+F+I+R3 -te ../partition/Q/legume5_Q_search.treefile -T 21 -mem 120G -safe -pre legume5_c60_F
Seed:    336732 (Using SPRNG - Scalable Parallel Random Number Generator)
Time:    Fri May  9 14:00:24 2025
Kernel:  Safe AVX+FMA - 21 threads (22 CPU cores detected)

Reading alignment file ./5_concated.nex ... Nexus format detected
Skipping unknown block (sets)...
WARNING: 8 sites contain only gaps or ambiguous characters.
Alignment has 5 sequences with 116731 columns, 21255 distinct patterns
6150 parsimony-informative, 35364 singleton sites, 75217 constant sites
                     Gap/Ambiguity  Composition  p-value
Analyzing sequences: done in 0.0279945 secs using 1706% CPU
   1  Fragaria_vesca        22.25%    passed     19.88%
   2  Lathyrus_sativus      24.04%    failed      0.32%
   3  Linum_usitatissimum   19.69%    failed      0.08%
   4  Lactuca_sativa        17.91%    failed      0.15%
   5  Mimulus_guttatus      14.21%    passed     94.74%
****  TOTAL                 19.62%  3 sequences failed composition chi2 test (p-value<5%; df=19)
NOTE: minimal branch length is reduced to 0.000000856670 for long alignment
Checking for duplicate sequences: done in 0.0269987 secs using 1747% CPU
Reading input tree file ../partition/Q/legume5_Q_search.treefile ...
Model Q.PLANT+C60+F+I+R3 is alias for Q.PLANT+POISSON+G+FMIX{C60pi1:1:0.0169698865,C60pi2:1:0.0211683374,C60pi3:1:0.0276589079,C60pi4:1:0.0065675964,C60pi5:1:0.0141221416,C60pi6:1:0.0068774834,C60pi7:1:0.0146909701,C60pi8:1:0.0067225777,C60pi9:1:0.0018396660,C60pi10:1:0.0102547197,C60pi11:1:0.0230896163,C60pi12:1:0.0057941033,C60pi13:1:0.0125394534,C60pi14:1:0.0204526478,C60pi15:1:0.0070629602,C60pi16:1:0.0117982741,C60pi17:1:0.0068334668,C60pi18:1:0.0433775839,C60pi19:1:0.0318278731,C60pi20:1:0.0222546108,C60pi21:1:0.0102264969,C60pi22:1:0.0150545891,C60pi23:1:0.0134159878,C60pi24:1:0.0148552065,C60pi25:1:0.0239111516,C60pi26:1:0.0128776278,C60pi27:1:0.0222318842,C60pi28:1:0.0247444742,C60pi29:1:0.0214274810,C60pi30:1:0.0115001882,C60pi31:1:0.0076017389,C60pi32:1:0.0130258568,C60pi33:1:0.0093701965,C60pi34:1:0.0467194264,C60pi35:1:0.0441940314,C60pi36:1:0.0322263154,C60pi37:1:0.0402999891,C60pi38:1:0.0150234227,C60pi39:1:0.0104589903,C60pi40:1:0.0214742395,C60pi41:1:0.0154957836,C60pi42:1:0.0101789953,C60pi43:1:0.0227980379,C60pi44:1:0.0123204539,C60pi45:1:0.0066777583,C60pi46:1:0.0004150083,C60pi47:1:0.0344385130,C60pi48:1:0.0113663379,C60pi49:1:0.0127143049,C60pi50:1:0.0124323741,C60pi51:1:0.0262124415,C60pi52:1:0.0064994957,C60pi53:1:0.0103203293,C60pi54:1:0.0142463512,C60pi55:1:0.0215600067,C60pi56:1:0.0199150700,C60pi57:1:0.0038964200,C60pi58:1:0.0113448855,C60pi59:1:0.0128595846,C60pi60:1:0.0117656776}+F+I+R3
WARNING: Your input class weight 0.000415008 is very small and may cause numerical issues
WARNING: Both Gamma and FreeRate models were specified, continue with FreeRate model

NOTE: 3008 MB RAM (2 GB) is required!
Estimate model parameters (epsilon = 0.010)
1. Initial log-likelihood: -646065.953
2. Current log-likelihood: -640746.428
3. Current log-likelihood: -640511.475
4. Current log-likelihood: -639900.867
Optimal log-likelihood: -640015.126
Mixture weights: 0.368 0.023 0.004 0.000 0.002 0.000 0.000 0.000 0.008 0.000 0.049 0.029 0.020 0.000 0.012 0.000 0.000 0.021 0.051 0.016 0.000 0.005 0.065 0.000 0.000 0.011 0.000 0.024 0.000 0.000 0.000 0.002 0.011 0.000 0.015 0.025 0.025 0.010 0.054 0.004 0.000 0.000 0.001 0.028 0.000 0.000 0.000 0.011 0.004 0.000 0.000 0.016 0.009 0.000 0.000 0.036 0.008 0.002 0.023 0.000 0.005
Proportion of invariable sites: 0.335
Site proportion and rates:  (0.253,0.378) (0.235,0.983) (0.176,3.815)
Parameters optimization took 4 rounds (194.062 sec)
WARNING: The mixture model might be overfitting because some mixture weights are estimated close to zero
Wrote distance file to... 
BEST SCORE FOUND : -640015.126
Total tree length: 1.184

Total number of iterations: 0
CPU time used for tree search: 0.000 sec (0h:0m:0s)
Wall-clock time used for tree search: 0.000 sec (0h:0m:0s)
Total CPU time used: 1504.091 sec (0h:25m:4s)
Total wall-clock time used: 33808200.411 sec (9391h:10m:0s)

Analysis results written to: 
  IQ-TREE report:                legume5_c60_F.iqtree
  Maximum-likelihood tree:       legume5_c60_F.treefile
  Screen log file:               legume5_c60_F.log

Date and Time: Fri May  9 14:03:39 2025
