IQ-TREE multicore version 2.4.0 for Linux x86 64-bit built Mar 19 2025
Developed by Bui Quang Minh, Nguyen Lam Tung, Olga Chernomor, Heiko Schmidt,
Dominik Schrempf, Michael Woodhams, Ly Trong Nhan, Thomas Wong

Host:    wright.uds.anu.edu.au (AVX512, FMA3, 1007 GB RAM)
Command: ../../iqtree2 -s 5_concated.nex -mdef legume5_c60_F_parameter.nex -m Q_PLANT_C60_F_I_R3 -t ../partition/Q/legume5_Q_search.treefile -bb 1000 --wbtl -T 21 --mem 120G -pre legume5_c60_search
Seed:    855858 (Using SPRNG - Scalable Parallel Random Number Generator)
Time:    Fri May  9 16:36:27 2025
Kernel:  AVX+FMA - 21 threads (22 CPU cores detected)

Reading alignment file 5_concated.nex ... Nexus format detected
Skipping unknown block (sets)...
WARNING: 8 sites contain only gaps or ambiguous characters.
Alignment has 5 sequences with 116731 columns, 21255 distinct patterns
6150 parsimony-informative, 35364 singleton sites, 75217 constant sites
                     Gap/Ambiguity  Composition  p-value
Analyzing sequences: done in 0.0278477 secs using 1649% CPU
   1  Fragaria_vesca        22.25%    passed     19.88%
   2  Lathyrus_sativus      24.04%    failed      0.32%
   3  Linum_usitatissimum   19.69%    failed      0.08%
   4  Lactuca_sativa        17.91%    failed      0.15%
   5  Mimulus_guttatus      14.21%    passed     94.74%
****  TOTAL                 19.62%  3 sequences failed composition chi2 test (p-value<5%; df=19)
NOTE: minimal branch length is reduced to 0.000000856670 for long alignment
Checking for duplicate sequences: done in 0.0266563 secs using 1842% CPU
Reading model definition file legume5_c60_F_parameter.nex ... 87 models and 215 frequency vectors loaded
Reading input tree file ../partition/Q/legume5_Q_search.treefile ...
Generating 1000 samples for ultrafast bootstrap (seed: 855858)...
Model Q_PLANT_C60_F_I_R3 is alias for Q.PLANT+I{0.3354}+R3{0.2530,0.3784,0.2351,0.9832,0.1764,3.8153}+FMIX{F:1.0000:0.3681,C60pi1:1.0000:0.0233,C60pi2:1.0000:0.0041,C60pi3:1.0000:0.00005,C60pi4:1.0000:0.0015,C60pi5:1.0000:0.00005,C60pi6:1.0000:0.00005,C60pi7:1.0000:0.00005,C60pi8:1.0000:0.0082,C60pi9:1.0000:0.00005,C60pi10:1.0000:0.0493,C60pi11:1.0000:0.0288,C60pi12:1.0000:0.0204,C60pi13:1.0000:0.00005,C60pi14:1.0000:0.0122,C60pi15:1.0000:0.00005,C60pi16:1.0000:0.00005,C60pi17:1.0000:0.0207,C60pi18:1.0000:0.0512,C60pi19:1.0000:0.0165,C60pi20:1.0000:0.00005,C60pi21:1.0000:0.0046,C60pi22:1.0000:0.0647,C60pi23:1.0000:0.0004,C60pi24:1.0000:0.00005,C60pi25:1.0000:0.0113,C60pi26:1.0000:0.00005,C60pi27:1.0000:0.0242,C60pi28:1.0000:0.00005,C60pi29:1.0000:0.00005,C60pi30:1.0000:0.00005,C60pi31:1.0000:0.0018,C60pi32:1.0000:0.0111,C60pi33:1.0000:0.00005,C60pi34:1.0000:0.0151,C60pi35:1.0000:0.0254,C60pi36:1.0000:0.0248,C60pi37:1.0000:0.0096,C60pi38:1.0000:0.0544,C60pi39:1.0000:0.0035,C60pi40:1.0000:0.0005,C60pi41:1.0000:0.0003,C60pi42:1.0000:0.0006,C60pi43:1.0000:0.0279,C60pi44:1.0000:0.00005,C60pi45:1.0000:0.0001,C60pi46:1.0000:0.00005,C60pi47:1.0000:0.0109,C60pi48:1.0000:0.0043,C60pi49:1.0000:0.00005,C60pi50:1.0000:0.0002,C60pi51:1.0000:0.0164,C60pi52:1.0000:0.0090,C60pi53:1.0000:0.00005,C60pi54:1.0000:0.00005,C60pi55:1.0000:0.0360,C60pi56:1.0000:0.0078,C60pi57:1.0000:0.0018,C60pi58:1.0000:0.0233,C60pi59:1.0000:0.00005,C60pi60:1.0000:0.0053}
WARNING: Your input class weight 5e-05 is very small and may cause numerical issues
WARNING: Your input class weight 5e-05 is very small and may cause numerical issues
WARNING: Your input class weight 5e-05 is very small and may cause numerical issues
WARNING: Your input class weight 5e-05 is very small and may cause numerical issues
WARNING: Your input class weight 5e-05 is very small and may cause numerical issues
WARNING: Your input class weight 5e-05 is very small and may cause numerical issues
WARNING: Your input class weight 5e-05 is very small and may cause numerical issues
WARNING: Your input class weight 5e-05 is very small and may cause numerical issues
WARNING: Your input class weight 5e-05 is very small and may cause numerical issues
WARNING: Your input class weight 0.0004 is very small and may cause numerical issues
WARNING: Your input class weight 5e-05 is very small and may cause numerical issues
WARNING: Your input class weight 5e-05 is very small and may cause numerical issues
WARNING: Your input class weight 5e-05 is very small and may cause numerical issues
WARNING: Your input class weight 5e-05 is very small and may cause numerical issues
WARNING: Your input class weight 5e-05 is very small and may cause numerical issues
WARNING: Your input class weight 5e-05 is very small and may cause numerical issues
WARNING: Your input class weight 0.0005 is very small and may cause numerical issues
WARNING: Your input class weight 0.0003 is very small and may cause numerical issues
WARNING: Your input class weight 0.0006 is very small and may cause numerical issues
WARNING: Your input class weight 5e-05 is very small and may cause numerical issues
WARNING: Your input class weight 0.0001 is very small and may cause numerical issues
WARNING: Your input class weight 5e-05 is very small and may cause numerical issues
WARNING: Your input class weight 5e-05 is very small and may cause numerical issues
WARNING: Your input class weight 0.0002 is very small and may cause numerical issues
WARNING: Your input class weight 5e-05 is very small and may cause numerical issues
WARNING: Your input class weight 5e-05 is very small and may cause numerical issues
WARNING: Your input class weight 5e-05 is very small and may cause numerical issues
WARNING: Normalizing State frequencies so that sum of them equals to 1
WARNING: Normalizing category proportions so that sum of them equals to 1

NOTE: 3089 MB RAM (3 GB) is required!
Estimate model parameters (epsilon = 0.100)
1. Initial log-likelihood: -640466.212
2. Current log-likelihood: -640018.946
3. Current log-likelihood: -640018.559
Optimal log-likelihood: -640018.559
Mixture weights: 0.368 0.023 0.004 0.000 0.001 0.000 0.000 0.000 0.008 0.000 0.049 0.029 0.020 0.000 0.012 0.000 0.000 0.021 0.051 0.016 0.000 0.005 0.065 0.000 0.000 0.011 0.000 0.024 0.000 0.000 0.000 0.002 0.011 0.000 0.015 0.025 0.025 0.010 0.054 0.003 0.000 0.000 0.001 0.028 0.000 0.000 0.000 0.011 0.004 0.000 0.000 0.016 0.009 0.000 0.000 0.036 0.008 0.002 0.023 0.000 0.005
Proportion of invariable sites: 0.335
Site proportion and rates:  (0.253,0.378) (0.235,0.983) (0.176,3.815)
Parameters optimization took 3 rounds (8.535 sec)
WARNING: The mixture model might be overfitting because some mixture weights are estimated close to zero
Wrote distance file to... 

Do NNI search on 1 best initial trees
Optimizing NNI: done in 3.83401 secs using 1786% CPU
Finish initializing candidate tree set (1)
Current best tree score: -640018.559 / CPU time: 4.159
Number of iterations: 1
--------------------------------------------------------------------
|               OPTIMIZING CANDIDATE TREE SET                      |
--------------------------------------------------------------------
Optimizing NNI: done in 67.6268 secs using 217.8% CPU
Optimizing NNI: done in 6.29084 secs using 1994% CPU
Optimizing NNI: done in 5.80885 secs using 2064% CPU
Optimizing NNI: done in 6.59888 secs using 2029% CPU
Optimizing NNI: done in 8.99301 secs using 1869% CPU
Optimizing NNI: done in 67.9748 secs using 233.1% CPU
UPDATE BEST LOG-LIKELIHOOD: -640018.559
Optimizing NNI: done in 6.22969 secs using 2051% CPU
Optimizing NNI: done in 6.41852 secs using 2053% CPU
Optimizing NNI: done in 5.54295 secs using 2070% CPU
Iteration 10 / LogL: -640018.559 / Time: 9393h:46m:8s
Optimizing NNI: done in 67.063 secs using 216.6% CPU
Optimizing NNI: done in 6.32451 secs using 2031% CPU
Optimizing NNI: done in 5.67801 secs using 2089% CPU
Optimizing NNI: done in 5.55292 secs using 2089% CPU
Optimizing NNI: done in 68.9392 secs using 249.5% CPU
Optimizing NNI: done in 8.98069 secs using 1925% CPU
Optimizing NNI: done in 8.55775 secs using 1871% CPU
Optimizing NNI: done in 7.35564 secs using 2012% CPU
Optimizing NNI: done in 66.7477 secs using 205.3% CPU
Optimizing NNI: done in 9.38976 secs using 1937% CPU
Iteration 20 / LogL: -640018.566 / Time: 9393h:50m:24s
Optimizing NNI: done in 9.54151 secs using 1910% CPU
Optimizing NNI: done in 69.3773 secs using 254.7% CPU
Optimizing NNI: done in 9.23543 secs using 1938% CPU
Optimizing NNI: done in 6.76764 secs using 2040% CPU
Optimizing NNI: done in 6.20754 secs using 2076% CPU
Optimizing NNI: done in 66.5038 secs using 193% CPU
Optimizing NNI: done in 6.55382 secs using 2065% CPU
Optimizing NNI: done in 8.21113 secs using 1918% CPU
Optimizing NNI: done in 5.93749 secs using 2084% CPU
Optimizing NNI: done in 67.3603 secs using 218.3% CPU
Iteration 30 / LogL: -640018.933 / Time: 9393h:54m:43s (0h:28m:41s left)
Optimizing NNI: done in 8.12714 secs using 1996% CPU
Optimizing NNI: done in 6.75892 secs using 2038% CPU
Optimizing NNI: done in 7.18478 secs using 2030% CPU
Optimizing NNI: done in 67.8093 secs using 225.1% CPU
Optimizing NNI: done in 7.15039 secs using 2023% CPU
Optimizing NNI: done in 6.1327 secs using 2085% CPU
Optimizing NNI: done in 5.89401 secs using 2088% CPU
Optimizing NNI: done in 6.37699 secs using 2056% CPU
Optimizing NNI: done in 68.3698 secs using 242.3% CPU
Optimizing NNI: done in 5.88237 secs using 2085% CPU
Iteration 40 / LogL: -640018.559 / Time: 9393h:57m:55s (0h:23m:13s left)
Optimizing NNI: done in 6.1398 secs using 2082% CPU
Optimizing NNI: done in 5.81167 secs using 2078% CPU
Optimizing NNI: done in 67.786 secs using 230.3% CPU
Optimizing NNI: done in 8.74897 secs using 1877% CPU
Optimizing NNI: done in 5.79206 secs using 2077% CPU
Optimizing NNI: done in 6.80555 secs using 2047% CPU
Optimizing NNI: done in 67.5891 secs using 230.5% CPU
Optimizing NNI: done in 8.73663 secs using 1971% CPU
Optimizing NNI: done in 6.67685 secs using 2029% CPU
Optimizing NNI: done in 7.03399 secs using 2012% CPU
Iteration 50 / LogL: -640018.559 / Time: 9394h:1m:8s (0h:18m:41s left)
Log-likelihood cutoff on original alignment: -640058.183
UFBoot trees printed to legume5_c60_search.ufboot
Optimizing NNI: done in 66.6765 secs using 207.9% CPU
Optimizing NNI: done in 6.498 secs using 2066% CPU
Optimizing NNI: done in 7.20077 secs using 2023% CPU
Optimizing NNI: done in 7.2236 secs using 2004% CPU
Optimizing NNI: done in 66.721 secs using 197.5% CPU
Optimizing NNI: done in 6.36833 secs using 2044% CPU
Optimizing NNI: done in 7.17427 secs using 2031% CPU
Optimizing NNI: done in 6.85368 secs using 2029% CPU
Optimizing NNI: done in 66.2139 secs using 210.3% CPU
Optimizing NNI: done in 9.18863 secs using 1746% CPU
Iteration 60 / LogL: -640018.559 / Time: 9394h:5m:21s (0h:15m:16s left)
Optimizing NNI: done in 7.18997 secs using 1983% CPU
Optimizing NNI: done in 8.97067 secs using 1944% CPU
Optimizing NNI: done in 69.932 secs using 260.8% CPU
Optimizing NNI: done in 8.16098 secs using 1921% CPU
Optimizing NNI: done in 7.68253 secs using 2009% CPU
Optimizing NNI: done in 69.5373 secs using 256.2% CPU
Optimizing NNI: done in 9.53678 secs using 1879% CPU
Optimizing NNI: done in 8.73054 secs using 1920% CPU
Optimizing NNI: done in 8.31121 secs using 1914% CPU
Optimizing NNI: done in 66.2684 secs using 212.9% CPU
Iteration 70 / LogL: -640018.566 / Time: 9394h:9m:48s (0h:11m:43s left)
Optimizing NNI: done in 7.18191 secs using 2032% CPU
Optimizing NNI: done in 9.0118 secs using 1949% CPU
Optimizing NNI: done in 69.7155 secs using 258.6% CPU
Optimizing NNI: done in 9.42809 secs using 1953% CPU
Optimizing NNI: done in 9.00297 secs using 1848% CPU
Optimizing NNI: done in 6.14596 secs using 2093% CPU
Optimizing NNI: done in 68.8968 secs using 246.5% CPU
Optimizing NNI: done in 6.15055 secs using 2048% CPU
Optimizing NNI: done in 7.6431 secs using 1995% CPU
Optimizing NNI: done in 8.26749 secs using 1842% CPU
Iteration 80 / LogL: -640018.566 / Time: 9394h:13m:12s (0h:7m:41s left)
Optimizing NNI: done in 9.65614 secs using 1767% CPU
Optimizing NNI: done in 7.27464 secs using 2009% CPU
Optimizing NNI: done in 8.21688 secs using 1944% CPU
Optimizing NNI: done in 67.9736 secs using 227.4% CPU
Optimizing NNI: done in 6.84986 secs using 2055% CPU
Optimizing NNI: done in 8.95496 secs using 1920% CPU
Optimizing NNI: done in 7.10783 secs using 1966% CPU
Optimizing NNI: done in 66.9998 secs using 216.6% CPU
Optimizing NNI: done in 8.43433 secs using 1889% CPU
Optimizing NNI: done in 7.56735 secs using 1981% CPU
Iteration 90 / LogL: -640018.566 / Time: 9394h:17m:32s (0h:3m:54s left)
Optimizing NNI: done in 9.92442 secs using 1815% CPU
Optimizing NNI: done in 8.83628 secs using 1746% CPU
Optimizing NNI: done in 8.06879 secs using 1967% CPU
Optimizing NNI: done in 5.91583 secs using 2093% CPU
Optimizing NNI: done in 5.79332 secs using 2092% CPU
Optimizing NNI: done in 68.0109 secs using 233.2% CPU
Optimizing NNI: done in 7.75497 secs using 1990% CPU
Optimizing NNI: done in 8.97254 secs using 1951% CPU
Optimizing NNI: done in 67.9937 secs using 235.1% CPU
Optimizing NNI: done in 5.83736 secs using 2096% CPU
Iteration 100 / LogL: -640018.559 / Time: 9394h:21m:49s (0h:0m:0s left)
Log-likelihood cutoff on original alignment: -640058.183
NOTE: Bootstrap correlation coefficient of split occurrence frequencies: 1.000
UFBoot trees printed to legume5_c60_search.ufboot
Optimizing NNI: done in 7.50174 secs using 2033% CPU
TREE SEARCH COMPLETED AFTER 101 ITERATIONS / Time: 9394h:21m:57s

--------------------------------------------------------------------
|                    FINALIZING TREE SEARCH                        |
--------------------------------------------------------------------
Performs final model parameters optimization
Estimate model parameters (epsilon = 0.010)
1. Initial log-likelihood: -640018.559
Optimal log-likelihood: -640018.559
Mixture weights: 0.368 0.023 0.004 0.000 0.001 0.000 0.000 0.000 0.008 0.000 0.049 0.029 0.020 0.000 0.012 0.000 0.000 0.021 0.051 0.016 0.000 0.005 0.065 0.000 0.000 0.011 0.000 0.024 0.000 0.000 0.000 0.002 0.011 0.000 0.015 0.025 0.025 0.010 0.054 0.003 0.000 0.000 0.001 0.028 0.000 0.000 0.000 0.011 0.004 0.000 0.000 0.016 0.009 0.000 0.000 0.036 0.008 0.002 0.023 0.000 0.005
Proportion of invariable sites: 0.335
Site proportion and rates:  (0.253,0.378) (0.235,0.983) (0.176,3.815)
Parameters optimization took 1 rounds (2.071 sec)
WARNING: The mixture model might be overfitting because some mixture weights are estimated close to zero
BEST SCORE FOUND : -640018.559
Creating bootstrap support values...
Split supports printed to NEXUS file legume5_c60_search.splits.nex
Total tree length: 1.184

Total number of iterations: 101
CPU time used for tree search: 15406.024 sec (4h:16m:46s)
Wall-clock time used for tree search: 2337.317 sec (0h:38m:57s)
Total CPU time used: 15602.080 sec (4h:20m:2s)
Total wall-clock time used: 33819719.706 sec (9394h:21m:59s)
UFBoot trees printed to legume5_c60_search.ufboot

Computing bootstrap consensus tree...
Reading input file legume5_c60_search.splits.nex...
5 taxa and 8 splits.
Consensus tree written to legume5_c60_search.contree
Reading input trees file legume5_c60_search.contree
Log-likelihood of consensus tree: -640018.559

Analysis results written to: 
  IQ-TREE report:                legume5_c60_search.iqtree
  Maximum-likelihood tree:       legume5_c60_search.treefile

Ultrafast bootstrap approximation results written to:
  Split support values:          legume5_c60_search.splits.nex
  Consensus tree:                legume5_c60_search.contree
  UFBoot trees:                  legume5_c60_search.ufboot
  Screen log file:               legume5_c60_search.log

Date and Time: Fri May  9 17:15:46 2025
