IQ-TREE multicore version 2.4.0 for Linux x86 64-bit built Mar 19 2025
Developed by Bui Quang Minh, Nguyen Lam Tung, Olga Chernomor, Heiko Schmidt,
Dominik Schrempf, Michael Woodhams, Ly Trong Nhan, Thomas Wong

Host:    wright.uds.anu.edu.au (AVX512, FMA3, 1007 GB RAM)
Command: ../../iqtree2 -s 10_concated.nex -m MF -merit AIC -T 45 -mem 120G -pre 10butterfly_c60_init
Seed:    52565 (Using SPRNG - Scalable Parallel Random Number Generator)
Time:    Fri Jun 13 15:38:31 2025
Kernel:  AVX+FMA - 45 threads (46 CPU cores detected)

Reading alignment file 10_concated.nex ... Nexus format detected
Skipping unknown block (sets)...
WARNING: 3616 sites contain only gaps or ambiguous characters.
Alignment has 10 sequences with 146199 columns, 78505 distinct patterns
31147 parsimony-informative, 48366 singleton sites, 66686 constant sites
                                                                                      Gap/Ambiguity  Composition  p-value
Analyzing sequences: done in 0.0277171 secs using 3798% CPU
   1  Gracillarioidea_Gracillariidae_Phyllocnistinae_Phyllocnistis_citrella_Pcit2            47.25%    failed      3.23%
   2  Coleoptera_Tenebrionidae_Tenebrioninae_Tribolium_castaneum_TCAST                        7.15%    failed      0.00%
   3  Nepticuloidea_Nepticulidae_Nepticulinae_Enteucha_acetosae_Enac2                        55.36%    failed      0.00%
   4  Trichoptera_Psychomyiidae_Psychomyiinae_Psychomyia_flavida                             27.70%    failed      0.02%
   5  Trichoptera_Leptoceridae_Leptocerinae_Nectopsyche_candida                              32.97%    failed      0.27%
   6  Tischerioidea_Tischeriidae_Tischeria_quercitella_Ts2                                   33.19%    failed      0.00%
   7  Neopseustoidea_Neopseustidae_Neopseustinae_Neopseustis_meyricki_RINSinlTEERAAPEI__79   50.38%    failed      1.88%
   8  Diptera_Drosophilidae_Drosophilinae_Drosophila_melanogaster                            39.52%    failed      0.00%
   9  Siphonaptera_Pulicidae_Archaeopsyllini_Ctenocephalides_felis                           35.50%    failed      0.00%
  10  Diptera_Culicidae_Anophelinae_Anopheles_gambiae                                        37.81%    failed      0.00%
WARNING: 2 sequences contain more than 50% gaps/ambiguity
****  TOTAL                                                                                  36.68%  10 sequences failed composition chi2 test (p-value<5%; df=19)
NOTE: minimal branch length is reduced to 0.000000683999 for long alignment
Checking for duplicate sequences: done in 0.0257938 secs using 4728% CPU


Create initial parsimony tree by phylogenetic likelihood library (PLL)... 0.100 seconds
Perform fast likelihood tree search using LG+I+G model...
Estimate model parameters (epsilon = 5.000)
Perform nearest neighbor interchange...
Optimizing NNI: done in 0.394004 secs using 4469% CPU
Estimate model parameters (epsilon = 1.000)
1. Initial log-likelihood: -1284449.160
2. Current log-likelihood: -1284445.184
3. Current log-likelihood: -1284441.832
4. Current log-likelihood: -1284438.986
5. Current log-likelihood: -1284436.574
6. Current log-likelihood: -1284434.525
7. Current log-likelihood: -1284432.775
8. Current log-likelihood: -1284431.274
9. Current log-likelihood: -1284429.981
10. Current log-likelihood: -1284428.863
Optimal log-likelihood: -1284427.827
Proportion of invariable sites: 0.199
Gamma shape alpha: 1.087
Parameters optimization took 10 rounds (2.461 sec)
Time for fast ML tree search: 4.892 seconds

NOTE: ModelFinder requires 1213 MB RAM!
ModelFinder will test up to 1232 protein models (sample size: 146199 epsilon: 0.100) ...
 No. Model         -LnL         df  AIC          AICc         BIC
  1  LG            1326829.170  17  2653692.341  2653692.345  2653860.517
  2  LG+I          1294007.489  18  2588050.977  2588050.982  2588229.046
  3  LG+G4         1284773.722  18  2569583.444  2569583.448  2569761.513
  4  LG+I+G4       1284421.621  19  2568881.243  2568881.248  2569069.204
  5  LG+R2         1286344.648  19  2572727.295  2572727.300  2572915.257
  6  LG+R3         1284326.685  21  2568695.370  2568695.377  2568903.118
  7  LG+R4         1284273.062  23  2568592.124  2568592.132  2568819.657
  8  LG+R5         1284265.144  25  2568580.288  2568580.297  2568827.606
  9  LG+R6         1284264.507  27  2568583.015  2568583.025  2568850.118
 14  LG+I+R2       1284707.377  20  2569454.753  2569454.759  2569652.608
 15  LG+I+R3       1284269.559  22  2568583.117  2568583.124  2568800.757
 16  LG+I+R4       1284268.327  24  2568584.655  2568584.663  2568822.080
 30  LG+F+R5       1283189.488  44  2566466.976  2566467.003  2566902.256
 31  LG+F+R6       1283189.543  46  2566471.085  2566471.115  2566926.151
 37  LG+F+I+R3     1283195.034  41  2566472.067  2566472.091  2566877.669
 38  LG+F+I+R4     1283194.219  43  2566474.438  2566474.464  2566899.825
 52  WAG+R5        1291130.270  25  2582310.541  2582310.550  2582557.859
+R6 reinitialized from +R5 with factor 0.500
+R6 reinitialized from +R5 with factor 0.250
 53  WAG+R6        1291130.164  27  2582314.327  2582314.338  2582581.431
 59  WAG+I+R3      1291133.967  22  2582311.934  2582311.940  2582529.573
 60  WAG+I+R4      1291133.645  24  2582315.290  2582315.298  2582552.715
 74  WAG+F+R5      1288506.060  44  2577100.121  2577100.148  2577535.400
 75  WAG+F+R6      1288506.092  46  2577104.184  2577104.214  2577559.249
 81  WAG+F+I+R3    1288510.403  41  2577102.806  2577102.830  2577508.408
 82  WAG+F+I+R4    1288509.624  43  2577105.248  2577105.273  2577530.635
 96  JTT+R5        1291471.139  25  2582992.279  2582992.288  2583239.597
 97  JTT+R6        1291471.098  27  2582996.197  2582996.207  2583263.300
103  JTT+I+R3      1291475.630  22  2582995.261  2582995.268  2583212.901
104  JTT+I+R4      1291474.534  24  2582997.069  2582997.077  2583234.494
118  JTT+F+R5      1289415.335  44  2578918.669  2578918.696  2579353.949
119  JTT+F+R6      1289415.274  46  2578922.548  2578922.577  2579377.613
125  JTT+F+I+R3    1289419.546  41  2578921.092  2578921.115  2579326.693
126  JTT+F+I+R4    1289418.666  43  2578923.331  2578923.357  2579348.718
140  Q.PFAM+R5     1286320.331  25  2572690.662  2572690.671  2572937.980
141  Q.PFAM+R6     1286320.310  27  2572694.621  2572694.631  2572961.724
147  Q.PFAM+I+R3   1286326.904  22  2572697.808  2572697.815  2572915.448
148  Q.PFAM+I+R4   1286325.142  24  2572698.284  2572698.292  2572935.710
162  Q.PFAM+F+R5   1284513.016  44  2569114.031  2569114.059  2569549.311
163  Q.PFAM+F+R6   1284512.959  46  2569117.919  2569117.948  2569572.984
169  Q.PFAM+F+I+R3 1284519.737  41  2569121.473  2569121.497  2569527.075
170  Q.PFAM+F+I+R4 1284517.989  43  2569121.978  2569122.004  2569547.366
184  Q.BIRD+R5     1308523.090  25  2617096.180  2617096.189  2617343.499
185  Q.BIRD+R6     1308521.123  27  2617096.245  2617096.256  2617363.349
191  Q.BIRD+I+R3   1308549.445  22  2617142.891  2617142.898  2617360.531
192  Q.BIRD+I+R4   1308536.470  24  2617120.940  2617120.948  2617358.366
206  Q.BIRD+F+R5   1306613.652  44  2613315.303  2613315.330  2613750.583
207  Q.BIRD+F+R6   1306612.385  46  2613316.770  2613316.800  2613771.835
213  Q.BIRD+F+I+R3 1306640.077  41  2613362.154  2613362.178  2613767.756
214  Q.BIRD+F+I+R4 1306626.861  43  2613339.722  2613339.748  2613765.109
228  Q.MAMMAL+R5   1302915.247  25  2605880.494  2605880.503  2606127.812
229  Q.MAMMAL+R6   1302915.162  27  2605884.325  2605884.335  2606151.428
235  Q.MAMMAL+I+R3 1302929.164  22  2605902.329  2605902.336  2606119.969
236  Q.MAMMAL+I+R4 1302922.962  24  2605893.925  2605893.933  2606131.350
250  Q.MAMMAL+F+R5 1300260.225  44  2600608.450  2600608.477  2601043.730
+R6 reinitialized from +R5 with factor 0.500
251  Q.MAMMAL+F+R6 1300259.957  46  2600611.913  2600611.943  2601066.978
257  Q.MAMMAL+F+I+R3 1300273.106  41  2600628.213  2600628.236  2601033.815
258  Q.MAMMAL+F+I+R4 1300267.181  43  2600620.361  2600620.387  2601045.749
272  Q.INSECT+R5   1283243.856  25  2566537.712  2566537.721  2566785.031
273  Q.INSECT+R6   1283243.469  27  2566540.938  2566540.949  2566808.042
279  Q.INSECT+I+R3 1283250.395  22  2566544.789  2566544.796  2566762.429
280  Q.INSECT+I+R4 1283247.538  24  2566543.076  2566543.084  2566780.501
294  Q.INSECT+F+R5 1282775.828  44  2565639.656  2565639.683  2566074.936
295  Q.INSECT+F+R6 1282775.699  46  2565643.397  2565643.427  2566098.463
301  Q.INSECT+F+I+R3 1282784.147  41  2565650.294  2565650.318  2566055.896
302  Q.INSECT+F+I+R4 1282780.889  43  2565647.778  2565647.804  2566073.165
316  Q.PLANT+R5    1290648.011  25  2581346.022  2581346.031  2581593.340
317  Q.PLANT+R6    1290647.783  27  2581349.566  2581349.577  2581616.670
323  Q.PLANT+I+R3  1290659.288  22  2581362.576  2581362.583  2581580.216
324  Q.PLANT+I+R4  1290652.536  24  2581353.072  2581353.080  2581590.497
338  Q.PLANT+F+R5  1289885.221  44  2579858.441  2579858.468  2580293.721
339  Q.PLANT+F+R6  1289885.043  46  2579862.086  2579862.115  2580317.151
345  Q.PLANT+F+I+R3 1289894.994  41  2579871.989  2579872.012  2580277.590
346  Q.PLANT+F+I+R4 1289889.482  43  2579864.964  2579864.990  2580290.352
360  Q.YEAST+R5    1285394.279  25  2570838.558  2570838.567  2571085.876
361  Q.YEAST+R6    1285393.909  27  2570841.818  2570841.828  2571108.921
367  Q.YEAST+I+R3  1285406.375  22  2570856.750  2570856.757  2571074.390
368  Q.YEAST+I+R4  1285401.459  24  2570850.917  2570850.926  2571088.343
382  Q.YEAST+F+R5  1282569.948  44  2565227.896  2565227.923  2565663.176
383  Q.YEAST+F+R6  1282569.750  46  2565231.500  2565231.530  2565686.565
389  Q.YEAST+F+I+R3 1282581.903  41  2565245.806  2565245.830  2565651.408
390  Q.YEAST+F+I+R4 1282577.261  43  2565240.522  2565240.548  2565665.909
404  JTTDCMUT+R5   1291388.052  25  2582826.105  2582826.114  2583073.423
405  JTTDCMUT+R6   1291387.915  27  2582829.829  2582829.839  2583096.933
411  JTTDCMUT+I+R3 1291393.029  22  2582830.058  2582830.065  2583047.698
412  JTTDCMUT+I+R4 1291391.032  24  2582830.065  2582830.073  2583067.490
426  JTTDCMUT+F+R5 1289273.941  44  2578635.881  2578635.909  2579071.161
427  JTTDCMUT+F+R6 1289273.853  46  2578639.706  2578639.736  2579094.772
433  JTTDCMUT+F+I+R3 1289278.690  41  2578639.380  2578639.404  2579044.982
434  JTTDCMUT+F+I+R4 1289276.782  43  2578639.564  2578639.590  2579064.951
448  DCMUT+R5      1299419.750  25  2598889.500  2598889.509  2599136.818
449  DCMUT+R6      1299418.392  27  2598890.784  2598890.795  2599157.888
455  DCMUT+I+R3    1299439.950  22  2598923.900  2598923.907  2599141.540
456  DCMUT+I+R4    1299432.973  24  2598913.946  2598913.954  2599151.371
470  DCMUT+F+R5    1291728.551  44  2583545.102  2583545.129  2583980.382
471  DCMUT+F+R6    1291727.428  46  2583546.856  2583546.885  2584001.921
477  DCMUT+F+I+R3  1291746.935  41  2583575.871  2583575.894  2583981.472
478  DCMUT+F+I+R4  1291740.017  43  2583566.033  2583566.059  2583991.420
492  VT+R5         1291879.923  25  2583809.846  2583809.855  2584057.165
493  VT+R6         1291879.555  27  2583813.110  2583813.121  2584080.214
499  VT+I+R3       1291883.687  22  2583811.375  2583811.382  2584029.015
500  VT+I+R4       1291881.961  24  2583811.921  2583811.930  2584049.347
514  VT+F+R5       1291317.388  44  2582722.776  2582722.803  2583158.056
515  VT+F+R6       1291317.081  46  2582726.163  2582726.192  2583181.228
521  VT+F+I+R3     1291320.835  41  2582723.670  2582723.694  2583129.272
522  VT+F+I+R4     1291319.218  43  2582724.436  2582724.462  2583149.823
536  PMB+R5        1301417.544  25  2602885.088  2602885.096  2603132.406
537  PMB+R6        1301416.617  27  2602887.234  2602887.244  2603154.338
543  PMB+I+R3      1301426.282  22  2602896.564  2602896.571  2603114.204
544  PMB+I+R4      1301422.564  24  2602893.127  2602893.135  2603130.553
558  PMB+F+R5      1298557.177  44  2597202.354  2597202.381  2597637.634
559  PMB+F+R6      1298556.770  46  2597205.540  2597205.570  2597660.606
565  PMB+F+I+R3    1298560.989  41  2597203.978  2597204.002  2597609.580
566  PMB+F+I+R4    1298560.040  43  2597206.079  2597206.105  2597631.466
580  BLOSUM62+R5   1300162.364  25  2600374.728  2600374.737  2600622.046
581  BLOSUM62+R6   1300161.687  27  2600377.375  2600377.385  2600644.479
587  BLOSUM62+I+R3 1300167.282  22  2600378.563  2600378.570  2600596.203
588  BLOSUM62+I+R4 1300166.029  24  2600380.058  2600380.066  2600617.484
602  BLOSUM62+F+R5 1298113.634  44  2596315.269  2596315.296  2596750.549
603  BLOSUM62+F+R6 1298113.244  46  2596318.489  2596318.518  2596773.554
609  BLOSUM62+F+I+R3 1298115.609  41  2596313.218  2596313.242  2596718.820
610  BLOSUM62+F+I+R4 1298115.587  43  2596317.174  2596317.200  2596742.561
624  DAYHOFF+R5    1299354.269  25  2598758.537  2598758.546  2599005.855
625  DAYHOFF+R6    1299352.488  27  2598758.976  2598758.986  2599026.079
631  DAYHOFF+I+R3  1299377.230  22  2598798.460  2598798.467  2599016.100
632  DAYHOFF+I+R4  1299367.556  24  2598783.113  2598783.121  2599020.538
646  DAYHOFF+F+R5  1291674.059  44  2583436.119  2583436.146  2583871.398
647  DAYHOFF+F+R6  1291672.641  46  2583437.282  2583437.312  2583892.348
653  DAYHOFF+F+I+R3 1291694.315  41  2583470.631  2583470.654  2583876.232
654  DAYHOFF+F+I+R4 1291685.570  43  2583457.140  2583457.166  2583882.527
668  MTREV+R5      1356141.638  25  2712333.277  2712333.285  2712580.595
669  MTREV+R6      1356139.178  27  2712332.357  2712332.367  2712599.460
675  MTREV+I+R3    1356170.046  22  2712384.091  2712384.098  2712601.731
676  MTREV+I+R4    1356140.572  24  2712329.144  2712329.152  2712566.569
690  MTREV+F+R5    1301764.506  44  2603617.013  2603617.040  2604052.292
691  MTREV+F+R6    1301762.162  46  2603616.325  2603616.354  2604071.390
697  MTREV+F+I+R3  1301791.841  41  2603665.682  2603665.705  2604071.283
698  MTREV+F+I+R4  1301764.337  43  2603614.675  2603614.701  2604040.062
712  MTART+R5      1357121.096  25  2714292.193  2714292.201  2714539.511
713  MTART+R6      1357118.725  27  2714291.451  2714291.461  2714558.554
719  MTART+I+R3    1357285.511  22  2714615.023  2714615.030  2714832.663
720  MTART+I+R4    1357146.023  24  2714340.046  2714340.054  2714577.471
734  MTART+F+R5    1302464.329  44  2605016.657  2605016.684  2605451.937
735  MTART+F+R6    1302463.935  46  2605019.871  2605019.900  2605474.936
741  MTART+F+I+R3  1302569.012  41  2605220.025  2605220.048  2605625.627
742  MTART+F+I+R4  1302469.549  43  2605025.097  2605025.123  2605450.484
756  MTZOA+R5      1338741.952  25  2677533.904  2677533.913  2677781.222
+R6 reinitialized from +R5 with factor 0.500
+R6 reinitialized from +R5 with factor 0.250
+R6 reinitialized from +R5 with factor 0.125
+R6 reinitialized from +R5 with factor 0.062
+R6 reinitialized from +R5 with factor 0.031
757  MTZOA+R6      1338742.088  27  2677538.176  2677538.187  2677805.280
763  MTZOA+I+R3    1338798.018  22  2677640.036  2677640.043  2677857.676
764  MTZOA+I+R4    1338751.873  24  2677551.745  2677551.753  2677789.171
778  MTZOA+F+R5    1294123.932  44  2588335.863  2588335.891  2588771.143
779  MTZOA+F+R6    1294123.597  46  2588339.195  2588339.224  2588794.260
785  MTZOA+F+I+R3  1294214.089  41  2588510.178  2588510.202  2588915.780
786  MTZOA+F+I+R4  1294126.945  43  2588339.891  2588339.917  2588765.278
800  MTMET+R5      1355211.625  25  2710473.249  2710473.258  2710720.567
+R6 reinitialized from +R5 with factor 0.500
+R6 reinitialized from +R5 with factor 0.250
801  MTMET+R6      1355211.698  27  2710477.395  2710477.406  2710744.499
807  MTMET+I+R3    1355232.308  22  2710508.616  2710508.623  2710726.256
808  MTMET+I+R4    1355222.241  24  2710492.482  2710492.491  2710729.908
822  MTMET+F+R5    1300451.531  44  2600991.062  2600991.089  2601426.342
823  MTMET+F+R6    1300449.562  46  2600991.125  2600991.154  2601446.190
829  MTMET+F+I+R3  1300520.049  41  2601122.098  2601122.121  2601527.699
830  MTMET+F+I+R4  1300455.559  43  2600997.119  2600997.144  2601422.506
844  MTVER+R5      1368245.080  25  2736540.159  2736540.168  2736787.477
+R6 reinitialized from +R5 with factor 0.500
+R6 reinitialized from +R5 with factor 0.250
+R6 reinitialized from +R5 with factor 0.125
845  MTVER+R6      1368245.148  27  2736544.296  2736544.306  2736811.399
851  MTVER+I+R3    1368323.527  22  2736691.054  2736691.061  2736908.694
852  MTVER+I+R4    1368268.684  24  2736585.368  2736585.376  2736822.793
866  MTVER+F+R5    1314944.655  44  2629977.310  2629977.337  2630412.590
+R6 reinitialized from +R5 with factor 0.500
+R6 reinitialized from +R5 with factor 0.250
867  MTVER+F+R6    1314944.386  46  2629980.772  2629980.801  2630435.837
873  MTVER+F+I+R3  1315132.544  41  2630347.089  2630347.112  2630752.690
874  MTVER+F+I+R4  1314952.348  43  2629990.697  2629990.722  2630416.084
888  MTINV+R5      1363854.423  25  2727758.846  2727758.855  2728006.165
889  MTINV+R6      1363854.500  27  2727762.999  2727763.010  2728030.103
895  MTINV+I+R3    1363862.378  22  2727768.755  2727768.762  2727986.395
896  MTINV+I+R4    1363860.957  24  2727769.913  2727769.922  2728007.339
910  MTINV+F+R5    1293922.722  44  2587933.443  2587933.470  2588368.723
+R6 reinitialized from +R5 with factor 0.500
+R6 reinitialized from +R5 with factor 0.250
911  MTINV+F+R6    1293922.633  46  2587937.266  2587937.295  2588392.331
917  MTINV+F+I+R3  1293971.381  41  2588024.763  2588024.786  2588430.365
918  MTINV+F+I+R4  1293931.586  43  2587949.171  2587949.197  2588374.558
932  MTMAM+R5      1373651.043  25  2747352.087  2747352.096  2747599.405
933  MTMAM+R6      1373650.857  27  2747355.714  2747355.724  2747622.817
939  MTMAM+I+R3    1373907.902  22  2747859.804  2747859.811  2748077.444
940  MTMAM+I+R4    1373689.104  24  2747426.207  2747426.215  2747663.632
954  MTMAM+F+R5    1318829.274  44  2637746.548  2637746.575  2638181.828
+R6 reinitialized from +R5 with factor 0.500
955  MTMAM+F+R6    1318828.490  46  2637748.980  2637749.009  2638204.045
961  MTMAM+F+I+R3  1319052.661  41  2638187.322  2638187.346  2638592.924
962  MTMAM+F+I+R4  1318854.954  43  2637795.908  2637795.934  2638221.295
976  FLAVI+R5      1330467.920  25  2660985.840  2660985.849  2661233.158
+R6 reinitialized from +R5 with factor 0.500
+R6 reinitialized from +R5 with factor 0.250
+R6 reinitialized from +R5 with factor 0.125
+R6 reinitialized from +R5 with factor 0.062
977  FLAVI+R6      1330467.953  27  2660989.906  2660989.916  2661257.009
983  FLAVI+I+R3    1330591.842  22  2661227.684  2661227.690  2661445.323
984  FLAVI+I+R4    1330487.714  24  2661023.429  2661023.437  2661260.854
998  FLAVI+F+R5    1319960.367  44  2640008.733  2640008.760  2640444.013
999  FLAVI+F+R6    1319960.075  46  2640012.150  2640012.179  2640467.215
1005  FLAVI+F+I+R3  1320076.178  41  2640234.357  2640234.381  2640639.959
1006  FLAVI+F+I+R4  1319980.491  43  2640046.983  2640047.009  2640472.370
1020  HIVB+R5       1314164.966  25  2628379.932  2628379.941  2628627.250
+R6 reinitialized from +R5 with factor 0.500
+R6 reinitialized from +R5 with factor 0.250
+R6 reinitialized from +R5 with factor 0.125
1021  HIVB+R6       1314164.849  27  2628383.699  2628383.709  2628650.802
1027  HIVB+I+R3     1314181.386  22  2628406.772  2628406.779  2628624.412
1028  HIVB+I+R4     1314167.358  24  2628382.716  2628382.724  2628620.141
1042  HIVB+F+R5     1306753.067  44  2613594.133  2613594.161  2614029.413
1043  HIVB+F+R6     1306752.861  46  2613597.722  2613597.752  2614052.788
1049  HIVB+F+I+R3   1306774.444  41  2613630.888  2613630.911  2614036.489
1050  HIVB+F+I+R4   1306756.943  43  2613599.886  2613599.912  2614025.273
1064  HIVW+R5       1359024.053  25  2718098.106  2718098.115  2718345.424
1065  HIVW+R6       1359024.014  27  2718102.029  2718102.039  2718369.133
1071  HIVW+I+R3     1359160.438  22  2718364.876  2718364.883  2718582.516
1072  HIVW+I+R4     1359072.814  24  2718193.628  2718193.636  2718431.053
1086  HIVW+F+R5     1336214.162  44  2672516.325  2672516.352  2672951.605
1087  HIVW+F+R6     1336213.585  46  2672519.169  2672519.199  2672974.235
1093  HIVW+F+I+R3   1336323.913  41  2672729.827  2672729.850  2673135.428
1094  HIVW+F+I+R4   1336246.473  43  2672578.945  2672578.971  2673004.333
1108  FLU+R5        1309140.985  25  2618331.970  2618331.978  2618579.288
1109  FLU+R6        1309141.073  27  2618336.145  2618336.156  2618603.249
1115  FLU+I+R3      1309365.065  22  2618774.129  2618774.136  2618991.769
1116  FLU+I+R4      1309142.413  24  2618332.827  2618332.835  2618570.252
1130  FLU+F+R5      1302265.834  44  2604619.668  2604619.695  2605054.947
1131  FLU+F+R6      1302265.873  46  2604623.745  2604623.775  2605078.811
1137  FLU+F+I+R3    1302509.529  41  2605101.057  2605101.081  2605506.659
1138  FLU+F+I+R4    1302269.633  43  2604625.266  2604625.292  2605050.653
1152  RTREV+R5      1296013.940  25  2592077.880  2592077.889  2592325.198
1153  RTREV+R6      1296013.349  27  2592080.698  2592080.708  2592347.801
1159  RTREV+I+R3    1296019.909  22  2592083.818  2592083.825  2592301.458
1160  RTREV+I+R4    1296016.063  24  2592080.126  2592080.134  2592317.551
1174  RTREV+F+R5    1287259.660  44  2574607.320  2574607.347  2575042.600
1175  RTREV+F+R6    1287259.187  46  2574610.375  2574610.404  2575065.440
1181  RTREV+F+I+R3  1287264.475  41  2574610.951  2574610.974  2575016.552
1182  RTREV+F+I+R4  1287262.253  43  2574610.506  2574610.532  2575035.893
1196  CPREV+R5      1298538.786  25  2597127.572  2597127.581  2597374.890
1197  CPREV+R6      1298538.575  27  2597131.149  2597131.160  2597398.253
1203  CPREV+I+R3    1298547.041  22  2597138.083  2597138.090  2597355.723
1204  CPREV+I+R4    1298539.121  24  2597126.241  2597126.249  2597363.667
1218  CPREV+F+R5    1294688.364  44  2589464.728  2589464.755  2589900.007
1219  CPREV+F+R6    1294688.074  46  2589468.147  2589468.177  2589923.213
1225  CPREV+F+I+R3  1294698.897  41  2589479.793  2589479.817  2589885.395
1226  CPREV+F+I+R4  1294689.631  43  2589465.263  2589465.289  2589890.650
Akaike Information Criterion:           Q.YEAST+F+R5
Corrected Akaike Information Criterion: Q.YEAST+F+R5
Bayesian Information Criterion:         Q.YEAST+F+I+R3
Best-fit model: Q.YEAST+F+R5 chosen according to AIC

All model information printed to 10butterfly_c60_init.model.gz
CPU time for ModelFinder: 186940.085 seconds (51h:55m:40s)
Wall-clock time for ModelFinder: 4224.441 seconds (1h:10m:24s)

NOTE: 606 MB RAM (0 GB) is required!
Estimate model parameters (epsilon = 0.010)
1. Initial log-likelihood: -1282587.832
2. Current log-likelihood: -1282564.104
3. Current log-likelihood: -1282562.789
4. Current log-likelihood: -1282562.286
5. Current log-likelihood: -1282562.056
6. Current log-likelihood: -1282561.912
7. Current log-likelihood: -1282561.796
8. Current log-likelihood: -1282561.694
9. Current log-likelihood: -1282561.605
10. Current log-likelihood: -1282561.524
11. Current log-likelihood: -1282561.448
12. Current log-likelihood: -1282561.377
13. Current log-likelihood: -1282561.297
14. Current log-likelihood: -1282561.226
15. Current log-likelihood: -1282561.142
16. Current log-likelihood: -1282561.056
17. Current log-likelihood: -1282560.968
18. Current log-likelihood: -1282560.876
19. Current log-likelihood: -1282560.779
20. Current log-likelihood: -1282560.678
21. Current log-likelihood: -1282560.572
22. Current log-likelihood: -1282560.462
23. Current log-likelihood: -1282560.345
24. Current log-likelihood: -1282560.223
25. Current log-likelihood: -1282560.095
26. Current log-likelihood: -1282559.960
27. Current log-likelihood: -1282559.819
28. Current log-likelihood: -1282559.657
29. Current log-likelihood: -1282559.496
30. Current log-likelihood: -1282559.327
31. Current log-likelihood: -1282559.135
32. Current log-likelihood: -1282558.940
33. Current log-likelihood: -1282558.722
34. Current log-likelihood: -1282558.499
35. Current log-likelihood: -1282558.249
36. Current log-likelihood: -1282558.085
37. Current log-likelihood: -1282558.063
38. Current log-likelihood: -1282558.008
39. Current log-likelihood: -1282557.992
40. Current log-likelihood: -1282557.979
41. Current log-likelihood: -1282557.939
42. Current log-likelihood: -1282557.929
Optimal log-likelihood: -1282557.920
Site proportion and rates:  (0.363,0.056) (0.287,0.608) (0.249,1.571) (0.097,3.566) (0.004,15.396)
Parameters optimization took 42 rounds (41.545 sec)
Wrote distance file to... 
BEST SCORE FOUND : -1282557.920
Total tree length: 3.311

Total number of iterations: 0
CPU time used for tree search: 0.000 sec (0h:0m:0s)
Wall-clock time used for tree search: 0.000 sec (0h:0m:0s)
Total CPU time used: 188796.362 sec (52h:26m:36s)
Total wall-clock time used: 4266.025 sec (1h:11m:6s)

Analysis results written to: 
  IQ-TREE report:                10butterfly_c60_init.iqtree
  Tree used for ModelFinder:     10butterfly_c60_init.treefile
  Screen log file:               10butterfly_c60_init.log

Date and Time: Fri Jun 13 16:49:37 2025
