IQ-TREE multicore version 2.4.0 for Linux x86 64-bit built Mar 19 2025
Developed by Bui Quang Minh, Nguyen Lam Tung, Olga Chernomor, Heiko Schmidt,
Dominik Schrempf, Michael Woodhams, Ly Trong Nhan, Thomas Wong

Host:    wright.uds.anu.edu.au (AVX512, FMA3, 1007 GB RAM)
Command: ../../iqtree2 -s ./10_concated.nex -m Q.YEAST+C60+F+R5 -te ../partition/Q/butterfly10_Q_search.treefile -T 45 -mem 120G -safe -pre butterfly10_c60_F
Seed:    911702 (Using SPRNG - Scalable Parallel Random Number Generator)
Time:    Fri Jun 13 16:49:37 2025
Kernel:  Safe AVX+FMA - 45 threads (46 CPU cores detected)

Reading alignment file ./10_concated.nex ... Nexus format detected
Skipping unknown block (sets)...
WARNING: 3616 sites contain only gaps or ambiguous characters.
Alignment has 10 sequences with 146199 columns, 78505 distinct patterns
31147 parsimony-informative, 48366 singleton sites, 66686 constant sites
                                                                                      Gap/Ambiguity  Composition  p-value
Analyzing sequences: done in 0.0316216 secs using 2768% CPU
   1  Gracillarioidea_Gracillariidae_Phyllocnistinae_Phyllocnistis_citrella_Pcit2            47.25%    failed      3.23%
   2  Coleoptera_Tenebrionidae_Tenebrioninae_Tribolium_castaneum_TCAST                        7.15%    failed      0.00%
   3  Nepticuloidea_Nepticulidae_Nepticulinae_Enteucha_acetosae_Enac2                        55.36%    failed      0.00%
   4  Trichoptera_Psychomyiidae_Psychomyiinae_Psychomyia_flavida                             27.70%    failed      0.02%
   5  Trichoptera_Leptoceridae_Leptocerinae_Nectopsyche_candida                              32.97%    failed      0.27%
   6  Tischerioidea_Tischeriidae_Tischeria_quercitella_Ts2                                   33.19%    failed      0.00%
   7  Neopseustoidea_Neopseustidae_Neopseustinae_Neopseustis_meyricki_RINSinlTEERAAPEI__79   50.38%    failed      1.88%
   8  Diptera_Drosophilidae_Drosophilinae_Drosophila_melanogaster                            39.52%    failed      0.00%
   9  Siphonaptera_Pulicidae_Archaeopsyllini_Ctenocephalides_felis                           35.50%    failed      0.00%
  10  Diptera_Culicidae_Anophelinae_Anopheles_gambiae                                        37.81%    failed      0.00%
WARNING: 2 sequences contain more than 50% gaps/ambiguity
****  TOTAL                                                                                  36.68%  10 sequences failed composition chi2 test (p-value<5%; df=19)
NOTE: minimal branch length is reduced to 0.000000683999 for long alignment
Checking for duplicate sequences: done in 0.0319251 secs using 2729% CPU
Reading input tree file ../partition/Q/butterfly10_Q_search.treefile ...
Model Q.YEAST+C60+F+R5 is alias for Q.YEAST+POISSON+G+FMIX{C60pi1:1:0.0169698865,C60pi2:1:0.0211683374,C60pi3:1:0.0276589079,C60pi4:1:0.0065675964,C60pi5:1:0.0141221416,C60pi6:1:0.0068774834,C60pi7:1:0.0146909701,C60pi8:1:0.0067225777,C60pi9:1:0.0018396660,C60pi10:1:0.0102547197,C60pi11:1:0.0230896163,C60pi12:1:0.0057941033,C60pi13:1:0.0125394534,C60pi14:1:0.0204526478,C60pi15:1:0.0070629602,C60pi16:1:0.0117982741,C60pi17:1:0.0068334668,C60pi18:1:0.0433775839,C60pi19:1:0.0318278731,C60pi20:1:0.0222546108,C60pi21:1:0.0102264969,C60pi22:1:0.0150545891,C60pi23:1:0.0134159878,C60pi24:1:0.0148552065,C60pi25:1:0.0239111516,C60pi26:1:0.0128776278,C60pi27:1:0.0222318842,C60pi28:1:0.0247444742,C60pi29:1:0.0214274810,C60pi30:1:0.0115001882,C60pi31:1:0.0076017389,C60pi32:1:0.0130258568,C60pi33:1:0.0093701965,C60pi34:1:0.0467194264,C60pi35:1:0.0441940314,C60pi36:1:0.0322263154,C60pi37:1:0.0402999891,C60pi38:1:0.0150234227,C60pi39:1:0.0104589903,C60pi40:1:0.0214742395,C60pi41:1:0.0154957836,C60pi42:1:0.0101789953,C60pi43:1:0.0227980379,C60pi44:1:0.0123204539,C60pi45:1:0.0066777583,C60pi46:1:0.0004150083,C60pi47:1:0.0344385130,C60pi48:1:0.0113663379,C60pi49:1:0.0127143049,C60pi50:1:0.0124323741,C60pi51:1:0.0262124415,C60pi52:1:0.0064994957,C60pi53:1:0.0103203293,C60pi54:1:0.0142463512,C60pi55:1:0.0215600067,C60pi56:1:0.0199150700,C60pi57:1:0.0038964200,C60pi58:1:0.0113448855,C60pi59:1:0.0128595846,C60pi60:1:0.0117656776}+F+R5
WARNING: Your input class weight 0.000415008 is very small and may cause numerical issues
WARNING: Both Gamma and FreeRate models were specified, continue with FreeRate model

NOTE: 37004 MB RAM (36 GB) is required!
Estimate model parameters (epsilon = 0.010)
1. Initial log-likelihood: -1300121.578
2. Current log-likelihood: -1277642.179
3. Current log-likelihood: -1276587.595
4. Current log-likelihood: -1276564.031
5. Current log-likelihood: -1276531.536
6. Current log-likelihood: -1276526.031
7. Current log-likelihood: -1276522.975
8. Current log-likelihood: -1276520.881
9. Current log-likelihood: -1276519.562
10. Current log-likelihood: -1276517.149
11. Current log-likelihood: -1276515.531
12. Current log-likelihood: -1276514.064
13. Current log-likelihood: -1276512.731
14. Current log-likelihood: -1276511.636
15. Current log-likelihood: -1276510.099
16. Current log-likelihood: -1276508.897
17. Current log-likelihood: -1276507.858
18. Current log-likelihood: -1276506.975
19. Current log-likelihood: -1276505.618
20. Current log-likelihood: -1276504.583
21. Current log-likelihood: -1276503.712
22. Current log-likelihood: -1276502.993
23. Current log-likelihood: -1276501.715
24. Current log-likelihood: -1276500.844
25. Current log-likelihood: -1276500.080
26. Current log-likelihood: -1276499.539
27. Current log-likelihood: -1276498.349
28. Current log-likelihood: -1276497.583
29. Current log-likelihood: -1276496.985
30. Current log-likelihood: -1276496.561
31. Current log-likelihood: -1276495.390
32. Current log-likelihood: -1276494.728
33. Current log-likelihood: -1276494.208
34. Current log-likelihood: -1276493.376
35. Current log-likelihood: -1276492.748
36. Current log-likelihood: -1276492.123
37. Current log-likelihood: -1276491.576
38. Current log-likelihood: -1276491.186
39. Current log-likelihood: -1276490.376
40. Current log-likelihood: -1276489.826
41. Current log-likelihood: -1276489.396
42. Current log-likelihood: -1276489.104
43. Current log-likelihood: -1276488.249
44. Current log-likelihood: -1276487.737
45. Current log-likelihood: -1276487.375
46. Current log-likelihood: -1276486.764
47. Current log-likelihood: -1276486.237
48. Current log-likelihood: -1276485.803
49. Current log-likelihood: -1276485.415
50. Current log-likelihood: -1276485.196
51. Current log-likelihood: -1276484.451
52. Current log-likelihood: -1276484.058
53. Current log-likelihood: -1276483.760
54. Current log-likelihood: -1276483.219
55. Current log-likelihood: -1276482.780
56. Current log-likelihood: -1276482.396
57. Current log-likelihood: -1276482.128
58. Current log-likelihood: -1276482.029
59. Current log-likelihood: -1276481.364
60. Current log-likelihood: -1276481.092
61. Current log-likelihood: -1276480.883
62. Current log-likelihood: -1276480.353
63. Current log-likelihood: -1276480.054
64. Current log-likelihood: -1276479.725
65. Current log-likelihood: -1276479.492
66. Current log-likelihood: -1276479.105
67. Current log-likelihood: -1276478.817
68. Current log-likelihood: -1276478.503
69. Current log-likelihood: -1276478.322
70. Current log-likelihood: -1276477.961
71. Current log-likelihood: -1276477.684
72. Current log-likelihood: -1276477.436
73. Current log-likelihood: -1276477.241
74. Current log-likelihood: -1276476.870
75. Current log-likelihood: -1276476.612
76. Current log-likelihood: -1276476.374
77. Current log-likelihood: -1276476.230
78. Current log-likelihood: -1276475.875
79. Current log-likelihood: -1276475.633
80. Current log-likelihood: -1276475.399
81. Current log-likelihood: -1276475.251
82. Current log-likelihood: -1276474.930
83. Current log-likelihood: -1276474.687
84. Current log-likelihood: -1276474.486
85. Current log-likelihood: -1276474.313
86. Current log-likelihood: -1276473.987
87. Current log-likelihood: -1276473.756
88. Current log-likelihood: -1276473.573
89. Current log-likelihood: -1276473.478
90. Current log-likelihood: -1276473.145
91. Current log-likelihood: -1276472.924
92. Current log-likelihood: -1276472.753
93. Current log-likelihood: -1276472.678
94. Current log-likelihood: -1276472.336
95. Current log-likelihood: -1276472.125
96. Current log-likelihood: -1276471.966
97. Current log-likelihood: -1276471.910
98. Current log-likelihood: -1276471.560
99. Current log-likelihood: -1276471.376
100. Current log-likelihood: -1276471.224
101. Current log-likelihood: -1276471.186
102. Current log-likelihood: -1276470.822
103. Current log-likelihood: -1276470.647
104. Current log-likelihood: -1276470.513
105. Current log-likelihood: -1276470.312
106. Current log-likelihood: -1276470.135
107. Current log-likelihood: -1276469.993
108. Current log-likelihood: -1276469.929
109. Current log-likelihood: -1276469.639
110. Current log-likelihood: -1276469.488
111. Current log-likelihood: -1276469.411
112. Current log-likelihood: -1276469.150
113. Current log-likelihood: -1276468.985
114. Current log-likelihood: -1276468.853
115. Current log-likelihood: -1276468.817
116. Current log-likelihood: -1276468.509
117. Current log-likelihood: -1276468.356
118. Current log-likelihood: -1276468.244
119. Current log-likelihood: -1276468.057
120. Current log-likelihood: -1276467.903
121. Current log-likelihood: -1276467.787
122. Current log-likelihood: -1276467.752
123. Current log-likelihood: -1276467.467
124. Current log-likelihood: -1276467.342
125. Current log-likelihood: -1276467.296
126. Current log-likelihood: -1276467.031
127. Current log-likelihood: -1276466.891
128. Current log-likelihood: -1276466.788
129. Current log-likelihood: -1276466.618
130. Current log-likelihood: -1276466.478
131. Current log-likelihood: -1276466.373
132. Current log-likelihood: -1276466.348
133. Current log-likelihood: -1276466.077
134. Current log-likelihood: -1276465.966
135. Current log-likelihood: -1276465.935
136. Current log-likelihood: -1276465.677
137. Current log-likelihood: -1276465.551
138. Current log-likelihood: -1276465.464
139. Current log-likelihood: -1276465.298
140. Current log-likelihood: -1276465.172
141. Current log-likelihood: -1276465.085
142. Current log-likelihood: -1276464.924
143. Current log-likelihood: -1276464.796
144. Current log-likelihood: -1276464.691
145. Current log-likelihood: -1276464.618
146. Current log-likelihood: -1276464.393
147. Current log-likelihood: -1276464.278
148. Current log-likelihood: -1276464.200
149. Current log-likelihood: -1276464.045
150. Current log-likelihood: -1276463.931
151. Current log-likelihood: -1276463.853
152. Current log-likelihood: -1276463.701
153. Current log-likelihood: -1276463.584
154. Current log-likelihood: -1276463.492
155. Current log-likelihood: -1276463.470
156. Current log-likelihood: -1276463.247
157. Current log-likelihood: -1276463.145
158. Current log-likelihood: -1276463.082
159. Current log-likelihood: -1276462.927
160. Current log-likelihood: -1276462.824
161. Current log-likelihood: -1276462.765
162. Current log-likelihood: -1276462.611
163. Current log-likelihood: -1276462.507
164. Current log-likelihood: -1276462.429
165. Current log-likelihood: -1276462.305
166. Current log-likelihood: -1276462.202
167. Current log-likelihood: -1276462.129
168. Current log-likelihood: -1276462.006
169. Current log-likelihood: -1276461.902
170. Current log-likelihood: -1276461.819
171. Current log-likelihood: -1276461.798
172. Current log-likelihood: -1276461.610
173. Current log-likelihood: -1276461.521
174. Current log-likelihood: -1276461.470
175. Current log-likelihood: -1276461.329
176. Current log-likelihood: -1276461.242
177. Current log-likelihood: -1276461.197
178. Current log-likelihood: -1276461.053
179. Current log-likelihood: -1276460.964
180. Current log-likelihood: -1276460.904
181. Current log-likelihood: -1276460.749
182. Current log-likelihood: -1276460.661
183. Current log-likelihood: -1276460.606
184. Current log-likelihood: -1276460.486
185. Current log-likelihood: -1276460.398
186. Current log-likelihood: -1276460.333
187. Current log-likelihood: -1276460.231
188. Current log-likelihood: -1276460.146
189. Current log-likelihood: -1276460.086
190. Current log-likelihood: -1276459.979
191. Current log-likelihood: -1276459.895
192. Current log-likelihood: -1276459.831
193. Current log-likelihood: -1276459.736
194. Current log-likelihood: -1276459.654
195. Current log-likelihood: -1276459.596
196. Current log-likelihood: -1276459.498
197. Current log-likelihood: -1276459.417
198. Current log-likelihood: -1276459.354
199. Current log-likelihood: -1276459.266
200. Current log-likelihood: -1276459.188
201. Current log-likelihood: -1276459.132
202. Current log-likelihood: -1276459.040
203. Current log-likelihood: -1276458.962
204. Current log-likelihood: -1276458.902
205. Current log-likelihood: -1276458.819
206. Current log-likelihood: -1276458.745
207. Current log-likelihood: -1276458.690
208. Current log-likelihood: -1276458.602
209. Current log-likelihood: -1276458.529
210. Current log-likelihood: -1276458.474
211. Current log-likelihood: -1276458.393
212. Current log-likelihood: -1276458.323
213. Current log-likelihood: -1276458.236
214. Current log-likelihood: -1276458.150
215. Current log-likelihood: -1276458.081
216. Current log-likelihood: -1276458.030
217. Current log-likelihood: -1276457.949
218. Current log-likelihood: -1276457.882
219. Current log-likelihood: -1276457.838
220. Current log-likelihood: -1276457.752
221. Current log-likelihood: -1276457.687
222. Current log-likelihood: -1276457.640
223. Current log-likelihood: -1276457.561
224. Current log-likelihood: -1276457.499
225. Current log-likelihood: -1276457.460
226. Current log-likelihood: -1276457.372
227. Current log-likelihood: -1276457.312
228. Current log-likelihood: -1276457.273
229. Current log-likelihood: -1276457.191
230. Current log-likelihood: -1276457.134
231. Current log-likelihood: -1276457.103
232. Current log-likelihood: -1276457.011
233. Current log-likelihood: -1276456.956
234. Current log-likelihood: -1276456.924
235. Current log-likelihood: -1276456.839
236. Current log-likelihood: -1276456.787
237. Current log-likelihood: -1276456.765
238. Current log-likelihood: -1276456.666
239. Current log-likelihood: -1276456.616
240. Current log-likelihood: -1276456.593
241. Current log-likelihood: -1276456.502
242. Current log-likelihood: -1276456.456
243. Current log-likelihood: -1276456.395
244. Current log-likelihood: -1276456.339
245. Current log-likelihood: -1276456.299
246. Current log-likelihood: -1276456.234
247. Current log-likelihood: -1276456.180
248. Current log-likelihood: -1276456.142
249. Current log-likelihood: -1276456.037
250. Current log-likelihood: -1276455.984
251. Current log-likelihood: -1276455.952
252. Current log-likelihood: -1276455.880
253. Current log-likelihood: -1276455.829
254. Current log-likelihood: -1276455.798
255. Current log-likelihood: -1276455.727
256. Current log-likelihood: -1276455.681
257. Current log-likelihood: -1276455.660
258. Current log-likelihood: -1276455.576
259. Current log-likelihood: -1276455.532
260. Current log-likelihood: -1276455.513
261. Current log-likelihood: -1276455.432
262. Current log-likelihood: -1276455.391
263. Current log-likelihood: -1276455.337
264. Current log-likelihood: -1276455.289
265. Current log-likelihood: -1276455.256
266. Current log-likelihood: -1276455.196
267. Current log-likelihood: -1276455.149
268. Current log-likelihood: -1276455.118
269. Current log-likelihood: -1276455.056
270. Current log-likelihood: -1276455.014
271. Current log-likelihood: -1276454.993
272. Current log-likelihood: -1276454.921
273. Current log-likelihood: -1276454.879
274. Current log-likelihood: -1276454.860
275. Current log-likelihood: -1276454.787
276. Current log-likelihood: -1276454.751
277. Current log-likelihood: -1276454.702
278. Current log-likelihood: -1276454.658
279. Current log-likelihood: -1276454.628
280. Current log-likelihood: -1276454.571
281. Current log-likelihood: -1276454.529
282. Current log-likelihood: -1276454.503
283. Current log-likelihood: -1276454.445
284. Current log-likelihood: -1276454.407
285. Current log-likelihood: -1276454.390
286. Current log-likelihood: -1276454.319
287. Current log-likelihood: -1276454.283
288. Current log-likelihood: -1276454.271
289. Current log-likelihood: -1276454.199
290. Current log-likelihood: -1276454.168
291. Current log-likelihood: -1276454.118
292. Current log-likelihood: -1276454.079
293. Current log-likelihood: -1276454.056
294. Current log-likelihood: -1276453.999
295. Current log-likelihood: -1276453.963
296. Current log-likelihood: -1276453.944
297. Current log-likelihood: -1276453.884
298. Current log-likelihood: -1276453.815
299. Current log-likelihood: -1276453.772
300. Current log-likelihood: -1276453.734
301. Current log-likelihood: -1276453.706
302. Current log-likelihood: -1276453.656
303. Current log-likelihood: -1276453.620
304. Current log-likelihood: -1276453.598
305. Current log-likelihood: -1276453.544
306. Current log-likelihood: -1276453.511
307. Current log-likelihood: -1276453.500
308. Current log-likelihood: -1276453.434
309. Current log-likelihood: -1276453.403
310. Current log-likelihood: -1276453.362
311. Current log-likelihood: -1276453.326
312. Current log-likelihood: -1276453.300
313. Current log-likelihood: -1276453.256
314. Current log-likelihood: -1276453.223
315. Current log-likelihood: -1276453.203
316. Current log-likelihood: -1276453.150
317. Current log-likelihood: -1276453.119
318. Current log-likelihood: -1276453.106
319. Current log-likelihood: -1276453.049
320. Current log-likelihood: -1276453.022
321. Current log-likelihood: -1276452.981
322. Current log-likelihood: -1276452.948
323. Current log-likelihood: -1276452.928
324. Current log-likelihood: -1276452.881
325. Current log-likelihood: -1276452.851
326. Current log-likelihood: -1276452.836
327. Current log-likelihood: -1276452.784
328. Current log-likelihood: -1276452.758
329. Current log-likelihood: -1276452.720
330. Current log-likelihood: -1276452.688
331. Current log-likelihood: -1276452.668
332. Current log-likelihood: -1276452.624
333. Current log-likelihood: -1276452.595
334. Current log-likelihood: -1276452.580
335. Current log-likelihood: -1276452.531
336. Current log-likelihood: -1276452.506
337. Current log-likelihood: -1276452.470
338. Current log-likelihood: -1276452.439
339. Current log-likelihood: -1276452.420
340. Current log-likelihood: -1276452.378
341. Current log-likelihood: -1276452.350
342. Current log-likelihood: -1276452.336
343. Current log-likelihood: -1276452.289
344. Current log-likelihood: -1276452.265
345. Current log-likelihood: -1276452.230
346. Current log-likelihood: -1276452.201
347. Current log-likelihood: -1276452.183
348. Current log-likelihood: -1276452.142
349. Current log-likelihood: -1276452.116
350. Current log-likelihood: -1276452.103
351. Current log-likelihood: -1276452.057
352. Current log-likelihood: -1276452.035
353. Current log-likelihood: -1276452.002
354. Current log-likelihood: -1276451.974
355. Current log-likelihood: -1276451.957
356. Current log-likelihood: -1276451.916
357. Current log-likelihood: -1276451.891
358. Current log-likelihood: -1276451.863
359. Current log-likelihood: -1276451.834
360. Current log-likelihood: -1276451.779
361. Current log-likelihood: -1276451.747
362. Current log-likelihood: -1276451.721
363. Current log-likelihood: -1276451.706
364. Current log-likelihood: -1276451.665
365. Current log-likelihood: -1276451.641
366. Current log-likelihood: -1276451.612
367. Current log-likelihood: -1276451.585
368. Current log-likelihood: -1276451.565
369. Current log-likelihood: -1276451.534
370. Current log-likelihood: -1276451.507
371. Current log-likelihood: -1276451.493
372. Current log-likelihood: -1276451.454
373. Current log-likelihood: -1276451.432
374. Current log-likelihood: -1276451.404
375. Current log-likelihood: -1276451.379
376. Current log-likelihood: -1276451.360
377. Current log-likelihood: -1276451.327
378. Current log-likelihood: -1276451.304
379. Current log-likelihood: -1276451.292
380. Current log-likelihood: -1276451.253
381. Current log-likelihood: -1276451.232
382. Current log-likelihood: -1276451.204
383. Current log-likelihood: -1276451.180
384. Current log-likelihood: -1276451.163
385. Current log-likelihood: -1276451.132
386. Current log-likelihood: -1276451.110
387. Current log-likelihood: -1276451.084
388. Current log-likelihood: -1276451.060
389. Current log-likelihood: -1276451.042
390. Current log-likelihood: -1276451.013
391. Current log-likelihood: -1276450.990
392. Current log-likelihood: -1276450.977
393. Current log-likelihood: -1276450.944
394. Current log-likelihood: -1276450.924
395. Current log-likelihood: -1276450.899
396. Current log-likelihood: -1276450.876
397. Current log-likelihood: -1276450.860
398. Current log-likelihood: -1276450.829
399. Current log-likelihood: -1276450.808
400. Current log-likelihood: -1276450.785
401. Current log-likelihood: -1276450.762
402. Current log-likelihood: -1276450.745
403. Current log-likelihood: -1276450.718
404. Current log-likelihood: -1276450.697
405. Current log-likelihood: -1276450.686
406. Current log-likelihood: -1276450.653
407. Current log-likelihood: -1276450.635
408. Current log-likelihood: -1276450.610
409. Current log-likelihood: -1276450.589
410. Current log-likelihood: -1276450.575
411. Current log-likelihood: -1276450.545
412. Current log-likelihood: -1276450.526
413. Current log-likelihood: -1276450.504
414. Current log-likelihood: -1276450.482
415. Current log-likelihood: -1276450.467
416. Current log-likelihood: -1276450.441
417. Current log-likelihood: -1276450.422
418. Current log-likelihood: -1276450.411
419. Current log-likelihood: -1276450.380
420. Current log-likelihood: -1276450.364
421. Current log-likelihood: -1276450.340
422. Current log-likelihood: -1276450.320
423. Current log-likelihood: -1276450.310
424. Current log-likelihood: -1276450.279
425. Current log-likelihood: -1276450.263
426. Current log-likelihood: -1276450.240
427. Current log-likelihood: -1276450.221
428. Current log-likelihood: -1276450.207
429. Current log-likelihood: -1276450.180
430. Current log-likelihood: -1276450.162
431. Current log-likelihood: -1276450.141
432. Current log-likelihood: -1276450.122
433. Current log-likelihood: -1276450.109
434. Current log-likelihood: -1276450.083
435. Current log-likelihood: -1276450.066
436. Current log-likelihood: -1276450.046
437. Current log-likelihood: -1276450.027
438. Current log-likelihood: -1276449.982
439. Current log-likelihood: -1276449.959
440. Current log-likelihood: -1276449.941
441. Current log-likelihood: -1276449.922
442. Current log-likelihood: -1276449.903
443. Current log-likelihood: -1276449.887
444. Current log-likelihood: -1276449.864
445. Current log-likelihood: -1276449.846
446. Current log-likelihood: -1276449.836
447. Current log-likelihood: -1276449.809
448. Current log-likelihood: -1276449.794
449. Current log-likelihood: -1276449.773
450. Current log-likelihood: -1276449.756
451. Current log-likelihood: -1276449.744
452. Current log-likelihood: -1276449.718
453. Current log-likelihood: -1276449.702
454. Current log-likelihood: -1276449.682
455. Current log-likelihood: -1276449.665
456. Current log-likelihood: -1276449.653
457. Current log-likelihood: -1276449.630
458. Current log-likelihood: -1276449.615
459. Current log-likelihood: -1276449.595
460. Current log-likelihood: -1276449.578
461. Current log-likelihood: -1276449.567
462. Current log-likelihood: -1276449.544
463. Current log-likelihood: -1276449.529
464. Current log-likelihood: -1276449.510
465. Current log-likelihood: -1276449.493
466. Current log-likelihood: -1276449.481
467. Current log-likelihood: -1276449.458
468. Current log-likelihood: -1276449.443
469. Current log-likelihood: -1276449.425
470. Current log-likelihood: -1276449.408
471. Current log-likelihood: -1276449.397
472. Current log-likelihood: -1276449.375
473. Current log-likelihood: -1276449.360
474. Current log-likelihood: -1276449.343
475. Current log-likelihood: -1276449.326
476. Current log-likelihood: -1276449.314
477. Current log-likelihood: -1276449.294
478. Current log-likelihood: -1276449.279
479. Current log-likelihood: -1276449.263
480. Current log-likelihood: -1276449.247
481. Current log-likelihood: -1276449.235
482. Current log-likelihood: -1276449.215
483. Current log-likelihood: -1276449.200
484. Current log-likelihood: -1276449.184
485. Current log-likelihood: -1276449.168
486. Current log-likelihood: -1276449.156
487. Current log-likelihood: -1276449.137
488. Current log-likelihood: -1276449.122
489. Current log-likelihood: -1276449.106
490. Current log-likelihood: -1276449.091
491. Current log-likelihood: -1276449.079
492. Current log-likelihood: -1276449.060
493. Current log-likelihood: -1276449.046
494. Current log-likelihood: -1276449.030
495. Current log-likelihood: -1276449.015
496. Current log-likelihood: -1276449.003
497. Current log-likelihood: -1276448.985
498. Current log-likelihood: -1276448.971
499. Current log-likelihood: -1276448.956
500. Current log-likelihood: -1276448.941
501. Current log-likelihood: -1276448.928
502. Current log-likelihood: -1276448.909
503. Current log-likelihood: -1276448.896
504. Current log-likelihood: -1276448.880
505. Current log-likelihood: -1276448.865
506. Current log-likelihood: -1276448.854
507. Current log-likelihood: -1276448.836
508. Current log-likelihood: -1276448.823
509. Current log-likelihood: -1276448.808
510. Current log-likelihood: -1276448.794
511. Current log-likelihood: -1276448.783
512. Current log-likelihood: -1276448.765
513. Current log-likelihood: -1276448.752
514. Current log-likelihood: -1276448.737
515. Current log-likelihood: -1276448.723
516. Current log-likelihood: -1276448.712
517. Current log-likelihood: -1276448.695
518. Current log-likelihood: -1276448.682
519. Current log-likelihood: -1276448.667
520. Current log-likelihood: -1276448.653
521. Current log-likelihood: -1276448.643
522. Current log-likelihood: -1276448.625
523. Current log-likelihood: -1276448.613
524. Current log-likelihood: -1276448.598
525. Current log-likelihood: -1276448.585
526. Current log-likelihood: -1276448.574
527. Current log-likelihood: -1276448.557
528. Current log-likelihood: -1276448.545
529. Current log-likelihood: -1276448.531
530. Current log-likelihood: -1276448.517
Optimal log-likelihood: -1276448.505
Mixture weights: 0.447 0.012 0.000 0.005 0.000 0.008 0.007 0.001 0.008 0.000 0.017 0.034 0.019 0.000 0.007 0.000 0.000 0.026 0.039 0.016 0.000 0.003 0.025 0.002 0.000 0.007 0.003 0.033 0.000 0.000 0.016 0.016 0.010 0.016 0.013 0.023 0.009 0.013 0.038 0.006 0.001 0.002 0.008 0.024 0.000 0.000 0.000 0.000 0.008 0.000 0.000 0.015 0.006 0.000 0.014 0.029 0.000 0.000 0.008 0.002 0.000
Site proportion and rates:  (0.306,0.031) (0.231,0.308) (0.180,0.825) (0.202,1.904) (0.081,4.758)
Parameters optimization took 530 rounds (21400.109 sec)
WARNING: The mixture model might be overfitting because some mixture weights are estimated close to zero
Wrote distance file to... 
BEST SCORE FOUND : -1276448.505
Total tree length: 4.294

Total number of iterations: 0
CPU time used for tree search: 0.000 sec (0h:0m:0s)
Wall-clock time used for tree search: 0.000 sec (0h:0m:0s)
Total CPU time used: 874196.450 sec (242h:49m:56s)
Total wall-clock time used: 36863562.070 sec (10239h:52m:42s)

Analysis results written to: 
  IQ-TREE report:                butterfly10_c60_F.iqtree
  Maximum-likelihood tree:       butterfly10_c60_F.treefile
  Screen log file:               butterfly10_c60_F.log

Date and Time: Fri Jun 13 22:46:22 2025
