IQ-TREE multicore version 2.4.0 for Linux x86 64-bit built Mar 19 2025
Developed by Bui Quang Minh, Nguyen Lam Tung, Olga Chernomor, Heiko Schmidt,
Dominik Schrempf, Michael Woodhams, Ly Trong Nhan, Thomas Wong

Host:    wright.uds.anu.edu.au (AVX512, FMA3, 1007 GB RAM)
Command: ../../iqtree2 -s ./10_concated.nex -m Q.YEAST+C60+R5 -te ../partition/Q/butterfly10_Q_search.treefile -mwopt -T 45 -mem 120G -safe -pre butterfly10_c60_opt
Seed:    267638 (Using SPRNG - Scalable Parallel Random Number Generator)
Time:    Sat Jun 14 03:54:17 2025
Kernel:  Safe AVX+FMA - 45 threads (46 CPU cores detected)

Reading alignment file ./10_concated.nex ... Nexus format detected
Skipping unknown block (sets)...
WARNING: 3616 sites contain only gaps or ambiguous characters.
Alignment has 10 sequences with 146199 columns, 78505 distinct patterns
31147 parsimony-informative, 48366 singleton sites, 66686 constant sites
                                                                                      Gap/Ambiguity  Composition  p-value
Analyzing sequences: done in 0.0160101 secs using 3236% CPU
   1  Gracillarioidea_Gracillariidae_Phyllocnistinae_Phyllocnistis_citrella_Pcit2            47.25%    failed      3.23%
   2  Coleoptera_Tenebrionidae_Tenebrioninae_Tribolium_castaneum_TCAST                        7.15%    failed      0.00%
   3  Nepticuloidea_Nepticulidae_Nepticulinae_Enteucha_acetosae_Enac2                        55.36%    failed      0.00%
   4  Trichoptera_Psychomyiidae_Psychomyiinae_Psychomyia_flavida                             27.70%    failed      0.02%
   5  Trichoptera_Leptoceridae_Leptocerinae_Nectopsyche_candida                              32.97%    failed      0.27%
   6  Tischerioidea_Tischeriidae_Tischeria_quercitella_Ts2                                   33.19%    failed      0.00%
   7  Neopseustoidea_Neopseustidae_Neopseustinae_Neopseustis_meyricki_RINSinlTEERAAPEI__79   50.38%    failed      1.88%
   8  Diptera_Drosophilidae_Drosophilinae_Drosophila_melanogaster                            39.52%    failed      0.00%
   9  Siphonaptera_Pulicidae_Archaeopsyllini_Ctenocephalides_felis                           35.50%    failed      0.00%
  10  Diptera_Culicidae_Anophelinae_Anopheles_gambiae                                        37.81%    failed      0.00%
WARNING: 2 sequences contain more than 50% gaps/ambiguity
****  TOTAL                                                                                  36.68%  10 sequences failed composition chi2 test (p-value<5%; df=19)
NOTE: minimal branch length is reduced to 0.000000683999 for long alignment
Checking for duplicate sequences: done in 0.0271956 secs using 3580% CPU
Reading input tree file ../partition/Q/butterfly10_Q_search.treefile ...
Model Q.YEAST+C60+R5 is alias for Q.YEAST+POISSON+G+FMIX{C60pi1:1:0.0169698865,C60pi2:1:0.0211683374,C60pi3:1:0.0276589079,C60pi4:1:0.0065675964,C60pi5:1:0.0141221416,C60pi6:1:0.0068774834,C60pi7:1:0.0146909701,C60pi8:1:0.0067225777,C60pi9:1:0.0018396660,C60pi10:1:0.0102547197,C60pi11:1:0.0230896163,C60pi12:1:0.0057941033,C60pi13:1:0.0125394534,C60pi14:1:0.0204526478,C60pi15:1:0.0070629602,C60pi16:1:0.0117982741,C60pi17:1:0.0068334668,C60pi18:1:0.0433775839,C60pi19:1:0.0318278731,C60pi20:1:0.0222546108,C60pi21:1:0.0102264969,C60pi22:1:0.0150545891,C60pi23:1:0.0134159878,C60pi24:1:0.0148552065,C60pi25:1:0.0239111516,C60pi26:1:0.0128776278,C60pi27:1:0.0222318842,C60pi28:1:0.0247444742,C60pi29:1:0.0214274810,C60pi30:1:0.0115001882,C60pi31:1:0.0076017389,C60pi32:1:0.0130258568,C60pi33:1:0.0093701965,C60pi34:1:0.0467194264,C60pi35:1:0.0441940314,C60pi36:1:0.0322263154,C60pi37:1:0.0402999891,C60pi38:1:0.0150234227,C60pi39:1:0.0104589903,C60pi40:1:0.0214742395,C60pi41:1:0.0154957836,C60pi42:1:0.0101789953,C60pi43:1:0.0227980379,C60pi44:1:0.0123204539,C60pi45:1:0.0066777583,C60pi46:1:0.0004150083,C60pi47:1:0.0344385130,C60pi48:1:0.0113663379,C60pi49:1:0.0127143049,C60pi50:1:0.0124323741,C60pi51:1:0.0262124415,C60pi52:1:0.0064994957,C60pi53:1:0.0103203293,C60pi54:1:0.0142463512,C60pi55:1:0.0215600067,C60pi56:1:0.0199150700,C60pi57:1:0.0038964200,C60pi58:1:0.0113448855,C60pi59:1:0.0128595846,C60pi60:1:0.0117656776}+R5
WARNING: Your input class weight 0.000415008 is very small and may cause numerical issues
WARNING: Both Gamma and FreeRate models were specified, continue with FreeRate model

NOTE: 36397 MB RAM (35 GB) is required!
Estimate model parameters (epsilon = 0.010)
1. Initial log-likelihood: -1301838.370
2. Current log-likelihood: -1279534.248
3. Current log-likelihood: -1279034.547
4. Current log-likelihood: -1279018.350
5. Current log-likelihood: -1279010.968
6. Current log-likelihood: -1279005.497
7. Current log-likelihood: -1279000.798
8. Current log-likelihood: -1278996.594
9. Current log-likelihood: -1278992.775
10. Current log-likelihood: -1278989.235
11. Current log-likelihood: -1278985.918
12. Current log-likelihood: -1278982.848
13. Current log-likelihood: -1278979.977
14. Current log-likelihood: -1278977.285
15. Current log-likelihood: -1278974.688
16. Current log-likelihood: -1278972.249
17. Current log-likelihood: -1278969.954
18. Current log-likelihood: -1278967.794
19. Current log-likelihood: -1278965.754
20. Current log-likelihood: -1278963.849
21. Current log-likelihood: -1278962.050
22. Current log-likelihood: -1278960.371
23. Current log-likelihood: -1278958.566
24. Current log-likelihood: -1278956.818
25. Current log-likelihood: -1278955.243
26. Current log-likelihood: -1278953.676
27. Current log-likelihood: -1278952.262
28. Current log-likelihood: -1278950.934
29. Current log-likelihood: -1278949.692
30. Current log-likelihood: -1278948.508
31. Current log-likelihood: -1278947.372
32. Current log-likelihood: -1278946.297
33. Current log-likelihood: -1278945.252
34. Current log-likelihood: -1278944.249
35. Current log-likelihood: -1278943.284
36. Current log-likelihood: -1278942.353
37. Current log-likelihood: -1278941.475
38. Current log-likelihood: -1278940.605
39. Current log-likelihood: -1278939.822
40. Current log-likelihood: -1278939.052
41. Current log-likelihood: -1278938.305
42. Current log-likelihood: -1278937.577
43. Current log-likelihood: -1278936.868
44. Current log-likelihood: -1278936.187
45. Current log-likelihood: -1278935.516
46. Current log-likelihood: -1278934.876
47. Current log-likelihood: -1278934.225
48. Current log-likelihood: -1278933.603
49. Current log-likelihood: -1278932.967
50. Current log-likelihood: -1278932.370
51. Current log-likelihood: -1278931.761
52. Current log-likelihood: -1278931.172
53. Current log-likelihood: -1278930.591
54. Current log-likelihood: -1278929.992
55. Current log-likelihood: -1278929.417
56. Current log-likelihood: -1278928.850
57. Current log-likelihood: -1278928.284
58. Current log-likelihood: -1278927.709
59. Current log-likelihood: -1278927.101
60. Current log-likelihood: -1278926.538
61. Current log-likelihood: -1278925.967
62. Current log-likelihood: -1278925.392
63. Current log-likelihood: -1278924.814
64. Current log-likelihood: -1278924.236
65. Current log-likelihood: -1278923.612
66. Current log-likelihood: -1278923.054
67. Current log-likelihood: -1278922.444
68. Current log-likelihood: -1278921.854
69. Current log-likelihood: -1278921.236
70. Current log-likelihood: -1278920.637
71. Current log-likelihood: -1278919.990
72. Current log-likelihood: -1278919.347
73. Current log-likelihood: -1278918.724
74. Current log-likelihood: -1278918.044
75. Current log-likelihood: -1278917.376
76. Current log-likelihood: -1278916.695
77. Current log-likelihood: -1278915.996
78. Current log-likelihood: -1278915.316
79. Current log-likelihood: -1278914.570
80. Current log-likelihood: -1278913.831
81. Current log-likelihood: -1278913.079
82. Current log-likelihood: -1278912.300
83. Current log-likelihood: -1278911.482
84. Current log-likelihood: -1278910.682
85. Current log-likelihood: -1278909.821
86. Current log-likelihood: -1278908.945
87. Current log-likelihood: -1278908.048
88. Current log-likelihood: -1278907.119
89. Current log-likelihood: -1278906.129
90. Current log-likelihood: -1278905.053
91. Current log-likelihood: -1278903.942
92. Current log-likelihood: -1278902.767
93. Current log-likelihood: -1278901.526
94. Current log-likelihood: -1278900.158
95. Current log-likelihood: -1278898.732
96. Current log-likelihood: -1278897.163
97. Current log-likelihood: -1278895.461
98. Current log-likelihood: -1278893.535
99. Current log-likelihood: -1278891.359
100. Current log-likelihood: -1278888.861
101. Current log-likelihood: -1278886.213
102. Current log-likelihood: -1278884.298
103. Current log-likelihood: -1278882.997
104. Current log-likelihood: -1278882.024
105. Current log-likelihood: -1278881.237
106. Current log-likelihood: -1278880.539
107. Current log-likelihood: -1278879.930
108. Current log-likelihood: -1278879.397
109. Current log-likelihood: -1278878.921
110. Current log-likelihood: -1278878.462
111. Current log-likelihood: -1278878.031
112. Current log-likelihood: -1278877.622
113. Current log-likelihood: -1278877.259
114. Current log-likelihood: -1278876.905
115. Current log-likelihood: -1278876.623
116. Current log-likelihood: -1278876.303
117. Current log-likelihood: -1278876.025
118. Current log-likelihood: -1278875.725
119. Current log-likelihood: -1278875.467
120. Current log-likelihood: -1278875.213
121. Current log-likelihood: -1278874.942
122. Current log-likelihood: -1278874.711
123. Current log-likelihood: -1278874.497
124. Current log-likelihood: -1278874.280
125. Current log-likelihood: -1278874.084
126. Current log-likelihood: -1278873.878
127. Current log-likelihood: -1278873.694
128. Current log-likelihood: -1278873.501
129. Current log-likelihood: -1278873.319
130. Current log-likelihood: -1278873.129
131. Current log-likelihood: -1278872.958
132. Current log-likelihood: -1278872.780
133. Current log-likelihood: -1278872.615
134. Current log-likelihood: -1278872.443
135. Current log-likelihood: -1278872.285
136. Current log-likelihood: -1278872.119
137. Current log-likelihood: -1278871.967
138. Current log-likelihood: -1278871.808
139. Current log-likelihood: -1278871.659
140. Current log-likelihood: -1278871.505
141. Current log-likelihood: -1278871.362
142. Current log-likelihood: -1278871.213
143. Current log-likelihood: -1278871.073
144. Current log-likelihood: -1278870.929
145. Current log-likelihood: -1278870.795
146. Current log-likelihood: -1278870.656
147. Current log-likelihood: -1278870.524
148. Current log-likelihood: -1278870.390
149. Current log-likelihood: -1278870.250
150. Current log-likelihood: -1278870.134
151. Current log-likelihood: -1278870.002
152. Current log-likelihood: -1278869.887
153. Current log-likelihood: -1278869.758
154. Current log-likelihood: -1278869.644
155. Current log-likelihood: -1278869.520
156. Current log-likelihood: -1278869.414
157. Current log-likelihood: -1278869.298
158. Current log-likelihood: -1278869.190
159. Current log-likelihood: -1278869.081
160. Current log-likelihood: -1278868.977
161. Current log-likelihood: -1278868.866
162. Current log-likelihood: -1278868.762
163. Current log-likelihood: -1278868.658
164. Current log-likelihood: -1278868.557
165. Current log-likelihood: -1278868.450
166. Current log-likelihood: -1278868.350
167. Current log-likelihood: -1278868.250
168. Current log-likelihood: -1278868.153
169. Current log-likelihood: -1278868.050
170. Current log-likelihood: -1278867.953
171. Current log-likelihood: -1278867.857
172. Current log-likelihood: -1278867.762
173. Current log-likelihood: -1278867.667
174. Current log-likelihood: -1278867.574
175. Current log-likelihood: -1278867.475
176. Current log-likelihood: -1278867.382
177. Current log-likelihood: -1278867.291
178. Current log-likelihood: -1278867.200
179. Current log-likelihood: -1278867.105
180. Current log-likelihood: -1278867.015
181. Current log-likelihood: -1278866.924
182. Current log-likelihood: -1278866.829
183. Current log-likelihood: -1278866.737
184. Current log-likelihood: -1278866.649
185. Current log-likelihood: -1278866.562
186. Current log-likelihood: -1278866.469
187. Current log-likelihood: -1278866.380
188. Current log-likelihood: -1278866.290
189. Current log-likelihood: -1278866.204
190. Current log-likelihood: -1278866.118
191. Current log-likelihood: -1278866.028
192. Current log-likelihood: -1278865.941
193. Current log-likelihood: -1278865.852
194. Current log-likelihood: -1278865.767
195. Current log-likelihood: -1278865.685
196. Current log-likelihood: -1278865.604
197. Current log-likelihood: -1278865.512
198. Current log-likelihood: -1278865.428
199. Current log-likelihood: -1278865.345
200. Current log-likelihood: -1278865.253
201. Current log-likelihood: -1278865.170
202. Current log-likelihood: -1278865.092
203. Current log-likelihood: -1278865.013
204. Current log-likelihood: -1278864.935
205. Current log-likelihood: -1278864.860
206. Current log-likelihood: -1278864.779
207. Current log-likelihood: -1278864.699
208. Current log-likelihood: -1278864.620
209. Current log-likelihood: -1278864.543
210. Current log-likelihood: -1278864.469
211. Current log-likelihood: -1278864.389
212. Current log-likelihood: -1278864.311
213. Current log-likelihood: -1278864.234
214. Current log-likelihood: -1278864.158
215. Current log-likelihood: -1278864.085
216. Current log-likelihood: -1278864.008
217. Current log-likelihood: -1278863.931
218. Current log-likelihood: -1278863.859
219. Current log-likelihood: -1278863.786
220. Current log-likelihood: -1278863.715
221. Current log-likelihood: -1278863.645
222. Current log-likelihood: -1278863.575
223. Current log-likelihood: -1278863.504
224. Current log-likelihood: -1278863.435
225. Current log-likelihood: -1278863.366
226. Current log-likelihood: -1278863.293
227. Current log-likelihood: -1278863.220
228. Current log-likelihood: -1278863.149
229. Current log-likelihood: -1278863.080
230. Current log-likelihood: -1278863.013
231. Current log-likelihood: -1278862.941
232. Current log-likelihood: -1278862.869
233. Current log-likelihood: -1278862.799
234. Current log-likelihood: -1278862.731
235. Current log-likelihood: -1278862.665
236. Current log-likelihood: -1278862.594
237. Current log-likelihood: -1278862.524
238. Current log-likelihood: -1278862.460
239. Current log-likelihood: -1278862.396
240. Current log-likelihood: -1278862.339
241. Current log-likelihood: -1278862.289
242. Current log-likelihood: -1278862.230
243. Current log-likelihood: -1278862.184
244. Current log-likelihood: -1278862.119
245. Current log-likelihood: -1278862.057
246. Current log-likelihood: -1278861.996
247. Current log-likelihood: -1278861.941
248. Current log-likelihood: -1278861.892
249. Current log-likelihood: -1278861.824
250. Current log-likelihood: -1278861.758
251. Current log-likelihood: -1278861.694
252. Current log-likelihood: -1278861.631
253. Current log-likelihood: -1278861.571
254. Current log-likelihood: -1278861.506
255. Current log-likelihood: -1278861.441
256. Current log-likelihood: -1278861.382
257. Current log-likelihood: -1278861.324
258. Current log-likelihood: -1278861.272
259. Current log-likelihood: -1278861.225
260. Current log-likelihood: -1278861.171
261. Current log-likelihood: -1278861.129
262. Current log-likelihood: -1278861.069
263. Current log-likelihood: -1278861.019
264. Current log-likelihood: -1278860.972
265. Current log-likelihood: -1278860.908
266. Current log-likelihood: -1278860.849
267. Current log-likelihood: -1278860.800
268. Current log-likelihood: -1278860.755
269. Current log-likelihood: -1278860.703
270. Current log-likelihood: -1278860.659
271. Current log-likelihood: -1278860.607
272. Current log-likelihood: -1278860.573
273. Current log-likelihood: -1278860.528
274. Current log-likelihood: -1278860.478
275. Current log-likelihood: -1278860.444
276. Current log-likelihood: -1278860.400
277. Current log-likelihood: -1278860.351
278. Current log-likelihood: -1278860.308
279. Current log-likelihood: -1278860.247
280. Current log-likelihood: -1278860.189
281. Current log-likelihood: -1278860.142
282. Current log-likelihood: -1278860.099
283. Current log-likelihood: -1278860.051
284. Current log-likelihood: -1278860.012
285. Current log-likelihood: -1278859.969
286. Current log-likelihood: -1278859.921
287. Current log-likelihood: -1278859.880
288. Current log-likelihood: -1278859.832
289. Current log-likelihood: -1278859.800
290. Current log-likelihood: -1278859.759
291. Current log-likelihood: -1278859.712
292. Current log-likelihood: -1278859.681
293. Current log-likelihood: -1278859.640
294. Current log-likelihood: -1278859.594
295. Current log-likelihood: -1278859.554
296. Current log-likelihood: -1278859.497
297. Current log-likelihood: -1278859.445
298. Current log-likelihood: -1278859.402
299. Current log-likelihood: -1278859.362
300. Current log-likelihood: -1278859.317
301. Current log-likelihood: -1278859.287
302. Current log-likelihood: -1278859.248
303. Current log-likelihood: -1278859.203
304. Current log-likelihood: -1278859.174
305. Current log-likelihood: -1278859.135
306. Current log-likelihood: -1278859.091
307. Current log-likelihood: -1278859.063
308. Current log-likelihood: -1278859.024
309. Current log-likelihood: -1278858.981
310. Current log-likelihood: -1278858.953
311. Current log-likelihood: -1278858.915
312. Current log-likelihood: -1278858.873
313. Current log-likelihood: -1278858.836
314. Current log-likelihood: -1278858.793
315. Current log-likelihood: -1278858.764
316. Current log-likelihood: -1278858.727
317. Current log-likelihood: -1278858.685
318. Current log-likelihood: -1278858.658
319. Current log-likelihood: -1278858.621
320. Current log-likelihood: -1278858.569
321. Current log-likelihood: -1278858.530
322. Current log-likelihood: -1278858.488
323. Current log-likelihood: -1278858.453
324. Current log-likelihood: -1278858.412
325. Current log-likelihood: -1278858.385
326. Current log-likelihood: -1278858.349
327. Current log-likelihood: -1278858.309
328. Current log-likelihood: -1278858.282
329. Current log-likelihood: -1278858.247
330. Current log-likelihood: -1278858.207
331. Current log-likelihood: -1278858.181
332. Current log-likelihood: -1278858.146
333. Current log-likelihood: -1278858.107
334. Current log-likelihood: -1278858.081
335. Current log-likelihood: -1278858.047
336. Current log-likelihood: -1278858.009
337. Current log-likelihood: -1278857.983
338. Current log-likelihood: -1278857.949
339. Current log-likelihood: -1278857.919
340. Current log-likelihood: -1278857.891
341. Current log-likelihood: -1278857.857
342. Current log-likelihood: -1278857.827
343. Current log-likelihood: -1278857.799
344. Current log-likelihood: -1278857.766
345. Current log-likelihood: -1278857.738
346. Current log-likelihood: -1278857.710
347. Current log-likelihood: -1278857.676
348. Current log-likelihood: -1278857.648
349. Current log-likelihood: -1278857.622
350. Current log-likelihood: -1278857.597
351. Current log-likelihood: -1278857.563
352. Current log-likelihood: -1278857.536
353. Current log-likelihood: -1278857.510
354. Current log-likelihood: -1278857.485
355. Current log-likelihood: -1278857.463
356. Current log-likelihood: -1278857.441
357. Current log-likelihood: -1278857.419
358. Current log-likelihood: -1278857.399
359. Current log-likelihood: -1278857.360
360. Current log-likelihood: -1278857.313
361. Current log-likelihood: -1278857.279
362. Current log-likelihood: -1278857.251
363. Current log-likelihood: -1278857.218
364. Current log-likelihood: -1278857.193
365. Current log-likelihood: -1278857.167
366. Current log-likelihood: -1278857.143
367. Current log-likelihood: -1278857.122
368. Current log-likelihood: -1278857.101
369. Current log-likelihood: -1278857.080
370. Current log-likelihood: -1278857.061
371. Current log-likelihood: -1278857.039
372. Current log-likelihood: -1278857.003
373. Current log-likelihood: -1278856.978
374. Current log-likelihood: -1278856.954
375. Current log-likelihood: -1278856.922
376. Current log-likelihood: -1278856.899
377. Current log-likelihood: -1278856.876
378. Current log-likelihood: -1278856.847
379. Current log-likelihood: -1278856.821
380. Current log-likelihood: -1278856.798
381. Current log-likelihood: -1278856.769
382. Current log-likelihood: -1278856.745
383. Current log-likelihood: -1278856.723
384. Current log-likelihood: -1278856.692
385. Current log-likelihood: -1278856.668
386. Current log-likelihood: -1278856.647
387. Current log-likelihood: -1278856.618
388. Current log-likelihood: -1278856.593
389. Current log-likelihood: -1278856.570
390. Current log-likelihood: -1278856.542
391. Current log-likelihood: -1278856.519
392. Current log-likelihood: -1278856.497
393. Current log-likelihood: -1278856.470
394. Current log-likelihood: -1278856.445
395. Current log-likelihood: -1278856.423
396. Current log-likelihood: -1278856.395
397. Current log-likelihood: -1278856.372
398. Current log-likelihood: -1278856.351
399. Current log-likelihood: -1278856.330
400. Current log-likelihood: -1278856.302
401. Current log-likelihood: -1278856.280
402. Current log-likelihood: -1278856.259
403. Current log-likelihood: -1278856.233
404. Current log-likelihood: -1278856.209
405. Current log-likelihood: -1278856.188
406. Current log-likelihood: -1278856.161
407. Current log-likelihood: -1278856.139
408. Current log-likelihood: -1278856.119
409. Current log-likelihood: -1278856.100
410. Current log-likelihood: -1278856.072
411. Current log-likelihood: -1278856.050
412. Current log-likelihood: -1278856.031
413. Current log-likelihood: -1278856.005
414. Current log-likelihood: -1278855.982
415. Current log-likelihood: -1278855.961
416. Current log-likelihood: -1278855.943
417. Current log-likelihood: -1278855.917
418. Current log-likelihood: -1278855.897
419. Current log-likelihood: -1278855.878
420. Current log-likelihood: -1278855.858
421. Current log-likelihood: -1278855.840
422. Current log-likelihood: -1278855.823
423. Current log-likelihood: -1278855.807
424. Current log-likelihood: -1278855.791
425. Current log-likelihood: -1278855.776
426. Current log-likelihood: -1278855.761
427. Current log-likelihood: -1278855.728
428. Current log-likelihood: -1278855.709
429. Current log-likelihood: -1278855.690
430. Current log-likelihood: -1278855.674
431. Current log-likelihood: -1278855.658
432. Current log-likelihood: -1278855.643
433. Current log-likelihood: -1278855.628
434. Current log-likelihood: -1278855.612
435. Current log-likelihood: -1278855.581
436. Current log-likelihood: -1278855.562
437. Current log-likelihood: -1278855.545
438. Current log-likelihood: -1278855.520
439. Current log-likelihood: -1278855.500
440. Current log-likelihood: -1278855.482
441. Current log-likelihood: -1278855.458
442. Current log-likelihood: -1278855.440
443. Current log-likelihood: -1278855.423
444. Current log-likelihood: -1278855.399
445. Current log-likelihood: -1278855.381
446. Current log-likelihood: -1278855.364
447. Current log-likelihood: -1278855.339
448. Current log-likelihood: -1278855.320
449. Current log-likelihood: -1278855.303
450. Current log-likelihood: -1278855.288
451. Current log-likelihood: -1278855.265
452. Current log-likelihood: -1278855.248
453. Current log-likelihood: -1278855.231
454. Current log-likelihood: -1278855.207
455. Current log-likelihood: -1278855.189
456. Current log-likelihood: -1278855.172
457. Current log-likelihood: -1278855.157
458. Current log-likelihood: -1278855.135
459. Current log-likelihood: -1278855.118
460. Current log-likelihood: -1278855.100
461. Current log-likelihood: -1278855.077
462. Current log-likelihood: -1278855.059
463. Current log-likelihood: -1278855.043
464. Current log-likelihood: -1278855.028
465. Current log-likelihood: -1278855.007
466. Current log-likelihood: -1278854.990
467. Current log-likelihood: -1278854.973
468. Current log-likelihood: -1278854.958
469. Current log-likelihood: -1278854.936
470. Current log-likelihood: -1278854.919
471. Current log-likelihood: -1278854.904
472. Current log-likelihood: -1278854.890
473. Current log-likelihood: -1278854.869
474. Current log-likelihood: -1278854.851
475. Current log-likelihood: -1278854.835
476. Current log-likelihood: -1278854.821
477. Current log-likelihood: -1278854.808
478. Current log-likelihood: -1278854.795
479. Current log-likelihood: -1278854.782
480. Current log-likelihood: -1278854.770
481. Current log-likelihood: -1278854.758
482. Current log-likelihood: -1278854.747
483. Current log-likelihood: -1278854.733
484. Current log-likelihood: -1278854.706
485. Current log-likelihood: -1278854.691
486. Current log-likelihood: -1278854.677
487. Current log-likelihood: -1278854.664
488. Current log-likelihood: -1278854.652
489. Current log-likelihood: -1278854.640
490. Current log-likelihood: -1278854.629
491. Current log-likelihood: -1278854.616
492. Current log-likelihood: -1278854.604
493. Current log-likelihood: -1278854.578
494. Current log-likelihood: -1278854.563
495. Current log-likelihood: -1278854.550
496. Current log-likelihood: -1278854.530
497. Current log-likelihood: -1278854.515
498. Current log-likelihood: -1278854.502
499. Current log-likelihood: -1278854.482
500. Current log-likelihood: -1278854.465
501. Current log-likelihood: -1278854.451
502. Current log-likelihood: -1278854.431
503. Current log-likelihood: -1278854.417
504. Current log-likelihood: -1278854.403
505. Current log-likelihood: -1278854.391
506. Current log-likelihood: -1278854.372
507. Current log-likelihood: -1278854.358
508. Current log-likelihood: -1278854.344
509. Current log-likelihood: -1278854.332
510. Current log-likelihood: -1278854.311
511. Current log-likelihood: -1278854.297
512. Current log-likelihood: -1278854.284
513. Current log-likelihood: -1278854.272
514. Current log-likelihood: -1278854.254
515. Current log-likelihood: -1278854.240
516. Current log-likelihood: -1278854.227
517. Current log-likelihood: -1278854.216
518. Current log-likelihood: -1278854.198
519. Current log-likelihood: -1278854.182
520. Current log-likelihood: -1278854.169
521. Current log-likelihood: -1278854.157
522. Current log-likelihood: -1278854.139
523. Current log-likelihood: -1278854.126
524. Current log-likelihood: -1278854.113
525. Current log-likelihood: -1278854.102
526. Current log-likelihood: -1278854.084
527. Current log-likelihood: -1278854.069
528. Current log-likelihood: -1278854.056
529. Current log-likelihood: -1278854.045
530. Current log-likelihood: -1278854.027
531. Current log-likelihood: -1278854.014
532. Current log-likelihood: -1278854.002
533. Current log-likelihood: -1278853.991
534. Current log-likelihood: -1278853.980
535. Current log-likelihood: -1278853.963
536. Current log-likelihood: -1278853.948
537. Current log-likelihood: -1278853.936
538. Current log-likelihood: -1278853.925
539. Current log-likelihood: -1278853.908
540. Current log-likelihood: -1278853.896
541. Current log-likelihood: -1278853.884
542. Current log-likelihood: -1278853.873
543. Current log-likelihood: -1278853.863
544. Current log-likelihood: -1278853.847
545. Current log-likelihood: -1278853.832
546. Current log-likelihood: -1278853.820
547. Current log-likelihood: -1278853.810
548. Current log-likelihood: -1278853.793
549. Current log-likelihood: -1278853.781
550. Current log-likelihood: -1278853.770
551. Current log-likelihood: -1278853.760
Optimal log-likelihood: -1278853.747
Mixture weights: 0.024 0.000 0.006 0.003 0.015 0.014 0.000 0.012 0.001 0.181 0.039 0.020 0.000 0.006 0.000 0.000 0.055 0.050 0.034 0.002 0.005 0.059 0.001 0.000 0.006 0.000 0.040 0.018 0.000 0.025 0.012 0.014 0.018 0.011 0.030 0.002 0.018 0.069 0.001 0.000 0.000 0.011 0.030 0.000 0.009 0.000 0.000 0.013 0.000 0.000 0.017 0.040 0.000 0.012 0.039 0.000 0.000 0.036 0.002 0.000
Site proportion and rates:  (0.356,0.027) (0.270,0.271) (0.192,0.810) (0.147,2.156) (0.034,12.958)
Parameters optimization took 551 rounds (28070.328 sec)
WARNING: The mixture model might be overfitting because some mixture weights are estimated close to zero
Wrote distance file to... 
BEST SCORE FOUND : -1278853.747
Total tree length: 7.238

Total number of iterations: 0
CPU time used for tree search: 0.000 sec (0h:0m:0s)
Wall-clock time used for tree search: 0.000 sec (0h:0m:0s)
Total CPU time used: 1137948.250 sec (316h:5m:48s)
Total wall-clock time used: 36910110.978 sec (10252h:48m:30s)

Analysis results written to: 
  IQ-TREE report:                butterfly10_c60_opt.iqtree
  Maximum-likelihood tree:       butterfly10_c60_opt.treefile
  Screen log file:               butterfly10_c60_opt.log

Date and Time: Sat Jun 14 11:42:11 2025
