IQ-TREE multicore version 2.4.0 for Linux x86 64-bit built Mar 19 2025
Developed by Bui Quang Minh, Nguyen Lam Tung, Olga Chernomor, Heiko Schmidt,
Dominik Schrempf, Michael Woodhams, Ly Trong Nhan, Thomas Wong

Host:    dayhoff.uds.anu.edu.au (AVX2, FMA3, 1007 GB RAM)
Command: ../../iqtree2 -s 5_concated.nex -m MF -merit AIC -T 30 -mem 120G -pre 5cyanobacteria_c60_init
Seed:    530214 (Using SPRNG - Scalable Parallel Random Number Generator)
Time:    Fri May  9 12:29:32 2025
Kernel:  AVX+FMA - 30 threads (32 CPU cores detected)

Reading alignment file 5_concated.nex ... Nexus format detected
Skipping unknown block (sets)...
Alignment has 5 sequences with 120784 columns, 26790 distinct patterns
12515 parsimony-informative, 43332 singleton sites, 64937 constant sites
                                          Gap/Ambiguity  Composition  p-value
Analyzing sequences: done in 0.0122384 secs using 1909% CPU
   1  Calothrix_sp_NIES_3974                      3.72%    failed      0.00%
   2  Chroococcidiopsis_thermalis_PCC_7203        9.40%    failed      0.00%
   3  Cylindrospermopsis_raciborskii_CS_505_v2    0.76%    failed      0.00%
   4  Rivularia_sp_PCC_7116                       2.04%    failed      0.00%
   5  Synechocystis_sp_PCC_7509                  10.75%    failed      0.00%
****  TOTAL                                       5.33%  5 sequences failed composition chi2 test (p-value<5%; df=19)
NOTE: minimal branch length is reduced to 0.000000827924 for long alignment
Checking for duplicate sequences: done in 0.011916 secs using 2227% CPU


Create initial parsimony tree by phylogenetic likelihood library (PLL)... 0.020 seconds
Perform fast likelihood tree search using LG+I+G model...
Estimate model parameters (epsilon = 5.000)
Perform nearest neighbor interchange...
Optimizing NNI: done in 0.0738682 secs using 2905% CPU
Estimate model parameters (epsilon = 1.000)
1. Initial log-likelihood: -824116.372
Optimal log-likelihood: -824116.126
Proportion of invariable sites: 0.267
Gamma shape alpha: 1.176
Parameters optimization took 1 rounds (0.095 sec)
Time for fast ML tree search: 0.598 seconds

NOTE: ModelFinder requires 207 MB RAM!
ModelFinder will test up to 1232 protein models (sample size: 120784 epsilon: 0.100) ...
 No. Model         -LnL         df  AIC          AICc         BIC
  1  LG            841396.272   7   1682806.544  1682806.545  1682874.456
  2  LG+I          825776.734   8   1651569.467  1651569.468  1651647.081
  3  LG+G4         824182.448   8   1648380.897  1648380.898  1648458.511
  4  LG+I+G4       824113.424   9   1648244.848  1648244.849  1648332.164
  5  LG+R2         824342.192   9   1648702.383  1648702.385  1648789.699
  6  LG+R3         824071.740   11  1648165.480  1648165.482  1648272.199
+R4 reinitialized from +R3 with factor 0.500
+R4 reinitialized from +R3 with factor 0.250
  7  LG+R4         824071.084   13  1648168.168  1648168.171  1648294.291
 14  LG+I+R2       824082.889   10  1648185.777  1648185.779  1648282.795
 15  LG+I+R3       824072.855   12  1648169.710  1648169.712  1648286.131
 16  LG+I+R4       824070.219   14  1648168.439  1648168.442  1648304.263
 17  LG+I+R5       824069.646   16  1648171.292  1648171.297  1648326.520
 28  LG+F+R3       822280.452   30  1644620.905  1644620.920  1644911.958
 29  LG+F+R4       822280.138   32  1644624.276  1644624.293  1644934.732
 37  LG+F+I+R3     822279.707   31  1644621.415  1644621.431  1644922.169
 38  LG+F+I+R4     822279.397   33  1644624.793  1644624.812  1644944.951
 50  WAG+R3        827418.031   11  1654858.062  1654858.064  1654964.782
+R4 reinitialized from +R3 with factor 0.500
+R4 reinitialized from +R3 with factor 0.250
+R4 reinitialized from +R3 with factor 0.125
+R4 reinitialized from +R3 with factor 0.062
+R4 reinitialized from +R3 with factor 0.031
 51  WAG+R4        827418.257   13  1654862.515  1654862.518  1654988.637
 59  WAG+I+R3      827419.131   12  1654862.261  1654862.264  1654978.682
 60  WAG+I+R4      827418.592   14  1654865.183  1654865.187  1655001.008
 72  WAG+F+R3      823672.182   30  1647404.363  1647404.379  1647695.416
+R4 reinitialized from +R3 with factor 0.500
+R4 reinitialized from +R3 with factor 0.250
+R4 reinitialized from +R3 with factor 0.125
+R4 reinitialized from +R3 with factor 0.062
+R4 reinitialized from +R3 with factor 0.031
 73  WAG+F+R4      823672.515   32  1647409.029  1647409.047  1647719.486
 81  WAG+F+I+R3    823670.936   31  1647403.873  1647403.889  1647704.627
 82  WAG+F+I+R4    823670.755   33  1647407.509  1647407.528  1647727.667
 94  JTT+R3        828331.059   11  1656684.119  1656684.121  1656790.838
 95  JTT+R4        828331.100   13  1656688.199  1656688.202  1656814.322
103  JTT+I+R3      828329.415   12  1656682.831  1656682.833  1656799.252
+I+R4 reinitialized from +I+R3 with factor 0.500
+I+R4 reinitialized from +I+R3 with factor 0.250
+I+R4 reinitialized from +I+R3 with factor 0.125
+I+R4 reinitialized from +I+R3 with factor 0.062
+I+R4 reinitialized from +I+R3 with factor 0.031
104  JTT+I+R4      828329.533   14  1656687.066  1656687.069  1656822.891
116  JTT+F+R3      825890.744   30  1651841.489  1651841.504  1652132.541
117  JTT+F+R4      825890.263   32  1651844.527  1651844.544  1652154.983
125  JTT+F+I+R3    825888.599   31  1651839.198  1651839.215  1652139.953
126  JTT+F+I+R4    825888.486   33  1651842.972  1651842.990  1652163.130
138  Q.PFAM+R3     824625.515   11  1649273.030  1649273.033  1649379.750
139  Q.PFAM+R4     824625.464   13  1649276.928  1649276.931  1649403.051
147  Q.PFAM+I+R3   824625.133   12  1649274.266  1649274.269  1649390.687
148  Q.PFAM+I+R4   824625.027   14  1649278.055  1649278.058  1649413.879
160  Q.PFAM+F+R3   823253.944   30  1646567.888  1646567.903  1646858.940
161  Q.PFAM+F+R4   823253.672   32  1646571.343  1646571.361  1646881.800
169  Q.PFAM+F+I+R3 823251.325   31  1646564.650  1646564.667  1646865.405
170  Q.PFAM+F+I+R4 823251.312   33  1646568.624  1646568.643  1646888.782
182  Q.BIRD+R3     838544.001   11  1677110.003  1677110.005  1677216.722
183  Q.BIRD+R4     838543.832   13  1677113.665  1677113.668  1677239.788
191  Q.BIRD+I+R3   838539.443   12  1677102.887  1677102.889  1677219.308
192  Q.BIRD+I+R4   838539.541   14  1677107.082  1677107.085  1677242.907
204  Q.BIRD+F+R3   835375.952   30  1670811.904  1670811.920  1671102.957
205  Q.BIRD+F+R4   835375.967   32  1670815.934  1670815.952  1671126.391
213  Q.BIRD+F+I+R3 835370.389   31  1670802.778  1670802.795  1671103.533
214  Q.BIRD+F+I+R4 835370.459   33  1670806.918  1670806.936  1671127.076
226  Q.MAMMAL+R3   836818.579   11  1673659.158  1673659.160  1673765.877
227  Q.MAMMAL+R4   836818.344   13  1673662.688  1673662.691  1673788.810
235  Q.MAMMAL+I+R3 836817.201   12  1673658.402  1673658.404  1673774.823
236  Q.MAMMAL+I+R4 836817.139   14  1673662.277  1673662.281  1673798.102
248  Q.MAMMAL+F+R3 833124.016   30  1666308.032  1666308.047  1666599.084
249  Q.MAMMAL+F+R4 833123.767   32  1666311.534  1666311.551  1666621.990
257  Q.MAMMAL+F+I+R3 833122.011   31  1666306.022  1666306.039  1666606.777
258  Q.MAMMAL+F+I+R4 833121.994   33  1666309.989  1666310.007  1666630.147
270  Q.INSECT+R3   829026.034   11  1658074.068  1658074.070  1658180.787
271  Q.INSECT+R4   829025.862   13  1658077.724  1658077.727  1658203.847
279  Q.INSECT+I+R3 829025.350   12  1658074.701  1658074.703  1658191.122
280  Q.INSECT+I+R4 829025.015   14  1658078.029  1658078.033  1658213.854
292  Q.INSECT+F+R3 825100.799   30  1650261.598  1650261.614  1650552.651
293  Q.INSECT+F+R4 825100.737   32  1650265.474  1650265.492  1650575.931
301  Q.INSECT+F+I+R3 825099.671   31  1650261.342  1650261.358  1650562.096
302  Q.INSECT+F+I+R4 825099.737   33  1650265.474  1650265.493  1650585.632
314  Q.PLANT+R3    828117.664   11  1656257.327  1656257.330  1656364.047
315  Q.PLANT+R4    828117.741   13  1656261.482  1656261.485  1656387.605
323  Q.PLANT+I+R3  828116.855   12  1656257.711  1656257.713  1656374.132
324  Q.PLANT+I+R4  828116.724   14  1656261.448  1656261.452  1656397.273
336  Q.PLANT+F+R3  825168.614   30  1650397.228  1650397.244  1650688.281
337  Q.PLANT+F+R4  825168.475   32  1650400.951  1650400.968  1650711.407
345  Q.PLANT+F+I+R3 825166.824   31  1650395.648  1650395.665  1650696.403
346  Q.PLANT+F+I+R4 825166.773   33  1650399.547  1650399.565  1650719.705
358  Q.YEAST+R3    828745.629   11  1657513.258  1657513.261  1657619.978
+R4 reinitialized from +R3 with factor 0.500
+R4 reinitialized from +R3 with factor 0.250
+R4 reinitialized from +R3 with factor 0.125
+R4 reinitialized from +R3 with factor 0.062
+R4 reinitialized from +R3 with factor 0.031
359  Q.YEAST+R4    828745.860   13  1657517.721  1657517.724  1657643.843
367  Q.YEAST+I+R3  828745.324   12  1657514.648  1657514.650  1657631.069
368  Q.YEAST+I+R4  828745.237   14  1657518.474  1657518.478  1657654.299
380  Q.YEAST+F+R3  823627.558   30  1647315.116  1647315.131  1647606.169
381  Q.YEAST+F+R4  823627.222   32  1647318.444  1647318.461  1647628.900
389  Q.YEAST+F+I+R3 823625.452   31  1647312.904  1647312.921  1647613.659
390  Q.YEAST+F+I+R4 823625.365   33  1647316.729  1647316.748  1647636.887
402  JTTDCMUT+R3   828230.521   11  1656483.042  1656483.044  1656589.761
403  JTTDCMUT+R4   828230.507   13  1656487.015  1656487.018  1656613.138
411  JTTDCMUT+I+R3 828230.401   12  1656484.803  1656484.805  1656601.224
412  JTTDCMUT+I+R4 828230.417   14  1656488.834  1656488.837  1656624.658
424  JTTDCMUT+F+R3 825704.978   30  1651469.956  1651469.971  1651761.009
425  JTTDCMUT+F+R4 825704.755   32  1651473.511  1651473.528  1651783.967
433  JTTDCMUT+F+I+R3 825703.569   31  1651469.139  1651469.155  1651769.893
+I+R4 reinitialized from +I+R3 with factor 0.500
+I+R4 reinitialized from +I+R3 with factor 0.250
+I+R4 reinitialized from +I+R3 with factor 0.125
+I+R4 reinitialized from +I+R3 with factor 0.062
+I+R4 reinitialized from +I+R3 with factor 0.031
434  JTTDCMUT+F+I+R4 825703.843   33  1651473.686  1651473.705  1651793.844
446  DCMUT+R3      835923.328   11  1671868.656  1671868.658  1671975.375
447  DCMUT+R4      835923.318   13  1671872.636  1671872.639  1671998.759
455  DCMUT+I+R3    835924.956   12  1671873.912  1671873.914  1671990.333
456  DCMUT+I+R4    835924.577   14  1671877.153  1671877.157  1672012.978
468  DCMUT+F+R3    827750.337   30  1655560.674  1655560.689  1655851.727
469  DCMUT+F+R4    827750.343   32  1655564.686  1655564.703  1655875.142
477  DCMUT+F+I+R3  827749.883   31  1655561.765  1655561.781  1655862.520
478  DCMUT+F+I+R4  827749.837   33  1655565.674  1655565.693  1655885.832
490  VT+R3         827926.995   11  1655875.990  1655875.992  1655982.710
491  VT+R4         827926.076   13  1655878.153  1655878.156  1656004.275
499  VT+I+R3       827922.420   12  1655868.841  1655868.843  1655985.262
500  VT+I+R4       827922.029   14  1655872.057  1655872.061  1656007.882
512  VT+F+R3       826622.386   30  1653304.772  1653304.788  1653595.825
513  VT+F+R4       826622.330   32  1653308.660  1653308.678  1653619.116
521  VT+F+I+R3     826617.784   31  1653297.567  1653297.583  1653598.322
522  VT+F+I+R4     826616.948   33  1653299.895  1653299.914  1653620.053
534  PMB+R3        834721.112   11  1669464.223  1669464.225  1669570.942
535  PMB+R4        834720.628   13  1669467.256  1669467.259  1669593.379
543  PMB+I+R3      834721.366   12  1669466.733  1669466.735  1669583.154
544  PMB+I+R4      834720.450   14  1669468.900  1669468.903  1669604.725
556  PMB+F+R3      830689.711   30  1661439.423  1661439.438  1661730.475
557  PMB+F+R4      830689.305   32  1661442.611  1661442.628  1661753.067
565  PMB+F+I+R3    830686.725   31  1661435.451  1661435.467  1661736.205
566  PMB+F+I+R4    830686.188   33  1661438.375  1661438.394  1661758.533
578  BLOSUM62+R3   833850.585   11  1667723.170  1667723.172  1667829.889
579  BLOSUM62+R4   833850.360   13  1667726.721  1667726.724  1667852.844
587  BLOSUM62+I+R3 833846.858   12  1667717.717  1667717.719  1667834.138
588  BLOSUM62+I+R4 833846.509   14  1667721.018  1667721.021  1667856.842
600  BLOSUM62+F+R3 830187.059   30  1660434.117  1660434.133  1660725.170
601  BLOSUM62+F+R4 830187.072   32  1660438.143  1660438.161  1660748.599
609  BLOSUM62+F+I+R3 830181.295   31  1660424.590  1660424.607  1660725.345
610  BLOSUM62+F+I+R4 830181.181   33  1660428.362  1660428.381  1660748.520
622  DAYHOFF+R3    835872.525   11  1671767.050  1671767.052  1671873.769
623  DAYHOFF+R4    835872.393   13  1671770.786  1671770.789  1671896.909
631  DAYHOFF+I+R3  835874.169   12  1671772.339  1671772.341  1671888.760
632  DAYHOFF+I+R4  835873.639   14  1671775.277  1671775.281  1671911.102
644  DAYHOFF+F+R3  827708.826   30  1655477.652  1655477.667  1655768.705
645  DAYHOFF+F+R4  827708.809   32  1655481.618  1655481.635  1655792.074
653  DAYHOFF+F+I+R3 827705.824   31  1655473.648  1655473.665  1655774.403
654  DAYHOFF+F+I+R4 827705.852   33  1655477.703  1655477.722  1655797.861
666  MTREV+R3      864890.583   11  1729803.166  1729803.168  1729909.885
667  MTREV+R4      864889.566   13  1729805.133  1729805.136  1729931.256
675  MTREV+I+R3    864890.333   12  1729804.666  1729804.668  1729921.087
676  MTREV+I+R4    864888.208   14  1729804.416  1729804.420  1729940.241
677  MTREV+I+R5    864887.873   16  1729807.747  1729807.751  1729962.975
688  MTREV+F+R3    828830.514   30  1657721.029  1657721.044  1658012.082
689  MTREV+F+R4    828829.999   32  1657723.997  1657724.015  1658034.453
697  MTREV+F+I+R3  828824.506   31  1657711.012  1657711.029  1658011.767
698  MTREV+F+I+R4  828822.360   33  1657710.721  1657710.739  1658030.879
+I+R5 reinitialized from +I+R4 with factor 0.500
699  MTREV+F+I+R5  828819.044   35  1657708.087  1657708.108  1658047.649
710  MTART+R3      872549.633   11  1745121.267  1745121.269  1745227.986
711  MTART+R4      872549.236   13  1745124.472  1745124.475  1745250.595
719  MTART+I+R3    872494.438   12  1745012.876  1745012.879  1745129.297
+I+R4 reinitialized from +I+R3 with factor 0.500
720  MTART+I+R4    872491.515   14  1745011.031  1745011.034  1745146.855
+I+R5 reinitialized from +I+R4 with factor 0.500
721  MTART+I+R5    872491.459   16  1745014.918  1745014.923  1745170.146
732  MTART+F+R3    832766.502   30  1665593.005  1665593.020  1665884.058
733  MTART+F+R4    832764.910   32  1665593.820  1665593.838  1665904.276
741  MTART+F+I+R3  832689.527   31  1665441.054  1665441.071  1665741.809
742  MTART+F+I+R4  832689.304   33  1665444.607  1665444.626  1665764.765
754  MTZOA+R3      859532.681   11  1719087.361  1719087.363  1719194.081
755  MTZOA+R4      859531.740   13  1719089.480  1719089.483  1719215.602
763  MTZOA+I+R3    859527.914   12  1719079.828  1719079.830  1719196.249
764  MTZOA+I+R4    859526.852   14  1719081.704  1719081.707  1719217.528
776  MTZOA+F+R3    827911.492   30  1655882.983  1655882.999  1656174.036
777  MTZOA+F+R4    827910.119   32  1655884.238  1655884.255  1656194.694
785  MTZOA+F+I+R3  827860.684   31  1655783.368  1655783.385  1656084.123
786  MTZOA+F+I+R4  827860.335   33  1655786.670  1655786.688  1656106.828
798  MTMET+R3      872791.132   11  1745604.264  1745604.266  1745710.983
799  MTMET+R4      872787.878   13  1745601.756  1745601.759  1745727.879
807  MTMET+I+R3    872780.947   12  1745585.893  1745585.896  1745702.314
808  MTMET+I+R4    872780.939   14  1745589.878  1745589.881  1745725.702
820  MTMET+F+R3    830553.623   30  1661167.246  1661167.261  1661458.299
821  MTMET+F+R4    830553.037   32  1661170.074  1661170.091  1661480.530
829  MTMET+F+I+R3  830497.074   31  1661056.148  1661056.165  1661356.903
+I+R4 reinitialized from +I+R3 with factor 0.500
+I+R4 reinitialized from +I+R3 with factor 0.250
830  MTMET+F+I+R4  830497.146   33  1661060.292  1661060.311  1661380.450
842  MTVER+R3      871072.422   11  1742166.843  1742166.846  1742273.563
843  MTVER+R4      871071.831   13  1742169.662  1742169.665  1742295.784
851  MTVER+I+R3    871069.483   12  1742162.966  1742162.968  1742279.387
852  MTVER+I+R4    871065.570   14  1742159.140  1742159.144  1742294.965
853  MTVER+I+R5    871063.306   16  1742158.612  1742158.616  1742313.840
864  MTVER+F+R3    835398.456   30  1670856.912  1670856.927  1671147.964
865  MTVER+F+R4    835397.673   32  1670859.346  1670859.363  1671169.802
873  MTVER+F+I+R3  835355.370   31  1670772.740  1670772.756  1671073.494
874  MTVER+F+I+R4  835353.903   33  1670773.806  1670773.824  1671093.964
886  MTINV+R3      883231.198   11  1766484.397  1766484.399  1766591.116
887  MTINV+R4      883227.326   13  1766480.652  1766480.655  1766606.775
895  MTINV+I+R3    883217.781   12  1766459.563  1766459.565  1766575.984
+I+R4 reinitialized from +I+R3 with factor 0.500
+I+R4 reinitialized from +I+R3 with factor 0.250
+I+R4 reinitialized from +I+R3 with factor 0.125
+I+R4 reinitialized from +I+R3 with factor 0.062
+I+R4 reinitialized from +I+R3 with factor 0.031
WARNING: Log-likelihood -883219 of MTINV+I+R4 worse than MTINV+I+R3 -883218
896  MTINV+I+R4    883219.049   14  1766466.098  1766466.101  1766601.922
908  MTINV+F+R3    827574.276   30  1655208.553  1655208.568  1655499.605
+R4 reinitialized from +R3 with factor 0.500
909  MTINV+F+R4    827569.285   32  1655202.570  1655202.588  1655513.027
917  MTINV+F+I+R3  827554.054   31  1655170.107  1655170.124  1655470.862
918  MTINV+F+I+R4  827553.449   33  1655172.899  1655172.918  1655493.057
930  MTMAM+R3      874093.760   11  1748209.520  1748209.523  1748316.240
931  MTMAM+R4      873952.493   13  1747930.986  1747930.989  1748057.109
939  MTMAM+I+R3    873949.566   12  1747923.132  1747923.135  1748039.553
940  MTMAM+I+R4    873949.508   14  1747927.017  1747927.020  1748062.842
952  MTMAM+F+R3    837967.255   30  1675994.509  1675994.525  1676285.562
953  MTMAM+F+R4    837861.235   32  1675786.469  1675786.487  1676096.926
961  MTMAM+F+I+R3  837863.590   31  1675789.181  1675789.197  1676089.935
962  MTMAM+F+I+R4  837863.137   33  1675792.273  1675792.292  1676112.431
974  FLAVI+R3      850274.013   11  1700570.026  1700570.028  1700676.745
975  FLAVI+R4      850181.299   13  1700388.597  1700388.600  1700514.720
983  FLAVI+I+R3    850183.947   12  1700391.894  1700391.897  1700508.316
984  FLAVI+I+R4    850181.960   14  1700391.920  1700391.924  1700527.745
996  FLAVI+F+R3    842228.227   30  1684516.455  1684516.470  1684807.508
997  FLAVI+F+R4    842144.086   32  1684352.172  1684352.190  1684662.629
1005  FLAVI+F+I+R3  842148.038   31  1684358.076  1684358.092  1684658.830
1006  FLAVI+F+I+R4  842146.196   33  1684358.393  1684358.411  1684678.551
1018  HIVB+R3       837485.928   11  1674993.856  1674993.858  1675100.575
1019  HIVB+R4       837480.176   13  1674986.352  1674986.355  1675112.475
1027  HIVB+I+R3     837481.136   12  1674986.272  1674986.275  1675102.693
1028  HIVB+I+R4     837480.420   14  1674988.840  1674988.844  1675124.665
1040  HIVB+F+R3     834049.802   30  1668159.604  1668159.620  1668450.657
1041  HIVB+F+R4     834043.152   32  1668150.304  1668150.322  1668460.761
1049  HIVB+F+I+R3   834043.990   31  1668149.979  1668149.995  1668450.734
1050  HIVB+F+I+R4   834043.653   33  1668153.306  1668153.325  1668473.464
1062  HIVW+R3       862690.214   11  1725402.428  1725402.430  1725509.147
1063  HIVW+R4       862671.766   13  1725369.533  1725369.536  1725495.656
1071  HIVW+I+R3     862673.088   12  1725370.176  1725370.178  1725486.597
1072  HIVW+I+R4     862672.568   14  1725373.135  1725373.139  1725508.960
1084  HIVW+F+R3     847509.139   30  1695078.277  1695078.293  1695369.330
1085  HIVW+F+R4     847450.157   32  1694964.314  1694964.331  1695274.770
1093  HIVW+F+I+R3   847452.122   31  1694966.244  1694966.261  1695266.999
1094  HIVW+F+I+R4   847450.890   33  1694967.781  1694967.799  1695287.939
1106  FLU+R3        840244.613   11  1680511.226  1680511.228  1680617.945
1107  FLU+R4        840184.979   13  1680395.958  1680395.961  1680522.081
1115  FLU+I+R3      840183.978   12  1680391.955  1680391.958  1680508.376
1116  FLU+I+R4      840183.486   14  1680394.973  1680394.976  1680530.797
1128  FLU+F+R3      831453.114   30  1662966.229  1662966.244  1663257.281
1129  FLU+F+R4      831380.175   32  1662824.350  1662824.368  1663134.806
1137  FLU+F+I+R3    831378.563   31  1662819.126  1662819.142  1663119.881
1138  FLU+F+I+R4    831377.574   33  1662821.148  1662821.167  1663141.306
1150  RTREV+R3      829021.935   11  1658065.869  1658065.871  1658172.589
1151  RTREV+R4      829019.168   13  1658064.336  1658064.339  1658190.459
1159  RTREV+I+R3    829019.341   12  1658062.682  1658062.685  1658179.103
1160  RTREV+I+R4    829019.267   14  1658066.533  1658066.537  1658202.358
1172  RTREV+F+R3    825190.445   30  1650440.890  1650440.905  1650731.943
1173  RTREV+F+R4    825186.111   32  1650436.222  1650436.239  1650746.678
1181  RTREV+F+I+R3  825185.922   31  1650433.843  1650433.860  1650734.598
1182  RTREV+F+I+R4  825185.852   33  1650437.703  1650437.722  1650757.861
1194  CPREV+R3      826181.484   11  1652384.969  1652384.971  1652491.688
1195  CPREV+R4      826180.747   13  1652387.494  1652387.497  1652513.617
1203  CPREV+I+R3    826181.404   12  1652386.808  1652386.811  1652503.229
1204  CPREV+I+R4    826180.557   14  1652389.115  1652389.118  1652524.939
1216  CPREV+F+R3    823323.604   30  1646707.208  1646707.224  1646998.261
+R4 reinitialized from +R3 with factor 0.500
1217  CPREV+F+R4    823323.647   32  1646711.293  1646711.311  1647021.750
1225  CPREV+F+I+R3  823326.314   31  1646714.627  1646714.644  1647015.382
1226  CPREV+F+I+R4  823325.696   33  1646717.393  1646717.411  1647037.551
Akaike Information Criterion:           LG+F+R3
Corrected Akaike Information Criterion: LG+F+R3
Bayesian Information Criterion:         LG+F+R3
Best-fit model: LG+F+R3 chosen according to AIC

All model information printed to 5cyanobacteria_c60_init.model.gz
CPU time for ModelFinder: 86103.327 seconds (23h:55m:3s)
Wall-clock time for ModelFinder: 3590.647 seconds (0h:59m:50s)

NOTE: 62 MB RAM (0 GB) is required!
Estimate model parameters (epsilon = 0.010)
1. Initial log-likelihood: -822341.447
2. Current log-likelihood: -822287.152
3. Current log-likelihood: -822286.017
4. Current log-likelihood: -822285.412
5. Current log-likelihood: -822284.869
6. Current log-likelihood: -822284.379
7. Current log-likelihood: -822283.935
8. Current log-likelihood: -822283.531
9. Current log-likelihood: -822283.168
10. Current log-likelihood: -822282.844
11. Current log-likelihood: -822282.540
12. Current log-likelihood: -822282.276
13. Current log-likelihood: -822282.019
14. Current log-likelihood: -822281.805
15. Current log-likelihood: -822281.599
16. Current log-likelihood: -822281.419
17. Current log-likelihood: -822281.255
18. Current log-likelihood: -822281.105
19. Current log-likelihood: -822280.968
20. Current log-likelihood: -822280.842
21. Current log-likelihood: -822280.726
22. Current log-likelihood: -822280.619
23. Current log-likelihood: -822280.520
24. Current log-likelihood: -822280.428
25. Current log-likelihood: -822280.348
26. Current log-likelihood: -822280.275
27. Current log-likelihood: -822280.206
28. Current log-likelihood: -822280.152
29. Current log-likelihood: -822280.094
30. Current log-likelihood: -822280.050
31. Current log-likelihood: -822279.996
32. Current log-likelihood: -822279.953
33. Current log-likelihood: -822279.921
34. Current log-likelihood: -822279.906
35. Current log-likelihood: -822279.893
36. Current log-likelihood: -822279.881
Optimal log-likelihood: -822279.870
Site proportion and rates:  (0.445,0.066) (0.408,1.085) (0.147,3.596)
Parameters optimization took 36 rounds (3.337 sec)
Wrote distance file to... 
BEST SCORE FOUND : -822279.870
Total tree length: 1.325

Total number of iterations: 0
CPU time used for tree search: 0.000 sec (0h:0m:0s)
Wall-clock time used for tree search: 0.000 sec (0h:0m:0s)
Total CPU time used: 86203.778 sec (23h:56m:43s)
Total wall-clock time used: 3593.998 sec (0h:59m:53s)

Analysis results written to: 
  IQ-TREE report:                5cyanobacteria_c60_init.iqtree
  Tree used for ModelFinder:     5cyanobacteria_c60_init.treefile
  Screen log file:               5cyanobacteria_c60_init.log

Date and Time: Fri May  9 13:29:26 2025
