IQ-TREE multicore version 2.4.0 for Linux x86 64-bit built Mar 19 2025
Developed by Bui Quang Minh, Nguyen Lam Tung, Olga Chernomor, Heiko Schmidt,
Dominik Schrempf, Michael Woodhams, Ly Trong Nhan, Thomas Wong

Host:    dayhoff.uds.anu.edu.au (AVX2, FMA3, 1007 GB RAM)
Command: ../../iqtree2 -s 5_concated.nex -m MF -merit AIC -T 21 -mem 120G -pre 5yeast_c60_init
Seed:    3439 (Using SPRNG - Scalable Parallel Random Number Generator)
Time:    Fri Jun 13 15:29:34 2025
Kernel:  AVX+FMA - 21 threads (22 CPU cores detected)

Reading alignment file 5_concated.nex ... Nexus format detected
Skipping unknown block (sets)...
WARNING: 3624 sites contain only gaps or ambiguous characters.
Alignment has 5 sequences with 189743 columns, 85868 distinct patterns
15574 parsimony-informative, 121029 singleton sites, 53140 constant sites
                                     Gap/Ambiguity  Composition  p-value
Analyzing sequences: done in 0.00721257 secs using 2029% CPU
   1  Candida_apicola                       25.82%    failed      0.00%
   2  Nakaseomyces_castellii                19.27%    failed      0.00%
   3  Schizosaccharomyces_pombe             26.55%    failed      0.00%
   4  yHMPu5000034614_Saturnispora_silvae   18.62%    failed      0.00%
   5  Metschnikowia_bowlesiae               12.95%    failed      0.00%
****  TOTAL                                 20.64%  5 sequences failed composition chi2 test (p-value<5%; df=19)
NOTE: minimal branch length is reduced to 0.000000527029 for long alignment
Checking for duplicate sequences: done in 0.0121579 secs using 1895% CPU


Create initial parsimony tree by phylogenetic likelihood library (PLL)... 0.057 seconds
Perform fast likelihood tree search using LG+I+G model...
Estimate model parameters (epsilon = 5.000)
Perform nearest neighbor interchange...
Optimizing NNI: done in 0.202765 secs using 2091% CPU
Estimate model parameters (epsilon = 1.000)
1. Initial log-likelihood: -1645771.944
2. Current log-likelihood: -1645768.811
3. Current log-likelihood: -1645766.449
4. Current log-likelihood: -1645764.659
5. Current log-likelihood: -1645763.289
6. Current log-likelihood: -1645762.235
Optimal log-likelihood: -1645761.414
Proportion of invariable sites: 0.102
Gamma shape alpha: 1.496
Parameters optimization took 6 rounds (1.188 sec)
Time for fast ML tree search: 3.890 seconds

NOTE: ModelFinder requires 663 MB RAM!
ModelFinder will test up to 1232 protein models (sample size: 189743 epsilon: 0.100) ...
 No. Model         -LnL         df  AIC          AICc         BIC
  1  LG            1674804.956  7   3349623.913  3349623.913  3349694.987
  2  LG+I          1652479.659  8   3304975.318  3304975.318  3305056.545
  3  LG+G4         1646228.445  8   3292472.890  3292472.890  3292554.117
  4  LG+I+G4       1645758.832  9   3291535.665  3291535.665  3291627.045
  5  LG+R2         1646624.007  9   3293266.014  3293266.015  3293357.395
  6  LG+R3         1645769.601  11  3291561.201  3291561.203  3291672.889
  7  LG+R4         1645763.417  13  3291552.834  3291552.836  3291684.829
  8  LG+R5         1645762.520  15  3291555.039  3291555.042  3291707.341
 14  LG+I+R2       1645830.391  10  3291680.782  3291680.783  3291782.316
 15  LG+I+R3       1645771.427  12  3291566.854  3291566.855  3291688.695
 16  LG+I+R4       1645756.102  14  3291540.204  3291540.206  3291682.352
+I+R5 reinitialized from +I+R4 with factor 0.500
+I+R5 reinitialized from +I+R4 with factor 0.250
 17  LG+I+R5       1645756.099  16  3291544.199  3291544.202  3291706.653
 26  LG+F+I+G4     1642534.811  28  3285125.622  3285125.631  3285409.918
 38  LG+F+I+R4     1642531.217  33  3285128.434  3285128.445  3285463.497
 39  LG+F+I+R5     1642530.913  35  3285131.826  3285131.839  3285487.196
 48  WAG+I+G4      1653631.575  9   3307281.151  3307281.152  3307372.532
 60  WAG+I+R4      1653618.326  14  3307264.651  3307264.654  3307406.799
 61  WAG+I+R5      1653618.011  16  3307268.023  3307268.026  3307430.478
 70  WAG+F+I+G4    1646271.739  28  3292599.478  3292599.487  3292883.774
 82  WAG+F+I+R4    1646263.868  33  3292593.737  3292593.748  3292928.800
 83  WAG+F+I+R5    1646263.619  35  3292597.238  3292597.252  3292952.608
 92  JTT+I+G4      1661282.031  9   3322582.062  3322582.063  3322673.443
104  JTT+I+R4      1661231.413  14  3322490.826  3322490.829  3322632.974
105  JTT+I+R5      1661230.805  16  3322493.610  3322493.613  3322656.065
114  JTT+F+I+G4    1654707.607  28  3309471.214  3309471.222  3309755.510
126  JTT+F+I+R4    1654641.187  33  3309348.373  3309348.385  3309683.436
127  JTT+F+I+R5    1654641.116  35  3309352.232  3309352.245  3309707.601
136  Q.PFAM+I+G4   1647245.663  9   3294509.327  3294509.328  3294600.708
148  Q.PFAM+I+R4   1647234.089  14  3294496.179  3294496.181  3294638.327
149  Q.PFAM+I+R5   1647230.673  16  3294493.346  3294493.349  3294655.801
158  Q.PFAM+F+I+G4 1643210.256  28  3286476.511  3286476.520  3286760.807
170  Q.PFAM+F+I+R4 1643196.203  33  3286458.406  3286458.418  3286793.469
171  Q.PFAM+F+I+R5 1643193.076  35  3286456.152  3286456.165  3286811.522
180  Q.BIRD+I+G4   1678387.655  9   3356793.310  3356793.311  3356884.691
192  Q.BIRD+I+R4   1678335.187  14  3356698.374  3356698.376  3356840.522
+I+R5 reinitialized from +I+R4 with factor 0.500
+I+R5 reinitialized from +I+R4 with factor 0.250
+I+R5 reinitialized from +I+R4 with factor 0.125
+I+R5 reinitialized from +I+R4 with factor 0.062
193  Q.BIRD+I+R5   1678335.203  16  3356702.406  3356702.408  3356864.860
202  Q.BIRD+F+I+G4 1671308.217  28  3342672.434  3342672.443  3342956.730
214  Q.BIRD+F+I+R4 1671188.792  33  3342443.584  3342443.596  3342778.647
215  Q.BIRD+F+I+R5 1671188.877  35  3342447.755  3342447.768  3342803.125
224  Q.MAMMAL+I+G4 1674504.061  9   3349026.123  3349026.124  3349117.504
236  Q.MAMMAL+I+R4 1674461.829  14  3348951.659  3348951.661  3349093.807
237  Q.MAMMAL+I+R5 1674461.296  16  3348954.591  3348954.594  3349117.046
246  Q.MAMMAL+F+I+G4 1666094.967  28  3332245.933  3332245.942  3332530.229
258  Q.MAMMAL+F+I+R4 1665976.928  33  3332019.857  3332019.868  3332354.920
259  Q.MAMMAL+F+I+R5 1665976.969  35  3332023.937  3332023.951  3332379.307
268  Q.INSECT+I+G4 1649165.231  9   3298348.463  3298348.463  3298439.843
280  Q.INSECT+I+R4 1649117.171  14  3298262.341  3298262.344  3298404.489
281  Q.INSECT+I+R5 1649117.236  16  3298266.472  3298266.475  3298428.927
290  Q.INSECT+F+I+G4 1648527.193  28  3297110.386  3297110.394  3297394.682
302  Q.INSECT+F+I+R4 1648508.657  33  3297083.314  3297083.326  3297418.377
303  Q.INSECT+F+I+R5 1648508.497  35  3297086.993  3297087.006  3297442.363
312  Q.PLANT+I+G4  1657264.944  9   3314547.888  3314547.889  3314639.269
324  Q.PLANT+I+R4  1657217.225  14  3314462.450  3314462.452  3314604.598
325  Q.PLANT+I+R5  1657217.141  16  3314466.281  3314466.284  3314628.736
334  Q.PLANT+F+I+G4 1655183.090  28  3310422.179  3310422.188  3310706.475
346  Q.PLANT+F+I+R4 1655128.120  33  3310322.241  3310322.253  3310657.304
347  Q.PLANT+F+I+R5 1655127.678  35  3310325.356  3310325.369  3310680.726
356  Q.YEAST+I+G4  1645992.161  9   3292002.322  3292002.323  3292093.703
368  Q.YEAST+I+R4  1645993.543  14  3292015.086  3292015.088  3292157.234
+I+R5 reinitialized from +I+R4 with factor 0.500
369  Q.YEAST+I+R5  1645990.390  16  3292012.780  3292012.783  3292175.235
378  Q.YEAST+F+I+G4 1644641.121  28  3289338.242  3289338.251  3289622.538
390  Q.YEAST+F+I+R4 1644642.629  33  3289351.258  3289351.270  3289686.321
391  Q.YEAST+F+I+R5 1644639.506  35  3289349.013  3289349.026  3289704.383
400  JTTDCMUT+I+G4 1661278.906  9   3322575.811  3322575.812  3322667.192
412  JTTDCMUT+I+R4 1661230.119  14  3322488.237  3322488.240  3322630.385
413  JTTDCMUT+I+R5 1661228.226  16  3322488.452  3322488.455  3322650.907
422  JTTDCMUT+F+I+G4 1654569.419  28  3309194.837  3309194.846  3309479.133
434  JTTDCMUT+F+I+R4 1654503.813  33  3309073.626  3309073.638  3309408.689
435  JTTDCMUT+F+I+R5 1654502.915  35  3309075.831  3309075.844  3309431.201
444  DCMUT+I+G4    1670999.732  9   3342017.464  3342017.465  3342108.845
456  DCMUT+I+R4    1670993.739  14  3342015.478  3342015.481  3342157.626
457  DCMUT+I+R5    1670991.242  16  3342014.484  3342014.487  3342176.939
466  DCMUT+F+I+G4  1654438.769  28  3308933.539  3308933.547  3309217.835
478  DCMUT+F+I+R4  1654429.250  33  3308924.500  3308924.512  3309259.563
479  DCMUT+F+I+R5  1654428.238  35  3308926.477  3308926.490  3309281.847
488  VT+I+G4       1650906.192  9   3301830.384  3301830.385  3301921.765
500  VT+I+R4       1650790.633  14  3301609.265  3301609.268  3301751.413
+I+R5 reinitialized from +I+R4 with factor 0.500
+I+R5 reinitialized from +I+R4 with factor 0.250
+I+R5 reinitialized from +I+R4 with factor 0.125
+I+R5 reinitialized from +I+R4 with factor 0.062
501  VT+I+R5       1650790.643  16  3301613.285  3301613.288  3301775.740
510  VT+F+I+G4     1648106.803  28  3296269.606  3296269.614  3296553.902
522  VT+F+I+R4     1647998.109  33  3296062.218  3296062.230  3296397.281
+I+R5 reinitialized from +I+R4 with factor 0.500
+I+R5 reinitialized from +I+R4 with factor 0.250
+I+R5 reinitialized from +I+R4 with factor 0.125
+I+R5 reinitialized from +I+R4 with factor 0.062
+I+R5 reinitialized from +I+R4 with factor 0.031
523  VT+F+I+R5     1647998.229  35  3296066.459  3296066.472  3296421.829
532  PMB+I+G4      1659639.561  9   3319297.121  3319297.122  3319388.502
544  PMB+I+R4      1659435.749  14  3318899.498  3318899.500  3319041.646
545  PMB+I+R5      1659435.609  16  3318903.217  3318903.220  3319065.672
554  PMB+F+I+G4    1651621.793  28  3303299.586  3303299.595  3303583.882
566  PMB+F+I+R4    1651508.620  33  3303083.239  3303083.251  3303418.302
+I+R5 reinitialized from +I+R4 with factor 0.500
+I+R5 reinitialized from +I+R4 with factor 0.250
567  PMB+F+I+R5    1651508.510  35  3303087.021  3303087.034  3303442.391
576  BLOSUM62+I+G4 1656696.641  9   3313411.282  3313411.283  3313502.663
588  BLOSUM62+I+R4 1656534.655  14  3313097.310  3313097.312  3313239.458
+I+R5 reinitialized from +I+R4 with factor 0.500
+I+R5 reinitialized from +I+R4 with factor 0.250
+I+R5 reinitialized from +I+R4 with factor 0.125
+I+R5 reinitialized from +I+R4 with factor 0.062
+I+R5 reinitialized from +I+R4 with factor 0.031
589  BLOSUM62+I+R5 1656534.810  16  3313101.619  3313101.622  3313264.074
598  BLOSUM62+F+I+G4 1650023.294  28  3300102.589  3300102.597  3300386.885
610  BLOSUM62+F+I+R4 1649922.648  33  3299911.297  3299911.309  3300246.360
611  BLOSUM62+F+I+R5 1649922.286  35  3299914.573  3299914.586  3300269.943
620  DAYHOFF+I+G4  1670985.204  9   3341988.409  3341988.410  3342079.789
632  DAYHOFF+I+R4  1670961.809  14  3341951.618  3341951.621  3342093.766
633  DAYHOFF+I+R5  1670957.310  16  3341946.621  3341946.624  3342109.075
642  DAYHOFF+F+I+G4 1654416.895  28  3308889.789  3308889.798  3309174.085
654  DAYHOFF+F+I+R4 1654393.524  33  3308853.049  3308853.060  3309188.112
655  DAYHOFF+F+I+R5 1654360.876  35  3308791.752  3308791.765  3309147.122
664  MTREV+I+G4    1739497.098  9   3479012.197  3479012.197  3479103.577
676  MTREV+I+R4    1739154.429  14  3478336.857  3478336.860  3478479.005
+I+R5 reinitialized from +I+R4 with factor 0.500
677  MTREV+I+R5    1739154.015  16  3478340.031  3478340.034  3478502.486
686  MTREV+F+I+G4  1661720.900  28  3323497.800  3323497.809  3323782.096
698  MTREV+F+I+R4  1661709.796  33  3323485.591  3323485.603  3323820.654
699  MTREV+F+I+R5  1661709.170  35  3323488.339  3323488.353  3323843.709
708  MTART+I+G4    1741676.652  9   3483371.304  3483371.305  3483462.685
720  MTART+I+R4    1741102.620  14  3482233.240  3482233.242  3482375.388
721  MTART+I+R5    1741022.141  16  3482076.282  3482076.285  3482238.737
730  MTART+F+I+G4  1662088.738  28  3324233.477  3324233.485  3324517.773
742  MTART+F+I+R4  1661947.851  33  3323961.701  3323961.713  3324296.764
743  MTART+F+I+R5  1661943.775  35  3323957.550  3323957.564  3324312.920
752  MTZOA+I+G4    1723073.355  9   3446164.711  3446164.711  3446256.091
764  MTZOA+I+R4    1722256.529  14  3444541.059  3444541.061  3444683.207
765  MTZOA+I+R5    1722253.264  16  3444538.529  3444538.531  3444700.983
774  MTZOA+F+I+G4  1655091.228  28  3310238.455  3310238.464  3310522.751
786  MTZOA+F+I+R4  1655042.018  33  3310150.037  3310150.048  3310485.100
787  MTZOA+F+I+R5  1655039.478  35  3310148.956  3310148.970  3310504.326
796  MTMET+I+G4    1738530.768  9   3477079.536  3477079.537  3477170.916
808  MTMET+I+R4    1737121.531  14  3474271.062  3474271.064  3474413.210
+I+R5 reinitialized from +I+R4 with factor 0.500
809  MTMET+I+R5    1737121.362  16  3474274.723  3474274.726  3474437.178
818  MTMET+F+I+G4  1662095.137  28  3324246.274  3324246.283  3324530.570
830  MTMET+F+I+R4  1662052.438  33  3324170.876  3324170.888  3324505.939
+I+R5 reinitialized from +I+R4 with factor 0.500
831  MTMET+F+I+R5  1662049.027  35  3324168.054  3324168.067  3324523.424
840  MTVER+I+G4    1753729.596  9   3507477.192  3507477.192  3507568.572
852  MTVER+I+R4    1752274.236  14  3504576.472  3504576.474  3504718.620
853  MTVER+I+R5    1752272.699  16  3504577.399  3504577.402  3504739.854
862  MTVER+F+I+G4  1673490.289  28  3347036.578  3347036.587  3347320.874
874  MTVER+F+I+R4  1673446.444  33  3346958.888  3346958.900  3347293.951
+I+R5 reinitialized from +I+R4 with factor 0.500
875  MTVER+F+I+R5  1673441.545  35  3346953.089  3346953.103  3347308.459
884  MTINV+I+G4    1750882.249  9   3501782.497  3501782.498  3501873.878
896  MTINV+I+R4    1749694.257  14  3499416.514  3499416.516  3499558.662
897  MTINV+I+R5    1749694.320  16  3499420.640  3499420.643  3499583.094
906  MTINV+F+I+G4  1655806.731  28  3311669.463  3311669.471  3311953.759
918  MTINV+F+I+R4  1655790.771  33  3311647.542  3311647.554  3311982.605
+I+R5 reinitialized from +I+R4 with factor 0.500
919  MTINV+F+I+R5  1655788.953  35  3311647.906  3311647.920  3312003.276
928  MTMAM+I+G4    1755507.646  9   3511033.293  3511033.294  3511124.673
940  MTMAM+I+R4    1754790.431  14  3509608.863  3509608.865  3509751.011
941  MTMAM+I+R5    1754781.286  16  3509594.571  3509594.574  3509757.026
950  MTMAM+F+I+G4  1676509.367  28  3353074.734  3353074.743  3353359.030
962  MTMAM+F+I+R4  1676392.451  33  3352850.903  3352850.914  3353185.966
+I+R5 reinitialized from +I+R4 with factor 0.500
963  MTMAM+F+I+R5  1676385.203  35  3352840.405  3352840.418  3353195.775
972  FLAVI+I+G4    1704126.143  9   3408270.286  3408270.287  3408361.667
984  FLAVI+I+R4    1704036.092  14  3408100.183  3408100.185  3408242.331
985  FLAVI+I+R5    1704032.910  16  3408097.820  3408097.823  3408260.275
994  FLAVI+F+I+G4  1683110.667  28  3366277.334  3366277.343  3366561.630
1006  FLAVI+F+I+R4  1683092.292  33  3366250.584  3366250.596  3366585.647
1007  FLAVI+F+I+R5  1683091.256  35  3366252.512  3366252.525  3366607.882
1016  HIVB+I+G4     1682731.804  9   3365481.607  3365481.608  3365572.988
1028  HIVB+I+R4     1682691.409  14  3365410.818  3365410.820  3365552.966
1029  HIVB+I+R5     1682690.725  16  3365413.450  3365413.452  3365575.904
1038  HIVB+F+I+G4   1667365.315  28  3334786.630  3334786.638  3335070.926
1050  HIVB+F+I+R4   1667307.999  33  3334681.997  3334682.009  3335017.060
1051  HIVB+F+I+R5   1667307.458  35  3334684.916  3334684.929  3335040.286
1060  HIVW+I+G4     1731886.686  9   3463791.372  3463791.373  3463882.753
1072  HIVW+I+R4     1731355.658  14  3462739.317  3462739.319  3462881.465
1073  HIVW+I+R5     1731352.776  16  3462737.553  3462737.556  3462900.008
1082  HIVW+F+I+G4   1694266.041  28  3388588.083  3388588.091  3388872.379
1094  HIVW+F+I+R4   1693710.064  33  3387486.128  3387486.140  3387821.191
1095  HIVW+F+I+R5   1693710.039  35  3387490.078  3387490.091  3387845.448
1104  FLU+I+G4      1677578.352  9   3355174.705  3355174.706  3355266.085
1116  FLU+I+R4      1676615.461  14  3353258.922  3353258.924  3353401.070
+I+R5 reinitialized from +I+R4 with factor 0.500
1117  FLU+I+R5      1676614.350  16  3353260.700  3353260.702  3353423.154
1126  FLU+F+I+G4    1664331.253  28  3328718.506  3328718.515  3329002.802
1138  FLU+F+I+R4    1663138.950  33  3326343.900  3326343.912  3326678.963
+I+R5 reinitialized from +I+R4 with factor 0.500
1139  FLU+F+I+R5    1663138.602  35  3326347.204  3326347.217  3326702.574
1148  RTREV+I+G4    1660574.598  9   3321167.197  3321167.198  3321258.578
1160  RTREV+I+R4    1660519.783  14  3321067.567  3321067.569  3321209.715
1161  RTREV+I+R5    1660518.897  16  3321069.794  3321069.797  3321232.249
1170  RTREV+F+I+G4  1644403.806  28  3288863.613  3288863.621  3289147.909
1182  RTREV+F+I+R4  1644387.616  33  3288841.232  3288841.244  3289176.296
1183  RTREV+F+I+R5  1644386.613  35  3288843.226  3288843.239  3289198.596
1192  CPREV+I+G4    1661282.396  9   3322582.793  3322582.794  3322674.174
1204  CPREV+I+R4    1661283.766  14  3322595.531  3322595.533  3322737.679
1205  CPREV+I+R5    1661282.607  16  3322597.215  3322597.218  3322759.670
1214  CPREV+F+I+G4  1652266.489  28  3304588.977  3304588.986  3304873.273
1226  CPREV+F+I+R4  1652280.294  33  3304626.588  3304626.600  3304961.651
1227  CPREV+F+I+R5  1652275.410  35  3304620.820  3304620.834  3304976.190
Akaike Information Criterion:           LG+F+I+G4
Corrected Akaike Information Criterion: LG+F+I+G4
Bayesian Information Criterion:         LG+F+I+G4
Best-fit model: LG+F+I+G4 chosen according to AIC

All model information printed to 5yeast_c60_init.model.gz
CPU time for ModelFinder: 75490.908 seconds (20h:58m:10s)
Wall-clock time for ModelFinder: 3608.989 seconds (1h:0m:8s)

NOTE: 265 MB RAM (0 GB) is required!
Estimate model parameters (epsilon = 0.010)
Thoroughly optimizing +I+G parameters from 10 start values...
Init pinv, alpha: 0.000, 1.603 / Estimate: 0.000, 0.885 / LogL: -1643004.750
Init pinv, alpha: 0.031, 1.603 / Estimate: 0.098, 1.417 / LogL: -1642534.881
Init pinv, alpha: 0.062, 1.603 / Estimate: 0.098, 1.416 / LogL: -1642534.886
Init pinv, alpha: 0.093, 1.603 / Estimate: 0.098, 1.417 / LogL: -1642534.882
Init pinv, alpha: 0.124, 1.603 / Estimate: 0.099, 1.432 / LogL: -1642534.864
Init pinv, alpha: 0.156, 1.603 / Estimate: 0.099, 1.431 / LogL: -1642534.856
Init pinv, alpha: 0.187, 1.603 / Estimate: 0.099, 1.432 / LogL: -1642534.864
Init pinv, alpha: 0.218, 1.603 / Estimate: 0.099, 1.432 / LogL: -1642534.870
Init pinv, alpha: 0.249, 1.603 / Estimate: 0.099, 1.432 / LogL: -1642534.861
Init pinv, alpha: 0.280, 1.603 / Estimate: 0.099, 1.432 / LogL: -1642534.865
Optimal pinv,alpha: 0.099, 1.431 / LogL: -1642534.856

Parameters optimization took 84.949 sec
Wrote distance file to... 
BEST SCORE FOUND : -1642534.856
Total tree length: 4.478

Total number of iterations: 0
CPU time used for tree search: 0.000 sec (0h:0m:0s)
Wall-clock time used for tree search: 0.000 sec (0h:0m:0s)
Total CPU time used: 77273.782 sec (21h:27m:53s)
Total wall-clock time used: 3693.969 sec (1h:1m:33s)

Analysis results written to: 
  IQ-TREE report:                5yeast_c60_init.iqtree
  Tree used for ModelFinder:     5yeast_c60_init.treefile
  Screen log file:               5yeast_c60_init.log

Date and Time: Fri Jun 13 16:31:08 2025
