IQ-TREE multicore version 2.4.0 for Linux x86 64-bit built Mar 19 2025
Developed by Bui Quang Minh, Nguyen Lam Tung, Olga Chernomor, Heiko Schmidt,
Dominik Schrempf, Michael Woodhams, Ly Trong Nhan, Thomas Wong

Host:    dayhoff.uds.anu.edu.au (AVX2, FMA3, 1007 GB RAM)
Command: ../../iqtree2 -s 20_concated.nex -m MF -merit AIC -T 50 -mem 120G -pre 20avian_c60_init
Seed:    879185 (Using SPRNG - Scalable Parallel Random Number Generator)
Time:    Tue May  6 13:43:52 2025
Kernel:  AVX+FMA - 50 threads (52 CPU cores detected)

Reading alignment file 20_concated.nex ... Nexus format detected
Skipping unknown block (sets)...
WARNING: 32586 sites contain only gaps or ambiguous characters.
Alignment has 20 sequences with 268838 columns, 69113 distinct patterns
32014 parsimony-informative, 32796 singleton sites, 204028 constant sites
        Gap/Ambiguity  Composition  p-value
Analyzing sequences: done in 0.0120732 secs using 4402% CPU
   1  ANAPLA   33.17%    passed     79.92%
   2  APTHAA   33.08%    failed      0.38%
   3  CALSQU   28.06%    passed     67.73%
   4  CAMPRO   34.44%    passed     89.21%
   5  CENUNI   33.74%    passed     98.41%
   6  CORBRA   36.11%    failed      0.01%
   7  CRYCIN   34.35%    passed      9.47%
   8  FALPER   32.01%    passed      8.58%
   9  HALALB   28.73%    passed     98.24%
  10  JUNHYE   36.20%    failed      0.00%
  11  LOXCUR   31.75%    passed     24.37%
  12  NANAUR   29.66%    passed     99.57%
  13  NOTORN   36.15%    passed     21.18%
  14  NYCSEM   32.48%    passed     76.21%
  15  PATFAS   31.50%    passed     69.42%
  16  PROATE   39.01%    passed     36.09%
  17  SAXMAU   32.39%    passed      5.01%
  18  TRILEU   39.50%    failed      0.05%
  19  URILOM   28.82%    passed     99.03%
  20  ZOSLAT   37.54%    failed      0.00%
****  TOTAL    33.43%  5 sequences failed composition chi2 test (p-value<5%; df=19)
NOTE: minimal branch length is reduced to 0.000000371971 for long alignment
Checking for duplicate sequences: done in 0.0119602 secs using 4618% CPU


Create initial parsimony tree by phylogenetic likelihood library (PLL)... 0.179 seconds
Perform fast likelihood tree search using LG+I+G model...
Estimate model parameters (epsilon = 5.000)
Perform nearest neighbor interchange...
Optimizing NNI: done in 1.82344 secs using 4986% CPU
Estimate model parameters (epsilon = 1.000)
1. Initial log-likelihood: -1578853.776
2. Current log-likelihood: -1578850.034
3. Current log-likelihood: -1578846.446
4. Current log-likelihood: -1578842.944
5. Current log-likelihood: -1578839.551
6. Current log-likelihood: -1578836.284
7. Current log-likelihood: -1578833.148
8. Current log-likelihood: -1578830.144
9. Current log-likelihood: -1578827.267
10. Current log-likelihood: -1578824.515
11. Current log-likelihood: -1578821.884
12. Current log-likelihood: -1578819.369
13. Current log-likelihood: -1578816.968
14. Current log-likelihood: -1578814.676
15. Current log-likelihood: -1578812.490
16. Current log-likelihood: -1578810.406
17. Current log-likelihood: -1578808.421
18. Current log-likelihood: -1578806.531
19. Current log-likelihood: -1578804.732
20. Current log-likelihood: -1578803.021
21. Current log-likelihood: -1578801.395
22. Current log-likelihood: -1578799.850
23. Current log-likelihood: -1578798.383
24. Current log-likelihood: -1578796.991
25. Current log-likelihood: -1578795.670
26. Current log-likelihood: -1578794.418
27. Current log-likelihood: -1578793.232
28. Current log-likelihood: -1578792.109
29. Current log-likelihood: -1578791.046
30. Current log-likelihood: -1578790.040
Optimal log-likelihood: -1578788.968
Proportion of invariable sites: 0.424
Gamma shape alpha: 0.618
Parameters optimization took 30 rounds (45.708 sec)
Time for fast ML tree search: 50.082 seconds

NOTE: ModelFinder requires 2136 MB RAM!
ModelFinder will test up to 1232 protein models (sample size: 268838 epsilon: 0.100) ...
 No. Model         -LnL         df  AIC          AICc         BIC
  1  LG            1647262.243  37  3294598.487  3294598.497  3294987.056
  2  LG+I          1588638.372  38  3177352.745  3177352.756  3177751.816
  3  LG+G4         1580858.027  38  3161792.053  3161792.064  3162191.124
  4  LG+I+G4       1578775.416  39  3157628.833  3157628.844  3158038.405
  5  LG+R2         1580676.667  39  3161431.335  3161431.346  3161840.907
  6  LG+R3         1577906.560  41  3155895.120  3155895.132  3156325.696
  7  LG+R4         1577733.992  43  3155553.984  3155553.998  3156005.564
+R5 reinitialized from +R4 with factor 0.500
  8  LG+R5         1577733.977  45  3155557.954  3155557.970  3156030.538
 14  LG+I+R2       1578311.266  40  3156702.532  3156702.545  3157122.607
 15  LG+I+R3       1577742.808  42  3155569.615  3155569.629  3156010.693
 16  LG+I+R4       1577728.668  44  3155545.335  3155545.350  3156007.417
 17  LG+I+R5       1577725.918  46  3155543.837  3155543.853  3156026.922
 18  LG+I+R6       1577723.852  48  3155543.703  3155543.721  3156047.793
+I+R7 reinitialized from +I+R6 with factor 0.500
 19  LG+I+R7       1577723.326  50  3155546.653  3155546.672  3156071.746
 38  LG+F+I+R4     1573309.159  63  3146744.318  3146744.348  3147405.936
 39  LG+F+I+R5     1573306.181  65  3146742.362  3146742.394  3147424.983
 40  LG+F+I+R6     1573304.252  67  3146742.505  3146742.539  3147446.130
 60  WAG+I+R4      1573749.589  44  3147587.178  3147587.193  3148049.260
 61  WAG+I+R5      1573749.394  46  3147590.787  3147590.804  3148073.873
 82  WAG+F+I+R4    1571870.917  63  3143867.835  3143867.865  3144529.452
 83  WAG+F+I+R5    1571870.200  65  3143870.401  3143870.433  3144553.022
104  JTT+I+R4      1547732.771  44  3095553.542  3095553.557  3096015.625
105  JTT+I+R5      1547731.374  46  3095554.748  3095554.764  3096037.834
126  JTT+F+I+R4    1546839.939  63  3093805.878  3093805.908  3094467.495
127  JTT+F+I+R5    1546838.368  65  3093806.735  3093806.767  3094489.356
148  Q.PFAM+I+R4   1575869.650  44  3151827.299  3151827.314  3152289.381
149  Q.PFAM+I+R5   1575867.238  46  3151826.477  3151826.493  3152309.563
150  Q.PFAM+I+R6   1575866.209  48  3151828.417  3151828.435  3152332.507
170  Q.PFAM+F+I+R4 1571708.178  63  3143542.355  3143542.385  3144203.972
171  Q.PFAM+F+I+R5 1571705.698  65  3143541.396  3143541.428  3144224.018
172  Q.PFAM+F+I+R6 1571704.676  67  3143543.351  3143543.385  3144246.976
192  Q.BIRD+I+R4   1530930.552  44  3061949.105  3061949.119  3062411.187
193  Q.BIRD+I+R5   1530924.484  46  3061940.968  3061940.984  3062424.054
194  Q.BIRD+I+R6   1530921.034  48  3061938.068  3061938.086  3062442.158
195  Q.BIRD+I+R7   1530919.653  50  3061939.305  3061939.324  3062464.398
214  Q.BIRD+F+I+R4 1531135.825  63  3062397.649  3062397.679  3063059.266
215  Q.BIRD+F+I+R5 1531130.215  65  3062390.430  3062390.462  3063073.052
216  Q.BIRD+F+I+R6 1531126.878  67  3062387.755  3062387.789  3063091.380
217  Q.BIRD+F+I+R7 1531125.518  69  3062389.036  3062389.072  3063113.665
236  Q.MAMMAL+I+R4 1534515.819  44  3069119.638  3069119.653  3069581.720
237  Q.MAMMAL+I+R5 1534512.082  46  3069116.164  3069116.180  3069599.250
238  Q.MAMMAL+I+R6 1534510.023  48  3069116.046  3069116.064  3069620.136
239  Q.MAMMAL+I+R7 1534509.321  50  3069118.642  3069118.661  3069643.735
258  Q.MAMMAL+F+I+R4 1534836.830  63  3069799.659  3069799.689  3070461.277
259  Q.MAMMAL+F+I+R5 1534833.293  65  3069796.587  3069796.619  3070479.208
260  Q.MAMMAL+F+I+R6 1534831.371  67  3069796.743  3069796.777  3070500.368
280  Q.INSECT+I+R4 1573675.981  44  3147439.963  3147439.977  3147902.045
281  Q.INSECT+I+R5 1573671.757  46  3147435.515  3147435.531  3147918.600
282  Q.INSECT+I+R6 1573669.867  48  3147435.735  3147435.752  3147939.824
302  Q.INSECT+F+I+R4 1561940.980  63  3124007.959  3124007.989  3124669.577
303  Q.INSECT+F+I+R5 1561937.510  65  3124005.020  3124005.052  3124687.641
304  Q.INSECT+F+I+R6 1561935.746  67  3124005.492  3124005.525  3124709.116
324  Q.PLANT+I+R4  1548078.614  44  3096245.228  3096245.243  3096707.310
325  Q.PLANT+I+R5  1548071.072  46  3096234.144  3096234.160  3096717.230
326  Q.PLANT+I+R6  1548067.647  48  3096231.294  3096231.311  3096735.383
327  Q.PLANT+I+R7  1548066.232  50  3096232.465  3096232.484  3096757.558
346  Q.PLANT+F+I+R4 1543175.536  63  3086477.071  3086477.101  3087138.689
347  Q.PLANT+F+I+R5 1543168.870  65  3086467.740  3086467.772  3087150.361
348  Q.PLANT+F+I+R6 1543165.533  67  3086465.067  3086465.101  3087168.692
349  Q.PLANT+F+I+R7 1543164.072  69  3086466.144  3086466.180  3087190.773
368  Q.YEAST+I+R4  1585665.929  44  3171419.859  3171419.873  3171881.941
369  Q.YEAST+I+R5  1585661.719  46  3171415.437  3171415.453  3171898.523
370  Q.YEAST+I+R6  1585659.731  48  3171415.463  3171415.480  3171919.552
390  Q.YEAST+F+I+R4 1569167.098  63  3138460.197  3138460.227  3139121.814
391  Q.YEAST+F+I+R5 1569163.275  65  3138456.549  3138456.581  3139139.170
392  Q.YEAST+F+I+R6 1569161.229  67  3138456.458  3138456.492  3139160.083
393  Q.YEAST+F+I+R7 1569160.414  69  3138458.829  3138458.865  3139183.457
412  JTTDCMUT+I+R4 1548572.230  44  3097232.459  3097232.474  3097694.541
413  JTTDCMUT+I+R5 1548570.793  46  3097233.586  3097233.602  3097716.671
434  JTTDCMUT+F+I+R4 1547690.677  63  3095507.354  3095507.384  3096168.972
435  JTTDCMUT+F+I+R5 1547689.207  65  3095508.415  3095508.447  3096191.036
456  DCMUT+I+R4    1577691.114  44  3155470.227  3155470.242  3155932.309
457  DCMUT+I+R5    1577678.633  46  3155449.267  3155449.283  3155932.352
458  DCMUT+I+R6    1577672.574  48  3155441.147  3155441.165  3155945.237
459  DCMUT+I+R7    1577669.370  50  3155438.740  3155438.759  3155963.833
478  DCMUT+F+I+R4  1572936.498  63  3145998.995  3145999.025  3146660.612
479  DCMUT+F+I+R5  1572926.448  65  3145982.895  3145982.927  3146665.517
480  DCMUT+F+I+R6  1572921.526  67  3145977.053  3145977.087  3146680.678
481  DCMUT+F+I+R7  1572919.002  69  3145976.003  3145976.039  3146700.632
500  VT+I+R4       1575154.865  44  3150397.730  3150397.745  3150859.812
501  VT+I+R5       1575154.570  46  3150401.140  3150401.156  3150884.225
522  VT+F+I+R4     1573125.229  63  3146376.457  3146376.487  3147038.075
523  VT+F+I+R5     1573125.003  65  3146380.007  3146380.039  3147062.628
544  PMB+I+R4      1596306.535  44  3192701.070  3192701.085  3193163.152
545  PMB+I+R5      1596306.140  46  3192704.279  3192704.295  3193187.365
566  PMB+F+I+R4    1594448.875  63  3189023.750  3189023.780  3189685.368
567  PMB+F+I+R5    1594448.427  65  3189026.854  3189026.886  3189709.475
588  BLOSUM62+I+R4 1602101.455  44  3204290.911  3204290.925  3204752.993
589  BLOSUM62+I+R5 1602101.473  46  3204294.947  3204294.963  3204778.033
610  BLOSUM62+F+I+R4 1597335.098  63  3194796.195  3194796.225  3195457.813
611  BLOSUM62+F+I+R5 1597334.875  65  3194799.749  3194799.781  3195482.370
632  DAYHOFF+I+R4  1577520.318  44  3155128.637  3155128.652  3155590.719
633  DAYHOFF+I+R5  1577509.915  46  3155111.829  3155111.845  3155594.915
634  DAYHOFF+I+R6  1577506.916  48  3155109.832  3155109.849  3155613.921
635  DAYHOFF+I+R7  1577503.562  50  3155107.124  3155107.143  3155632.217
654  DAYHOFF+F+I+R4 1572787.056  63  3145700.112  3145700.142  3146361.729
655  DAYHOFF+F+I+R5 1572778.549  65  3145687.098  3145687.130  3146369.719
656  DAYHOFF+F+I+R6 1572776.280  67  3145686.560  3145686.594  3146390.185
657  DAYHOFF+F+I+R7 1572773.688  69  3145685.377  3145685.413  3146410.005
676  MTREV+I+R4    1636473.328  44  3273034.656  3273034.670  3273496.738
677  MTREV+I+R5    1636466.634  46  3273025.267  3273025.283  3273508.353
+I+R6 reinitialized from +I+R5 with factor 0.500
678  MTREV+I+R6    1636461.670  48  3273019.340  3273019.357  3273523.429
+I+R7 reinitialized from +I+R6 with factor 0.500
679  MTREV+I+R7    1636457.545  50  3273015.090  3273015.109  3273540.183
698  MTREV+F+I+R4  1572004.713  63  3144135.426  3144135.456  3144797.044
699  MTREV+F+I+R5  1572001.465  65  3144132.929  3144132.961  3144815.550
700  MTREV+F+I+R6  1571998.823  67  3144131.647  3144131.680  3144835.271
701  MTREV+F+I+R7  1571996.698  69  3144131.395  3144131.431  3144856.024
720  MTART+I+R4    1671358.227  44  3342804.453  3342804.468  3343266.535
721  MTART+I+R5    1671199.246  46  3342490.493  3342490.509  3342973.579
+I+R6 reinitialized from +I+R5 with factor 0.500
722  MTART+I+R6    1671190.886  48  3342477.772  3342477.790  3342981.862
+I+R7 reinitialized from +I+R6 with factor 0.500
723  MTART+I+R7    1671175.778  50  3342451.556  3342451.575  3342976.649
742  MTART+F+I+R4  1604876.271  63  3209878.542  3209878.572  3210540.160
743  MTART+F+I+R5  1604814.568  65  3209759.135  3209759.167  3210441.756
744  MTART+F+I+R6  1604807.507  67  3209749.013  3209749.047  3210452.638
745  MTART+F+I+R7  1604797.096  69  3209732.191  3209732.227  3210456.820
764  MTZOA+I+R4    1634317.606  44  3268723.211  3268723.226  3269185.293
765  MTZOA+I+R5    1634265.223  46  3268622.447  3268622.463  3269105.532
766  MTZOA+I+R6    1634264.518  48  3268625.035  3268625.053  3269129.125
786  MTZOA+F+I+R4  1582343.065  63  3164812.129  3164812.159  3165473.747
787  MTZOA+F+I+R5  1582320.544  65  3164771.087  3164771.119  3165453.708
788  MTZOA+F+I+R6  1582318.814  67  3164771.628  3164771.662  3165475.253
808  MTMET+I+R4    1630665.430  44  3261418.861  3261418.876  3261880.943
809  MTMET+I+R5    1630642.371  46  3261376.743  3261376.759  3261859.828
810  MTMET+I+R6    1630641.988  48  3261379.975  3261379.993  3261884.065
830  MTMET+F+I+R4  1555007.288  63  3110140.576  3110140.606  3110802.193
831  MTMET+F+I+R5  1554997.445  65  3110124.891  3110124.923  3110807.512
832  MTMET+F+I+R6  1554996.345  67  3110126.691  3110126.725  3110830.316
852  MTVER+I+R4    1623055.813  44  3246199.626  3246199.641  3246661.709
853  MTVER+I+R5    1623009.123  46  3246110.245  3246110.261  3246593.331
854  MTVER+I+R6    1623007.933  48  3246111.866  3246111.883  3246615.955
874  MTVER+F+I+R4  1553986.353  63  3108098.707  3108098.737  3108760.324
875  MTVER+F+I+R5  1553967.687  65  3108065.374  3108065.406  3108747.995
876  MTVER+F+I+R6  1553966.736  67  3108067.472  3108067.506  3108771.097
896  MTINV+I+R4    1661975.912  44  3324039.824  3324039.839  3324501.906
897  MTINV+I+R5    1661963.503  46  3324019.006  3324019.022  3324502.091
898  MTINV+I+R6    1661963.161  48  3324022.323  3324022.340  3324526.412
918  MTINV+F+I+R4  1564455.437  63  3129036.874  3129036.904  3129698.492
919  MTINV+F+I+R5  1564446.381  65  3129022.762  3129022.794  3129705.383
920  MTINV+F+I+R6  1564445.314  67  3129024.629  3129024.662  3129728.253
940  MTMAM+I+R4    1638638.233  44  3277364.466  3277364.480  3277826.548
941  MTMAM+I+R5    1638521.910  46  3277135.821  3277135.837  3277618.906
942  MTMAM+I+R6    1638512.249  48  3277120.499  3277120.516  3277624.588
943  MTMAM+I+R7    1638501.384  50  3277102.768  3277102.787  3277627.862
962  MTMAM+F+I+R4  1571121.795  63  3142369.591  3142369.621  3143031.208
963  MTMAM+F+I+R5  1571075.119  65  3142280.238  3142280.269  3142962.859
964  MTMAM+F+I+R6  1571073.561  67  3142281.122  3142281.156  3142984.747
984  FLAVI+I+R4    1561966.757  44  3124021.515  3124021.530  3124483.597
985  FLAVI+I+R5    1561942.795  46  3123977.589  3123977.605  3124460.675
986  FLAVI+I+R6    1561941.940  48  3123979.879  3123979.897  3124483.969
1006  FLAVI+F+I+R4  1549852.778  63  3099831.557  3099831.587  3100493.174
1007  FLAVI+F+I+R5  1549838.967  65  3099807.934  3099807.966  3100490.555
1008  FLAVI+F+I+R6  1549838.234  67  3099810.468  3099810.502  3100514.093
1028  HIVB+I+R4     1557247.501  44  3114583.002  3114583.017  3115045.084
1029  HIVB+I+R5     1557243.881  46  3114579.763  3114579.779  3115062.849
1030  HIVB+I+R6     1557243.673  48  3114583.346  3114583.363  3115087.435
1050  HIVB+F+I+R4   1546536.763  63  3093199.527  3093199.557  3093861.144
1051  HIVB+F+I+R5   1546534.883  65  3093199.767  3093199.799  3093882.388
1072  HIVW+I+R4     1590328.962  44  3180745.924  3180745.939  3181208.006
1073  HIVW+I+R5     1590307.072  46  3180706.143  3180706.159  3181189.229
1074  HIVW+I+R6     1590306.689  48  3180709.379  3180709.396  3181213.468
1094  HIVW+F+I+R4   1559376.997  63  3118879.993  3118880.023  3119541.611
1095  HIVW+F+I+R5   1559358.925  65  3118847.850  3118847.882  3119530.471
1096  HIVW+F+I+R6   1559358.597  67  3118851.194  3118851.227  3119554.818
1116  FLU+I+R4      1569723.269  44  3139534.537  3139534.552  3139996.619
1117  FLU+I+R5      1569705.431  46  3139502.863  3139502.879  3139985.949
1118  FLU+I+R6      1569704.970  48  3139505.940  3139505.958  3140010.030
1138  FLU+F+I+R4    1556238.631  63  3112603.261  3112603.291  3113264.878
1139  FLU+F+I+R5    1556218.304  65  3112566.608  3112566.639  3113249.229
1140  FLU+F+I+R6    1556217.980  67  3112569.961  3112569.995  3113273.586
1160  RTREV+I+R4    1597033.393  44  3194154.787  3194154.802  3194616.869
1161  RTREV+I+R5    1597026.666  46  3194145.333  3194145.349  3194628.419
1162  RTREV+I+R6    1597026.465  48  3194148.929  3194148.947  3194653.019
1182  RTREV+F+I+R4  1586491.034  63  3173108.068  3173108.098  3173769.685
1183  RTREV+F+I+R5  1586481.208  65  3173092.417  3173092.449  3173775.038
1184  RTREV+F+I+R6  1586481.212  67  3173096.424  3173096.458  3173800.049
1204  CPREV+I+R4    1580418.926  44  3160925.851  3160925.866  3161387.933
1205  CPREV+I+R5    1580411.625  46  3160915.250  3160915.266  3161398.336
1206  CPREV+I+R6    1580411.067  48  3160918.133  3160918.151  3161422.223
1226  CPREV+F+I+R4  1574698.671  63  3149523.341  3149523.371  3150184.959
1227  CPREV+F+I+R5  1574690.719  65  3149511.438  3149511.470  3150194.059
1228  CPREV+F+I+R6  1574690.015  67  3149514.030  3149514.064  3150217.655
Akaike Information Criterion:           Q.BIRD+I+R6
Corrected Akaike Information Criterion: Q.BIRD+I+R6
Bayesian Information Criterion:         Q.BIRD+I+R4
Best-fit model: Q.BIRD+I+R6 chosen according to AIC

All model information printed to 20avian_c60_init.model.gz
CPU time for ModelFinder: 186932.686 seconds (51h:55m:32s)
Wall-clock time for ModelFinder: 7440.516 seconds (2h:4m:0s)

NOTE: 1281 MB RAM (1 GB) is required!
Estimate model parameters (epsilon = 0.010)
1. Initial log-likelihood: -1531170.752
2. Current log-likelihood: -1530900.632
3. Current log-likelihood: -1530896.888
4. Current log-likelihood: -1530896.570
5. Current log-likelihood: -1530896.450
6. Current log-likelihood: -1530896.382
7. Current log-likelihood: -1530896.341
8. Current log-likelihood: -1530896.314
9. Current log-likelihood: -1530896.293
Optimal log-likelihood: -1530896.288
Proportion of invariable sites: 0.436
Site proportion and rates:  (0.272,0.340) (0.151,1.566) (0.054,3.164) (0.069,4.689) (0.017,9.469) (0.000,29.871)
Parameters optimization took 9 rounds (58.065 sec)
Wrote distance file to... 
BEST SCORE FOUND : -1530896.288
Total tree length: 1.006

Total number of iterations: 0
CPU time used for tree search: 0.000 sec (0h:0m:0s)
Wall-clock time used for tree search: 0.000 sec (0h:0m:0s)
Total CPU time used: 188335.394 sec (52h:18m:55s)
Total wall-clock time used: 7498.641 sec (2h:4m:58s)

Analysis results written to: 
  IQ-TREE report:                20avian_c60_init.iqtree
  Tree used for ModelFinder:     20avian_c60_init.treefile
  Screen log file:               20avian_c60_init.log

Date and Time: Tue May  6 15:48:52 2025
