IQ-TREE multicore version 2.4.0 for Linux x86 64-bit built Mar 19 2025
Developed by Bui Quang Minh, Nguyen Lam Tung, Olga Chernomor, Heiko Schmidt,
Dominik Schrempf, Michael Woodhams, Ly Trong Nhan, Thomas Wong

Host:    dayhoff.uds.anu.edu.au (AVX2, FMA3, 1007 GB RAM)
Command: ../../iqtree2 -s 20_concated.nex -mdef avian20_c60_F_parameter.nex -m Q_BIRD_C60_F_I_R6 -t ../partition/Q/avian20_Q_search.treefile -T 50 --mem 120G -pre avian20_c60_search
Seed:    594849 (Using SPRNG - Scalable Parallel Random Number Generator)
Time:    Wed May  7 06:09:44 2025
Kernel:  AVX+FMA - 50 threads (52 CPU cores detected)

Reading alignment file 20_concated.nex ... Nexus format detected
Skipping unknown block (sets)...
WARNING: 32586 sites contain only gaps or ambiguous characters.
Alignment has 20 sequences with 268838 columns, 69113 distinct patterns
32014 parsimony-informative, 32796 singleton sites, 204028 constant sites
        Gap/Ambiguity  Composition  p-value
Analyzing sequences: done in 0.0119577 secs using 4384% CPU
   1  ANAPLA   33.17%    passed     79.92%
   2  APTHAA   33.08%    failed      0.38%
   3  CALSQU   28.06%    passed     67.73%
   4  CAMPRO   34.44%    passed     89.21%
   5  CENUNI   33.74%    passed     98.41%
   6  CORBRA   36.11%    failed      0.01%
   7  CRYCIN   34.35%    passed      9.47%
   8  FALPER   32.01%    passed      8.58%
   9  HALALB   28.73%    passed     98.24%
  10  JUNHYE   36.20%    failed      0.00%
  11  LOXCUR   31.75%    passed     24.37%
  12  NANAUR   29.66%    passed     99.57%
  13  NOTORN   36.15%    passed     21.18%
  14  NYCSEM   32.48%    passed     76.21%
  15  PATFAS   31.50%    passed     69.42%
  16  PROATE   39.01%    passed     36.09%
  17  SAXMAU   32.39%    passed      5.01%
  18  TRILEU   39.50%    failed      0.05%
  19  URILOM   28.82%    passed     99.03%
  20  ZOSLAT   37.54%    failed      0.00%
****  TOTAL    33.43%  5 sequences failed composition chi2 test (p-value<5%; df=19)
NOTE: minimal branch length is reduced to 0.000000371971 for long alignment
Checking for duplicate sequences: done in 0.0117957 secs using 4865% CPU
Reading model definition file avian20_c60_F_parameter.nex ... 87 models and 215 frequency vectors loaded
Reading input tree file ../partition/Q/avian20_Q_search.treefile ...
Model Q_BIRD_C60_F_I_R6 is alias for Q.BIRD+I{0.4236}+R6{0.1125,0.1243,0.1054,0.3944,0.0981,0.7946,0.0936,1.5322,0.0933,2.5525,0.0734,6.6031}+FMIX{F:1.0000:0.4238,C60pi1:1.0000:0.00005,C60pi2:1.0000:0.00005,C60pi3:1.0000:0.0041,C60pi4:1.0000:0.0251,C60pi5:1.0000:0.00005,C60pi6:1.0000:0.00005,C60pi7:1.0000:0.0002,C60pi8:1.0000:0.0040,C60pi9:1.0000:0.0020,C60pi10:1.0000:0.0422,C60pi11:1.0000:0.0159,C60pi12:1.0000:0.0234,C60pi13:1.0000:0.00005,C60pi14:1.0000:0.0081,C60pi15:1.0000:0.00005,C60pi16:1.0000:0.00005,C60pi17:1.0000:0.0430,C60pi18:1.0000:0.0214,C60pi19:1.0000:0.00005,C60pi20:1.0000:0.00005,C60pi21:1.0000:0.00005,C60pi22:1.0000:0.0006,C60pi23:1.0000:0.00005,C60pi24:1.0000:0.00005,C60pi25:1.0000:0.0148,C60pi26:1.0000:0.00005,C60pi27:1.0000:0.0059,C60pi28:1.0000:0.00005,C60pi29:1.0000:0.00005,C60pi30:1.0000:0.0001,C60pi31:1.0000:0.0186,C60pi32:1.0000:0.0117,C60pi33:1.0000:0.00005,C60pi34:1.0000:0.0172,C60pi35:1.0000:0.0431,C60pi36:1.0000:0.0111,C60pi37:1.0000:0.0079,C60pi38:1.0000:0.0065,C60pi39:1.0000:0.0062,C60pi40:1.0000:0.0077,C60pi41:1.0000:0.0055,C60pi42:1.0000:0.0129,C60pi43:1.0000:0.0271,C60pi44:1.0000:0.00005,C60pi45:1.0000:0.0318,C60pi46:1.0000:0.0144,C60pi47:1.0000:0.00005,C60pi48:1.0000:0.0009,C60pi49:1.0000:0.0094,C60pi50:1.0000:0.0049,C60pi51:1.0000:0.0029,C60pi52:1.0000:0.0318,C60pi53:1.0000:0.0003,C60pi54:1.0000:0.0123,C60pi55:1.0000:0.0526,C60pi56:1.0000:0.0179,C60pi57:1.0000:0.0069,C60pi58:1.0000:0.0021,C60pi59:1.0000:0.0015,C60pi60:1.0000:0.0004}
WARNING: Your input class weight 5e-05 is very small and may cause numerical issues
WARNING: Your input class weight 5e-05 is very small and may cause numerical issues
WARNING: Your input class weight 5e-05 is very small and may cause numerical issues
WARNING: Your input class weight 5e-05 is very small and may cause numerical issues
WARNING: Your input class weight 0.0002 is very small and may cause numerical issues
WARNING: Your input class weight 5e-05 is very small and may cause numerical issues
WARNING: Your input class weight 5e-05 is very small and may cause numerical issues
WARNING: Your input class weight 5e-05 is very small and may cause numerical issues
WARNING: Your input class weight 5e-05 is very small and may cause numerical issues
WARNING: Your input class weight 5e-05 is very small and may cause numerical issues
WARNING: Your input class weight 5e-05 is very small and may cause numerical issues
WARNING: Your input class weight 0.0006 is very small and may cause numerical issues
WARNING: Your input class weight 5e-05 is very small and may cause numerical issues
WARNING: Your input class weight 5e-05 is very small and may cause numerical issues
WARNING: Your input class weight 5e-05 is very small and may cause numerical issues
WARNING: Your input class weight 5e-05 is very small and may cause numerical issues
WARNING: Your input class weight 5e-05 is very small and may cause numerical issues
WARNING: Your input class weight 0.0001 is very small and may cause numerical issues
WARNING: Your input class weight 5e-05 is very small and may cause numerical issues
WARNING: Your input class weight 5e-05 is very small and may cause numerical issues
WARNING: Your input class weight 5e-05 is very small and may cause numerical issues
WARNING: Your input class weight 0.0009 is very small and may cause numerical issues
WARNING: Your input class weight 0.0003 is very small and may cause numerical issues
WARNING: Your input class weight 0.0004 is very small and may cause numerical issues
WARNING: Normalizing category proportions so that sum of them equals to 1

NOTE: 78187 MB RAM (76 GB) is required!
Estimate model parameters (epsilon = 0.100)
1. Initial log-likelihood: -1524203.551
2. Current log-likelihood: -1523024.687
3. Current log-likelihood: -1523019.393
Optimal log-likelihood: -1523019.357
Mixture weights: 0.423 0.000 0.000 0.004 0.025 0.000 0.000 0.000 0.004 0.002 0.042 0.016 0.023 0.000 0.008 0.000 0.000 0.043 0.021 0.000 0.000 0.000 0.001 0.000 0.000 0.015 0.000 0.006 0.000 0.000 0.000 0.019 0.012 0.000 0.017 0.043 0.011 0.008 0.006 0.006 0.008 0.005 0.013 0.027 0.000 0.032 0.014 0.000 0.001 0.009 0.005 0.003 0.032 0.000 0.012 0.053 0.018 0.007 0.002 0.001 0.000
Proportion of invariable sites: 0.424
Site proportion and rates:  (0.113,0.124) (0.105,0.394) (0.098,0.795) (0.094,1.532) (0.093,2.553) (0.073,6.604)
Parameters optimization took 3 rounds (123.566 sec)
WARNING: The mixture model might be overfitting because some mixture weights are estimated close to zero
Wrote distance file to... 

Do NNI search on 1 best initial trees
Optimizing NNI: done in 170.97 secs using 4707% CPU
Estimate model parameters (epsilon = 0.100)
WARNING: The mixture model might be overfitting because some mixture weights are estimated close to zero
BETTER TREE FOUND at iteration 1: -1523012.206
Finish initializing candidate tree set (2)
Current best tree score: -1523012.206 / CPU time: 209.927
Number of iterations: 1
--------------------------------------------------------------------
|               OPTIMIZING CANDIDATE TREE SET                      |
--------------------------------------------------------------------
Optimizing NNI: done in 526.497 secs using 4680% CPU
Optimizing NNI: done in 265.338 secs using 4724% CPU
Optimizing NNI: done in 237.452 secs using 4736% CPU
Optimizing NNI: done in 326.585 secs using 4749% CPU
Estimate model parameters (epsilon = 0.100)
WARNING: The mixture model might be overfitting because some mixture weights are estimated close to zero
BETTER TREE FOUND at iteration 5: -1522997.500
Optimizing NNI: done in 304.902 secs using 4735% CPU
Optimizing NNI: done in 414.954 secs using 4735% CPU
Optimizing NNI: done in 342.756 secs using 4759% CPU
Optimizing NNI: done in 267.841 secs using 4574% CPU
Optimizing NNI: done in 228.963 secs using 4455% CPU
Iteration 10 / LogL: -1523012.226 / Time: 12931h:14m:47s
Optimizing NNI: done in 297.143 secs using 4760% CPU
Optimizing NNI: done in 379.604 secs using 4740% CPU
Optimizing NNI: done in 394.95 secs using 4786% CPU
Optimizing NNI: done in 256.221 secs using 4746% CPU
Optimizing NNI: done in 356.802 secs using 4753% CPU
Optimizing NNI: done in 514.844 secs using 4734% CPU
Optimizing NNI: done in 379.922 secs using 4726% CPU
Optimizing NNI: done in 208.722 secs using 4705% CPU
Optimizing NNI: done in 332.844 secs using 4717% CPU
Optimizing NNI: done in 195.377 secs using 4723% CPU
Iteration 20 / LogL: -1522997.518 / Time: 12932h:10m:33s
Optimizing NNI: done in 481.706 secs using 4714% CPU
Optimizing NNI: done in 357.266 secs using 4714% CPU
Optimizing NNI: done in 295.672 secs using 4765% CPU
Optimizing NNI: done in 301.592 secs using 4763% CPU
Optimizing NNI: done in 229.563 secs using 4748% CPU
Optimizing NNI: done in 370.057 secs using 4755% CPU
Optimizing NNI: done in 459.069 secs using 4751% CPU
Optimizing NNI: done in 311.55 secs using 4753% CPU
Optimizing NNI: done in 403.303 secs using 4740% CPU
Optimizing NNI: done in 265.712 secs using 4752% CPU
Iteration 30 / LogL: -1523012.859 / Time: 12933h:8m:57s (7h:19m:17s left)
Optimizing NNI: done in 345.583 secs using 4763% CPU
Optimizing NNI: done in 508.994 secs using 4750% CPU
Optimizing NNI: done in 489.427 secs using 4769% CPU
Optimizing NNI: done in 279.166 secs using 4769% CPU
Optimizing NNI: done in 400.969 secs using 4763% CPU
Optimizing NNI: done in 260.757 secs using 4748% CPU
Optimizing NNI: done in 359.603 secs using 4754% CPU
Optimizing NNI: done in 323.447 secs using 4754% CPU
Optimizing NNI: done in 505.721 secs using 4760% CPU
Optimizing NNI: done in 303.876 secs using 4765% CPU
Iteration 40 / LogL: -1523012.810 / Time: 12934h:12m:24s (6h:28m:50s left)
Optimizing NNI: done in 266.995 secs using 4750% CPU
Optimizing NNI: done in 177.271 secs using 4723% CPU
Optimizing NNI: done in 348.897 secs using 4740% CPU
Optimizing NNI: done in 277.511 secs using 4782% CPU
Optimizing NNI: done in 305.203 secs using 4761% CPU
Optimizing NNI: done in 311.543 secs using 4762% CPU
Optimizing NNI: done in 387.417 secs using 4753% CPU
Optimizing NNI: done in 458.226 secs using 4741% CPU
Optimizing NNI: done in 310.377 secs using 4730% CPU
Optimizing NNI: done in 368.194 secs using 4727% CPU
Iteration 50 / LogL: -1523015.703 / Time: 12935h:6m:25s (5h:22m:30s left)
Optimizing NNI: done in 381.333 secs using 4729% CPU
Optimizing NNI: done in 312.868 secs using 4713% CPU
Optimizing NNI: done in 307.893 secs using 4724% CPU
Optimizing NNI: done in 312.283 secs using 4744% CPU
Optimizing NNI: done in 267.722 secs using 4765% CPU
Optimizing NNI: done in 348.317 secs using 4744% CPU
Optimizing NNI: done in 386.754 secs using 4745% CPU
Optimizing NNI: done in 414.466 secs using 4769% CPU
Optimizing NNI: done in 162.848 secs using 4774% CPU
Optimizing NNI: done in 392.478 secs using 4775% CPU
Iteration 60 / LogL: -1522997.832 / Time: 12936h:1m:41s (4h:21m:18s left)
Optimizing NNI: done in 353.052 secs using 4777% CPU
Optimizing NNI: done in 229.383 secs using 4786% CPU
Optimizing NNI: done in 344.466 secs using 4793% CPU
Optimizing NNI: done in 289.979 secs using 4762% CPU
Optimizing NNI: done in 287.554 secs using 4786% CPU
Optimizing NNI: done in 338.677 secs using 4734% CPU
Optimizing NNI: done in 313.266 secs using 4688% CPU
Optimizing NNI: done in 305.778 secs using 4750% CPU
Optimizing NNI: done in 356.943 secs using 4759% CPU
Optimizing NNI: done in 292.522 secs using 4742% CPU
Iteration 70 / LogL: -1522997.529 / Time: 12936h:54m:3s (3h:20m:20s left)
Optimizing NNI: done in 361.57 secs using 4770% CPU
Optimizing NNI: done in 380.174 secs using 4764% CPU
Optimizing NNI: done in 415.763 secs using 4767% CPU
Optimizing NNI: done in 418.476 secs using 4783% CPU
Optimizing NNI: done in 411.304 secs using 4777% CPU
Optimizing NNI: done in 239.677 secs using 4771% CPU
Optimizing NNI: done in 349.148 secs using 4722% CPU
Optimizing NNI: done in 311.863 secs using 4714% CPU
Optimizing NNI: done in 409.054 secs using 4766% CPU
Optimizing NNI: done in 467.348 secs using 4741% CPU
Iteration 80 / LogL: -1523002.122 / Time: 12937h:57m:18s (2h:25m:0s left)
Optimizing NNI: done in 347.22 secs using 4772% CPU
Optimizing NNI: done in 256.416 secs using 4776% CPU
Optimizing NNI: done in 328.551 secs using 4755% CPU
Optimizing NNI: done in 360.915 secs using 4751% CPU
Optimizing NNI: done in 286.977 secs using 4783% CPU
Optimizing NNI: done in 599.732 secs using 4677% CPU
Optimizing NNI: done in 336.833 secs using 4776% CPU
Optimizing NNI: done in 242.308 secs using 4743% CPU
Optimizing NNI: done in 301.023 secs using 4739% CPU
Optimizing NNI: done in 378.064 secs using 4730% CPU
Iteration 90 / LogL: -1523012.285 / Time: 12938h:55m:7s (1h:26m:58s left)
Optimizing NNI: done in 335.283 secs using 4751% CPU
Optimizing NNI: done in 341.628 secs using 4753% CPU
Optimizing NNI: done in 336.422 secs using 4746% CPU
Optimizing NNI: done in 407.42 secs using 4781% CPU
Optimizing NNI: done in 452.454 secs using 4720% CPU
Optimizing NNI: done in 325.575 secs using 4574% CPU
Optimizing NNI: done in 482.577 secs using 4732% CPU
Optimizing NNI: done in 386.177 secs using 4770% CPU
Optimizing NNI: done in 431.647 secs using 4760% CPU
Optimizing NNI: done in 268.736 secs using 4773% CPU
Iteration 100 / LogL: -1523012.710 / Time: 12939h:58m:27s (0h:29m:15s left)
Optimizing NNI: done in 317.504 secs using 4750% CPU
Optimizing NNI: done in 357.094 secs using 4775% CPU
Optimizing NNI: done in 283.979 secs using 4771% CPU
Optimizing NNI: done in 475.013 secs using 4748% CPU
Optimizing NNI: done in 274.116 secs using 4766% CPU
Optimizing NNI: done in 235.642 secs using 4695% CPU
TREE SEARCH COMPLETED AFTER 106 ITERATIONS / Time: 12940h:31m:8s

--------------------------------------------------------------------
|                    FINALIZING TREE SEARCH                        |
--------------------------------------------------------------------
Performs final model parameters optimization
Estimate model parameters (epsilon = 0.010)
1. Initial log-likelihood: -1522997.500
Optimal log-likelihood: -1522997.497
Mixture weights: 0.423 0.000 0.000 0.004 0.025 0.000 0.000 0.000 0.004 0.002 0.042 0.016 0.023 0.000 0.008 0.000 0.000 0.043 0.021 0.000 0.000 0.000 0.001 0.000 0.000 0.015 0.000 0.006 0.000 0.000 0.000 0.019 0.012 0.000 0.017 0.043 0.011 0.008 0.006 0.006 0.008 0.005 0.013 0.027 0.000 0.032 0.014 0.000 0.001 0.009 0.005 0.003 0.032 0.000 0.012 0.053 0.018 0.007 0.002 0.001 0.000
Proportion of invariable sites: 0.424
Site proportion and rates:  (0.113,0.124) (0.105,0.394) (0.098,0.795) (0.094,1.532) (0.093,2.553) (0.073,6.604)
Parameters optimization took 1 rounds (31.639 sec)
WARNING: The mixture model might be overfitting because some mixture weights are estimated close to zero
BEST SCORE FOUND : -1522997.497
Total tree length: 1.087

Total number of iterations: 106
CPU time used for tree search: 1735899.196 sec (482h:11m:39s)
Wall-clock time used for tree search: 36598.960 sec (10h:9m:58s)
Total CPU time used: 1743099.735 sec (484h:11m:39s)
Total wall-clock time used: 46585900.417 sec (12940h:31m:40s)

Analysis results written to: 
  IQ-TREE report:                avian20_c60_search.iqtree
  Maximum-likelihood tree:       avian20_c60_search.treefile
  Screen log file:               avian20_c60_search.log

Date and Time: Wed May  7 16:22:24 2025
