IQ-TREE multicore version 2.4.0 for Linux x86 64-bit built Mar 19 2025
Developed by Bui Quang Minh, Nguyen Lam Tung, Olga Chernomor, Heiko Schmidt,
Dominik Schrempf, Michael Woodhams, Ly Trong Nhan, Thomas Wong

Host:    wright.uds.anu.edu.au (AVX512, FMA3, 1007 GB RAM)
Command: ../../iqtree2 -s 20_concated.nex -m MF -merit AIC -T 50 -mem 120G -pre 20cyanobacteria_c60_init
Seed:    153930 (Using SPRNG - Scalable Parallel Random Number Generator)
Time:    Fri Apr 25 19:34:47 2025
Kernel:  AVX+FMA - 50 threads (51 CPU cores detected)

Reading alignment file 20_concated.nex ... Nexus format detected
Skipping unknown block (sets)...
Alignment has 20 sequences with 120784 columns, 64109 distinct patterns
51083 parsimony-informative, 19626 singleton sites, 50075 constant sites
                                            Gap/Ambiguity  Composition  p-value
Analyzing sequences: done in 0.0300215 secs using 2983% CPU
   1  Calothrix_desertica_PCC_7102_v2               2.10%    failed      0.00%
   2  Calothrix_elsteri_CCALA_953                   5.87%    failed      0.00%
   3  Calothrix_rhizosoleniae_SC01                  6.34%    failed      0.00%
   4  Calothrix_sp_336_3                            0.34%    passed     47.61%
   5  Calothrix_sp_NIES_3974                        3.72%    failed      0.00%
   6  Calothrix_sp_PCC_6303                         1.04%    failed      0.00%
   7  Chroococcidiopsis_thermalis_PCC_7203          9.40%    failed      0.00%
   8  Cylindrospermopsis_raciborskii_CS_505_v2      0.76%    failed      0.00%
   9  Dictyo3444.bin.3                              4.76%    failed      0.42%
  10  Dolichospermum_planctonicum_strain_NIES_80    2.23%    failed      0.00%
  11  Fischerella_sp_NIES_4106                      1.12%    passed     60.04%
  12  Fortiea_contorta_PCC_7126                     0.00%    failed      0.00%
  13  Gloeocapsa_sp_PCC_7428                        8.91%    failed      0.00%
  14  Nodularia_spumigena_CENA596                   2.81%    passed     58.60%
  15  Nostoc_sp_CENA543                             0.27%    failed      0.01%
  16  Peltula.bin.10                                7.75%    failed      0.00%
  17  Rivularia_sp_PCC_7116                         2.04%    failed      0.00%
  18  Synechocystis_sp_PCC_7509                    10.75%    failed      0.00%
  19  Tolypothrix_bouteillei_VB521301               0.31%    failed      0.00%
  20  Tolypothrix_sp_NIES_4075                      0.53%    failed      0.70%
****  TOTAL                                         3.55%  17 sequences failed composition chi2 test (p-value<5%; df=19)
NOTE: minimal branch length is reduced to 0.000000827924 for long alignment
Checking for duplicate sequences: done in 0.0277096 secs using 4361% CPU


Create initial parsimony tree by phylogenetic likelihood library (PLL)... 0.282 seconds
Perform fast likelihood tree search using LG+I+G model...
Estimate model parameters (epsilon = 5.000)
Perform nearest neighbor interchange...
Optimizing NNI: done in 1.45614 secs using 4983% CPU
Estimate model parameters (epsilon = 1.000)
1. Initial log-likelihood: -1954330.815
2. Current log-likelihood: -1954327.933
3. Current log-likelihood: -1954326.160
4. Current log-likelihood: -1954324.883
Optimal log-likelihood: -1954323.698
Proportion of invariable sites: 0.282
Gamma shape alpha: 0.856
Parameters optimization took 4 rounds (1.662 sec)
Time for fast ML tree search: 47.293 seconds

NOTE: ModelFinder requires 1981 MB RAM!
ModelFinder will test up to 1232 protein models (sample size: 120784 epsilon: 0.100) ...
 No. Model         -LnL         df  AIC          AICc         BIC
  1  LG            2111617.605  37  4223309.209  4223309.232  4223668.174
  2  LG+I          2006247.472  38  4012570.944  4012570.969  4012939.611
  3  LG+G4         1957192.415  38  3914460.831  3914460.855  3914829.498
  4  LG+I+G4       1954321.992  39  3908721.984  3908722.010  3909100.353
  5  LG+R2         1969556.174  39  3939190.348  3939190.374  3939568.717
  6  LG+R3         1954968.590  41  3910019.180  3910019.208  3910416.952
  7  LG+R4         1953108.215  43  3906302.430  3906302.462  3906719.606
  8  LG+R5         1952851.395  45  3905792.789  3905792.823  3906229.368
  9  LG+R6         1952832.333  47  3905758.666  3905758.704  3906214.649
 10  LG+R7         1952823.330  49  3905744.660  3905744.700  3906220.046
 11  LG+R8         1952822.262  51  3905746.524  3905746.568  3906241.314
 14  LG+I+R2       1958465.318  40  3917010.636  3917010.663  3917398.706
 15  LG+I+R3       1953467.510  42  3907019.019  3907019.049  3907426.493
 16  LG+I+R4       1952921.599  44  3905931.198  3905931.231  3906358.075
 17  LG+I+R5       1952831.031  46  3905754.062  3905754.098  3906200.343
 18  LG+I+R6       1952828.231  48  3905752.462  3905752.501  3906218.147
 19  LG+I+R7       1952825.274  50  3905750.548  3905750.590  3906235.636
 20  LG+I+R8       1952824.114  52  3905752.227  3905752.273  3906256.719
 32  LG+F+R7       1950381.062  68  3900898.124  3900898.201  3901557.843
 33  LG+F+R8       1950379.901  70  3900899.802  3900899.884  3901578.925
 39  LG+F+I+R5     1950389.148  65  3900908.295  3900908.366  3901538.909
 40  LG+F+I+R6     1950386.491  67  3900906.982  3900907.057  3901557.000
 41  LG+F+I+R7     1950383.696  69  3900905.391  3900905.471  3901574.813
 42  LG+F+I+R8     1950382.251  71  3900906.502  3900906.587  3901595.327
 54  WAG+R7        1963079.354  49  3926256.707  3926256.748  3926732.093
 55  WAG+R8        1963079.298  51  3926260.596  3926260.640  3926755.386
 61  WAG+I+R5      1963081.607  46  3926255.215  3926255.250  3926701.495
 62  WAG+I+R6      1963080.531  48  3926257.062  3926257.101  3926722.746
 76  WAG+F+R7      1958026.572  68  3916189.145  3916189.223  3916848.865
+R8 reinitialized from +R7 with factor 0.500
+R8 reinitialized from +R7 with factor 0.250
+R8 reinitialized from +R7 with factor 0.125
+R8 reinitialized from +R7 with factor 0.062
+R8 reinitialized from +R7 with factor 0.031
 77  WAG+F+R8      1958026.711  70  3916193.421  3916193.503  3916872.544
 83  WAG+F+I+R5    1958029.271  65  3916188.542  3916188.613  3916819.157
 84  WAG+F+I+R6    1958028.275  67  3916190.550  3916190.626  3916840.568
 98  JTT+R7        1960160.940  49  3920419.880  3920419.921  3920895.266
 99  JTT+R8        1960160.977  51  3920423.955  3920423.999  3920918.744
105  JTT+I+R5      1960164.999  46  3920421.997  3920422.033  3920868.278
106  JTT+I+R6      1960163.466  48  3920422.933  3920422.972  3920888.617
120  JTT+F+R7      1956520.192  68  3913176.383  3913176.461  3913836.103
121  JTT+F+R8      1956520.127  70  3913180.254  3913180.336  3913859.377
127  JTT+F+I+R5    1956525.132  65  3913180.264  3913180.335  3913810.878
128  JTT+F+I+R6    1956523.560  67  3913181.121  3913181.196  3913831.138
142  Q.PFAM+R7     1954407.733  49  3908913.467  3908913.508  3909388.853
143  Q.PFAM+R8     1954407.328  51  3908916.657  3908916.701  3909411.446
149  Q.PFAM+I+R5   1954414.376  46  3908920.753  3908920.788  3909367.034
150  Q.PFAM+I+R6   1954412.231  48  3908920.462  3908920.501  3909386.146
151  Q.PFAM+I+R7   1954410.492  50  3908920.983  3908921.026  3909406.071
164  Q.PFAM+F+R7   1953400.763  68  3906937.526  3906937.603  3907597.245
165  Q.PFAM+F+R8   1953400.179  70  3906940.358  3906940.440  3907619.481
171  Q.PFAM+F+I+R5 1953408.772  65  3906947.544  3906947.615  3907578.158
172  Q.PFAM+F+I+R6 1953406.266  67  3906946.533  3906946.608  3907596.550
173  Q.PFAM+F+I+R7 1953404.294  69  3906946.588  3906946.668  3907616.009
186  Q.BIRD+R7     1984948.478  49  3969994.957  3969994.997  3970470.343
187  Q.BIRD+R8     1984946.188  51  3969994.376  3969994.420  3970489.166
193  Q.BIRD+I+R5   1984961.682  46  3970015.363  3970015.399  3970461.644
194  Q.BIRD+I+R6   1984955.003  48  3970006.007  3970006.046  3970471.691
195  Q.BIRD+I+R7   1984949.869  50  3969999.738  3969999.780  3970484.826
196  Q.BIRD+I+R8   1984945.718  52  3969995.437  3969995.482  3970499.928
208  Q.BIRD+F+R7   1982530.552  68  3965197.104  3965197.182  3965856.824
209  Q.BIRD+F+R8   1982527.944  70  3965195.888  3965195.971  3965875.011
215  Q.BIRD+F+I+R5 1982552.088  65  3965234.177  3965234.248  3965864.791
216  Q.BIRD+F+I+R6 1982540.641  67  3965215.281  3965215.357  3965865.299
217  Q.BIRD+F+I+R7 1982533.440  69  3965204.880  3965204.960  3965874.301
218  Q.BIRD+F+I+R8 1982529.555  71  3965201.110  3965201.194  3965889.935
230  Q.MAMMAL+R7   1977626.223  49  3955350.445  3955350.486  3955825.831
231  Q.MAMMAL+R8   1977625.332  51  3955352.664  3955352.708  3955847.453
237  Q.MAMMAL+I+R5 1977635.249  46  3955362.498  3955362.534  3955808.779
238  Q.MAMMAL+I+R6 1977630.628  48  3955357.257  3955357.296  3955822.941
239  Q.MAMMAL+I+R7 1977627.272  50  3955354.544  3955354.586  3955839.632
240  Q.MAMMAL+I+R8 1977624.986  52  3955353.972  3955354.017  3955858.463
252  Q.MAMMAL+F+R7 1974790.216  68  3949716.432  3949716.510  3950376.152
253  Q.MAMMAL+F+R8 1974789.181  70  3949718.363  3949718.445  3950397.486
259  Q.MAMMAL+F+I+R5 1974804.129  65  3949738.259  3949738.330  3950368.873
260  Q.MAMMAL+F+I+R6 1974796.933  67  3949727.865  3949727.941  3950377.883
261  Q.MAMMAL+F+I+R7 1974792.326  69  3949722.653  3949722.733  3950392.074
262  Q.MAMMAL+F+I+R8 1974789.935  71  3949721.870  3949721.955  3950410.695
274  Q.INSECT+R7   1954267.793  49  3908633.586  3908633.627  3909108.973
275  Q.INSECT+R8   1954267.315  51  3908636.629  3908636.673  3909131.419
281  Q.INSECT+I+R5 1954274.552  46  3908641.104  3908641.140  3909087.385
282  Q.INSECT+I+R6 1954271.288  48  3908638.576  3908638.615  3909104.261
283  Q.INSECT+I+R7 1954267.782  50  3908635.564  3908635.607  3909120.652
284  Q.INSECT+I+R8 1954265.666  52  3908635.332  3908635.377  3909139.823
296  Q.INSECT+F+R7 1955011.385  68  3910158.771  3910158.848  3910818.490
297  Q.INSECT+F+R8 1955010.716  70  3910161.432  3910161.515  3910840.555
303  Q.INSECT+F+I+R5 1955020.689  65  3910171.377  3910171.448  3910801.991
304  Q.INSECT+F+I+R6 1955015.644  67  3910165.288  3910165.364  3910815.306
305  Q.INSECT+F+I+R7 1955012.126  69  3910162.252  3910162.332  3910831.673
306  Q.INSECT+F+I+R8 1955009.460  71  3910160.919  3910161.004  3910849.744
318  Q.PLANT+R7    1952336.385  49  3904770.770  3904770.811  3905246.156
319  Q.PLANT+R8    1952333.838  51  3904769.675  3904769.719  3905264.465
325  Q.PLANT+I+R5  1952349.914  46  3904791.827  3904791.863  3905238.108
326  Q.PLANT+I+R6  1952342.761  48  3904781.522  3904781.561  3905247.207
327  Q.PLANT+I+R7  1952336.737  50  3904773.474  3904773.516  3905258.562
328  Q.PLANT+I+R8  1952332.559  52  3904769.117  3904769.163  3905273.609
340  Q.PLANT+F+R7  1949711.466  68  3899558.932  3899559.009  3900218.651
341  Q.PLANT+F+R8  1949709.228  70  3899558.455  3899558.538  3900237.578
347  Q.PLANT+F+I+R5 1949724.912  65  3899579.823  3899579.895  3900210.438
348  Q.PLANT+F+I+R6 1949717.582  67  3899569.163  3899569.238  3900219.181
349  Q.PLANT+F+I+R7 1949711.774  69  3899561.549  3899561.629  3900230.970
350  Q.PLANT+F+I+R8 1949707.768  71  3899557.537  3899557.622  3900246.362
362  Q.YEAST+R7    1953981.805  49  3908061.610  3908061.651  3908536.996
363  Q.YEAST+R8    1953981.485  51  3908064.969  3908065.013  3908559.759
369  Q.YEAST+I+R5  1953991.114  46  3908074.228  3908074.264  3908520.509
370  Q.YEAST+I+R6  1953985.908  48  3908067.815  3908067.854  3908533.500
371  Q.YEAST+I+R7  1953982.277  50  3908064.553  3908064.596  3908549.641
372  Q.YEAST+I+R8  1953980.077  52  3908064.153  3908064.199  3908568.645
384  Q.YEAST+F+R7  1952933.454  68  3906002.908  3906002.985  3906662.627
385  Q.YEAST+F+R8  1952932.679  70  3906005.358  3906005.441  3906684.482
391  Q.YEAST+F+I+R5 1952946.031  65  3906022.062  3906022.133  3906652.676
392  Q.YEAST+F+I+R6 1952939.456  67  3906012.913  3906012.988  3906662.930
393  Q.YEAST+F+I+R7 1952934.815  69  3906007.630  3906007.710  3906677.051
394  Q.YEAST+F+I+R8 1952932.200  71  3906006.400  3906006.485  3906695.225
406  JTTDCMUT+R7   1959774.167  49  3919646.333  3919646.374  3920121.719
+R8 reinitialized from +R7 with factor 0.500
+R8 reinitialized from +R7 with factor 0.250
+R8 reinitialized from +R7 with factor 0.125
+R8 reinitialized from +R7 with factor 0.062
+R8 reinitialized from +R7 with factor 0.031
407  JTTDCMUT+R8   1959774.296  51  3919650.592  3919650.636  3920145.381
413  JTTDCMUT+I+R5 1959778.409  46  3919648.817  3919648.853  3920095.098
414  JTTDCMUT+I+R6 1959776.345  48  3919648.689  3919648.728  3920114.373
415  JTTDCMUT+I+R7 1959774.731  50  3919649.462  3919649.504  3920134.550
428  JTTDCMUT+F+R7 1956088.811  68  3912313.622  3912313.700  3912973.342
429  JTTDCMUT+F+R8 1956088.877  70  3912317.754  3912317.836  3912996.877
435  JTTDCMUT+F+I+R5 1956093.306  65  3912316.612  3912316.683  3912947.226
436  JTTDCMUT+F+I+R6 1956090.941  67  3912315.882  3912315.957  3912965.899
437  JTTDCMUT+F+I+R7 1956089.167  69  3912316.335  3912316.415  3912985.756
450  DCMUT+R7      1980237.724  49  3960573.449  3960573.489  3961048.835
+R8 reinitialized from +R7 with factor 0.500
451  DCMUT+R8      1980234.533  51  3960571.065  3960571.109  3961065.855
457  DCMUT+I+R5    1980253.337  46  3960598.674  3960598.710  3961044.955
458  DCMUT+I+R6    1980242.116  48  3960580.231  3960580.270  3961045.916
459  DCMUT+I+R7    1980238.417  50  3960576.834  3960576.876  3961061.922
460  DCMUT+I+R8    1980236.124  52  3960576.247  3960576.293  3961080.739
472  DCMUT+F+R7    1969584.240  68  3939304.480  3939304.557  3939964.199
473  DCMUT+F+R8    1969581.005  70  3939302.010  3939302.093  3939981.133
479  DCMUT+F+I+R5  1969600.355  65  3939330.710  3939330.781  3939961.324
480  DCMUT+F+I+R6  1969587.747  67  3939309.495  3939309.570  3939959.513
481  DCMUT+F+I+R7  1969583.396  69  3939304.793  3939304.873  3939974.214
482  DCMUT+F+I+R8  1969580.520  71  3939303.040  3939303.125  3939991.865
494  VT+R7         1970255.673  49  3940609.347  3940609.387  3941084.733
+R8 reinitialized from +R7 with factor 0.500
495  VT+R8         1970255.204  51  3940612.408  3940612.452  3941107.197
501  VT+I+R5       1970256.084  46  3940604.168  3940604.204  3941050.449
502  VT+I+R6       1970254.791  48  3940605.583  3940605.622  3941071.267
516  VT+F+R7       1969792.127  68  3939720.255  3939720.333  3940379.975
517  VT+F+R8       1969791.682  70  3939723.364  3939723.447  3940402.487
523  VT+F+I+R5     1969793.083  65  3939716.166  3939716.237  3940346.780
524  VT+F+I+R6     1969791.462  67  3939716.924  3939716.999  3940366.941
538  PMB+R7        1994184.518  49  3988467.036  3988467.076  3988942.422
539  PMB+R8        1994184.154  51  3988470.308  3988470.352  3988965.098
545  PMB+I+R5      1994185.913  46  3988463.827  3988463.863  3988910.108
546  PMB+I+R6      1994183.937  48  3988463.874  3988463.913  3988929.559
560  PMB+F+R7      1989074.740  68  3978285.481  3978285.558  3978945.200
561  PMB+F+R8      1989074.396  70  3978288.792  3978288.874  3978967.915
567  PMB+F+I+R5    1989077.081  65  3978284.162  3978284.233  3978914.776
568  PMB+F+I+R6    1989074.588  67  3978283.176  3978283.252  3978933.194
569  PMB+F+I+R7    1989074.465  69  3978286.930  3978287.010  3978956.351
582  BLOSUM62+R7   1992934.522  49  3985967.045  3985967.085  3986442.431
583  BLOSUM62+R8   1992934.175  51  3985970.349  3985970.393  3986465.139
589  BLOSUM62+I+R5 1992936.881  46  3985965.762  3985965.798  3986412.043
590  BLOSUM62+I+R6 1992934.231  48  3985964.462  3985964.501  3986430.147
591  BLOSUM62+I+R7 1992933.719  50  3985967.439  3985967.481  3986452.527
604  BLOSUM62+F+R7 1988345.987  68  3976827.974  3976828.052  3977487.694
605  BLOSUM62+F+R8 1988345.737  70  3976831.474  3976831.557  3977510.597
611  BLOSUM62+F+I+R5 1988349.443  65  3976828.885  3976828.956  3977459.500
612  BLOSUM62+F+I+R6 1988346.327  67  3976826.654  3976826.729  3977476.672
613  BLOSUM62+F+I+R7 1988345.570  69  3976829.139  3976829.219  3977498.561
626  DAYHOFF+R7    1979994.554  49  3960087.108  3960087.148  3960562.494
627  DAYHOFF+R8    1979993.181  51  3960088.362  3960088.405  3960583.151
633  DAYHOFF+I+R5  1980011.817  46  3960115.634  3960115.670  3960561.915
634  DAYHOFF+I+R6  1979997.585  48  3960091.169  3960091.208  3960556.854
635  DAYHOFF+I+R7  1979995.186  50  3960090.372  3960090.414  3960575.460
636  DAYHOFF+I+R8  1979994.132  52  3960092.264  3960092.309  3960596.755
648  DAYHOFF+F+R7  1969371.527  68  3938879.055  3938879.132  3939538.774
649  DAYHOFF+F+R8  1969368.503  70  3938877.006  3938877.089  3939556.130
655  DAYHOFF+F+I+R5 1969389.824  65  3938909.648  3938909.719  3939540.263
656  DAYHOFF+F+I+R6 1969374.006  67  3938882.013  3938882.088  3939532.031
657  DAYHOFF+F+I+R7 1969370.696  69  3938879.393  3938879.473  3939548.814
658  DAYHOFF+F+I+R8 1969369.279  71  3938880.559  3938880.644  3939569.384
670  MTREV+R7      2038418.417  49  4076934.834  4076934.875  4077410.220
671  MTREV+R8      2038418.096  51  4076938.191  4076938.235  4077432.981
677  MTREV+I+R5    2038465.065  46  4077022.131  4077022.166  4077468.412
678  MTREV+I+R6    2038413.650  48  4076923.301  4076923.340  4077388.985
679  MTREV+I+R7    2038411.665  50  4076923.329  4076923.371  4077408.417
692  MTREV+F+R7    1968424.840  68  3936985.681  3936985.758  3937645.400
693  MTREV+F+R8    1968424.197  70  3936988.393  3936988.476  3937667.516
699  MTREV+F+I+R5  1968448.017  65  3937026.035  3937026.106  3937656.649
700  MTREV+F+I+R6  1968427.327  67  3936988.654  3936988.729  3937638.672
701  MTREV+F+I+R7  1968427.168  69  3936992.335  3936992.415  3937661.756
714  MTART+R7      2056618.037  49  4113334.074  4113334.115  4113809.460
715  MTART+R8      2056613.362  51  4113328.723  4113328.767  4113823.513
721  MTART+I+R5    2056865.341  46  4113822.682  4113822.717  4114268.963
722  MTART+I+R6    2056638.694  48  4113373.388  4113373.427  4113839.072
723  MTART+I+R7    2056637.061  50  4113374.122  4113374.165  4113859.210
736  MTART+F+R7    1983895.511  68  3967927.022  3967927.099  3968586.741
737  MTART+F+R8    1983895.585  70  3967931.169  3967931.252  3968610.293
743  MTART+F+I+R5  1983984.572  65  3968099.143  3968099.214  3968729.757
744  MTART+F+I+R6  1983904.375  67  3967942.750  3967942.826  3968592.768
745  MTART+F+I+R7  1983904.296  69  3967946.593  3967946.673  3968616.014
758  MTZOA+R7      2018771.750  49  4037641.500  4037641.541  4038116.886
759  MTZOA+R8      2018770.999  51  4037643.998  4037644.042  4038138.788
765  MTZOA+I+R5    2018880.818  46  4037853.637  4037853.673  4038299.918
766  MTZOA+I+R6    2018780.143  48  4037656.286  4037656.325  4038121.970
767  MTZOA+I+R7    2018780.091  50  4037660.181  4037660.223  4038145.269
780  MTZOA+F+R7    1964865.527  68  3929867.055  3929867.133  3930526.774
781  MTZOA+F+R8    1964864.790  70  3929869.579  3929869.662  3930548.702
787  MTZOA+F+I+R5  1964908.637  65  3929947.275  3929947.346  3930577.889
788  MTZOA+F+I+R6  1964866.737  67  3929867.475  3929867.550  3930517.493
789  MTZOA+F+I+R7  1964866.747  69  3929871.494  3929871.574  3930540.915
802  MTMET+R7      2041652.738  49  4083403.477  4083403.517  4083878.863
803  MTMET+R8      2041649.320  51  4083400.641  4083400.684  4083895.430
809  MTMET+I+R5    2041699.134  46  4083490.267  4083490.303  4083936.548
810  MTMET+I+R6    2041652.875  48  4083401.750  4083401.789  4083867.434
811  MTMET+I+R7    2041652.679  50  4083405.358  4083405.400  4083890.446
824  MTMET+F+R7    1970117.300  68  3940370.599  3940370.677  3941030.319
825  MTMET+F+R8    1970114.563  70  3940369.127  3940369.209  3941048.250
831  MTMET+F+I+R5  1970151.075  65  3940432.149  3940432.220  3941062.764
832  MTMET+F+I+R6  1970114.017  67  3940362.033  3940362.109  3941012.051
833  MTMET+F+I+R7  1970113.967  69  3940365.934  3940366.014  3941035.355
846  MTVER+R7      2044089.581  49  4088277.161  4088277.202  4088752.547
847  MTVER+R8      2044088.965  51  4088279.930  4088279.974  4088774.720
853  MTVER+I+R5    2044185.076  46  4088462.153  4088462.189  4088908.434
854  MTVER+I+R6    2044104.320  48  4088304.640  4088304.679  4088770.324
855  MTVER+I+R7    2044104.150  50  4088308.300  4088308.342  4088793.388
868  MTVER+F+R7    1985368.120  68  3970872.240  3970872.318  3971531.960
+R8 reinitialized from +R7 with factor 0.500
869  MTVER+F+R8    1985367.668  70  3970875.336  3970875.419  3971554.460
875  MTVER+F+I+R5  1985433.679  65  3970997.357  3970997.428  3971627.971
876  MTVER+F+I+R6  1985377.557  67  3970889.115  3970889.190  3971539.132
877  MTVER+F+I+R7  1985377.086  69  3970892.172  3970892.252  3971561.594
890  MTINV+R7      2059966.733  49  4120031.467  4120031.507  4120506.853
891  MTINV+R8      2059966.216  51  4120034.432  4120034.476  4120529.222
897  MTINV+I+R5    2059989.405  46  4120070.810  4120070.846  4120517.091
898  MTINV+I+R6    2059963.256  48  4120022.513  4120022.552  4120488.197
899  MTINV+I+R7    2059963.253  50  4120026.506  4120026.549  4120511.594
912  MTINV+F+R7    1963030.159  68  3926196.318  3926196.396  3926856.038
913  MTINV+F+R8    1963029.450  70  3926198.899  3926198.982  3926878.022
919  MTINV+F+I+R5  1963048.164  65  3926226.328  3926226.399  3926856.942
920  MTINV+F+I+R6  1963026.241  67  3926186.483  3926186.558  3926836.501
921  MTINV+F+I+R7  1963026.148  69  3926190.295  3926190.375  3926859.717
934  MTMAM+R7      2064356.385  49  4128810.769  4128810.810  4129286.155
935  MTMAM+R8      2064339.720  51  4128781.440  4128781.484  4129276.229
941  MTMAM+I+R5    2064619.869  46  4129331.738  4129331.774  4129778.019
942  MTMAM+I+R6    2064383.072  48  4128862.143  4128862.182  4129327.828
943  MTMAM+I+R7    2064339.946  50  4128779.891  4128779.934  4129264.979
+I+R8 reinitialized from +I+R7 with factor 0.500
944  MTMAM+I+R8    2064335.898  52  4128775.796  4128775.842  4129280.288
956  MTMAM+F+R7    1997859.151  68  3995854.303  3995854.380  3996514.022
+R8 reinitialized from +R7 with factor 0.500
957  MTMAM+F+R8    1997855.699  70  3995851.398  3995851.480  3996530.521
963  MTMAM+F+I+R5  1998038.112  65  3996206.225  3996206.296  3996836.839
964  MTMAM+F+I+R6  1997879.891  67  3995893.781  3995893.857  3996543.799
965  MTMAM+F+I+R7  1997864.737  69  3995867.473  3995867.553  3996536.895
966  MTMAM+F+I+R8  1997863.307  71  3995868.614  3995868.699  3996557.439
978  FLAVI+R7      2026879.070  49  4053856.139  4053856.180  4054331.526
+R8 reinitialized from +R7 with factor 0.500
979  FLAVI+R8      2026878.898  51  4053859.797  4053859.841  4054354.586
985  FLAVI+I+R5    2026953.890  46  4053999.780  4053999.815  4054446.061
986  FLAVI+I+R6    2026914.489  48  4053924.978  4053925.017  4054390.663
987  FLAVI+I+R7    2026893.106  50  4053886.211  4053886.253  4054371.299
988  FLAVI+I+R8    2026890.524  52  4053885.048  4053885.093  4054389.539
1000  FLAVI+F+R7    2012170.100  68  4024476.201  4024476.279  4025135.921
1001  FLAVI+F+R8    2012170.022  70  4024480.045  4024480.127  4025159.168
1007  FLAVI+F+I+R5  2012256.316  65  4024642.633  4024642.704  4025273.247
1008  FLAVI+F+I+R6  2012196.419  67  4024526.839  4024526.914  4025176.857
1009  FLAVI+F+I+R7  2012178.144  69  4024494.287  4024494.367  4025163.708
1010  FLAVI+F+I+R8  2012176.961  71  4024495.923  4024496.007  4025184.748
1022  HIVB+R7       1988854.812  49  3977807.624  3977807.664  3978283.010
1023  HIVB+R8       1988852.107  51  3977806.213  3977806.257  3978301.003
1029  HIVB+I+R5     1988879.924  46  3977851.848  3977851.883  3978298.128
1030  HIVB+I+R6     1988853.922  48  3977803.843  3977803.882  3978269.528
1031  HIVB+I+R7     1988851.699  50  3977803.398  3977803.441  3978288.486
1032  HIVB+I+R8     1988851.440  52  3977806.880  3977806.926  3978311.371
1044  HIVB+F+R7     1981716.906  68  3963569.812  3963569.890  3964229.532
1045  HIVB+F+R8     1981716.146  70  3963572.292  3963572.375  3964251.416
1051  HIVB+F+I+R5   1981751.535  65  3963633.070  3963633.141  3964263.685
1052  HIVB+F+I+R6   1981717.694  67  3963569.388  3963569.463  3964219.406
1053  HIVB+F+I+R7   1981715.702  69  3963569.403  3963569.483  3964238.825
1066  HIVW+R7       2054937.718  49  4109973.435  4109973.476  4110448.821
1067  HIVW+R8       2054935.425  51  4109972.849  4109972.893  4110467.639
1073  HIVW+I+R5     2054991.516  46  4110075.032  4110075.067  4110521.313
1074  HIVW+I+R6     2054952.739  48  4110001.478  4110001.517  4110467.163
1075  HIVW+I+R7     2054938.515  50  4109977.030  4109977.073  4110462.118
1076  HIVW+I+R8     2054937.915  52  4109979.830  4109979.876  4110484.322
1088  HIVW+F+R7     2033292.654  68  4066721.308  4066721.386  4067381.028
1089  HIVW+F+R8     2033291.468  70  4066722.936  4066723.019  4067402.059
1095  HIVW+F+I+R5   2033353.362  65  4066836.723  4066836.794  4067467.338
1096  HIVW+F+I+R6   2033305.474  67  4066744.948  4066745.024  4067394.966
1097  HIVW+F+I+R7   2033294.349  69  4066726.699  4066726.779  4067396.120
1098  HIVW+F+I+R8   2033293.712  71  4066729.424  4066729.509  4067418.249
1110  FLU+R7        1986925.562  49  3973949.124  3973949.165  3974424.510
+R8 reinitialized from +R7 with factor 0.500
1111  FLU+R8        1986925.260  51  3973952.520  3973952.564  3974447.310
1117  FLU+I+R5      1986978.756  46  3974049.513  3974049.548  3974495.794
1118  FLU+I+R6      1986951.658  48  3973999.317  3973999.356  3974465.001
1119  FLU+I+R7      1986929.870  50  3973959.739  3973959.782  3974444.827
1120  FLU+I+R8      1986929.816  52  3973963.633  3973963.678  3974468.124
1132  FLU+F+R7      1975875.787  68  3951887.574  3951887.652  3952547.294
1133  FLU+F+R8      1975875.075  70  3951890.151  3951890.233  3952569.274
1139  FLU+F+I+R5    1975939.493  65  3952008.986  3952009.057  3952639.601
1140  FLU+F+I+R6    1975885.847  67  3951905.695  3951905.770  3952555.713
1141  FLU+F+I+R7    1975881.153  69  3951900.306  3951900.386  3952569.727
+I+R8 reinitialized from +I+R7 with factor 0.500
1142  FLU+F+I+R8    1975877.631  71  3951897.263  3951897.347  3952586.087
1154  RTREV+R7      1971146.412  49  3942390.823  3942390.864  3942866.210
+R8 reinitialized from +R7 with factor 0.500
1155  RTREV+R8      1971145.615  51  3942393.231  3942393.274  3942888.020
1161  RTREV+I+R5    1971151.773  46  3942395.546  3942395.582  3942841.827
1162  RTREV+I+R6    1971149.372  48  3942394.745  3942394.784  3942860.429
1163  RTREV+I+R7    1971148.538  50  3942397.076  3942397.118  3942882.164
1176  RTREV+F+R7    1964857.284  68  3929850.568  3929850.646  3930510.288
1177  RTREV+F+R8    1964856.282  70  3929852.563  3929852.646  3930531.686
1183  RTREV+F+I+R5  1964862.843  65  3929855.686  3929855.757  3930486.300
1184  RTREV+F+I+R6  1964858.991  67  3929851.983  3929852.058  3930502.001
1185  RTREV+F+I+R7  1964858.458  69  3929854.916  3929854.996  3930524.338
1198  CPREV+R7      1959620.648  49  3919339.295  3919339.336  3919814.681
+R8 reinitialized from +R7 with factor 0.500
1199  CPREV+R8      1959619.792  51  3919341.583  3919341.627  3919836.373
1205  CPREV+I+R5    1959629.251  46  3919350.501  3919350.537  3919796.782
1206  CPREV+I+R6    1959620.410  48  3919336.821  3919336.860  3919802.505
1207  CPREV+I+R7    1959619.728  50  3919339.456  3919339.498  3919824.543
1220  CPREV+F+R7    1955970.827  68  3912077.654  3912077.732  3912737.374
1221  CPREV+F+R8    1955968.319  70  3912076.639  3912076.721  3912755.762
1227  CPREV+F+I+R5  1955982.722  65  3912095.444  3912095.515  3912726.058
1228  CPREV+F+I+R6  1955971.826  67  3912077.653  3912077.728  3912727.670
1229  CPREV+F+I+R7  1955971.103  69  3912080.206  3912080.286  3912749.628
Akaike Information Criterion:           Q.PLANT+F+I+R8
Corrected Akaike Information Criterion: Q.PLANT+F+I+R8
Bayesian Information Criterion:         Q.PLANT+F+I+R5
Best-fit model: Q.PLANT+F+I+R8 chosen according to AIC

All model information printed to 20cyanobacteria_c60_init.model.gz
CPU time for ModelFinder: 639706.646 seconds (177h:41m:46s)
Wall-clock time for ModelFinder: 26404.584 seconds (7h:20m:4s)

NOTE: 1585 MB RAM (1 GB) is required!
Estimate model parameters (epsilon = 0.010)
1. Initial log-likelihood: -1949989.217
2. Current log-likelihood: -1949711.996
3. Current log-likelihood: -1949705.457
4. Current log-likelihood: -1949705.026
5. Current log-likelihood: -1949704.739
6. Current log-likelihood: -1949704.529
7. Current log-likelihood: -1949704.358
8. Current log-likelihood: -1949704.232
9. Current log-likelihood: -1949704.147
10. Current log-likelihood: -1949704.074
Optimal log-likelihood: -1949704.062
Proportion of invariable sites: 0.202
Site proportion and rates:  (0.195,0.067) (0.154,0.310) (0.123,0.718) (0.044,1.209) (0.138,1.622) (0.108,3.206) (0.033,5.907) (0.003,12.285)
Parameters optimization took 10 rounds (119.605 sec)
Wrote distance file to... 
BEST SCORE FOUND : -1949704.062
Total tree length: 4.255

Total number of iterations: 0
CPU time used for tree search: 0.000 sec (0h:0m:0s)
Wall-clock time used for tree search: 0.000 sec (0h:0m:0s)
Total CPU time used: 642610.230 sec (178h:30m:10s)
Total wall-clock time used: 26524.297 sec (7h:22m:4s)

Analysis results written to: 
  IQ-TREE report:                20cyanobacteria_c60_init.iqtree
  Tree used for ModelFinder:     20cyanobacteria_c60_init.treefile
  Screen log file:               20cyanobacteria_c60_init.log

Date and Time: Sat Apr 26 02:56:52 2025
