IQ-TREE multicore version 2.4.0 for Linux x86 64-bit built Mar 19 2025
Developed by Bui Quang Minh, Nguyen Lam Tung, Olga Chernomor, Heiko Schmidt,
Dominik Schrempf, Michael Woodhams, Ly Trong Nhan, Thomas Wong

Host:    dayhoff.uds.anu.edu.au (AVX2, FMA3, 1007 GB RAM)
Command: ../../iqtree2 -s 20_concated.nex -m MF -merit AIC -T 50 --mem 100G -pre 20yeast_c60_init
Seed:    586209 (Using SPRNG - Scalable Parallel Random Number Generator)
Time:    Tue Apr 15 18:20:42 2025
Kernel:  AVX+FMA - 50 threads (50 CPU cores detected)

Reading alignment file 20_concated.nex ... Nexus format detected
Skipping unknown block (sets)...
WARNING: 1325 sites contain only gaps or ambiguous characters.
Alignment has 20 sequences with 189743 columns, 162362 distinct patterns
135353 parsimony-informative, 27033 singleton sites, 27357 constant sites
                                              Gap/Ambiguity  Composition  p-value
Analyzing sequences: done in 0.0100796 secs using 2879% CPU
   1  Ascoidea_asiatica                              13.17%    failed      0.00%
   2  Candida_apicola                                25.82%    failed      0.00%
   3  Fusarium_graminearum                           16.07%    failed      0.00%
   4  Lodderomyces_elongisporus                       8.63%    failed      0.00%
   5  Nakaseomyces_castellii                         19.27%    failed      0.00%
   6  Nakazawaea_peltata                              9.96%    failed      0.00%
   7  Schizosaccharomyces_pombe                      26.55%    failed      0.00%
   8  yHMPu5000034604_Sporopachydermia_lactativora    8.51%    failed      0.00%
   9  yHMPu5000034614_Saturnispora_silvae            18.62%    failed      0.00%
  10  yHMPu5000034646_Wickerhamiella_cacticola       22.60%    failed      0.00%
  11  yHMPu5000034748_Lipomyces_oligophaga           15.51%    failed      0.00%
  12  yHMPu5000034957_Hanseniaspora_osmophila        20.40%    failed      0.00%
  13  yHMPu5000035242_Zygoascus_ofunaensis            9.83%    failed      0.00%
  14  yHMPu5000035244_Candida_incommunis             15.49%    failed      0.00%
  15  yHMPu5000035633_Candida_hispaniensis           11.89%    failed      0.00%
  16  yHMPu5000035650_Trigonopsis_variabilis         15.73%    failed      0.00%
  17  yHMPu5000035654_Tortispora_ganteri             19.21%    failed      0.00%
  18  yHMPu5000035671_Phaffomyces_antillensis         7.76%    failed      0.00%
  19  yHMPu5000041818_Magnusiomyces_tetrasperma      10.70%    failed      0.00%
  20  Metschnikowia_bowlesiae                        12.95%    failed      0.00%
****  TOTAL                                          15.43%  20 sequences failed composition chi2 test (p-value<5%; df=19)
NOTE: minimal branch length is reduced to 0.000000527029 for long alignment
Checking for duplicate sequences: done in 0.0162421 secs using 1913% CPU


Create initial parsimony tree by phylogenetic likelihood library (PLL)... 0.411 seconds
Perform fast likelihood tree search using LG+I+G model...
Estimate model parameters (epsilon = 5.000)
Perform nearest neighbor interchange...
Optimizing NNI: done in 17.5985 secs using 3168% CPU
Estimate model parameters (epsilon = 1.000)
1. Initial log-likelihood: -5432719.007
Optimal log-likelihood: -5432718.248
Proportion of invariable sites: 0.100
Gamma shape alpha: 1.127
Parameters optimization took 1 rounds (4.477 sec)
Time for fast ML tree search: 56.566 seconds

NOTE: ModelFinder requires 5017 MB RAM!
ModelFinder will test up to 1232 protein models (sample size: 189743 epsilon: 0.100) ...
 No. Model         -LnL         df  AIC          AICc         BIC
  1  LG            5754478.145  37  11509030.289 11509030.304 11509405.966
  2  LG+I          5612032.018  38  11224140.035 11224140.051 11224525.865
  3  LG+G4         5438340.364  38  10876756.727 10876756.743 10877142.557
  4  LG+I+G4       5432718.204  39  10865514.409 10865514.425 10865910.392
  5  LG+R2         5478875.623  39  10957829.245 10957829.262 10958225.229
  6  LG+R3         5438181.045  41  10876444.090 10876444.108 10876860.381
  7  LG+R4         5431809.854  43  10863705.707 10863705.727 10864142.305
  8  LG+R5         5430846.770  45  10861783.540 10861783.561 10862240.444
  9  LG+R6         5430763.361  47  10861620.722 10861620.745 10862097.933
 10  LG+R7         5430749.572  49  10861597.144 10861597.170 10862094.662
 11  LG+R8         5430748.381  51  10861598.761 10861598.789 10862116.586
 14  LG+I+R2       5452609.705  40  10905299.411 10905299.428 10905705.548
 15  LG+I+R3       5433876.121  42  10867836.242 10867836.261 10868262.686
 16  LG+I+R4       5431121.613  44  10862331.225 10862331.246 10862777.976
 17  LG+I+R5       5430772.780  46  10861637.560 10861637.582 10862104.617
 18  LG+I+R6       5430758.521  48  10861613.041 10861613.066 10862100.406
 19  LG+I+R7       5430747.877  50  10861595.754 10861595.781 10862103.425
 20  LG+I+R8       5430741.634  52  10861587.267 10861587.296 10862115.245
 21  LG+I+R9       5430739.201  54  10861586.402 10861586.433 10862134.687
 22  LG+I+R10      5430737.906  56  10861587.812 10861587.846 10862156.404
 41  LG+F+I+R7     5419771.717  69  10839681.433 10839681.484 10840382.020
 42  LG+F+I+R8     5419763.254  71  10839668.508 10839668.562 10840389.401
 43  LG+F+I+R9     5419759.055  73  10839664.110 10839664.167 10840405.310
 44  LG+F+I+R10    5419757.325  75  10839664.650 10839664.710 10840426.157
 63  WAG+I+R7      5461257.309  50  10922614.618 10922614.645 10923122.289
 64  WAG+I+R8      5461253.704  52  10922611.408 10922611.437 10923139.386
 65  WAG+I+R9      5461253.378  54  10922614.757 10922614.788 10923163.042
 85  WAG+F+I+R7    5443881.439  69  10887900.879 10887900.930 10888601.465
 86  WAG+F+I+R8    5443878.232  71  10887898.464 10887898.518 10888619.358
 87  WAG+F+I+R9    5443877.717  73  10887901.433 10887901.490 10888642.633
107  JTT+I+R7      5498154.548  50  10996409.095 10996409.122 10996916.766
108  JTT+I+R8      5498148.707  52  10996401.415 10996401.444 10996929.393
109  JTT+I+R9      5498146.607  54  10996401.214 10996401.245 10996949.499
110  JTT+I+R10     5498146.576  56  10996405.153 10996405.187 10996973.745
129  JTT+F+I+R7    5477281.884  69  10954701.768 10954701.819 10955402.354
130  JTT+F+I+R8    5477276.126  71  10954694.253 10954694.306 10955415.146
131  JTT+F+I+R9    5477273.363  73  10954692.727 10954692.784 10955433.927
132  JTT+F+I+R10   5477272.744  75  10954695.489 10954695.549 10955456.996
151  Q.PFAM+I+R7   5433861.500  50  10867823.000 10867823.026 10868330.671
152  Q.PFAM+I+R8   5433852.234  52  10867808.468 10867808.497 10868336.446
153  Q.PFAM+I+R9   5433847.073  54  10867802.145 10867802.177 10868350.430
154  Q.PFAM+I+R10  5433845.409  56  10867802.819 10867802.852 10868371.410
173  Q.PFAM+F+I+R7 5421845.246  69  10843828.492 10843828.543 10844529.078
174  Q.PFAM+F+I+R8 5421835.046  71  10843812.092 10843812.146 10844532.985
175  Q.PFAM+F+I+R9 5421828.903  73  10843803.807 10843803.864 10844545.007
176  Q.PFAM+F+I+R10 5421826.455  75  10843802.910 10843802.970 10844564.417
195  Q.BIRD+I+R7   5581645.503  50  11163391.007 11163391.034 11163898.678
196  Q.BIRD+I+R8   5581644.336  52  11163392.671 11163392.700 11163920.649
217  Q.BIRD+F+I+R7 5560059.923  69  11120257.846 11120257.897 11120958.433
218  Q.BIRD+F+I+R8 5560059.535  71  11120261.070 11120261.124 11120981.963
239  Q.MAMMAL+I+R7 5551392.761  50  11102885.523 11102885.550 11103393.194
240  Q.MAMMAL+I+R8 5551390.515  52  11102885.029 11102885.058 11103413.007
+I+R9 reinitialized from +I+R8 with factor 0.500
241  Q.MAMMAL+I+R9 5551390.608  54  11102889.217 11102889.248 11103437.502
261  Q.MAMMAL+F+I+R7 5528935.011  69  11058008.022 11058008.073 11058708.608
262  Q.MAMMAL+F+I+R8 5528932.417  71  11058006.833 11058006.887 11058727.726
263  Q.MAMMAL+F+I+R9 5528931.888  73  11058009.775 11058009.832 11058750.976
283  Q.INSECT+I+R7 5435047.610  50  10870195.220 10870195.247 10870702.891
284  Q.INSECT+I+R8 5435045.406  52  10870194.813 10870194.842 10870722.791
285  Q.INSECT+I+R9 5435044.191  54  10870196.381 10870196.413 10870744.666
305  Q.INSECT+F+I+R7 5441317.883  69  10882773.767 10882773.818 10883474.353
306  Q.INSECT+F+I+R8 5441315.844  71  10882773.688 10882773.742 10883494.581
307  Q.INSECT+F+I+R9 5441315.279  73  10882776.559 10882776.616 10883517.759
327  Q.PLANT+I+R7  5484019.470  50  10968138.941 10968138.968 10968646.612
328  Q.PLANT+I+R8  5484018.248  52  10968140.496 10968140.525 10968668.474
349  Q.PLANT+F+I+R7 5480051.515  69  10960241.031 10960241.082 10960941.617
350  Q.PLANT+F+I+R8 5480050.089  71  10960242.179 10960242.233 10960963.072
371  Q.YEAST+I+R7  5419063.856  50  10838227.712 10838227.739 10838735.383
372  Q.YEAST+I+R8  5419056.560  52  10838217.121 10838217.150 10838745.099
373  Q.YEAST+I+R9  5419041.632  54  10838191.264 10838191.295 10838739.549
374  Q.YEAST+I+R10 5419039.327  56  10838190.653 10838190.687 10838759.245
393  Q.YEAST+F+I+R7 5425045.719  69  10850229.438 10850229.489 10850930.024
394  Q.YEAST+F+I+R8 5425044.030  71  10850230.060 10850230.114 10850950.954
415  JTTDCMUT+I+R7 5497455.501  50  10995011.001 10995011.028 10995518.673
+I+R8 reinitialized from +I+R7 with factor 0.500
+I+R8 reinitialized from +I+R7 with factor 0.250
+I+R8 reinitialized from +I+R7 with factor 0.125
+I+R8 reinitialized from +I+R7 with factor 0.062
416  JTTDCMUT+I+R8 5497455.579  52  10995015.157 10995015.186 10995543.135
437  JTTDCMUT+F+I+R7 5476727.971  69  10953593.943 10953593.994 10954294.529
438  JTTDCMUT+F+I+R8 5476728.047  71  10953598.094 10953598.148 10954318.987
459  DCMUT+I+R7    5517778.611  50  11035657.221 11035657.248 11036164.893
460  DCMUT+I+R8    5517778.453  52  11035660.906 11035660.935 11036188.884
481  DCMUT+F+I+R7  5479175.370  69  10958488.740 10958488.791 10959189.326
+I+R8 reinitialized from +I+R7 with factor 0.500
+I+R8 reinitialized from +I+R7 with factor 0.250
+I+R8 reinitialized from +I+R7 with factor 0.125
+I+R8 reinitialized from +I+R7 with factor 0.062
482  DCMUT+F+I+R8  5479175.351  71  10958492.703 10958492.757 10959213.596
503  VT+I+R7       5462461.051  50  10925022.102 10925022.129 10925529.773
+I+R8 reinitialized from +I+R7 with factor 0.500
+I+R8 reinitialized from +I+R7 with factor 0.250
+I+R8 reinitialized from +I+R7 with factor 0.125
+I+R8 reinitialized from +I+R7 with factor 0.062
504  VT+I+R8       5462461.094  52  10925026.188 10925026.217 10925554.166
525  VT+F+I+R7     5454593.782  69  10909325.564 10909325.615 10910026.151
526  VT+F+I+R8     5454593.736  71  10909329.471 10909329.525 10910050.364
547  PMB+I+R7      5494926.813  50  10989953.626 10989953.653 10990461.297
548  PMB+I+R8      5494926.241  52  10989956.481 10989956.510 10990484.460
569  PMB+F+I+R7    5475719.840  69  10951577.680 10951577.731 10952278.266
570  PMB+F+I+R8    5475719.072  71  10951580.143 10951580.197 10952301.037
591  BLOSUM62+I+R7 5486621.683  50  10973343.366 10973343.393 10973851.037
592  BLOSUM62+I+R8 5486621.585  52  10973347.170 10973347.199 10973875.148
613  BLOSUM62+F+I+R7 5469206.248  69  10938550.496 10938550.546 10939251.082
614  BLOSUM62+F+I+R8 5469206.008  71  10938554.016 10938554.070 10939274.910
635  DAYHOFF+I+R7  5517679.928  50  11035459.856 11035459.883 11035967.528
+I+R8 reinitialized from +I+R7 with factor 0.500
636  DAYHOFF+I+R8  5517678.727  52  11035461.453 11035461.482 11035989.431
657  DAYHOFF+F+I+R7 5479073.910  69  10958285.819 10958285.870 10958986.406
+I+R8 reinitialized from +I+R7 with factor 0.500
+I+R8 reinitialized from +I+R7 with factor 0.250
+I+R8 reinitialized from +I+R7 with factor 0.125
658  DAYHOFF+F+I+R8 5479073.829  71  10958289.659 10958289.713 10959010.552
679  MTREV+I+R7    5720243.215  50  11440586.431 11440586.458 11441094.102
+I+R8 reinitialized from +I+R7 with factor 0.500
680  MTREV+I+R8    5720229.457  52  11440562.913 11440562.942 11441090.891
+I+R9 reinitialized from +I+R8 with factor 0.500
681  MTREV+I+R9    5720228.352  54  11440564.704 11440564.735 11441112.989
701  MTREV+F+I+R7  5519468.752  69  11039075.504 11039075.555 11039776.091
+I+R8 reinitialized from +I+R7 with factor 0.500
702  MTREV+F+I+R8  5519466.132  71  11039074.264 11039074.317 11039795.157
+I+R9 reinitialized from +I+R8 with factor 0.500
703  MTREV+F+I+R9  5519466.220  73  11039078.441 11039078.498 11039819.641
723  MTART+I+R7    5713104.251  50  11426308.503 11426308.529 11426816.174
724  MTART+I+R8    5713065.143  52  11426234.286 11426234.315 11426762.265
725  MTART+I+R9    5713025.053  54  11426158.105 11426158.137 11426706.390
726  MTART+I+R10   5712927.120  56  11425966.241 11425966.274 11426534.833
745  MTART+F+I+R7  5516729.200  69  11033596.400 11033596.451 11034296.986
746  MTART+F+I+R8  5516695.748  71  11033533.497 11033533.550 11034254.390
747  MTART+F+I+R9  5516674.047  73  11033494.094 11033494.151 11034235.294
748  MTART+F+I+R10 5516671.977  75  11033493.955 11033494.015 11034255.462
767  MTZOA+I+R7    5629088.642  50  11258277.284 11258277.311 11258784.956
768  MTZOA+I+R8    5629065.048  52  11258234.096 11258234.125 11258762.074
769  MTZOA+I+R9    5629052.386  54  11258212.773 11258212.804 11258761.058
+I+R10 reinitialized from +I+R9 with factor 0.500
+I+R10 reinitialized from +I+R9 with factor 0.250
+I+R10 reinitialized from +I+R9 with factor 0.125
770  MTZOA+I+R10   5629052.430  56  11258216.861 11258216.894 11258785.453
789  MTZOA+F+I+R7  5482044.155  69  10964226.309 10964226.360 10964926.896
790  MTZOA+F+I+R8  5482025.381  71  10964192.761 10964192.815 10964913.655
791  MTZOA+F+I+R9  5482016.777  73  10964179.554 10964179.611 10964920.754
+I+R10 reinitialized from +I+R9 with factor 0.500
792  MTZOA+F+I+R10 5482015.730  75  10964181.459 10964181.520 10964942.966
811  MTMET+I+R7    5706588.535  50  11413277.071 11413277.098 11413784.742
812  MTMET+I+R8    5706563.120  52  11413230.240 11413230.269 11413758.218
813  MTMET+I+R9    5706550.279  54  11413208.558 11413208.589 11413756.843
814  MTMET+I+R10   5706549.653  56  11413211.306 11413211.340 11413779.898
833  MTMET+F+I+R7  5516819.720  69  11033777.441 11033777.492 11034478.027
834  MTMET+F+I+R8  5516810.458  71  11033762.915 11033762.969 11034483.809
835  MTMET+F+I+R9  5516802.390  73  11033750.781 11033750.838 11034491.981
836  MTMET+F+I+R10 5516801.960  75  11033753.921 11033753.981 11034515.428
855  MTVER+I+R7    5764103.107  50  11528306.215 11528306.242 11528813.886
856  MTVER+I+R8    5764102.433  52  11528308.865 11528308.894 11528836.843
877  MTVER+F+I+R7  5582880.849  69  11165899.698 11165899.749 11166600.284
878  MTVER+F+I+R8  5582875.611  71  11165893.223 11165893.277 11166614.116
879  MTVER+F+I+R9  5582872.783  73  11165891.567 11165891.624 11166632.767
880  MTVER+F+I+R10 5582870.736  75  11165891.472 11165891.532 11166652.979
899  MTINV+I+R7    5729522.779  50  11459145.559 11459145.586 11459653.230
900  MTINV+I+R8    5729515.873  52  11459135.747 11459135.776 11459663.725
901  MTINV+I+R9    5729515.731  54  11459139.462 11459139.493 11459687.747
921  MTINV+F+I+R7  5483489.578  69  10967117.156 10967117.206 10967817.742
922  MTINV+F+I+R8  5483485.790  71  10967113.580 10967113.634 10967834.473
923  MTINV+F+I+R9  5483485.684  73  10967117.368 10967117.425 10967858.568
943  MTMAM+I+R7    5797980.565  50  11596061.129 11596061.156 11596568.800
944  MTMAM+I+R8    5797906.583  52  11595917.166 11595917.195 11596445.144
+I+R9 reinitialized from +I+R8 with factor 0.500
945  MTMAM+I+R9    5797900.270  54  11595908.541 11595908.572 11596456.826
+I+R10 reinitialized from +I+R9 with factor 0.500
946  MTMAM+I+R10   5797896.836  56  11595905.672 11595905.706 11596474.264
965  MTMAM+F+I+R7  5603194.431  69  11206526.863 11206526.914 11207227.449
966  MTMAM+F+I+R8  5603178.280  71  11206498.560 11206498.614 11207219.454
967  MTMAM+F+I+R9  5603176.504  73  11206499.008 11206499.065 11207240.208
987  FLAVI+I+R7    5687232.391  50  11374564.781 11374564.808 11375072.452
988  FLAVI+I+R8    5687225.804  52  11374555.608 11374555.637 11375083.586
+I+R9 reinitialized from +I+R8 with factor 0.500
+I+R9 reinitialized from +I+R8 with factor 0.250
989  FLAVI+I+R9    5687225.466  54  11374558.933 11374558.964 11375107.218
1009  FLAVI+F+I+R7  5637025.694  69  11274189.388 11274189.439 11274889.975
1010  FLAVI+F+I+R8  5637016.877  71  11274175.754 11274175.808 11274896.647
1011  FLAVI+F+I+R9  5637016.280  73  11274178.559 11274178.616 11274919.759
1031  HIVB+I+R7     5594657.095  50  11189414.189 11189414.216 11189921.861
+I+R8 reinitialized from +I+R7 with factor 0.500
+I+R8 reinitialized from +I+R7 with factor 0.250
+I+R8 reinitialized from +I+R7 with factor 0.125
+I+R8 reinitialized from +I+R7 with factor 0.062
+I+R8 reinitialized from +I+R7 with factor 0.031
1032  HIVB+I+R8     5594657.390  52  11189418.779 11189418.808 11189946.757
1053  HIVB+F+I+R7   5549936.707  69  11100011.413 11100011.464 11100712.000
+I+R8 reinitialized from +I+R7 with factor 0.500
+I+R8 reinitialized from +I+R7 with factor 0.250
+I+R8 reinitialized from +I+R7 with factor 0.125
1054  HIVB+F+I+R8   5549936.488  71  11100014.976 11100015.030 11100735.869
1075  HIVW+I+R7     5804668.617  50  11609437.233 11609437.260 11609944.904
+I+R8 reinitialized from +I+R7 with factor 0.500
1076  HIVW+I+R8     5804666.386  52  11609436.773 11609436.802 11609964.751
1077  HIVW+I+R9     5804663.047  54  11609434.094 11609434.125 11609982.379
+I+R10 reinitialized from +I+R9 with factor 0.500
1078  HIVW+I+R10    5804660.170  56  11609432.340 11609432.374 11610000.932
1097  HIVW+F+I+R7   5694275.952  69  11388689.903 11388689.954 11389390.490
1098  HIVW+F+I+R8   5694275.651  71  11388693.303 11388693.356 11389414.196
1119  FLU+I+R7      5557908.872  50  11115917.743 11115917.770 11116425.414
+I+R8 reinitialized from +I+R7 with factor 0.500
1120  FLU+I+R8      5557908.057  52  11115920.113 11115920.142 11116448.092
1141  FLU+F+I+R7    5525914.440  69  11051966.880 11051966.931 11052667.466
1142  FLU+F+I+R8    5525911.655  71  11051965.310 11051965.364 11052686.203
1143  FLU+F+I+R9    5525885.341  73  11051916.683 11051916.740 11052657.883
1144  FLU+F+I+R10   5525884.444  75  11051918.889 11051918.949 11052680.396
1163  RTREV+I+R7    5479573.602  50  10959247.204 10959247.231 10959754.876
1164  RTREV+I+R8    5479567.316  52  10959238.632 10959238.661 10959766.610
1165  RTREV+I+R9    5479560.298  54  10959228.595 10959228.626 10959776.880
1166  RTREV+I+R10   5479560.154  56  10959232.307 10959232.341 10959800.899
1185  RTREV+F+I+R7  5432704.341  69  10865546.683 10865546.733 10866247.269
1186  RTREV+F+I+R8  5432704.138  71  10865550.275 10865550.329 10866271.168
1207  CPREV+I+R7    5485585.319  50  10971270.637 10971270.664 10971778.308
1208  CPREV+I+R8    5485580.762  52  10971265.525 10971265.554 10971793.503
1209  CPREV+I+R9    5485572.370  54  10971252.739 10971252.771 10971801.024
+I+R10 reinitialized from +I+R9 with factor 0.500
1210  CPREV+I+R10   5485571.775  56  10971255.550 10971255.583 10971824.142
1229  CPREV+F+I+R7  5473646.934  69  10947431.869 10947431.920 10948132.455
+I+R8 reinitialized from +I+R7 with factor 0.500
1230  CPREV+F+I+R8  5473646.936  71  10947435.872 10947435.926 10948156.765
Akaike Information Criterion:           Q.YEAST+I+R10
Corrected Akaike Information Criterion: Q.YEAST+I+R10
Bayesian Information Criterion:         Q.YEAST+I+R7
Best-fit model: Q.YEAST+I+R10 chosen according to AIC

All model information printed to 20yeast_c60_init.model.gz
CPU time for ModelFinder: 2827170.579 seconds (785h:19m:30s)
Wall-clock time for ModelFinder: 70900.953 seconds (19h:41m:40s)

NOTE: 5017 MB RAM (4 GB) is required!
Estimate model parameters (epsilon = 0.010)
1. Initial log-likelihood: -5421104.616
2. Current log-likelihood: -5419111.361
3. Current log-likelihood: -5419047.457
4. Current log-likelihood: -5419036.722
5. Current log-likelihood: -5419029.945
6. Current log-likelihood: -5419026.524
7. Current log-likelihood: -5419024.587
8. Current log-likelihood: -5419023.562
9. Current log-likelihood: -5419023.057
10. Current log-likelihood: -5419022.763
11. Current log-likelihood: -5419022.562
12. Current log-likelihood: -5419022.453
13. Current log-likelihood: -5419022.431
14. Current log-likelihood: -5419022.413
15. Current log-likelihood: -5419022.400
16. Current log-likelihood: -5419022.387
Optimal log-likelihood: -5419022.376
Proportion of invariable sites: 0.055
Site proportion and rates:  (0.101,0.035) (0.108,0.156) (0.163,0.384) (0.165,0.724) (0.042,0.961) (0.154,1.336) (0.027,1.341) (0.104,2.232) (0.073,2.690) (0.010,8.706)
Parameters optimization took 16 rounds (323.967 sec)
Wrote distance file to... 
BEST SCORE FOUND : -5419022.376
Total tree length: 16.886

Total number of iterations: 0
CPU time used for tree search: 0.000 sec (0h:0m:0s)
Wall-clock time used for tree search: 0.000 sec (0h:0m:0s)
Total CPU time used: 2842625.189 sec (789h:37m:5s)
Total wall-clock time used: 71225.188 sec (19h:47m:5s)

Analysis results written to: 
  IQ-TREE report:                20yeast_c60_init.iqtree
  Tree used for ModelFinder:     20yeast_c60_init.treefile
  Screen log file:               20yeast_c60_init.log

Date and Time: Wed Apr 16 14:07:50 2025
