IQ-TREE multicore version 2.4.0 for Linux x86 64-bit built Mar 19 2025
Developed by Bui Quang Minh, Nguyen Lam Tung, Olga Chernomor, Heiko Schmidt,
Dominik Schrempf, Michael Woodhams, Ly Trong Nhan, Thomas Wong

Host:    dayhoff.uds.anu.edu.au (AVX2, FMA3, 1007 GB RAM)
Command: ../../iqtree2 -s ./20_concated.nex -m Q.YEAST+C60+F+I+R10 -te ../partition/Q/yeast20_Q_search.treefile -T 50 --mem 100G -safe -pre yeast20_c60_F
Seed:    668673 (Using SPRNG - Scalable Parallel Random Number Generator)
Time:    Wed Apr 16 14:07:50 2025
Kernel:  Safe AVX+FMA - 50 threads (50 CPU cores detected)

Reading alignment file ./20_concated.nex ... Nexus format detected
Skipping unknown block (sets)...
WARNING: 1325 sites contain only gaps or ambiguous characters.
Alignment has 20 sequences with 189743 columns, 162362 distinct patterns
135353 parsimony-informative, 27033 singleton sites, 27357 constant sites
                                              Gap/Ambiguity  Composition  p-value
Analyzing sequences: done in 0.0122953 secs using 2961% CPU
   1  Ascoidea_asiatica                              13.17%    failed      0.00%
   2  Candida_apicola                                25.82%    failed      0.00%
   3  Fusarium_graminearum                           16.07%    failed      0.00%
   4  Lodderomyces_elongisporus                       8.63%    failed      0.00%
   5  Nakaseomyces_castellii                         19.27%    failed      0.00%
   6  Nakazawaea_peltata                              9.96%    failed      0.00%
   7  Schizosaccharomyces_pombe                      26.55%    failed      0.00%
   8  yHMPu5000034604_Sporopachydermia_lactativora    8.51%    failed      0.00%
   9  yHMPu5000034614_Saturnispora_silvae            18.62%    failed      0.00%
  10  yHMPu5000034646_Wickerhamiella_cacticola       22.60%    failed      0.00%
  11  yHMPu5000034748_Lipomyces_oligophaga           15.51%    failed      0.00%
  12  yHMPu5000034957_Hanseniaspora_osmophila        20.40%    failed      0.00%
  13  yHMPu5000035242_Zygoascus_ofunaensis            9.83%    failed      0.00%
  14  yHMPu5000035244_Candida_incommunis             15.49%    failed      0.00%
  15  yHMPu5000035633_Candida_hispaniensis           11.89%    failed      0.00%
  16  yHMPu5000035650_Trigonopsis_variabilis         15.73%    failed      0.00%
  17  yHMPu5000035654_Tortispora_ganteri             19.21%    failed      0.00%
  18  yHMPu5000035671_Phaffomyces_antillensis         7.76%    failed      0.00%
  19  yHMPu5000041818_Magnusiomyces_tetrasperma      10.70%    failed      0.00%
  20  Metschnikowia_bowlesiae                        12.95%    failed      0.00%
****  TOTAL                                          15.43%  20 sequences failed composition chi2 test (p-value<5%; df=19)
NOTE: minimal branch length is reduced to 0.000000527029 for long alignment
Checking for duplicate sequences: done in 0.0314281 secs using 1950% CPU
Reading input tree file ../partition/Q/yeast20_Q_search.treefile ...
Model Q.YEAST+C60+F+I+R10 is alias for Q.YEAST+POISSON+G+FMIX{C60pi1:1:0.0169698865,C60pi2:1:0.0211683374,C60pi3:1:0.0276589079,C60pi4:1:0.0065675964,C60pi5:1:0.0141221416,C60pi6:1:0.0068774834,C60pi7:1:0.0146909701,C60pi8:1:0.0067225777,C60pi9:1:0.0018396660,C60pi10:1:0.0102547197,C60pi11:1:0.0230896163,C60pi12:1:0.0057941033,C60pi13:1:0.0125394534,C60pi14:1:0.0204526478,C60pi15:1:0.0070629602,C60pi16:1:0.0117982741,C60pi17:1:0.0068334668,C60pi18:1:0.0433775839,C60pi19:1:0.0318278731,C60pi20:1:0.0222546108,C60pi21:1:0.0102264969,C60pi22:1:0.0150545891,C60pi23:1:0.0134159878,C60pi24:1:0.0148552065,C60pi25:1:0.0239111516,C60pi26:1:0.0128776278,C60pi27:1:0.0222318842,C60pi28:1:0.0247444742,C60pi29:1:0.0214274810,C60pi30:1:0.0115001882,C60pi31:1:0.0076017389,C60pi32:1:0.0130258568,C60pi33:1:0.0093701965,C60pi34:1:0.0467194264,C60pi35:1:0.0441940314,C60pi36:1:0.0322263154,C60pi37:1:0.0402999891,C60pi38:1:0.0150234227,C60pi39:1:0.0104589903,C60pi40:1:0.0214742395,C60pi41:1:0.0154957836,C60pi42:1:0.0101789953,C60pi43:1:0.0227980379,C60pi44:1:0.0123204539,C60pi45:1:0.0066777583,C60pi46:1:0.0004150083,C60pi47:1:0.0344385130,C60pi48:1:0.0113663379,C60pi49:1:0.0127143049,C60pi50:1:0.0124323741,C60pi51:1:0.0262124415,C60pi52:1:0.0064994957,C60pi53:1:0.0103203293,C60pi54:1:0.0142463512,C60pi55:1:0.0215600067,C60pi56:1:0.0199150700,C60pi57:1:0.0038964200,C60pi58:1:0.0113448855,C60pi59:1:0.0128595846,C60pi60:1:0.0117656776}+F+I+R10
WARNING: Your input class weight 0.000415008 is very small and may cause numerical issues
WARNING: Both Gamma and FreeRate models were specified, continue with FreeRate model

WARNING: Too low -mem, automatically increased to 107124.660 MB
NOTE: 107124 MB RAM (104 GB) is required!
Estimate model parameters (epsilon = 0.010)
1. Initial log-likelihood: -5448712.562
2. Current log-likelihood: -5365004.974
3. Current log-likelihood: -5363348.767
4. Current log-likelihood: -5363301.205
5. Current log-likelihood: -5363284.668
6. Current log-likelihood: -5363274.781
7. Current log-likelihood: -5363257.476
8. Current log-likelihood: -5363248.685
9. Current log-likelihood: -5363243.567
10. Current log-likelihood: -5363237.230
11. Current log-likelihood: -5363232.336
12. Current log-likelihood: -5363227.844
13. Current log-likelihood: -5363225.441
14. Current log-likelihood: -5363223.430
15. Current log-likelihood: -5363221.885
16. Current log-likelihood: -5363220.381
17. Current log-likelihood: -5363219.450
18. Current log-likelihood: -5363218.332
19. Current log-likelihood: -5363213.042
20. Current log-likelihood: -5363210.506
21. Current log-likelihood: -5363209.564
22. Current log-likelihood: -5363208.733
23. Current log-likelihood: -5363208.599
24. Current log-likelihood: -5363208.103
25. Current log-likelihood: -5363207.910
26. Current log-likelihood: -5363207.664
Optimal log-likelihood: -5363208.365
Mixture weights: 0.413 0.014 0.002 0.007 0.010 0.031 0.008 0.002 0.003 0.006 0.027 0.007 0.010 0.001 0.006 0.000 0.005 0.014 0.037 0.023 0.001 0.002 0.026 0.004 0.000 0.007 0.011 0.042 0.007 0.016 0.014 0.004 0.008 0.015 0.012 0.013 0.010 0.005 0.041 0.001 0.005 0.005 0.005 0.008 0.000 0.001 0.000 0.017 0.007 0.001 0.000 0.006 0.010 0.002 0.010 0.026 0.002 0.002 0.021 0.005 0.000
Proportion of invariable sites: 0.068
Site proportion and rates:  (0.119,0.038) (0.118,0.161) (0.095,0.315) (0.087,0.496) (0.087,0.706) (0.096,0.948) (0.097,1.241) (0.097,1.809) (0.099,2.192) (0.037,6.434)
Parameters optimization took 26 rounds (26982.849 sec)
WARNING: The mixture model might be overfitting because some mixture weights are estimated close to zero
Wrote distance file to... 
BEST SCORE FOUND : -5363208.365
Total tree length: 24.896

Total number of iterations: 0
CPU time used for tree search: 0.000 sec (0h:0m:0s)
Wall-clock time used for tree search: 0.000 sec (0h:0m:0s)
Total CPU time used: 1024949.552 sec (284h:42m:29s)
Total wall-clock time used: 44790426.805 sec (12441h:47m:6s)

Analysis results written to: 
  IQ-TREE report:                yeast20_c60_F.iqtree
  Maximum-likelihood tree:       yeast20_c60_F.treefile
  Screen log file:               yeast20_c60_F.log

Date and Time: Wed Apr 16 21:37:52 2025
