IQ-TREE multicore version 2.4.0 for Linux x86 64-bit built Mar 19 2025
Developed by Bui Quang Minh, Nguyen Lam Tung, Olga Chernomor, Heiko Schmidt,
Dominik Schrempf, Michael Woodhams, Ly Trong Nhan, Thomas Wong

Host:    fisher.uds.anu.edu.au (AVX2, FMA3, 1007 GB RAM)
Command: ../../iqtree2 -s 5_concated.nex -m MF -merit AIC -T 30 -mem 120G -pre 5butterfly_c60_init
Seed:    599709 (Using SPRNG - Scalable Parallel Random Number Generator)
Time:    Fri Jun 13 03:11:54 2025
Kernel:  AVX+FMA - 30 threads (31 CPU cores detected)

Reading alignment file 5_concated.nex ... Nexus format detected
Skipping unknown block (sets)...
WARNING: 4836 sites contain only gaps or ambiguous characters.
Alignment has 5 sequences with 146199 columns, 30545 distinct patterns
5766 parsimony-informative, 57883 singleton sites, 82550 constant sites
                                                                             Gap/Ambiguity  Composition  p-value
Analyzing sequences: done in 0.00808595 secs using 1832% CPU
   1  Coleoptera_Tenebrionidae_Tenebrioninae_Tribolium_castaneum_TCAST               7.15%    failed      0.00%
   2  Gracillarioidea_Gracillariidae_Phyllocnistinae_Phyllocnistis_citrella_Pcit2   47.25%    failed      2.04%
   3  Nepticuloidea_Nepticulidae_Nepticulinae_Enteucha_acetosae_Enac2               55.36%    failed      0.01%
   4  Trichoptera_Psychomyiidae_Psychomyiinae_Psychomyia_flavida                    27.70%    failed      0.00%
   5  Diptera_Drosophilidae_Drosophilinae_Drosophila_melanogaster                   39.52%    failed      0.00%
WARNING: 1 sequences contain more than 50% gaps/ambiguity
****  TOTAL                                                                         35.40%  5 sequences failed composition chi2 test (p-value<5%; df=19)
NOTE: minimal branch length is reduced to 0.000000683999 for long alignment
Checking for duplicate sequences: done in 0.00397919 secs using 2495% CPU


Create initial parsimony tree by phylogenetic likelihood library (PLL)... 0.030 seconds
Perform fast likelihood tree search using LG+I+G model...
Estimate model parameters (epsilon = 5.000)
Perform nearest neighbor interchange...
Optimizing NNI: done in 0.0767664 secs using 2886% CPU
Estimate model parameters (epsilon = 1.000)
1. Initial log-likelihood: -845932.279
2. Current log-likelihood: -845928.107
3. Current log-likelihood: -845924.238
4. Current log-likelihood: -845920.747
5. Current log-likelihood: -845917.581
6. Current log-likelihood: -845914.700
7. Current log-likelihood: -845912.068
8. Current log-likelihood: -845909.656
9. Current log-likelihood: -845907.439
10. Current log-likelihood: -845905.394
11. Current log-likelihood: -845903.503
12. Current log-likelihood: -845901.751
13. Current log-likelihood: -845900.123
14. Current log-likelihood: -845898.607
15. Current log-likelihood: -845897.193
16. Current log-likelihood: -845895.870
17. Current log-likelihood: -845894.632
18. Current log-likelihood: -845893.471
19. Current log-likelihood: -845892.379
20. Current log-likelihood: -845891.352
Optimal log-likelihood: -845890.355
Proportion of invariable sites: 0.228
Gamma shape alpha: 1.566
Parameters optimization took 20 rounds (1.171 sec)
Time for fast ML tree search: 2.738 seconds

NOTE: ModelFinder requires 236 MB RAM!
ModelFinder will test up to 1232 protein models (sample size: 146199 epsilon: 0.100) ...
 No. Model         -LnL         df  AIC          AICc         BIC
  1  LG            856048.688   7   1712111.377  1712111.378  1712180.626
  2  LG+I          846873.450   8   1693762.900  1693762.901  1693842.042
  3  LG+G4         845903.641   8   1691823.281  1691823.282  1691902.423
  4  LG+I+G4       845871.294   9   1691760.588  1691760.589  1691849.623
  5  LG+R2         845999.875   9   1692017.750  1692017.752  1692106.785
  6  LG+R3         845849.236   11  1691720.472  1691720.474  1691829.292
  7  LG+R4         845838.470   13  1691702.941  1691702.943  1691831.546
+R5 reinitialized from +R4 with factor 0.500
+R5 reinitialized from +R4 with factor 0.250
+R5 reinitialized from +R4 with factor 0.125
+R5 reinitialized from +R4 with factor 0.062
+R5 reinitialized from +R4 with factor 0.031
  8  LG+R5         845838.599   15  1691707.198  1691707.202  1691855.589
 14  LG+I+R2       845855.958   10  1691731.916  1691731.917  1691830.843
 15  LG+I+R3       845839.706   12  1691703.412  1691703.414  1691822.125
 16  LG+I+R4       845837.512   14  1691703.025  1691703.028  1691841.523
 17  LG+I+R5       845837.251   16  1691706.502  1691706.506  1691864.786
 29  LG+F+R4       844845.850   32  1689755.700  1689755.715  1690072.268
 30  LG+F+R5       844845.827   34  1689759.655  1689759.671  1690096.007
 37  LG+F+I+R3     844848.647   31  1689759.294  1689759.308  1690065.969
 38  LG+F+I+R4     844844.191   33  1689754.382  1689754.397  1690080.842
 39  LG+F+I+R5     844843.047   35  1689756.095  1689756.112  1690102.340
 51  WAG+R4        849481.986   13  1698989.972  1698989.975  1699118.577
 52  WAG+R5        849482.066   15  1698994.132  1698994.136  1699142.523
 59  WAG+I+R3      849480.211   12  1698984.421  1698984.424  1699103.134
+I+R4 reinitialized from +I+R3 with factor 0.500
+I+R4 reinitialized from +I+R3 with factor 0.250
 60  WAG+I+R4      849480.274   14  1698988.548  1698988.550  1699127.046
 73  WAG+F+R4      846918.967   32  1693901.934  1693901.949  1694218.501
 74  WAG+F+R5      846919.025   34  1693906.049  1693906.066  1694242.402
 81  WAG+F+I+R3    846917.939   31  1693897.877  1693897.891  1694204.552
+I+R4 reinitialized from +I+R3 with factor 0.500
+I+R4 reinitialized from +I+R3 with factor 0.250
+I+R4 reinitialized from +I+R3 with factor 0.125
 82  WAG+F+I+R4    846917.987   33  1693901.975  1693901.990  1694228.435
 95  JTT+R4        849606.997   13  1699239.995  1699239.997  1699368.600
 96  JTT+R5        849606.596   15  1699243.192  1699243.195  1699391.582
103  JTT+I+R3      849605.010   12  1699234.019  1699234.021  1699352.732
+I+R4 reinitialized from +I+R3 with factor 0.500
+I+R4 reinitialized from +I+R3 with factor 0.250
+I+R4 reinitialized from +I+R3 with factor 0.125
+I+R4 reinitialized from +I+R3 with factor 0.062
104  JTT+I+R4      849604.949   14  1699237.898  1699237.901  1699376.396
117  JTT+F+R4      847980.959   32  1696025.919  1696025.933  1696342.486
118  JTT+F+R5      847980.642   34  1696029.284  1696029.300  1696365.637
125  JTT+F+I+R3    847979.408   31  1696020.815  1696020.829  1696327.490
126  JTT+F+I+R4    847979.427   33  1696024.855  1696024.870  1696351.315
139  Q.PFAM+R4     847262.025   13  1694550.050  1694550.053  1694678.656
140  Q.PFAM+R5     847261.892   15  1694553.785  1694553.788  1694702.176
147  Q.PFAM+I+R3   847262.015   12  1694548.030  1694548.032  1694666.743
148  Q.PFAM+I+R4   847261.895   14  1694551.790  1694551.792  1694690.288
161  Q.PFAM+F+R4   845475.444   32  1691014.889  1691014.903  1691331.456
162  Q.PFAM+F+R5   845475.320   34  1691018.639  1691018.656  1691354.992
169  Q.PFAM+F+I+R3 845475.507   31  1691013.014  1691013.027  1691319.688
170  Q.PFAM+F+I+R4 845475.384   33  1691016.769  1691016.784  1691343.229
183  Q.BIRD+R4     858281.017   13  1716588.034  1716588.036  1716716.639
184  Q.BIRD+R5     858280.735   15  1716591.471  1716591.474  1716739.862
191  Q.BIRD+I+R3   858278.058   12  1716580.116  1716580.118  1716698.829
192  Q.BIRD+I+R4   858277.601   14  1716583.201  1716583.204  1716721.699
205  Q.BIRD+F+R4   856415.618   32  1712895.237  1712895.251  1713211.804
206  Q.BIRD+F+R5   856415.370   34  1712898.741  1712898.757  1713235.093
213  Q.BIRD+F+I+R3 856413.037   31  1712888.074  1712888.088  1713194.749
214  Q.BIRD+F+I+R4 856412.735   33  1712891.471  1712891.486  1713217.931
227  Q.MAMMAL+R4   856312.457   13  1712650.914  1712650.916  1712779.519
228  Q.MAMMAL+R5   856312.305   15  1712654.610  1712654.613  1712803.001
235  Q.MAMMAL+I+R3 856310.759   12  1712645.518  1712645.520  1712764.230
236  Q.MAMMAL+I+R4 856310.736   14  1712649.471  1712649.474  1712787.970
249  Q.MAMMAL+F+R4 853645.743   32  1707355.485  1707355.499  1707672.052
250  Q.MAMMAL+F+R5 853645.782   34  1707359.563  1707359.579  1707695.916
257  Q.MAMMAL+F+I+R3 853645.626   31  1707353.253  1707353.266  1707659.927
258  Q.MAMMAL+F+I+R4 853645.501   33  1707357.002  1707357.018  1707683.462
271  Q.INSECT+R4   846528.526   13  1693083.053  1693083.055  1693211.658
272  Q.INSECT+R5   846528.273   15  1693086.546  1693086.549  1693234.937
279  Q.INSECT+I+R3 846527.767   12  1693079.534  1693079.536  1693198.246
280  Q.INSECT+I+R4 846527.821   14  1693083.642  1693083.644  1693222.140
293  Q.INSECT+F+R4 845160.643   32  1690385.286  1690385.301  1690701.853
294  Q.INSECT+F+R5 845160.322   34  1690388.644  1690388.661  1690724.997
301  Q.INSECT+F+I+R3 845160.590   31  1690383.179  1690383.193  1690689.854
302  Q.INSECT+F+I+R4 845160.023   33  1690386.046  1690386.061  1690712.506
315  Q.PLANT+R4    849860.851   13  1699747.702  1699747.705  1699876.308
316  Q.PLANT+R5    849860.721   15  1699751.442  1699751.446  1699899.833
323  Q.PLANT+I+R3  849860.434   12  1699744.867  1699744.870  1699863.580
324  Q.PLANT+I+R4  849860.107   14  1699748.214  1699748.217  1699886.712
337  Q.PLANT+F+R4  848591.323   32  1697246.646  1697246.660  1697563.213
338  Q.PLANT+F+R5  848591.281   34  1697250.562  1697250.578  1697586.914
345  Q.PLANT+F+I+R3 848591.390   31  1697244.780  1697244.794  1697551.455
346  Q.PLANT+F+I+R4 848591.066   33  1697248.131  1697248.147  1697574.591
359  Q.YEAST+R4    847919.329   13  1695864.657  1695864.660  1695993.263
360  Q.YEAST+R5    847919.242   15  1695868.484  1695868.487  1696016.875
367  Q.YEAST+I+R3  847919.551   12  1695863.102  1695863.104  1695981.815
368  Q.YEAST+I+R4  847919.221   14  1695866.443  1695866.446  1696004.941
381  Q.YEAST+F+R4  844850.936   32  1689765.873  1689765.887  1690082.440
382  Q.YEAST+F+R5  844850.747   34  1689769.493  1689769.510  1690105.846
389  Q.YEAST+F+I+R3 844851.279   31  1689764.558  1689764.572  1690071.233
390  Q.YEAST+F+I+R4 844850.748   33  1689767.496  1689767.512  1690093.956
403  JTTDCMUT+R4   849591.936   13  1699209.872  1699209.875  1699338.478
404  JTTDCMUT+R5   849591.929   15  1699213.859  1699213.862  1699362.250
411  JTTDCMUT+I+R3 849590.552   12  1699205.105  1699205.107  1699323.818
+I+R4 reinitialized from +I+R3 with factor 0.500
+I+R4 reinitialized from +I+R3 with factor 0.250
+I+R4 reinitialized from +I+R3 with factor 0.125
+I+R4 reinitialized from +I+R3 with factor 0.062
+I+R4 reinitialized from +I+R3 with factor 0.031
412  JTTDCMUT+I+R4 849590.677   14  1699209.355  1699209.358  1699347.853
425  JTTDCMUT+F+R4 847905.738   32  1695875.476  1695875.490  1696192.043
426  JTTDCMUT+F+R5 847905.757   34  1695879.514  1695879.530  1696215.866
433  JTTDCMUT+F+I+R3 847904.857   31  1695871.713  1695871.727  1696178.388
434  JTTDCMUT+F+I+R4 847904.924   33  1695875.848  1695875.863  1696202.308
447  DCMUT+R4      855240.868   13  1710507.736  1710507.738  1710636.341
448  DCMUT+R5      855240.762   15  1710511.524  1710511.527  1710659.915
455  DCMUT+I+R3    855239.820   12  1710503.640  1710503.642  1710622.352
456  DCMUT+I+R4    855239.566   14  1710507.131  1710507.134  1710645.630
469  DCMUT+F+R4    848902.703   32  1697869.405  1697869.420  1698185.972
470  DCMUT+F+R5    848902.641   34  1697873.282  1697873.299  1698209.635
477  DCMUT+F+I+R3  848902.144   31  1697866.288  1697866.301  1698172.962
478  DCMUT+F+I+R4  848902.020   33  1697870.039  1697870.054  1698196.499
491  VT+R4         848654.633   13  1697335.266  1697335.269  1697463.872
492  VT+R5         848652.811   15  1697335.621  1697335.624  1697484.012
499  VT+I+R3       848651.643   12  1697327.286  1697327.288  1697445.999
500  VT+I+R4       848651.081   14  1697330.162  1697330.165  1697468.660
513  VT+F+R4       847913.900   32  1695891.800  1695891.814  1696208.367
514  VT+F+R5       847912.287   34  1695892.574  1695892.590  1696228.927
521  VT+F+I+R3     847911.910   31  1695885.821  1695885.834  1696192.495
522  VT+F+I+R4     847911.478   33  1695888.957  1695888.972  1696215.416
535  PMB+R4        853853.012   13  1707732.024  1707732.026  1707860.629
536  PMB+R5        853852.281   15  1707734.562  1707734.566  1707882.953
543  PMB+I+R3      853857.345   12  1707738.690  1707738.692  1707857.403
544  PMB+I+R4      853856.733   14  1707741.466  1707741.469  1707879.965
557  PMB+F+R4      850999.519   32  1702063.038  1702063.052  1702379.605
558  PMB+F+R5      850998.937   34  1702065.874  1702065.891  1702402.227
565  PMB+F+I+R3    851001.391   31  1702064.782  1702064.796  1702371.457
566  PMB+F+I+R4    851001.011   33  1702068.022  1702068.038  1702394.482
579  BLOSUM62+R4   852898.488   13  1705822.975  1705822.978  1705951.581
580  BLOSUM62+R5   852897.904   15  1705825.808  1705825.811  1705974.199
587  BLOSUM62+I+R3 852900.307   12  1705824.615  1705824.617  1705943.327
588  BLOSUM62+I+R4 852899.609   14  1705827.218  1705827.221  1705965.716
601  BLOSUM62+F+R4 850805.799   32  1701675.598  1701675.612  1701992.165
602  BLOSUM62+F+R5 850805.474   34  1701678.947  1701678.963  1702015.300
609  BLOSUM62+F+I+R3 850806.840   31  1701675.679  1701675.693  1701982.354
610  BLOSUM62+F+I+R4 850806.331   33  1701678.662  1701678.677  1702005.122
623  DAYHOFF+R4    855218.482   13  1710462.965  1710462.967  1710591.570
624  DAYHOFF+R5    855218.339   15  1710466.679  1710466.682  1710615.070
631  DAYHOFF+I+R3  855217.423   12  1710458.846  1710458.848  1710577.559
632  DAYHOFF+I+R4  855217.012   14  1710462.024  1710462.027  1710600.522
645  DAYHOFF+F+R4  848884.399   32  1697832.798  1697832.812  1698149.365
646  DAYHOFF+F+R5  848884.416   34  1697836.831  1697836.848  1698173.184
653  DAYHOFF+F+I+R3 848883.156   31  1697828.313  1697828.326  1698134.987
654  DAYHOFF+F+I+R4 848882.894   33  1697831.788  1697831.803  1698158.248
667  MTREV+R4      894784.751   13  1789595.502  1789595.505  1789724.108
668  MTREV+R5      894783.307   15  1789596.615  1789596.618  1789745.006
675  MTREV+I+R3    894783.717   12  1789591.434  1789591.436  1789710.147
676  MTREV+I+R4    894780.429   14  1789588.858  1789588.861  1789727.356
677  MTREV+I+R5    894779.626   16  1789591.251  1789591.255  1789749.535
689  MTREV+F+R4    853636.468   32  1707336.936  1707336.950  1707653.503
690  MTREV+F+R5    853636.455   34  1707340.910  1707340.927  1707677.263
697  MTREV+F+I+R3  853634.255   31  1707330.510  1707330.524  1707637.185
698  MTREV+F+I+R4  853634.206   33  1707334.412  1707334.428  1707660.872
711  MTART+R4      896283.458   13  1792592.916  1792592.918  1792721.521
712  MTART+R5      896282.583   15  1792595.167  1792595.170  1792743.557
719  MTART+I+R3    896271.915   12  1792567.829  1792567.832  1792686.542
720  MTART+I+R4    896271.716   14  1792571.432  1792571.435  1792709.930
733  MTART+F+R4    853877.866   32  1707819.732  1707819.746  1708136.299
734  MTART+F+R5    853877.212   34  1707822.424  1707822.441  1708158.777
741  MTART+F+I+R3  853873.847   31  1707809.693  1707809.707  1708116.368
742  MTART+F+I+R4  853873.179   33  1707812.358  1707812.374  1708138.818
755  MTZOA+R4      886789.843   13  1773605.686  1773605.688  1773734.291
756  MTZOA+R5      886784.879   15  1773599.758  1773599.761  1773748.149
763  MTZOA+I+R3    886786.295   12  1773596.591  1773596.593  1773715.303
764  MTZOA+I+R4    886785.924   14  1773599.848  1773599.851  1773738.346
777  MTZOA+F+R4    850174.156   32  1700412.311  1700412.326  1700728.878
778  MTZOA+F+R5    850173.834   34  1700415.669  1700415.685  1700752.021
785  MTZOA+F+I+R3  850171.527   31  1700405.054  1700405.067  1700711.728
786  MTZOA+F+I+R4  850170.569   33  1700407.138  1700407.153  1700733.598
799  MTMET+R4      895216.770   13  1790459.541  1790459.543  1790588.146
800  MTMET+R5      895216.169   15  1790462.339  1790462.342  1790610.730
807  MTMET+I+R3    895207.261   12  1790438.522  1790438.524  1790557.235
808  MTMET+I+R4    895206.848   14  1790441.696  1790441.699  1790580.194
821  MTMET+F+R4    853318.234   32  1706700.468  1706700.482  1707017.035
+R5 reinitialized from +R4 with factor 0.500
822  MTMET+F+R5    853308.699   34  1706685.398  1706685.414  1707021.750
829  MTMET+F+I+R3  853309.561   31  1706681.123  1706681.136  1706987.797
830  MTMET+F+I+R4  853305.755   33  1706677.510  1706677.525  1707003.970
+I+R5 reinitialized from +I+R4 with factor 0.500
831  MTMET+F+I+R5  853303.025   35  1706676.051  1706676.068  1707022.296
843  MTVER+R4      902472.610   13  1804971.221  1804971.223  1805099.826
+R5 reinitialized from +R4 with factor 0.500
844  MTVER+R5      902471.857   15  1804973.715  1804973.718  1805122.106
851  MTVER+I+R3    902474.376   12  1804972.753  1804972.755  1805091.466
+I+R4 reinitialized from +I+R3 with factor 0.500
852  MTVER+I+R4    902466.809   14  1804961.619  1804961.622  1805100.117
+I+R5 reinitialized from +I+R4 with factor 0.500
+I+R5 reinitialized from +I+R4 with factor 0.250
853  MTVER+I+R5    902465.996   16  1804963.993  1804963.997  1805122.276
865  MTVER+F+R4    859924.519   32  1719913.038  1719913.053  1720229.605
866  MTVER+F+R5    859922.239   34  1719912.479  1719912.495  1720248.832
873  MTVER+F+I+R3  859921.959   31  1719905.919  1719905.932  1720212.593
874  MTVER+F+I+R4  859918.937   33  1719903.873  1719903.888  1720230.333
875  MTVER+F+I+R5  859917.064   35  1719904.129  1719904.146  1720250.374
887  MTINV+R4      902935.580   13  1805897.160  1805897.162  1806025.765
888  MTINV+R5      902928.520   15  1805887.039  1805887.042  1806035.430
895  MTINV+I+R3    902921.572   12  1805867.144  1805867.146  1805985.857
+I+R4 reinitialized from +I+R3 with factor 0.500
+I+R4 reinitialized from +I+R3 with factor 0.250
+I+R4 reinitialized from +I+R3 with factor 0.125
+I+R4 reinitialized from +I+R3 with factor 0.062
+I+R4 reinitialized from +I+R3 with factor 0.031
896  MTINV+I+R4    902922.189   14  1805872.378  1805872.381  1806010.876
909  MTINV+F+R4    850115.504   32  1700295.008  1700295.022  1700611.575
+R5 reinitialized from +R4 with factor 0.500
+R5 reinitialized from +R4 with factor 0.250
910  MTINV+F+R5    850115.352   34  1700298.704  1700298.720  1700635.057
917  MTINV+F+I+R3  850114.707   31  1700291.414  1700291.428  1700598.089
918  MTINV+F+I+R4  850114.778   33  1700295.556  1700295.572  1700622.016
931  MTMAM+R4      903302.617   13  1806631.234  1806631.237  1806759.840
932  MTMAM+R5      903302.012   15  1806634.024  1806634.028  1806782.415
939  MTMAM+I+R3    903296.532   12  1806617.063  1806617.065  1806735.776
940  MTMAM+I+R4    903295.874   14  1806619.748  1806619.751  1806758.246
953  MTMAM+F+R4    861229.054   32  1722522.108  1722522.122  1722838.675
954  MTMAM+F+R5    861228.966   34  1722525.932  1722525.948  1722862.284
961  MTMAM+F+I+R3  861231.059   31  1722524.117  1722524.131  1722830.792
962  MTMAM+F+I+R4  861230.712   33  1722527.424  1722527.439  1722853.883
975  FLAVI+R4      870802.429   13  1741630.858  1741630.860  1741759.463
976  FLAVI+R5      870800.849   15  1741631.699  1741631.702  1741780.089
983  FLAVI+I+R3    870799.156   12  1741622.312  1741622.314  1741741.024
984  FLAVI+I+R4    870799.187   14  1741626.375  1741626.378  1741764.873
997  FLAVI+F+R4    861846.247   32  1723756.494  1723756.508  1724073.061
998  FLAVI+F+R5    861845.362   34  1723758.725  1723758.741  1724095.077
1005  FLAVI+F+I+R3  861846.411   31  1723754.822  1723754.836  1724061.497
1006  FLAVI+F+I+R4  861845.100   33  1723756.201  1723756.216  1724082.660
1019  HIVB+R4       861476.690   13  1722979.379  1722979.382  1723107.985
1020  HIVB+R5       861475.288   15  1722980.577  1722980.580  1723128.967
1027  HIVB+I+R3     861475.958   12  1722975.915  1722975.918  1723094.628
1028  HIVB+I+R4     861474.478   14  1722976.956  1722976.959  1723115.454
1041  HIVB+F+R4     855926.618   32  1711917.237  1711917.251  1712233.804
1042  HIVB+F+R5     855925.209   34  1711918.418  1711918.434  1712254.770
1049  HIVB+F+I+R3   855926.183   31  1711914.367  1711914.380  1712221.041
1050  HIVB+F+I+R4   855924.559   33  1711915.117  1711915.133  1712241.577
1063  HIVW+R4       885675.591   13  1771377.182  1771377.184  1771505.787
+R5 reinitialized from +R4 with factor 0.500
+R5 reinitialized from +R4 with factor 0.250
+R5 reinitialized from +R4 with factor 0.125
+R5 reinitialized from +R4 with factor 0.062
1064  HIVW+R5       885675.405   15  1771380.810  1771380.814  1771529.201
1071  HIVW+I+R3     885673.059   12  1771370.117  1771370.119  1771488.830
+I+R4 reinitialized from +I+R3 with factor 0.500
1072  HIVW+I+R4     885672.271   14  1771372.541  1771372.544  1771511.039
1085  HIVW+F+R4     869193.901   32  1738451.802  1738451.817  1738768.369
1086  HIVW+F+R5     869193.550   34  1738455.101  1738455.117  1738791.453
1093  HIVW+F+I+R3   869192.304   31  1738446.609  1738446.622  1738753.283
1094  HIVW+F+I+R4   869191.244   33  1738448.487  1738448.502  1738774.947
1107  FLU+R4        859704.404   13  1719434.808  1719434.811  1719563.414
1108  FLU+R5        859704.072   15  1719438.145  1719438.148  1719586.536
1115  FLU+I+R3      859707.781   12  1719439.561  1719439.564  1719558.274
1116  FLU+I+R4      859699.467   14  1719426.935  1719426.938  1719565.433
1117  FLU+I+R5      859694.660   16  1719421.320  1719421.324  1719579.604
1129  FLU+F+R4      853967.663   32  1707999.326  1707999.340  1708315.893
1130  FLU+F+R5      853966.732   34  1708001.464  1708001.480  1708337.817
1137  FLU+F+I+R3    853963.227   31  1707988.454  1707988.467  1708295.128
1138  FLU+F+I+R4    853960.846   33  1707987.692  1707987.707  1708314.152
1139  FLU+F+I+R5    853959.483   35  1707988.967  1707988.984  1708335.212
1151  RTREV+R4      853005.497   13  1706036.995  1706036.997  1706165.600
1152  RTREV+R5      853004.770   15  1706039.539  1706039.542  1706187.930
1159  RTREV+I+R3    852999.472   12  1706022.944  1706022.946  1706141.657
1160  RTREV+I+R4    852999.442   14  1706026.883  1706026.886  1706165.381
1173  RTREV+F+R4    846552.464   32  1693168.928  1693168.942  1693485.495
1174  RTREV+F+R5    846552.015   34  1693172.030  1693172.046  1693508.382
1181  RTREV+F+I+R3  846548.656   31  1693159.313  1693159.326  1693465.987
1182  RTREV+F+I+R4  846548.570   33  1693163.141  1693163.156  1693489.601
1195  CPREV+R4      854389.184   13  1708804.368  1708804.371  1708932.974
1196  CPREV+R5      854388.815   15  1708807.630  1708807.633  1708956.021
1203  CPREV+I+R3    854384.775   12  1708793.550  1708793.552  1708912.263
1204  CPREV+I+R4    854384.544   14  1708797.088  1708797.091  1708935.586
1217  CPREV+F+R4    850076.770   32  1700217.539  1700217.554  1700534.107
1218  CPREV+F+R5    850075.303   34  1700218.606  1700218.623  1700554.959
1225  CPREV+F+I+R3  850074.345   31  1700210.690  1700210.704  1700517.365
1226  CPREV+F+I+R4  850073.909   33  1700213.818  1700213.833  1700540.278
Akaike Information Criterion:           LG+F+I+R4
Corrected Akaike Information Criterion: LG+F+I+R4
Bayesian Information Criterion:         LG+F+I+R3
Best-fit model: LG+F+I+R4 chosen according to AIC

All model information printed to 5butterfly_c60_init.model.gz
CPU time for ModelFinder: 43583.606 seconds (12h:6m:23s)
Wall-clock time for ModelFinder: 5594.346 seconds (1h:33m:14s)

NOTE: 94 MB RAM (0 GB) is required!
Estimate model parameters (epsilon = 0.010)
1. Initial log-likelihood: -844849.439
2. Current log-likelihood: -844843.441
3. Current log-likelihood: -844842.072
4. Current log-likelihood: -844841.297
5. Current log-likelihood: -844840.778
6. Current log-likelihood: -844840.365
7. Current log-likelihood: -844840.051
8. Current log-likelihood: -844839.787
9. Current log-likelihood: -844839.580
10. Current log-likelihood: -844839.396
11. Current log-likelihood: -844839.248
12. Current log-likelihood: -844839.123
13. Current log-likelihood: -844839.007
14. Current log-likelihood: -844838.924
15. Current log-likelihood: -844838.850
16. Current log-likelihood: -844838.783
17. Current log-likelihood: -844838.723
18. Current log-likelihood: -844838.680
Optimal log-likelihood: -844838.675
Proportion of invariable sites: 0.241
Site proportion and rates:  (0.423,0.533) (0.204,1.875) (0.104,1.882) (0.028,6.991)
Parameters optimization took 18 rounds (65.915 sec)
Wrote distance file to... 
BEST SCORE FOUND : -844838.675
Total tree length: 1.795

Total number of iterations: 0
CPU time used for tree search: 0.000 sec (0h:0m:0s)
Wall-clock time used for tree search: 0.000 sec (0h:0m:0s)
Total CPU time used: 43749.485 sec (12h:9m:9s)
Total wall-clock time used: 5660.283 sec (1h:34m:20s)

Analysis results written to: 
  IQ-TREE report:                5butterfly_c60_init.iqtree
  Tree used for ModelFinder:     5butterfly_c60_init.treefile
  Screen log file:               5butterfly_c60_init.log

Date and Time: Fri Jun 13 04:46:15 2025
