IQ-TREE multicore version 2.4.0 for Linux x86 64-bit built Mar 19 2025
Developed by Bui Quang Minh, Nguyen Lam Tung, Olga Chernomor, Heiko Schmidt,
Dominik Schrempf, Michael Woodhams, Ly Trong Nhan, Thomas Wong

Host:    fisher.uds.anu.edu.au (AVX2, FMA3, 1007 GB RAM)
Command: ../../iqtree2 -s ./5_concated.nex -m LG+C60+F+I+R4 -te ../partition/Q/butterfly5_Q_search.treefile -T 30 -mem 120G -safe -pre butterfly5_c60_F
Seed:    628726 (Using SPRNG - Scalable Parallel Random Number Generator)
Time:    Fri Jun 13 04:46:15 2025
Kernel:  Safe AVX+FMA - 30 threads (31 CPU cores detected)

Reading alignment file ./5_concated.nex ... Nexus format detected
Skipping unknown block (sets)...
WARNING: 4836 sites contain only gaps or ambiguous characters.
Alignment has 5 sequences with 146199 columns, 30545 distinct patterns
5766 parsimony-informative, 57883 singleton sites, 82550 constant sites
                                                                             Gap/Ambiguity  Composition  p-value
Analyzing sequences: done in 0.00748213 secs using 1348% CPU
   1  Coleoptera_Tenebrionidae_Tenebrioninae_Tribolium_castaneum_TCAST               7.15%    failed      0.00%
   2  Gracillarioidea_Gracillariidae_Phyllocnistinae_Phyllocnistis_citrella_Pcit2   47.25%    failed      2.04%
   3  Nepticuloidea_Nepticulidae_Nepticulinae_Enteucha_acetosae_Enac2               55.36%    failed      0.01%
   4  Trichoptera_Psychomyiidae_Psychomyiinae_Psychomyia_flavida                    27.70%    failed      0.00%
   5  Diptera_Drosophilidae_Drosophilinae_Drosophila_melanogaster                   39.52%    failed      0.00%
WARNING: 1 sequences contain more than 50% gaps/ambiguity
****  TOTAL                                                                         35.40%  5 sequences failed composition chi2 test (p-value<5%; df=19)
NOTE: minimal branch length is reduced to 0.000000683999 for long alignment
Checking for duplicate sequences: done in 0.00875613 secs using 1237% CPU
Reading input tree file ../partition/Q/butterfly5_Q_search.treefile ...
Model LG+C60+F+I+R4 is alias for LG+POISSON+G+FMIX{C60pi1:1:0.0169698865,C60pi2:1:0.0211683374,C60pi3:1:0.0276589079,C60pi4:1:0.0065675964,C60pi5:1:0.0141221416,C60pi6:1:0.0068774834,C60pi7:1:0.0146909701,C60pi8:1:0.0067225777,C60pi9:1:0.0018396660,C60pi10:1:0.0102547197,C60pi11:1:0.0230896163,C60pi12:1:0.0057941033,C60pi13:1:0.0125394534,C60pi14:1:0.0204526478,C60pi15:1:0.0070629602,C60pi16:1:0.0117982741,C60pi17:1:0.0068334668,C60pi18:1:0.0433775839,C60pi19:1:0.0318278731,C60pi20:1:0.0222546108,C60pi21:1:0.0102264969,C60pi22:1:0.0150545891,C60pi23:1:0.0134159878,C60pi24:1:0.0148552065,C60pi25:1:0.0239111516,C60pi26:1:0.0128776278,C60pi27:1:0.0222318842,C60pi28:1:0.0247444742,C60pi29:1:0.0214274810,C60pi30:1:0.0115001882,C60pi31:1:0.0076017389,C60pi32:1:0.0130258568,C60pi33:1:0.0093701965,C60pi34:1:0.0467194264,C60pi35:1:0.0441940314,C60pi36:1:0.0322263154,C60pi37:1:0.0402999891,C60pi38:1:0.0150234227,C60pi39:1:0.0104589903,C60pi40:1:0.0214742395,C60pi41:1:0.0154957836,C60pi42:1:0.0101789953,C60pi43:1:0.0227980379,C60pi44:1:0.0123204539,C60pi45:1:0.0066777583,C60pi46:1:0.0004150083,C60pi47:1:0.0344385130,C60pi48:1:0.0113663379,C60pi49:1:0.0127143049,C60pi50:1:0.0124323741,C60pi51:1:0.0262124415,C60pi52:1:0.0064994957,C60pi53:1:0.0103203293,C60pi54:1:0.0142463512,C60pi55:1:0.0215600067,C60pi56:1:0.0199150700,C60pi57:1:0.0038964200,C60pi58:1:0.0113448855,C60pi59:1:0.0128595846,C60pi60:1:0.0117656776}+F+I+R4
WARNING: Your input class weight 0.000415008 is very small and may cause numerical issues
WARNING: Both Gamma and FreeRate models were specified, continue with FreeRate model

NOTE: 5762 MB RAM (5 GB) is required!
Estimate model parameters (epsilon = 0.010)
1. Initial log-likelihood: -856512.045
2. Current log-likelihood: -846396.676
3. Current log-likelihood: -844877.401
4. Current log-likelihood: -844688.176
5. Current log-likelihood: -844586.567
6. Current log-likelihood: -844547.635
7. Current log-likelihood: -844449.301
8. Current log-likelihood: -844411.418
9. Current log-likelihood: -844278.069
10. Current log-likelihood: -844237.651
11. Current log-likelihood: -844192.854
12. Current log-likelihood: -844169.650
13. Current log-likelihood: -844158.301
14. Current log-likelihood: -844146.056
15. Current log-likelihood: -844134.713
16. Current log-likelihood: -844123.770
17. Current log-likelihood: -844113.059
18. Current log-likelihood: -844102.934
19. Current log-likelihood: -844093.211
20. Current log-likelihood: -844084.699
21. Current log-likelihood: -844076.236
22. Current log-likelihood: -844068.561
23. Current log-likelihood: -844060.880
24. Current log-likelihood: -844053.886
25. Current log-likelihood: -844046.640
26. Current log-likelihood: -844040.312
27. Current log-likelihood: -844033.367
28. Current log-likelihood: -844027.708
29. Current log-likelihood: -844020.902
30. Current log-likelihood: -844016.084
31. Current log-likelihood: -844009.113
32. Current log-likelihood: -844007.692
33. Current log-likelihood: -843972.969
34. Current log-likelihood: -843940.519
35. Current log-likelihood: -843932.546
Optimal log-likelihood: -843934.829
Mixture weights: 0.471 0.050 0.000 0.000 0.001 0.000 0.000 0.000 0.007 0.000 0.043 0.042 0.015 0.000 0.004 0.000 0.000 0.029 0.039 0.000 0.000 0.004 0.063 0.000 0.000 0.000 0.000 0.034 0.000 0.000 0.008 0.007 0.008 0.000 0.006 0.027 0.000 0.009 0.044 0.005 0.000 0.000 0.000 0.029 0.000 0.000 0.000 0.000 0.006 0.000 0.000 0.015 0.017 0.000 0.004 0.005 0.000 0.000 0.002 0.001 0.002
Proportion of invariable sites: 0.236
Site proportion and rates:  (0.249,0.338) (0.209,0.568) (0.165,1.659) (0.140,3.729)
Parameters optimization took 35 rounds (2444.925 sec)
WARNING: The mixture model might be overfitting because some mixture weights are estimated close to zero
Wrote distance file to... 
BEST SCORE FOUND : -843934.829
Total tree length: 2.349

Total number of iterations: 0
CPU time used for tree search: 0.000 sec (0h:0m:0s)
Wall-clock time used for tree search: 0.000 sec (0h:0m:0s)
Total CPU time used: 21763.442 sec (6h:2m:43s)
Total wall-clock time used: 20628078.117 sec (5730h:1m:18s)

Analysis results written to: 
  IQ-TREE report:                butterfly5_c60_F.iqtree
  Maximum-likelihood tree:       butterfly5_c60_F.treefile
  Screen log file:               butterfly5_c60_F.log

Date and Time: Fri Jun 13 05:27:01 2025
