IQ-TREE multicore version 2.4.0 for Linux x86 64-bit built Mar 19 2025
Developed by Bui Quang Minh, Nguyen Lam Tung, Olga Chernomor, Heiko Schmidt,
Dominik Schrempf, Michael Woodhams, Ly Trong Nhan, Thomas Wong

Host:    dayhoff.uds.anu.edu.au (AVX2, FMA3, 1007 GB RAM)
Command: ../../iqtree2 -s 10_concated.nex -m MF -merit AIC -T 40 -mem 120G -pre 10cyanobacteria_c60_init
Seed:    283215 (Using SPRNG - Scalable Parallel Random Number Generator)
Time:    Thu May  8 14:33:26 2025
Kernel:  AVX+FMA - 40 threads (42 CPU cores detected)

Reading alignment file 10_concated.nex ... Nexus format detected
Skipping unknown block (sets)...
Alignment has 10 sequences with 120784 columns, 50804 distinct patterns
37180 parsimony-informative, 27528 singleton sites, 56076 constant sites
                                          Gap/Ambiguity  Composition  p-value
Analyzing sequences: done in 0.0116947 secs using 2988% CPU
   1  Calothrix_rhizosoleniae_SC01                6.34%    failed      0.00%
   2  Calothrix_sp_336_3                          0.34%    passed     73.98%
   3  Calothrix_sp_NIES_3974                      3.72%    failed      0.00%
   4  Calothrix_sp_PCC_6303                       1.04%    failed      0.00%
   5  Chroococcidiopsis_thermalis_PCC_7203        9.40%    failed      0.00%
   6  Cylindrospermopsis_raciborskii_CS_505_v2    0.76%    failed      0.00%
   7  Dictyo3444.bin.3                            4.76%    failed      0.05%
   8  Gloeocapsa_sp_PCC_7428                      8.91%    failed      0.00%
   9  Rivularia_sp_PCC_7116                       2.04%    failed      0.00%
  10  Synechocystis_sp_PCC_7509                  10.75%    failed      0.00%
****  TOTAL                                       4.80%  9 sequences failed composition chi2 test (p-value<5%; df=19)
NOTE: minimal branch length is reduced to 0.000000827924 for long alignment
Checking for duplicate sequences: done in 0.0119283 secs using 4005% CPU


Create initial parsimony tree by phylogenetic likelihood library (PLL)... 0.050 seconds
Perform fast likelihood tree search using LG+I+G model...
Estimate model parameters (epsilon = 5.000)
Perform nearest neighbor interchange...
Optimizing NNI: done in 0.431465 secs using 3962% CPU
Estimate model parameters (epsilon = 1.000)
1. Initial log-likelihood: -1253407.868
2. Current log-likelihood: -1253406.586
3. Current log-likelihood: -1253405.432
4. Current log-likelihood: -1253404.358
Optimal log-likelihood: -1253403.225
Proportion of invariable sites: 0.239
Gamma shape alpha: 0.824
Parameters optimization took 4 rounds (0.984 sec)
Time for fast ML tree search: 4.728 seconds

NOTE: ModelFinder requires 785 MB RAM!
ModelFinder will test up to 1232 protein models (sample size: 120784 epsilon: 0.100) ...
 No. Model         -LnL         df  AIC          AICc         BIC
  1  LG            1317304.102  17  2634642.203  2634642.209  2634807.133
  2  LG+I          1267448.631  18  2534933.263  2534933.268  2535107.894
  3  LG+G4         1254053.153  18  2508142.305  2508142.311  2508316.937
  4  LG+I+G4       1253395.055  19  2506828.110  2506828.116  2507012.443
  5  LG+R2         1256742.905  19  2513523.811  2513523.817  2513708.144
  6  LG+R3         1253261.576  21  2506565.153  2506565.160  2506768.890
  7  LG+R4         1253111.546  23  2506269.093  2506269.102  2506492.233
  8  LG+R5         1253104.669  25  2506259.339  2506259.350  2506501.883
  9  LG+R6         1253100.183  27  2506254.367  2506254.379  2506516.314
 10  LG+R7         1253097.897  29  2506253.795  2506253.809  2506535.146
 11  LG+R8         1253097.838  31  2506257.676  2506257.693  2506558.431
 14  LG+I+R2       1253803.860  20  2507647.720  2507647.727  2507841.756
 15  LG+I+R3       1253139.088  22  2506322.176  2506322.185  2506535.615
 16  LG+I+R4       1253123.763  24  2506295.526  2506295.536  2506528.368
 17  LG+I+R5       1253102.609  26  2506257.218  2506257.230  2506509.464
 18  LG+I+R6       1253097.530  28  2506251.060  2506251.074  2506522.709
 19  LG+I+R7       1253095.233  30  2506250.466  2506250.481  2506541.518
 20  LG+I+R8       1253094.439  32  2506252.878  2506252.895  2506563.334
 30  LG+F+R5       1250888.591  44  2501865.182  2501865.215  2502292.059
 31  LG+F+R6       1250884.761  46  2501861.522  2501861.558  2502307.803
 32  LG+F+R7       1250883.266  48  2501862.531  2501862.570  2502328.216
 39  LG+F+I+R5     1250887.383  45  2501864.766  2501864.801  2502301.345
 40  LG+F+I+R6     1250883.772  47  2501861.544  2501861.582  2502317.527
 41  LG+F+I+R7     1250881.964  49  2501861.929  2501861.969  2502337.315
 52  WAG+R5        1259361.561  25  2518773.122  2518773.133  2519015.666
 53  WAG+R6        1259360.899  27  2518775.797  2518775.810  2519037.745
 61  WAG+I+R5      1259359.074  26  2518770.147  2518770.159  2519022.393
 62  WAG+I+R6      1259358.388  28  2518772.776  2518772.790  2519044.426
 74  WAG+F+R5      1254920.739  44  2509929.478  2509929.511  2510356.356
 75  WAG+F+R6      1254919.144  46  2509930.288  2509930.324  2510376.569
 83  WAG+F+I+R5    1254918.004  45  2509926.009  2509926.043  2510362.588
 84  WAG+F+I+R6    1254916.418  47  2509926.835  2509926.872  2510382.818
 96  JTT+R5        1259296.143  25  2518642.285  2518642.296  2518884.829
 97  JTT+R6        1259294.594  27  2518643.187  2518643.200  2518905.135
105  JTT+I+R5      1259293.625  26  2518639.249  2518639.261  2518891.495
106  JTT+I+R6      1259292.163  28  2518640.327  2518640.340  2518911.976
118  JTT+F+R5      1256218.207  44  2512524.413  2512524.446  2512951.291
119  JTT+F+R6      1256216.311  46  2512524.622  2512524.657  2512970.903
127  JTT+F+I+R5    1256216.777  45  2512523.553  2512523.588  2512960.132
128  JTT+F+I+R6    1256215.201  47  2512524.401  2512524.439  2512980.384
140  Q.PFAM+R5     1254056.041  25  2508162.082  2508162.092  2508404.626
141  Q.PFAM+R6     1254053.594  27  2508161.189  2508161.201  2508423.136
142  Q.PFAM+R7     1254053.032  29  2508164.064  2508164.079  2508445.415
149  Q.PFAM+I+R5   1254053.668  26  2508159.335  2508159.347  2508411.581
150  Q.PFAM+I+R6   1254051.700  28  2508159.401  2508159.414  2508431.050
162  Q.PFAM+F+R5   1252673.105  44  2505434.210  2505434.243  2505861.088
163  Q.PFAM+F+R6   1252671.511  46  2505435.023  2505435.058  2505881.304
171  Q.PFAM+F+I+R5 1252672.563  45  2505435.126  2505435.160  2505871.705
172  Q.PFAM+F+I+R6 1252671.282  47  2505436.565  2505436.602  2505892.547
184  Q.BIRD+R5     1275200.097  25  2550450.194  2550450.205  2550692.738
185  Q.BIRD+R6     1275193.931  27  2550441.863  2550441.875  2550703.810
186  Q.BIRD+R7     1275192.061  29  2550442.122  2550442.137  2550723.473
193  Q.BIRD+I+R5   1275189.389  26  2550430.779  2550430.790  2550683.025
194  Q.BIRD+I+R6   1275187.520  28  2550431.040  2550431.054  2550702.690
206  Q.BIRD+F+R5   1272061.238  44  2544210.477  2544210.510  2544637.354
207  Q.BIRD+F+R6   1272057.222  46  2544206.444  2544206.480  2544652.725
208  Q.BIRD+F+R7   1272056.256  48  2544208.512  2544208.551  2544674.197
215  Q.BIRD+F+I+R5 1272059.998  45  2544209.996  2544210.030  2544646.575
+I+R6 reinitialized from +I+R5 with factor 0.500
216  Q.BIRD+F+I+R6 1272059.167  47  2544212.333  2544212.370  2544668.316
228  Q.MAMMAL+R5   1271398.009  25  2542846.018  2542846.029  2543088.562
229  Q.MAMMAL+R6   1271394.295  27  2542842.590  2542842.603  2543104.538
230  Q.MAMMAL+R7   1271393.089  29  2542844.179  2542844.193  2543125.530
237  Q.MAMMAL+I+R5 1271391.141  26  2542834.282  2542834.294  2543086.528
238  Q.MAMMAL+I+R6 1271390.493  28  2542836.987  2542837.000  2543108.636
250  Q.MAMMAL+F+R5 1267851.221  44  2535790.443  2535790.475  2536217.320
251  Q.MAMMAL+F+R6 1267849.356  46  2535790.713  2535790.748  2536236.993
259  Q.MAMMAL+F+I+R5 1267852.747  45  2535795.494  2535795.528  2536232.073
260  Q.MAMMAL+F+I+R6 1267852.456  47  2535798.913  2535798.950  2536254.896
272  Q.INSECT+R5   1257270.064  25  2514590.128  2514590.139  2514832.672
273  Q.INSECT+R6   1257268.295  27  2514590.591  2514590.603  2514852.538
281  Q.INSECT+I+R5 1257266.732  26  2514585.465  2514585.476  2514837.711
282  Q.INSECT+I+R6 1257266.437  28  2514588.874  2514588.887  2514860.523
294  Q.INSECT+F+R5 1254783.772  44  2509655.544  2509655.577  2510082.422
295  Q.INSECT+F+R6 1254781.947  46  2509655.893  2509655.929  2510102.174
303  Q.INSECT+F+I+R5 1254780.358  45  2509650.716  2509650.751  2510087.296
304  Q.INSECT+F+I+R6 1254779.580  47  2509653.161  2509653.198  2510109.143
316  Q.PLANT+R5    1256394.942  25  2512839.885  2512839.896  2513082.429
317  Q.PLANT+R6    1256392.101  27  2512838.203  2512838.215  2513100.150
318  Q.PLANT+R7    1256391.542  29  2512841.083  2512841.098  2513122.434
325  Q.PLANT+I+R5  1256391.243  26  2512834.485  2512834.497  2513086.731
326  Q.PLANT+I+R6  1256391.177  28  2512838.354  2512838.367  2513110.003
338  Q.PLANT+F+R5  1253258.498  44  2506604.996  2506605.029  2507031.874
339  Q.PLANT+F+R6  1253255.755  46  2506603.509  2506603.545  2507049.790
340  Q.PLANT+F+R7  1253255.017  48  2506606.033  2506606.072  2507071.718
347  Q.PLANT+F+I+R5 1253255.081  45  2506600.163  2506600.197  2507036.742
348  Q.PLANT+F+I+R6 1253254.794  47  2506603.589  2506603.626  2507059.572
360  Q.YEAST+R5    1256844.834  25  2513739.667  2513739.678  2513982.211
361  Q.YEAST+R6    1256842.971  27  2513739.941  2513739.954  2514001.889
369  Q.YEAST+I+R5  1256839.390  26  2513730.781  2513730.792  2513983.027
370  Q.YEAST+I+R6  1256838.902  28  2513733.805  2513733.818  2514005.454
382  Q.YEAST+F+R5  1252746.195  44  2505580.391  2505580.424  2506007.268
383  Q.YEAST+F+R6  1252744.553  46  2505581.106  2505581.142  2506027.387
391  Q.YEAST+F+I+R5 1252741.859  45  2505573.718  2505573.752  2506010.297
392  Q.YEAST+F+I+R6 1252741.243  47  2505576.485  2505576.523  2506032.468
404  JTTDCMUT+R5   1259076.362  25  2518202.724  2518202.735  2518445.268
405  JTTDCMUT+R6   1259075.060  27  2518204.119  2518204.132  2518466.067
413  JTTDCMUT+I+R5 1259072.349  26  2518196.697  2518196.709  2518448.943
414  JTTDCMUT+I+R6 1259072.289  28  2518200.578  2518200.592  2518472.227
426  JTTDCMUT+F+R5 1255927.266  44  2511942.533  2511942.566  2512369.410
427  JTTDCMUT+F+R6 1255926.088  46  2511944.176  2511944.212  2512390.457
435  JTTDCMUT+F+I+R5 1255923.893  45  2511937.787  2511937.821  2512374.366
436  JTTDCMUT+F+I+R6 1255923.719  47  2511941.438  2511941.475  2512397.421
448  DCMUT+R5      1271260.676  25  2542571.351  2542571.362  2542813.895
449  DCMUT+R6      1271257.010  27  2542568.020  2542568.033  2542829.968
450  DCMUT+R7      1271254.710  29  2542567.421  2542567.435  2542848.772
+R8 reinitialized from +R7 with factor 0.500
451  DCMUT+R8      1271253.362  31  2542568.723  2542568.740  2542869.478
457  DCMUT+I+R5    1271246.701  26  2542545.402  2542545.414  2542797.648
+I+R6 reinitialized from +I+R5 with factor 0.500
458  DCMUT+I+R6    1271244.872  28  2542545.744  2542545.757  2542817.393
470  DCMUT+F+R5    1261942.283  44  2523972.567  2523972.600  2524399.444
471  DCMUT+F+R6    1261937.807  46  2523967.614  2523967.650  2524413.895
472  DCMUT+F+R7    1261934.660  48  2523965.320  2523965.359  2524431.005
473  DCMUT+F+R8    1261933.441  50  2523966.882  2523966.924  2524451.970
479  DCMUT+F+I+R5  1261925.506  45  2523941.011  2523941.046  2524377.591
480  DCMUT+F+I+R6  1261925.213  47  2523944.425  2523944.463  2524400.408
492  VT+R5         1262310.951  25  2524671.902  2524671.913  2524914.446
493  VT+R6         1262309.441  27  2524672.881  2524672.894  2524934.829
501  VT+I+R5       1262306.528  26  2524665.057  2524665.068  2524917.302
502  VT+I+R6       1262306.276  28  2524668.552  2524668.565  2524940.201
514  VT+F+R5       1261102.921  44  2522293.843  2522293.875  2522720.720
515  VT+F+R6       1261101.314  46  2522294.628  2522294.664  2522740.909
523  VT+F+I+R5     1261098.023  45  2522286.047  2522286.081  2522722.626
524  VT+F+I+R6     1261097.790  47  2522289.580  2522289.617  2522745.562
536  PMB+R5        1275293.546  25  2550637.092  2550637.103  2550879.636
537  PMB+R6        1275290.358  27  2550634.717  2550634.729  2550896.664
538  PMB+R7        1275289.000  29  2550635.999  2550636.014  2550917.350
545  PMB+I+R5      1275286.301  26  2550624.603  2550624.614  2550876.848
546  PMB+I+R6      1275285.858  28  2550627.716  2550627.730  2550899.366
558  PMB+F+R5      1270603.747  44  2541295.493  2541295.526  2541722.370
559  PMB+F+R6      1270600.821  46  2541293.642  2541293.678  2541739.923
560  PMB+F+R7      1270599.568  48  2541295.136  2541295.175  2541760.821
567  PMB+F+I+R5    1270597.343  45  2541284.686  2541284.720  2541721.265
568  PMB+F+I+R6    1270596.894  47  2541287.788  2541287.826  2541743.771
580  BLOSUM62+R5   1274228.441  25  2548506.881  2548506.892  2548749.425
581  BLOSUM62+R6   1274226.182  27  2548506.365  2548506.377  2548768.312
582  BLOSUM62+R7   1274225.439  29  2548508.877  2548508.892  2548790.228
589  BLOSUM62+I+R5 1274223.683  26  2548499.366  2548499.378  2548751.612
590  BLOSUM62+I+R6 1274223.412  28  2548502.823  2548502.837  2548774.473
602  BLOSUM62+F+R5 1269919.184  44  2539926.368  2539926.401  2540353.245
603  BLOSUM62+F+R6 1269917.007  46  2539926.015  2539926.051  2540372.296
604  BLOSUM62+F+R7 1269916.312  48  2539928.623  2539928.662  2540394.308
611  BLOSUM62+F+I+R5 1269914.419  45  2539918.837  2539918.871  2540355.416
612  BLOSUM62+F+I+R6 1269914.164  47  2539922.329  2539922.366  2540378.311
624  DAYHOFF+R5    1271137.292  25  2542324.584  2542324.595  2542567.128
625  DAYHOFF+R6    1271133.011  27  2542320.022  2542320.035  2542581.970
626  DAYHOFF+R7    1271131.819  29  2542321.638  2542321.652  2542602.989
633  DAYHOFF+I+R5  1271124.834  26  2542301.668  2542301.679  2542553.914
634  DAYHOFF+I+R6  1271124.651  28  2542305.302  2542305.315  2542576.951
646  DAYHOFF+F+R5  1261832.038  44  2523752.076  2523752.109  2524178.953
647  DAYHOFF+F+R6  1261827.359  46  2523746.717  2523746.753  2524192.998
648  DAYHOFF+F+R7  1261825.363  48  2523746.726  2523746.764  2524212.410
655  DAYHOFF+F+I+R5 1261818.085  45  2523726.170  2523726.205  2524162.750
656  DAYHOFF+F+I+R6 1261817.574  47  2523729.148  2523729.185  2524185.131
668  MTREV+R5      1311642.898  25  2623335.796  2623335.806  2623578.340
+R6 reinitialized from +R5 with factor 0.500
669  MTREV+R6      1311641.528  27  2623337.055  2623337.068  2623599.003
677  MTREV+I+R5    1311642.172  26  2623336.345  2623336.356  2623588.591
+I+R6 reinitialized from +I+R5 with factor 0.500
+I+R6 reinitialized from +I+R5 with factor 0.250
678  MTREV+I+R6    1311641.998  28  2623339.997  2623340.010  2623611.646
690  MTREV+F+R5    1262106.973  44  2524301.945  2524301.978  2524728.823
691  MTREV+F+R6    1262106.981  46  2524305.961  2524305.997  2524752.242
699  MTREV+F+I+R5  1262106.314  45  2524302.627  2524302.662  2524739.207
700  MTREV+F+I+R6  1262106.341  47  2524306.682  2524306.720  2524762.665
712  MTART+R5      1322989.372  25  2646028.744  2646028.755  2646271.288
713  MTART+R6      1322986.811  27  2646027.622  2646027.635  2646289.570
714  MTART+R7      1322980.065  29  2646018.129  2646018.144  2646299.480
+R8 reinitialized from +R7 with factor 0.500
715  MTART+R8      1322977.998  31  2646017.997  2646018.013  2646318.751
721  MTART+I+R5    1322977.418  26  2646006.836  2646006.848  2646259.082
722  MTART+I+R6    1322976.756  28  2646009.512  2646009.526  2646281.161
734  MTART+F+R5    1269591.976  44  2539271.952  2539271.985  2539698.829
735  MTART+F+R6    1269589.462  46  2539270.924  2539270.960  2539717.205
736  MTART+F+R7    1269588.976  48  2539273.952  2539273.991  2539739.637
743  MTART+F+I+R5  1269587.456  45  2539264.912  2539264.947  2539701.491
744  MTART+F+I+R6  1269587.493  47  2539268.986  2539269.023  2539724.968
756  MTZOA+R5      1300797.052  25  2601644.104  2601644.115  2601886.648
757  MTZOA+R6      1300795.218  27  2601644.436  2601644.448  2601906.383
765  MTZOA+I+R5    1300794.091  26  2601640.183  2601640.194  2601892.428
766  MTZOA+I+R6    1300793.523  28  2601643.046  2601643.059  2601914.695
778  MTZOA+F+R5    1259907.413  44  2519902.825  2519902.858  2520329.702
779  MTZOA+F+R6    1259906.407  46  2519904.814  2519904.850  2520351.095
787  MTZOA+F+I+R5  1259905.950  45  2519901.900  2519901.935  2520338.479
788  MTZOA+F+I+R6  1259905.525  47  2519905.050  2519905.087  2520361.032
800  MTMET+R5      1318861.145  25  2637772.290  2637772.301  2638014.834
801  MTMET+R6      1318855.162  27  2637764.325  2637764.337  2638026.272
+R7 reinitialized from +R6 with factor 0.500
802  MTMET+R7      1318852.960  29  2637763.919  2637763.934  2638045.270
+R8 reinitialized from +R7 with factor 0.500
803  MTMET+R8      1318851.758  31  2637765.517  2637765.533  2638066.271
809  MTMET+I+R5    1318857.535  26  2637767.071  2637767.082  2638019.316
810  MTMET+I+R6    1318856.792  28  2637769.583  2637769.597  2638041.233
822  MTMET+F+R5    1264071.024  44  2528230.048  2528230.081  2528656.926
823  MTMET+F+R6    1264070.781  46  2528233.562  2528233.598  2528679.843
831  MTMET+F+I+R5  1264070.735  45  2528231.470  2528231.505  2528668.049
832  MTMET+F+I+R6  1264070.675  47  2528235.350  2528235.387  2528691.332
844  MTVER+R5      1317936.608  25  2635923.215  2635923.226  2636165.759
845  MTVER+R6      1317934.344  27  2635922.688  2635922.700  2636184.635
846  MTVER+R7      1317931.061  29  2635920.123  2635920.137  2636201.474
847  MTVER+R8      1317930.611  31  2635923.221  2635923.238  2636223.976
853  MTVER+I+R5    1317929.967  26  2635911.934  2635911.945  2636164.179
854  MTVER+I+R6    1317929.504  28  2635915.009  2635915.022  2636186.658
866  MTVER+F+R5    1272888.235  44  2545864.471  2545864.504  2546291.348
+R6 reinitialized from +R5 with factor 0.500
867  MTVER+F+R6    1272886.643  46  2545865.287  2545865.322  2546311.567
875  MTVER+F+I+R5  1272886.347  45  2545862.695  2545862.729  2546299.274
876  MTVER+F+I+R6  1272884.481  47  2545862.962  2545862.999  2546318.944
888  MTINV+R5      1332499.928  25  2665049.856  2665049.867  2665292.400
889  MTINV+R6      1332495.696  27  2665045.393  2665045.405  2665307.340
890  MTINV+R7      1332494.574  29  2665047.149  2665047.163  2665328.500
897  MTINV+I+R5    1332492.723  26  2665037.445  2665037.457  2665289.691
898  MTINV+I+R6    1332491.566  28  2665039.131  2665039.145  2665310.781
910  MTINV+F+R5    1259291.563  44  2518671.126  2518671.159  2519098.004
911  MTINV+F+R6    1259291.485  46  2518674.970  2518675.006  2519121.251
919  MTINV+F+I+R5  1259290.877  45  2518671.753  2518671.788  2519108.332
920  MTINV+F+I+R6  1259290.882  47  2518675.765  2518675.802  2519131.747
932  MTMAM+R5      1326955.293  25  2653960.587  2653960.598  2654203.131
933  MTMAM+R6      1326941.915  27  2653937.830  2653937.843  2654199.778
+R7 reinitialized from +R6 with factor 0.500
934  MTMAM+R7      1326937.965  29  2653933.931  2653933.945  2654215.282
+R8 reinitialized from +R7 with factor 0.500
+R8 reinitialized from +R7 with factor 0.250
935  MTMAM+R8      1326937.615  31  2653937.230  2653937.246  2654237.984
941  MTMAM+I+R5    1326934.723  26  2653921.445  2653921.457  2654173.691
942  MTMAM+I+R6    1326934.119  28  2653924.239  2653924.252  2654195.888
954  MTMAM+F+R5    1278750.686  44  2557589.371  2557589.404  2558016.249
955  MTMAM+F+R6    1278740.011  46  2557572.022  2557572.058  2558018.303
956  MTMAM+F+R7    1278738.863  48  2557573.726  2557573.765  2558039.410
963  MTMAM+F+I+R5  1278711.869  45  2557513.737  2557513.772  2557950.317
964  MTMAM+F+I+R6  1278710.481  47  2557514.961  2557514.999  2557970.944
976  FLAVI+R5      1297902.693  25  2595855.385  2595855.396  2596097.929
977  FLAVI+R6      1297901.513  27  2595857.025  2595857.038  2596118.973
985  FLAVI+I+R5    1297894.941  26  2595841.883  2595841.894  2596094.129
986  FLAVI+I+R6    1297894.454  28  2595844.908  2595844.921  2596116.557
998  FLAVI+F+R5    1287025.185  44  2574138.370  2574138.403  2574565.247
999  FLAVI+F+R6    1287022.940  46  2574137.879  2574137.915  2574584.160
1000  FLAVI+F+R7    1287022.335  48  2574140.670  2574140.709  2574606.355
1007  FLAVI+F+I+R5  1287015.947  45  2574121.894  2574121.928  2574558.473
1008  FLAVI+F+I+R6  1287015.308  47  2574124.616  2574124.653  2574580.598
1020  HIVB+R5       1275537.623  25  2551125.247  2551125.258  2551367.791
1021  HIVB+R6       1275537.608  27  2551129.215  2551129.228  2551391.163
1029  HIVB+I+R5     1275536.052  26  2551124.105  2551124.116  2551376.350
1030  HIVB+I+R6     1275534.910  28  2551125.820  2551125.833  2551397.469
1042  HIVB+F+R5     1270575.916  44  2541239.831  2541239.864  2541666.709
+R6 reinitialized from +R5 with factor 0.500
1043  HIVB+F+R6     1270574.554  46  2541241.108  2541241.143  2541687.388
1051  HIVB+F+I+R5   1270573.351  45  2541236.702  2541236.736  2541673.281
1052  HIVB+F+I+R6   1270572.435  47  2541238.869  2541238.907  2541694.852
1064  HIVW+R5       1316373.852  25  2632797.705  2632797.716  2633040.249
1065  HIVW+R6       1316372.640  27  2632799.279  2632799.292  2633061.227
1073  HIVW+I+R5     1316369.020  26  2632790.040  2632790.051  2633042.286
1074  HIVW+I+R6     1316367.397  28  2632790.795  2632790.808  2633062.444
1086  HIVW+F+R5     1297943.172  44  2595974.344  2595974.377  2596401.222
1087  HIVW+F+R6     1297942.588  46  2595977.176  2595977.212  2596423.457
1095  HIVW+F+I+R5   1297942.866  45  2595975.731  2595975.765  2596412.310
1096  HIVW+F+I+R6   1297941.827  47  2595977.655  2595977.692  2596433.637
1108  FLU+R5        1276679.552  25  2553409.104  2553409.115  2553651.648
1109  FLU+R6        1276678.687  27  2553411.373  2553411.386  2553673.321
1117  FLU+I+R5      1276677.638  26  2553407.275  2553407.287  2553659.521
1118  FLU+I+R6      1276676.472  28  2553408.945  2553408.958  2553680.594
1130  FLU+F+R5      1266480.022  44  2533048.043  2533048.076  2533474.921
1131  FLU+F+R6      1266478.554  46  2533049.108  2533049.144  2533495.389
1139  FLU+F+I+R5    1266476.287  45  2533042.574  2533042.608  2533479.153
1140  FLU+F+I+R6    1266475.879  47  2533045.758  2533045.795  2533501.740
1152  RTREV+R5      1262719.761  25  2525489.521  2525489.532  2525732.065
1153  RTREV+R6      1262719.071  27  2525492.141  2525492.154  2525754.089
1161  RTREV+I+R5    1262719.813  26  2525491.625  2525491.637  2525743.871
1162  RTREV+I+R6    1262719.291  28  2525494.581  2525494.595  2525766.230
1174  RTREV+F+R5    1257862.010  44  2515812.020  2515812.052  2516238.897
1175  RTREV+F+R6    1257861.321  46  2515814.642  2515814.678  2516260.923
1183  RTREV+F+I+R5  1257861.765  45  2515813.529  2515813.564  2516250.109
1184  RTREV+F+I+R6  1257861.224  47  2515816.448  2515816.485  2516272.430
1196  CPREV+R5      1257360.257  25  2514770.514  2514770.525  2515013.058
1197  CPREV+R6      1257359.865  27  2514773.731  2514773.743  2515035.678
1205  CPREV+I+R5    1257359.620  26  2514771.239  2514771.251  2515023.485
1206  CPREV+I+R6    1257359.353  28  2514774.707  2514774.720  2515046.356
1218  CPREV+F+R5    1253939.469  44  2507966.939  2507966.972  2508393.816
1219  CPREV+F+R6    1253939.030  46  2507970.061  2507970.097  2508416.342
1227  CPREV+F+I+R5  1253938.790  45  2507967.580  2507967.615  2508404.160
1228  CPREV+F+I+R6  1253938.540  47  2507971.080  2507971.118  2508427.063
Akaike Information Criterion:           LG+F+R6
Corrected Akaike Information Criterion: LG+F+R6
Bayesian Information Criterion:         LG+F+R5
Best-fit model: LG+F+R6 chosen according to AIC

All model information printed to 10cyanobacteria_c60_init.model.gz
CPU time for ModelFinder: 154947.529 seconds (43h:2m:27s)
Wall-clock time for ModelFinder: 3898.696 seconds (1h:4m:58s)

NOTE: 471 MB RAM (0 GB) is required!
Estimate model parameters (epsilon = 0.010)
1. Initial log-likelihood: -1250962.207
2. Current log-likelihood: -1250883.698
3. Current log-likelihood: -1250882.731
4. Current log-likelihood: -1250882.718
5. Current log-likelihood: -1250882.675
Optimal log-likelihood: -1250882.667
Site proportion and rates:  (0.403,0.038) (0.230,0.523) (0.079,1.033) (0.188,1.877) (0.094,3.934) (0.007,9.216)
Parameters optimization took 5 rounds (4.540 sec)
Wrote distance file to... 
BEST SCORE FOUND : -1250882.667
Total tree length: 2.426

Total number of iterations: 0
CPU time used for tree search: 0.000 sec (0h:0m:0s)
Wall-clock time used for tree search: 0.000 sec (0h:0m:0s)
Total CPU time used: 155128.911 sec (43h:5m:28s)
Total wall-clock time used: 3903.267 sec (1h:5m:3s)

Analysis results written to: 
  IQ-TREE report:                10cyanobacteria_c60_init.iqtree
  Tree used for ModelFinder:     10cyanobacteria_c60_init.treefile
  Screen log file:               10cyanobacteria_c60_init.log

Date and Time: Thu May  8 15:38:29 2025
