IQ-TREE multicore version 2.4.0 for Linux x86 64-bit built Mar 19 2025
Developed by Bui Quang Minh, Nguyen Lam Tung, Olga Chernomor, Heiko Schmidt,
Dominik Schrempf, Michael Woodhams, Ly Trong Nhan, Thomas Wong

Host:    rona.rsb.anu.edu.au (AVX2, FMA3, 1007 GB RAM)
Command: ../../iqtree2 -s 20_concated.nex -m MF -merit AIC -T 80 --mem 140G -pre 20Ascomycota_c60_init
Seed:    600829 (Using SPRNG - Scalable Parallel Random Number Generator)
Time:    Tue Apr 15 17:47:38 2025
Kernel:  AVX+FMA - 80 threads (256 CPU cores detected)

Reading alignment file 20_concated.nex ... Nexus format detected
Skipping unknown block (sets)...
WARNING: 800 sites contain only gaps or ambiguous characters.
Alignment has 20 sequences with 270328 columns, 240778 distinct patterns
191343 parsimony-informative, 48657 singleton sites, 30328 constant sites
                                Gap/Ambiguity  Composition  p-value
Analyzing sequences: done in 0.015373 secs using 7454% CPU
   1  Ascoidea_asiatica                21.76%    failed      0.00%
   2  Candida_hispaniensis             19.27%    failed      0.00%
   3  Candida_incommunis               19.95%    failed      0.00%
   4  Cercospora_zeina                  6.62%    failed      0.00%
   5  Curvularia_papendorfii           13.60%    failed      0.00%
   6  Huntiella_omanensis              16.48%    failed      0.00%
   7  Kazachstania_transvaalensis      18.08%    failed      0.00%
   8  Lodderomyces_elongisporus        15.94%    failed      0.00%
   9  Metschnikowia_bowlesiae          18.27%    failed      0.00%
  10  Phaffomyces_antillensis          16.71%    failed      0.00%
  11  Phialophora_attae                14.65%    failed      0.00%
  12  Saturnispora_silvae              24.16%    failed      0.00%
  13  Schizosaccharomyces_octosporus   26.87%    failed      0.00%
  14  Sporopachydermia_lactativora     20.80%    failed      0.00%
  15  Starmerella_apicola              32.88%    failed      0.00%
  16  Taphrina_populina                23.52%    failed      0.00%
  17  Tortispora_starmeri              24.59%    failed      0.00%
  18  Wickerhamiella_cacticola         30.05%    failed      0.00%
  19  Zygoascus_ofunaensis             16.44%    failed      0.00%
  20  Pneumocystis_murina              33.04%    failed      0.00%
****  TOTAL                            20.68%  20 sequences failed composition chi2 test (p-value<5%; df=19)
NOTE: minimal branch length is reduced to 0.000000369921 for long alignment
Checking for duplicate sequences: done in 0.115943 secs using 1068% CPU


Create initial parsimony tree by phylogenetic likelihood library (PLL)... 1.492 seconds
Perform fast likelihood tree search using LG+I+G model...
Estimate model parameters (epsilon = 5.000)
Perform nearest neighbor interchange...
Optimizing NNI: done in 6.98745 secs using 7624% CPU
Estimate model parameters (epsilon = 1.000)
1. Initial log-likelihood: -7413723.988
Optimal log-likelihood: -7413723.057
Proportion of invariable sites: 0.078
Gamma shape alpha: 1.400
Parameters optimization took 1 rounds (2.100 sec)
Time for fast ML tree search: 26.431 seconds

NOTE: ModelFinder requires 7440 MB RAM!
ModelFinder will test up to 1232 protein models (sample size: 270328 epsilon: 0.100) ...
 No. Model         -LnL         df  AIC          AICc         BIC
  1  LG            7743802.014  37  15487678.028 15487678.038 15488066.801
  2  LG+I          7601387.158  38  15202850.316 15202850.327 15203249.597
  3  LG+G4         7423069.637  38  14846215.274 14846215.285 14846614.555
  4  LG+I+G4       7413723.063  39  14827524.126 14827524.138 14827933.915
  5  LG+R2         7456641.389  39  14913360.777 14913360.789 14913770.566
  6  LG+R3         7416564.961  41  14833211.921 14833211.934 14833642.724
  7  LG+R4         7410852.113  43  14821790.227 14821790.241 14822242.045
  8  LG+R5         7410062.766  45  14820215.533 14820215.548 14820688.366
  9  LG+R6         7410035.876  47  14820165.753 14820165.770 14820659.600
 10  LG+R7         7410015.172  49  14820128.345 14820128.363 14820643.207
 11  LG+R8         7410003.481  51  14820108.962 14820108.982 14820644.839
 12  LG+R9         7410000.499  53  14820106.997 14820107.018 14820663.889
 13  LG+R10        7409999.569  55  14820109.138 14820109.160 14820687.044
 14  LG+I+R2       7430791.062  40  14861662.123 14861662.135 14862082.419
 15  LG+I+R3       7412569.205  42  14825222.410 14825222.424 14825663.721
 16  LG+I+R4       7410279.468  44  14820646.936 14820646.951 14821109.261
 17  LG+I+R5       7410001.190  46  14820094.381 14820094.397 14820577.721
 18  LG+I+R6       7409997.717  48  14820091.434 14820091.452 14820595.789
 19  LG+I+R7       7409990.844  50  14820081.689 14820081.707 14820607.058
 20  LG+I+R8       7409985.499  52  14820074.999 14820075.019 14820621.383
 21  LG+I+R9       7409983.868  54  14820075.736 14820075.758 14820643.135
 41  LG+F+I+R7     7395571.032  69  14791280.063 14791280.099 14792005.073
 42  LG+F+I+R8     7395565.326  71  14791272.652 14791272.690 14792018.677
 43  LG+F+I+R9     7395562.648  73  14791271.296 14791271.336 14792038.336
 63  WAG+I+R7      7452007.720  50  14904115.441 14904115.460 14904640.810
 64  WAG+I+R8      7452005.372  52  14904114.744 14904114.764 14904661.128
 65  WAG+I+R9      7452004.972  54  14904117.944 14904117.966 14904685.344
 85  WAG+F+I+R7    7431857.020  69  14863852.040 14863852.075 14864577.050
 86  WAG+F+I+R8    7431854.060  71  14863850.120 14863850.158 14864596.145
 87  WAG+F+I+R9    7431852.742  73  14863851.483 14863851.523 14864618.523
107  JTT+I+R7      7499501.302  50  14999102.604 14999102.622 14999627.973
108  JTT+I+R8      7499497.238  52  14999098.477 14999098.497 14999644.861
109  JTT+I+R9      7499495.424  54  14999098.847 14999098.869 14999666.246
129  JTT+F+I+R7    7472143.775  69  14944425.550 14944425.586 14945150.560
130  JTT+F+I+R8    7472139.109  71  14944420.218 14944420.256 14945166.243
131  JTT+F+I+R9    7472136.478  73  14944418.955 14944418.995 14945185.995
151  Q.PFAM+I+R7   7412815.604  50  14825731.207 14825731.226 14826256.577
152  Q.PFAM+I+R8   7412809.518  52  14825723.037 14825723.057 14826269.421
153  Q.PFAM+I+R9   7412805.969  54  14825719.938 14825719.960 14826287.337
173  Q.PFAM+F+I+R7 7398136.519  69  14796411.038 14796411.074 14797136.048
174  Q.PFAM+F+I+R8 7398129.216  71  14796400.431 14796400.469 14797146.456
175  Q.PFAM+F+I+R9 7398124.338  73  14796394.675 14796394.715 14797161.715
195  Q.BIRD+I+R7   7623791.152  50  15247682.304 15247682.323 15248207.673
196  Q.BIRD+I+R8   7623790.892  52  15247685.784 15247685.805 15248232.169
217  Q.BIRD+F+I+R7 7591431.628  69  15183001.256 15183001.292 15183726.266
+I+R8 reinitialized from +I+R7 with factor 0.500
218  Q.BIRD+F+I+R8 7591426.708  71  15182995.417 15182995.455 15183741.442
+I+R9 reinitialized from +I+R8 with factor 0.500
219  Q.BIRD+F+I+R9 7591422.623  73  15182991.245 15182991.285 15183758.285
239  Q.MAMMAL+I+R7 7578469.189  50  15157038.378 15157038.397 15157563.747
240  Q.MAMMAL+I+R8 7578462.752  52  15157029.505 15157029.525 15157575.889
241  Q.MAMMAL+I+R9 7578461.415  54  15157030.830 15157030.852 15157598.229
261  Q.MAMMAL+F+I+R7 7545710.415  69  15091558.829 15091558.865 15092283.839
262  Q.MAMMAL+F+I+R8 7545704.963  71  15091551.926 15091551.964 15092297.951
263  Q.MAMMAL+F+I+R9 7545703.196  73  15091552.393 15091552.433 15092319.433
283  Q.INSECT+I+R7 7415980.380  50  14832060.759 14832060.778 14832586.129
284  Q.INSECT+I+R8 7415977.971  52  14832059.942 14832059.963 14832606.327
285  Q.INSECT+I+R9 7415977.770  54  14832063.540 14832063.562 14832630.939
305  Q.INSECT+F+I+R7 7419663.658  69  14839465.317 14839465.353 14840190.327
306  Q.INSECT+F+I+R8 7419662.681  71  14839467.363 14839467.400 14840213.387
327  Q.PLANT+I+R7  7487848.718  50  14975797.437 14975797.456 14976322.806
328  Q.PLANT+I+R8  7487842.564  52  14975789.128 14975789.148 14976335.512
329  Q.PLANT+I+R9  7487838.820  54  14975785.640 14975785.662 14976353.039
349  Q.PLANT+F+I+R7 7478287.952  69  14956713.903 14956713.939 14957438.913
350  Q.PLANT+F+I+R8 7478282.620  71  14956707.241 14956707.279 14957453.266
351  Q.PLANT+F+I+R9 7478279.308  73  14956704.616 14956704.656 14957471.655
371  Q.YEAST+I+R7  7395130.318  50  14790360.636 14790360.655 14790886.006
372  Q.YEAST+I+R8  7395128.532  52  14790361.065 14790361.085 14790907.449
393  Q.YEAST+F+I+R7 7398653.379  69  14797444.758 14797444.794 14798169.768
394  Q.YEAST+F+I+R8 7398651.943  71  14797445.887 14797445.924 14798191.911
415  JTTDCMUT+I+R7 7498502.401  50  14997104.802 14997104.821 14997630.172
+I+R8 reinitialized from +I+R7 with factor 0.500
416  JTTDCMUT+I+R8 7498501.804  52  14997107.608 14997107.628 14997653.992
437  JTTDCMUT+F+I+R7 7471491.866  69  14943121.731 14943121.767 14943846.741
438  JTTDCMUT+F+I+R8 7471489.635  71  14943121.269 14943121.307 14943867.294
+I+R9 reinitialized from +I+R8 with factor 0.500
+I+R9 reinitialized from +I+R8 with factor 0.250
+I+R9 reinitialized from +I+R8 with factor 0.125
+I+R9 reinitialized from +I+R8 with factor 0.062
439  JTTDCMUT+F+I+R9 7471489.666  73  14943125.331 14943125.371 14943892.371
459  DCMUT+I+R7    7528142.638  50  15056385.276 15056385.295 15056910.645
460  DCMUT+I+R8    7528133.199  52  15056370.397 15056370.418 15056916.782
461  DCMUT+I+R9    7528132.258  54  15056372.516 15056372.538 15056939.915
481  DCMUT+F+I+R7  7478326.493  69  14956790.985 14956791.021 14957515.995
482  DCMUT+F+I+R8  7478318.980  71  14956779.959 14956779.997 14957525.984
483  DCMUT+F+I+R9  7478318.471  73  14956782.942 14956782.982 14957549.982
503  VT+I+R7       7453024.240  50  14906148.481 14906148.500 14906673.850
+I+R8 reinitialized from +I+R7 with factor 0.500
+I+R8 reinitialized from +I+R7 with factor 0.250
+I+R8 reinitialized from +I+R7 with factor 0.125
+I+R8 reinitialized from +I+R7 with factor 0.062
+I+R8 reinitialized from +I+R7 with factor 0.031
504  VT+I+R8       7453024.360  52  14906152.721 14906152.741 14906699.105
525  VT+F+I+R7     7443980.653  69  14888099.306 14888099.342 14888824.316
526  VT+F+I+R8     7443980.752  71  14888103.504 14888103.541 14888849.528
547  PMB+I+R7      7504804.401  50  15009708.803 15009708.822 15010234.172
548  PMB+I+R8      7504804.263  52  15009712.526 15009712.547 15010258.910
569  PMB+F+I+R7    7477376.277  69  14954890.554 14954890.590 14955615.564
570  PMB+F+I+R8    7477376.217  71  14954894.435 14954894.472 14955640.459
591  BLOSUM62+I+R7 7494056.821  50  14988213.642 14988213.661 14988739.012
592  BLOSUM62+I+R8 7494056.882  52  14988217.763 14988217.783 14988764.147
613  BLOSUM62+F+I+R7 7468910.263  69  14937958.526 14937958.562 14938683.536
614  BLOSUM62+F+I+R8 7468910.143  71  14937962.285 14937962.323 14938708.310
635  DAYHOFF+I+R7  7527991.639  50  15056083.279 15056083.298 15056608.648
636  DAYHOFF+I+R8  7527991.257  52  15056086.514 15056086.534 15056632.898
657  DAYHOFF+F+I+R7 7478211.578  69  14956561.156 14956561.191 14957286.166
658  DAYHOFF+F+I+R8 7478211.460  71  14956564.920 14956564.958 14957310.945
679  MTREV+I+R7    7822776.800  50  15645653.601 15645653.620 15646178.970
+I+R8 reinitialized from +I+R7 with factor 0.500
680  MTREV+I+R8    7822771.965  52  15645647.930 15645647.950 15646194.314
+I+R9 reinitialized from +I+R8 with factor 0.500
681  MTREV+I+R9    7822770.062  54  15645648.124 15645648.146 15646215.523
701  MTREV+F+I+R7  7540724.101  69  15081586.203 15081586.239 15082311.213
702  MTREV+F+I+R8  7540720.245  71  15081582.490 15081582.528 15082328.515
703  MTREV+F+I+R9  7540718.479  73  15081582.958 15081582.998 15082349.997
723  MTART+I+R7    7824948.155  50  15649996.309 15649996.328 15650521.679
724  MTART+I+R8    7824800.921  52  15649705.841 15649705.862 15650252.226
725  MTART+I+R9    7824786.574  54  15649681.149 15649681.171 15650248.548
745  MTART+F+I+R7  7536736.702  69  15073611.404 15073611.440 15074336.414
746  MTART+F+I+R8  7536648.610  71  15073439.220 15073439.258 15074185.245
747  MTART+F+I+R9  7536638.438  73  15073422.875 15073422.915 15074189.915
767  MTZOA+I+R7    7701417.175  50  15402934.349 15402934.368 15403459.719
768  MTZOA+I+R8    7701382.580  52  15402869.159 15402869.180 15403415.543
+I+R9 reinitialized from +I+R8 with factor 0.500
+I+R9 reinitialized from +I+R8 with factor 0.250
769  MTZOA+I+R9    7701382.327  54  15402872.654 15402872.676 15403440.054
789  MTZOA+F+I+R7  7485788.546  69  14971715.092 14971715.128 14972440.102
790  MTZOA+F+I+R8  7485761.369  71  14971664.739 14971664.776 14972410.763
+I+R9 reinitialized from +I+R8 with factor 0.500
+I+R9 reinitialized from +I+R8 with factor 0.250
791  MTZOA+F+I+R9  7485760.905  73  14971667.810 14971667.850 14972434.850
811  MTMET+I+R7    7813841.034  50  15627782.069 15627782.088 15628307.438
812  MTMET+I+R8    7813811.588  52  15627727.176 15627727.197 15628273.561
813  MTMET+I+R9    7813810.806  54  15627729.613 15627729.635 15628297.012
833  MTMET+F+I+R7  7532977.986  69  15066093.972 15066094.008 15066818.982
834  MTMET+F+I+R8  7532957.186  71  15066056.373 15066056.410 15066802.397
835  MTMET+F+I+R9  7532956.962  73  15066059.924 15066059.964 15066826.963
855  MTVER+I+R7    7888156.090  50  15776412.179 15776412.198 15776937.549
856  MTVER+I+R8    7888085.859  52  15776275.718 15776275.738 15776822.102
857  MTVER+I+R9    7888083.438  54  15776274.876 15776274.898 15776842.276
877  MTVER+F+I+R7  7629663.975  69  15259465.951 15259465.987 15260190.961
878  MTVER+F+I+R8  7629617.571  71  15259377.142 15259377.179 15260123.166
879  MTVER+F+I+R9  7629616.025  73  15259378.049 15259378.089 15260145.089
899  MTINV+I+R7    7847090.473  50  15694280.945 15694280.964 15694806.315
900  MTINV+I+R8    7847077.829  52  15694259.657 15694259.677 15694806.041
901  MTINV+I+R9    7847075.649  54  15694259.299 15694259.321 15694826.698
921  MTINV+F+I+R7  7484356.619  69  14968851.237 14968851.273 14969576.247
922  MTINV+F+I+R8  7484355.533  71  14968853.066 14968853.103 14969599.090
943  MTMAM+I+R7    7943345.167  50  15886790.335 15886790.353 15887315.704
+I+R8 reinitialized from +I+R7 with factor 0.500
944  MTMAM+I+R8    7943324.791  52  15886753.582 15886753.603 15887299.966
+I+R9 reinitialized from +I+R8 with factor 0.500
945  MTMAM+I+R9    7943312.065  54  15886732.130 15886732.152 15887299.529
965  MTMAM+F+I+R7  7662239.565  69  15324617.130 15324617.166 15325342.140
966  MTMAM+F+I+R8  7662231.269  71  15324604.539 15324604.576 15325350.563
967  MTMAM+F+I+R9  7662228.537  73  15324603.074 15324603.114 15325370.114
987  FLAVI+I+R7    7774833.387  50  15549766.773 15549766.792 15550292.143
988  FLAVI+I+R8    7774814.412  52  15549732.824 15549732.844 15550279.208
989  FLAVI+I+R9    7774812.264  54  15549732.527 15549732.549 15550299.926
1009  FLAVI+F+I+R7  7703713.272  69  15407564.544 15407564.580 15408289.554
1010  FLAVI+F+I+R8  7703710.933  71  15407563.867 15407563.904 15408309.891
1011  FLAVI+F+I+R9  7703709.545  73  15407565.090 15407565.130 15408332.130
1031  HIVB+I+R7     7642324.128  50  15284748.255 15284748.274 15285273.625
1032  HIVB+I+R8     7642317.955  52  15284739.910 15284739.931 15285286.295
1033  HIVB+I+R9     7642317.808  54  15284743.615 15284743.637 15285311.014
1053  HIVB+F+I+R7   7580713.025  69  15161564.051 15161564.087 15162289.061
1054  HIVB+F+I+R8   7580710.555  71  15161563.111 15161563.148 15162309.135
+I+R9 reinitialized from +I+R8 with factor 0.500
1055  HIVB+F+I+R9   7580710.612  73  15161567.223 15161567.263 15162334.263
1075  HIVW+I+R7     7941367.614  50  15882835.227 15882835.246 15883360.597
+I+R8 reinitialized from +I+R7 with factor 0.500
1076  HIVW+I+R8     7941364.344  52  15882832.688 15882832.708 15883379.072
+I+R9 reinitialized from +I+R8 with factor 0.500
1077  HIVW+I+R9     7941363.426  54  15882834.853 15882834.875 15883402.252
1097  HIVW+F+I+R7   7787429.860  69  15574997.721 15574997.757 15575722.731
+I+R8 reinitialized from +I+R7 with factor 0.500
+I+R8 reinitialized from +I+R7 with factor 0.250
1098  HIVW+F+I+R8   7787429.951  71  15575001.903 15575001.940 15575747.927
1119  FLU+I+R7      7591349.160  50  15182798.319 15182798.338 15183323.689
1120  FLU+I+R8      7591348.715  52  15182801.430 15182801.451 15183347.815
1141  FLU+F+I+R7    7545900.461  69  15091938.922 15091938.958 15092663.932
1142  FLU+F+I+R8    7545893.804  71  15091929.609 15091929.647 15092675.634
1143  FLU+F+I+R9    7545881.164  73  15091908.328 15091908.368 15092675.368
1163  RTREV+I+R7    7475309.466  50  14950718.933 14950718.952 14951244.303
+I+R8 reinitialized from +I+R7 with factor 0.500
+I+R8 reinitialized from +I+R7 with factor 0.250
+I+R8 reinitialized from +I+R7 with factor 0.125
1164  RTREV+I+R8    7475309.421  52  14950722.842 14950722.863 14951269.227
1185  RTREV+F+I+R7  7412930.913  69  14825999.825 14825999.861 14826724.835
1186  RTREV+F+I+R8  7412930.443  71  14826002.886 14826002.923 14826748.910
1207  CPREV+I+R7    7489386.417  50  14978872.835 14978872.854 14979398.204
+I+R8 reinitialized from +I+R7 with factor 0.500
1208  CPREV+I+R8    7489386.103  52  14978876.206 14978876.226 14979422.590
1229  CPREV+F+I+R7  7476080.505  69  14952299.011 14952299.047 14953024.021
+I+R8 reinitialized from +I+R7 with factor 0.500
+I+R8 reinitialized from +I+R7 with factor 0.250
1230  CPREV+F+I+R8  7476080.030  71  14952302.061 14952302.099 14953048.086
Akaike Information Criterion:           Q.YEAST+I+R7
Corrected Akaike Information Criterion: Q.YEAST+I+R7
Bayesian Information Criterion:         Q.YEAST+I+R7
Best-fit model: Q.YEAST+I+R7 chosen according to AIC

All model information printed to 20Ascomycota_c60_init.model.gz
CPU time for ModelFinder: 1838859.696 seconds (510h:47m:39s)
Wall-clock time for ModelFinder: 24138.647 seconds (6h:42m:18s)

NOTE: 5208 MB RAM (5 GB) is required!
Estimate model parameters (epsilon = 0.010)
1. Initial log-likelihood: -7397498.252
2. Current log-likelihood: -7395108.230
3. Current log-likelihood: -7395060.019
4. Current log-likelihood: -7395058.958
5. Current log-likelihood: -7395058.732
6. Current log-likelihood: -7395058.700
7. Current log-likelihood: -7395058.663
8. Current log-likelihood: -7395058.562
9. Current log-likelihood: -7395058.543
10. Current log-likelihood: -7395058.517
11. Current log-likelihood: -7395058.503
12. Current log-likelihood: -7395058.482
13. Current log-likelihood: -7395058.471
Optimal log-likelihood: -7395058.461
Proportion of invariable sites: 0.049
Site proportion and rates:  (0.099,0.062) (0.144,0.261) (0.221,0.593) (0.257,1.140) (0.130,1.837) (0.095,2.557) (0.005,9.973)
Parameters optimization took 13 rounds (66.189 sec)
Wrote distance file to... 
BEST SCORE FOUND : -7395058.461
Total tree length: 15.921

Total number of iterations: 0
CPU time used for tree search: 0.000 sec (0h:0m:0s)
Wall-clock time used for tree search: 0.000 sec (0h:0m:0s)
Total CPU time used: 1843667.010 sec (512h:7m:47s)
Total wall-clock time used: 24205.003 sec (6h:43m:25s)

Analysis results written to: 
  IQ-TREE report:                20Ascomycota_c60_init.iqtree
  Tree used for ModelFinder:     20Ascomycota_c60_init.treefile
  Screen log file:               20Ascomycota_c60_init.log

Date and Time: Wed Apr 16 00:31:06 2025
