IQ-TREE multicore version 2.4.0 for Linux x86 64-bit built Mar 19 2025
Developed by Bui Quang Minh, Nguyen Lam Tung, Olga Chernomor, Heiko Schmidt,
Dominik Schrempf, Michael Woodhams, Ly Trong Nhan, Thomas Wong

Host:    rona.rsb.anu.edu.au (AVX2, FMA3, 1007 GB RAM)
Command: ../../iqtree2 -s ./20_concated.nex -m Q.YEAST+C60+F+I+R7 -te ../partition/Q/Ascomycota20_Q_search.treefile -T 80 --mem 140G -safe -pre Ascomycota20_c60_F
Seed:    500662 (Using SPRNG - Scalable Parallel Random Number Generator)
Time:    Wed Apr 16 00:31:06 2025
Kernel:  Safe AVX+FMA - 80 threads (256 CPU cores detected)

Reading alignment file ./20_concated.nex ... Nexus format detected
Skipping unknown block (sets)...
WARNING: 800 sites contain only gaps or ambiguous characters.
Alignment has 20 sequences with 270328 columns, 240778 distinct patterns
191343 parsimony-informative, 48657 singleton sites, 30328 constant sites
                                Gap/Ambiguity  Composition  p-value
Analyzing sequences: done in 0.0155436 secs using 6463% CPU
   1  Ascoidea_asiatica                21.76%    failed      0.00%
   2  Candida_hispaniensis             19.27%    failed      0.00%
   3  Candida_incommunis               19.95%    failed      0.00%
   4  Cercospora_zeina                  6.62%    failed      0.00%
   5  Curvularia_papendorfii           13.60%    failed      0.00%
   6  Huntiella_omanensis              16.48%    failed      0.00%
   7  Kazachstania_transvaalensis      18.08%    failed      0.00%
   8  Lodderomyces_elongisporus        15.94%    failed      0.00%
   9  Metschnikowia_bowlesiae          18.27%    failed      0.00%
  10  Phaffomyces_antillensis          16.71%    failed      0.00%
  11  Phialophora_attae                14.65%    failed      0.00%
  12  Saturnispora_silvae              24.16%    failed      0.00%
  13  Schizosaccharomyces_octosporus   26.87%    failed      0.00%
  14  Sporopachydermia_lactativora     20.80%    failed      0.00%
  15  Starmerella_apicola              32.88%    failed      0.00%
  16  Taphrina_populina                23.52%    failed      0.00%
  17  Tortispora_starmeri              24.59%    failed      0.00%
  18  Wickerhamiella_cacticola         30.05%    failed      0.00%
  19  Zygoascus_ofunaensis             16.44%    failed      0.00%
  20  Pneumocystis_murina              33.04%    failed      0.00%
****  TOTAL                            20.68%  20 sequences failed composition chi2 test (p-value<5%; df=19)
NOTE: minimal branch length is reduced to 0.000000369921 for long alignment
Checking for duplicate sequences: done in 0.0982792 secs using 1203% CPU
Reading input tree file ../partition/Q/Ascomycota20_Q_search.treefile ...
Model Q.YEAST+C60+F+I+R7 is alias for Q.YEAST+POISSON+G+FMIX{C60pi1:1:0.0169698865,C60pi2:1:0.0211683374,C60pi3:1:0.0276589079,C60pi4:1:0.0065675964,C60pi5:1:0.0141221416,C60pi6:1:0.0068774834,C60pi7:1:0.0146909701,C60pi8:1:0.0067225777,C60pi9:1:0.0018396660,C60pi10:1:0.0102547197,C60pi11:1:0.0230896163,C60pi12:1:0.0057941033,C60pi13:1:0.0125394534,C60pi14:1:0.0204526478,C60pi15:1:0.0070629602,C60pi16:1:0.0117982741,C60pi17:1:0.0068334668,C60pi18:1:0.0433775839,C60pi19:1:0.0318278731,C60pi20:1:0.0222546108,C60pi21:1:0.0102264969,C60pi22:1:0.0150545891,C60pi23:1:0.0134159878,C60pi24:1:0.0148552065,C60pi25:1:0.0239111516,C60pi26:1:0.0128776278,C60pi27:1:0.0222318842,C60pi28:1:0.0247444742,C60pi29:1:0.0214274810,C60pi30:1:0.0115001882,C60pi31:1:0.0076017389,C60pi32:1:0.0130258568,C60pi33:1:0.0093701965,C60pi34:1:0.0467194264,C60pi35:1:0.0441940314,C60pi36:1:0.0322263154,C60pi37:1:0.0402999891,C60pi38:1:0.0150234227,C60pi39:1:0.0104589903,C60pi40:1:0.0214742395,C60pi41:1:0.0154957836,C60pi42:1:0.0101789953,C60pi43:1:0.0227980379,C60pi44:1:0.0123204539,C60pi45:1:0.0066777583,C60pi46:1:0.0004150083,C60pi47:1:0.0344385130,C60pi48:1:0.0113663379,C60pi49:1:0.0127143049,C60pi50:1:0.0124323741,C60pi51:1:0.0262124415,C60pi52:1:0.0064994957,C60pi53:1:0.0103203293,C60pi54:1:0.0142463512,C60pi55:1:0.0215600067,C60pi56:1:0.0199150700,C60pi57:1:0.0038964200,C60pi58:1:0.0113448855,C60pi59:1:0.0128595846,C60pi60:1:0.0117656776}+F+I+R7
WARNING: Your input class weight 0.000415008 is very small and may cause numerical issues
WARNING: Both Gamma and FreeRate models were specified, continue with FreeRate model

NOTE: 142969 MB RAM (139 GB) is required!
Estimate model parameters (epsilon = 0.010)
1. Initial log-likelihood: -7462725.682
2. Current log-likelihood: -7341078.167
3. Current log-likelihood: -7336899.325
4. Current log-likelihood: -7336658.988
5. Current log-likelihood: -7336631.722
6. Current log-likelihood: -7336587.257
7. Current log-likelihood: -7336572.491
8. Current log-likelihood: -7336562.089
9. Current log-likelihood: -7336548.982
10. Current log-likelihood: -7336540.023
11. Current log-likelihood: -7336533.961
12. Current log-likelihood: -7336526.160
13. Current log-likelihood: -7336520.999
14. Current log-likelihood: -7336516.761
15. Current log-likelihood: -7336512.862
16. Current log-likelihood: -7336509.338
17. Current log-likelihood: -7336506.028
18. Current log-likelihood: -7336503.076
19. Current log-likelihood: -7336500.156
20. Current log-likelihood: -7336497.547
21. Current log-likelihood: -7336494.841
22. Current log-likelihood: -7336483.989
23. Current log-likelihood: -7336479.615
24. Current log-likelihood: -7336478.178
25. Current log-likelihood: -7336474.026
26. Current log-likelihood: -7336472.024
Optimal log-likelihood: -7336474.879
Mixture weights: 0.472 0.020 0.002 0.006 0.008 0.022 0.004 0.002 0.002 0.005 0.024 0.007 0.009 0.001 0.004 0.000 0.007 0.014 0.032 0.022 0.001 0.001 0.021 0.002 0.000 0.005 0.012 0.043 0.001 0.014 0.015 0.003 0.007 0.014 0.009 0.015 0.009 0.004 0.037 0.001 0.004 0.003 0.005 0.006 0.000 0.001 0.000 0.017 0.006 0.000 0.000 0.004 0.010 0.001 0.011 0.030 0.000 0.002 0.020 0.004 0.000
Proportion of invariable sites: 0.054
Site proportion and rates:  (0.111,0.062) (0.159,0.257) (0.164,0.582) (0.152,0.901) (0.152,1.389) (0.148,1.830) (0.059,4.019)
Parameters optimization took 26 rounds (16398.477 sec)
WARNING: The mixture model might be overfitting because some mixture weights are estimated close to zero
Wrote distance file to... 
BEST SCORE FOUND : -7336474.879
Total tree length: 20.629

Total number of iterations: 0
CPU time used for tree search: 0.000 sec (0h:0m:0s)
Wall-clock time used for tree search: 0.000 sec (0h:0m:0s)
Total CPU time used: 1081883.863 sec (300h:31m:23s)
Total wall-clock time used: 1862176.072 sec (517h:16m:16s)

Analysis results written to: 
  IQ-TREE report:                Ascomycota20_c60_F.iqtree
  Maximum-likelihood tree:       Ascomycota20_c60_F.treefile
  Screen log file:               Ascomycota20_c60_F.log

Date and Time: Wed Apr 16 05:04:42 2025
