IQ-TREE multicore version 2.4.0 for Linux x86 64-bit built Mar 19 2025
Developed by Bui Quang Minh, Nguyen Lam Tung, Olga Chernomor, Heiko Schmidt,
Dominik Schrempf, Michael Woodhams, Ly Trong Nhan, Thomas Wong

Host:    dayhoff.uds.anu.edu.au (AVX2, FMA3, 1007 GB RAM)
Command: ../../iqtree2 -s 10_concated.nex -m MF -merit AIC -T 45 -mem 120G -pre 10insect_c60_init
Seed:    341844 (Using SPRNG - Scalable Parallel Random Number Generator)
Time:    Thu Jun 12 21:16:16 2025
Kernel:  AVX+FMA - 45 threads (46 CPU cores detected)

Reading alignment file 10_concated.nex ... Nexus format detected
Skipping unknown block (sets)...
WARNING: 705 sites contain only gaps or ambiguous characters.
Alignment has 10 sequences with 76398 columns, 55293 distinct patterns
21241 parsimony-informative, 32656 singleton sites, 22501 constant sites
                         Gap/Ambiguity  Composition  p-value
Analyzing sequences: done in 0.0235851 secs using 2893% CPU
   1  Lepeophtheirus_salmonis   44.77%    failed      0.00%
   2  Stylops_melittae          40.37%    failed      0.00%
   3  Anurida_maritima          41.36%    failed      0.00%
   4  DROSOPHILA_MELANOGASTER    3.40%    failed      0.00%
   5  Essigella_californica     16.92%    failed      0.00%
   6  IXODES_SCAPULARIS         18.50%    failed      0.00%
   7  Polyommatus_icarus        30.67%    failed      0.00%
   8  Conwentzia_psociformis    25.74%    failed      0.00%
   9  Velia_caprai              45.32%    failed      0.17%
  10  Ectopsocus_briggsi        31.03%    failed      0.00%
****  TOTAL                     29.81%  10 sequences failed composition chi2 test (p-value<5%; df=19)
Checking for duplicate sequences: done in 0.0119015 secs using 4184% CPU


Create initial parsimony tree by phylogenetic likelihood library (PLL)... 0.066 seconds
Perform fast likelihood tree search using LG+I+G model...
Estimate model parameters (epsilon = 5.000)
Perform nearest neighbor interchange...
Optimizing NNI: done in 0.344469 secs using 4478% CPU
Estimate model parameters (epsilon = 1.000)
1. Initial log-likelihood: -872082.327
2. Current log-likelihood: -872080.277
3. Current log-likelihood: -872078.778
4. Current log-likelihood: -872077.649
Optimal log-likelihood: -872076.741
Proportion of invariable sites: 0.130
Gamma shape alpha: 1.141
Parameters optimization took 4 rounds (1.379 sec)
Time for fast ML tree search: 4.398 seconds

NOTE: ModelFinder requires 854 MB RAM!
ModelFinder will test up to 1232 protein models (sample size: 76398 epsilon: 0.100) ...
 No. Model         -LnL         df  AIC          AICc         BIC
  1  LG            901985.989   17  1804005.977  1804005.985  1804163.120
  2  LG+I          882052.585   18  1764141.169  1764141.178  1764307.556
  3  LG+G4         872335.395   18  1744706.789  1744706.798  1744873.176
  4  LG+I+G4       872074.004   19  1744186.008  1744186.018  1744361.638
  5  LG+R2         874125.684   19  1748289.369  1748289.379  1748464.999
  6  LG+R3         872116.547   21  1744275.093  1744275.105  1744469.211
  7  LG+R4         872001.732   23  1744049.463  1744049.478  1744262.069
  8  LG+R5         871999.806   25  1744049.612  1744049.629  1744280.705
 14  LG+I+R2       872492.679   20  1745025.358  1745025.369  1745210.232
 15  LG+I+R3       872013.171   22  1744070.341  1744070.355  1744273.703
 16  LG+I+R4       872011.875   24  1744071.750  1744071.765  1744293.599
 29  LG+F+R4       871244.460   42  1742572.919  1742572.967  1742961.155
 30  LG+F+R5       871243.254   44  1742574.508  1742574.560  1742981.232
 51  WAG+R4        876970.760   23  1753987.521  1753987.535  1754200.126
 52  WAG+R5        876969.334   25  1753988.669  1753988.686  1754219.761
 73  WAG+F+R4      874691.975   42  1749467.951  1749467.998  1749856.187
 74  WAG+F+R5      874691.085   44  1749470.170  1749470.222  1749876.893
 95  JTT+R4        878644.764   23  1757335.527  1757335.542  1757548.132
 96  JTT+R5        878643.813   25  1757337.625  1757337.642  1757568.718
117  JTT+F+R4      876701.316   42  1753486.633  1753486.680  1753874.868
118  JTT+F+R5      876700.524   44  1753489.049  1753489.101  1753895.772
139  Q.PFAM+R4     873432.212   23  1746910.425  1746910.439  1747123.030
140  Q.PFAM+R5     873431.210   25  1746912.421  1746912.438  1747143.514
161  Q.PFAM+F+R4   872037.935   42  1744159.870  1744159.917  1744548.106
162  Q.PFAM+F+R5   872037.024   44  1744162.048  1744162.100  1744568.771
183  Q.BIRD+R4     890292.540   23  1780631.079  1780631.094  1780843.685
184  Q.BIRD+R5     890290.067   25  1780630.134  1780630.151  1780861.227
205  Q.BIRD+F+R4   888726.234   42  1777536.468  1777536.515  1777924.704
206  Q.BIRD+F+R5   888723.228   44  1777534.456  1777534.508  1777941.179
227  Q.MAMMAL+R4   886327.061   23  1772700.123  1772700.137  1772912.728
+R5 reinitialized from +R4 with factor 0.500
+R5 reinitialized from +R4 with factor 0.250
+R5 reinitialized from +R4 with factor 0.125
228  Q.MAMMAL+R5   886327.094   25  1772704.187  1772704.205  1772935.280
249  Q.MAMMAL+F+R4 884260.598   42  1768605.196  1768605.244  1768993.432
250  Q.MAMMAL+F+R5 884260.271   44  1768608.542  1768608.594  1769015.266
271  Q.INSECT+R4   871793.796   23  1743633.592  1743633.606  1743846.197
272  Q.INSECT+R5   871793.564   25  1743637.127  1743637.144  1743868.220
293  Q.INSECT+F+R4 872026.874   42  1744137.748  1744137.796  1744525.984
294  Q.INSECT+F+R5 872026.741   44  1744141.483  1744141.534  1744548.206
315  Q.PLANT+R4    877984.366   23  1756014.732  1756014.746  1756227.337
316  Q.PLANT+R5    877984.346   25  1756018.692  1756018.709  1756249.784
337  Q.PLANT+F+R4  877534.188   42  1755152.375  1755152.422  1755540.611
338  Q.PLANT+F+R5  877534.048   44  1755156.095  1755156.147  1755562.819
359  Q.YEAST+R4    873220.704   23  1746487.408  1746487.422  1746700.013
360  Q.YEAST+R5    873220.700   25  1746491.400  1746491.417  1746722.493
381  Q.YEAST+F+R4  871436.721   42  1742957.442  1742957.490  1743345.678
+R5 reinitialized from +R4 with factor 0.500
382  Q.YEAST+F+R5  871436.381   44  1742960.762  1742960.814  1743367.485
403  JTTDCMUT+R4   878569.682   23  1757185.365  1757185.379  1757397.970
404  JTTDCMUT+R5   878569.252   25  1757188.503  1757188.520  1757419.596
425  JTTDCMUT+F+R4 876602.534   42  1753289.068  1753289.116  1753677.304
426  JTTDCMUT+F+R5 876602.175   44  1753292.351  1753292.403  1753699.074
447  DCMUT+R4      884504.872   23  1769055.744  1769055.758  1769268.349
448  DCMUT+R5      884502.969   25  1769055.938  1769055.955  1769287.031
469  DCMUT+F+R4    878695.115   42  1757474.230  1757474.277  1757862.466
470  DCMUT+F+R5    878693.642   44  1757475.284  1757475.336  1757882.008
491  VT+R4         876970.754   23  1753987.507  1753987.522  1754200.113
492  VT+R5         876970.199   25  1753990.397  1753990.414  1754221.490
513  VT+F+R4       876206.689   42  1752497.379  1752497.426  1752885.615
514  VT+F+R5       876206.169   44  1752500.337  1752500.389  1752907.061
535  PMB+R4        882116.219   23  1764278.437  1764278.452  1764491.042
536  PMB+R5        882114.932   25  1764279.864  1764279.881  1764510.957
557  PMB+F+R4      880275.665   42  1760635.330  1760635.377  1761023.566
558  PMB+F+R5      880275.194   44  1760638.389  1760638.441  1761045.112
579  BLOSUM62+R4   881013.645   23  1762073.290  1762073.304  1762285.895
580  BLOSUM62+R5   881012.506   25  1762075.011  1762075.028  1762306.104
601  BLOSUM62+F+R4 879686.493   42  1759456.985  1759457.033  1759845.221
602  BLOSUM62+F+R5 879685.974   44  1759459.948  1759460.000  1759866.671
623  DAYHOFF+R4    884471.027   23  1768988.055  1768988.069  1769200.660
624  DAYHOFF+R5    884468.532   25  1768987.064  1768987.081  1769218.157
645  DAYHOFF+F+R4  878666.499   42  1757416.998  1757417.045  1757805.234
646  DAYHOFF+F+R5  878664.575   44  1757417.149  1757417.201  1757823.873
667  MTREV+R4      922263.811   23  1844573.623  1844573.637  1844786.228
668  MTREV+R5      922261.369   25  1844572.737  1844572.755  1844803.830
689  MTREV+F+R4    884565.148   42  1769214.296  1769214.343  1769602.532
690  MTREV+F+R5    884561.176   44  1769210.351  1769210.403  1769617.075
711  MTART+R4      922895.110   23  1845836.219  1845836.234  1846048.825
712  MTART+R5      922777.530   25  1845605.060  1845605.077  1845836.153
733  MTART+F+R4    884681.152   42  1769446.305  1769446.352  1769834.541
734  MTART+F+R5    884645.023   44  1769378.045  1769378.097  1769784.769
755  MTZOA+R4      909590.942   23  1819227.885  1819227.899  1819440.490
756  MTZOA+R5      909571.636   25  1819193.272  1819193.289  1819424.365
777  MTZOA+F+R4    879385.046   42  1758854.092  1758854.140  1759242.328
778  MTZOA+F+R5    879357.224   44  1758802.448  1758802.500  1759209.172
799  MTMET+R4      921468.057   23  1842982.113  1842982.128  1843194.719
+R5 reinitialized from +R4 with factor 0.500
800  MTMET+R5      921467.068   25  1842984.136  1842984.153  1843215.229
821  MTMET+F+R4    884101.481   42  1768286.961  1768287.008  1768675.197
822  MTMET+F+R5    884100.753   44  1768289.506  1768289.558  1768696.230
843  MTVER+R4      930546.290   23  1861138.580  1861138.595  1861351.185
844  MTVER+R5      930538.079   25  1861126.157  1861126.174  1861357.250
865  MTVER+F+R4    894189.572   42  1788463.143  1788463.191  1788851.379
866  MTVER+F+R5    894079.706   44  1788247.413  1788247.465  1788654.136
887  MTINV+R4      926823.378   23  1853692.757  1853692.771  1853905.362
888  MTINV+R5      926821.791   25  1853693.582  1853693.599  1853924.675
909  MTINV+F+R4    879428.795   42  1758941.590  1758941.637  1759329.826
910  MTINV+F+R5    879414.217   44  1758916.434  1758916.486  1759323.157
931  MTMAM+R4      933821.748   23  1867689.496  1867689.510  1867902.101
932  MTMAM+R5      933717.745   25  1867485.491  1867485.508  1867716.584
953  MTMAM+F+R4    896316.951   42  1792717.903  1792717.950  1793106.139
954  MTMAM+F+R5    896225.778   44  1792539.556  1792539.608  1792946.279
975  FLAVI+R4      905596.542   23  1811239.085  1811239.099  1811451.690
976  FLAVI+R5      905537.589   25  1811125.177  1811125.194  1811356.270
997  FLAVI+F+R4    898296.714   42  1796677.428  1796677.475  1797065.664
998  FLAVI+F+R5    898235.998   44  1796559.996  1796560.048  1796966.719
1019  HIVB+R4       893024.994   23  1786095.989  1786096.003  1786308.594
1020  HIVB+R5       893022.005   25  1786094.010  1786094.027  1786325.103
1041  HIVB+F+R4     888233.413   42  1776550.825  1776550.873  1776939.061
1042  HIVB+F+R5     888222.175   44  1776532.351  1776532.403  1776939.074
1063  HIVW+R4       925147.555   23  1850341.110  1850341.125  1850553.716
1064  HIVW+R5       925021.901   25  1850093.803  1850093.820  1850324.896
1085  HIVW+F+R4     908534.863   42  1817153.725  1817153.772  1817541.961
1086  HIVW+F+R5     908458.960   44  1817005.921  1817005.973  1817412.644
1107  FLU+R4        890578.886   23  1781203.772  1781203.787  1781416.378
1108  FLU+R5        890523.787   25  1781097.574  1781097.591  1781328.667
1129  FLU+F+R4      885212.746   42  1770509.492  1770509.540  1770897.728
1130  FLU+F+R5      885156.033   44  1770400.067  1770400.119  1770806.790
1151  RTREV+R4      879562.610   23  1759171.221  1759171.235  1759383.826
1152  RTREV+R5      879553.235   25  1759156.470  1759156.487  1759387.563
1173  RTREV+F+R4    873255.697   42  1746595.394  1746595.441  1746983.630
1174  RTREV+F+R5    873254.156   44  1746596.313  1746596.365  1747003.036
1195  CPREV+R4      881324.695   23  1762695.390  1762695.405  1762907.996
1196  CPREV+R5      881317.004   25  1762684.009  1762684.026  1762915.102
1217  CPREV+F+R4    878931.159   42  1757946.318  1757946.365  1758334.554
1218  CPREV+F+R5    878921.112   44  1757930.225  1757930.277  1758336.948
Akaike Information Criterion:           LG+F+R4
Corrected Akaike Information Criterion: LG+F+R4
Bayesian Information Criterion:         LG+F+R4
Best-fit model: LG+F+R4 chosen according to AIC

All model information printed to 10insect_c60_init.model.gz
CPU time for ModelFinder: 79773.318 seconds (22h:9m:33s)
Wall-clock time for ModelFinder: 1783.907 seconds (0h:29m:43s)

NOTE: 341 MB RAM (0 GB) is required!
Estimate model parameters (epsilon = 0.010)
1. Initial log-likelihood: -871257.604
2. Current log-likelihood: -871246.471
3. Current log-likelihood: -871246.132
4. Current log-likelihood: -871245.908
5. Current log-likelihood: -871245.730
6. Current log-likelihood: -871245.559
7. Current log-likelihood: -871245.424
8. Current log-likelihood: -871245.312
9. Current log-likelihood: -871245.208
10. Current log-likelihood: -871245.112
11. Current log-likelihood: -871245.036
12. Current log-likelihood: -871244.966
13. Current log-likelihood: -871244.901
14. Current log-likelihood: -871244.843
15. Current log-likelihood: -871244.784
16. Current log-likelihood: -871244.729
17. Current log-likelihood: -871244.686
18. Current log-likelihood: -871244.635
19. Current log-likelihood: -871244.615
20. Current log-likelihood: -871244.577
21. Current log-likelihood: -871244.559
22. Current log-likelihood: -871244.520
Optimal log-likelihood: -871244.508
Site proportion and rates:  (0.261,0.052) (0.341,0.511) (0.299,1.470) (0.098,3.796)
Parameters optimization took 22 rounds (12.657 sec)
Wrote distance file to... 
BEST SCORE FOUND : -871244.508
Total tree length: 5.361

Total number of iterations: 0
CPU time used for tree search: 0.000 sec (0h:0m:0s)
Wall-clock time used for tree search: 0.000 sec (0h:0m:0s)
Total CPU time used: 80340.251 sec (22h:19m:0s)
Total wall-clock time used: 1796.588 sec (0h:29m:56s)

Analysis results written to: 
  IQ-TREE report:                10insect_c60_init.iqtree
  Tree used for ModelFinder:     10insect_c60_init.treefile
  Screen log file:               10insect_c60_init.log

Date and Time: Thu Jun 12 21:46:13 2025
