IQ-TREE multicore version 2.4.0 for Linux x86 64-bit built Mar 19 2025
Developed by Bui Quang Minh, Nguyen Lam Tung, Olga Chernomor, Heiko Schmidt,
Dominik Schrempf, Michael Woodhams, Ly Trong Nhan, Thomas Wong

Host:    dayhoff.uds.anu.edu.au (AVX2, FMA3, 1007 GB RAM)
Command: ../../iqtree2 -s ./10_concated.nex -m LG+C60+R4 -te ../partition/Q/insect10_Q_search.treefile -mwopt -T 45 -mem 120G -safe -pre insect10_c60_opt
Seed:    5097 (Using SPRNG - Scalable Parallel Random Number Generator)
Time:    Fri Jun 13 00:36:49 2025
Kernel:  Safe AVX+FMA - 45 threads (46 CPU cores detected)

Reading alignment file ./10_concated.nex ... Nexus format detected
Skipping unknown block (sets)...
WARNING: 705 sites contain only gaps or ambiguous characters.
Alignment has 10 sequences with 76398 columns, 55293 distinct patterns
21241 parsimony-informative, 32656 singleton sites, 22501 constant sites
                         Gap/Ambiguity  Composition  p-value
Analyzing sequences: done in 0.023392 secs using 2120% CPU
   1  Lepeophtheirus_salmonis   44.77%    failed      0.00%
   2  Stylops_melittae          40.37%    failed      0.00%
   3  Anurida_maritima          41.36%    failed      0.00%
   4  DROSOPHILA_MELANOGASTER    3.40%    failed      0.00%
   5  Essigella_californica     16.92%    failed      0.00%
   6  IXODES_SCAPULARIS         18.50%    failed      0.00%
   7  Polyommatus_icarus        30.67%    failed      0.00%
   8  Conwentzia_psociformis    25.74%    failed      0.00%
   9  Velia_caprai              45.32%    failed      0.17%
  10  Ectopsocus_briggsi        31.03%    failed      0.00%
****  TOTAL                     29.81%  10 sequences failed composition chi2 test (p-value<5%; df=19)
Checking for duplicate sequences: done in 0.029637 secs using 2421% CPU
Reading input tree file ../partition/Q/insect10_Q_search.treefile ...
Model LG+C60+R4 is alias for LG+POISSON+G+FMIX{C60pi1:1:0.0169698865,C60pi2:1:0.0211683374,C60pi3:1:0.0276589079,C60pi4:1:0.0065675964,C60pi5:1:0.0141221416,C60pi6:1:0.0068774834,C60pi7:1:0.0146909701,C60pi8:1:0.0067225777,C60pi9:1:0.0018396660,C60pi10:1:0.0102547197,C60pi11:1:0.0230896163,C60pi12:1:0.0057941033,C60pi13:1:0.0125394534,C60pi14:1:0.0204526478,C60pi15:1:0.0070629602,C60pi16:1:0.0117982741,C60pi17:1:0.0068334668,C60pi18:1:0.0433775839,C60pi19:1:0.0318278731,C60pi20:1:0.0222546108,C60pi21:1:0.0102264969,C60pi22:1:0.0150545891,C60pi23:1:0.0134159878,C60pi24:1:0.0148552065,C60pi25:1:0.0239111516,C60pi26:1:0.0128776278,C60pi27:1:0.0222318842,C60pi28:1:0.0247444742,C60pi29:1:0.0214274810,C60pi30:1:0.0115001882,C60pi31:1:0.0076017389,C60pi32:1:0.0130258568,C60pi33:1:0.0093701965,C60pi34:1:0.0467194264,C60pi35:1:0.0441940314,C60pi36:1:0.0322263154,C60pi37:1:0.0402999891,C60pi38:1:0.0150234227,C60pi39:1:0.0104589903,C60pi40:1:0.0214742395,C60pi41:1:0.0154957836,C60pi42:1:0.0101789953,C60pi43:1:0.0227980379,C60pi44:1:0.0123204539,C60pi45:1:0.0066777583,C60pi46:1:0.0004150083,C60pi47:1:0.0344385130,C60pi48:1:0.0113663379,C60pi49:1:0.0127143049,C60pi50:1:0.0124323741,C60pi51:1:0.0262124415,C60pi52:1:0.0064994957,C60pi53:1:0.0103203293,C60pi54:1:0.0142463512,C60pi55:1:0.0215600067,C60pi56:1:0.0199150700,C60pi57:1:0.0038964200,C60pi58:1:0.0113448855,C60pi59:1:0.0128595846,C60pi60:1:0.0117656776}+R4
WARNING: Your input class weight 0.000415008 is very small and may cause numerical issues
WARNING: Both Gamma and FreeRate models were specified, continue with FreeRate model

NOTE: 20511 MB RAM (20 GB) is required!
Estimate model parameters (epsilon = 0.010)
1. Initial log-likelihood: -884359.359
2. Current log-likelihood: -868964.607
3. Current log-likelihood: -868712.242
4. Current log-likelihood: -868659.703
5. Current log-likelihood: -868629.623
6. Current log-likelihood: -868609.089
7. Current log-likelihood: -868585.700
8. Current log-likelihood: -868567.948
9. Current log-likelihood: -868555.985
10. Current log-likelihood: -868542.211
11. Current log-likelihood: -868531.835
12. Current log-likelihood: -868522.395
13. Current log-likelihood: -868513.890
14. Current log-likelihood: -868506.012
15. Current log-likelihood: -868497.271
16. Current log-likelihood: -868490.796
17. Current log-likelihood: -868483.771
18. Current log-likelihood: -868478.575
19. Current log-likelihood: -868473.928
20. Current log-likelihood: -868469.881
21. Current log-likelihood: -868466.232
22. Current log-likelihood: -868462.801
23. Current log-likelihood: -868456.549
24. Current log-likelihood: -868453.593
25. Current log-likelihood: -868450.994
26. Current log-likelihood: -868448.680
27. Current log-likelihood: -868446.521
28. Current log-likelihood: -868444.606
29. Current log-likelihood: -868442.767
30. Current log-likelihood: -868441.018
31. Current log-likelihood: -868439.491
32. Current log-likelihood: -868438.007
33. Current log-likelihood: -868436.585
34. Current log-likelihood: -868435.224
35. Current log-likelihood: -868434.072
36. Current log-likelihood: -868432.876
37. Current log-likelihood: -868431.694
38. Current log-likelihood: -868430.703
39. Current log-likelihood: -868429.551
40. Current log-likelihood: -868428.599
41. Current log-likelihood: -868427.606
42. Current log-likelihood: -868426.528
43. Current log-likelihood: -868425.593
44. Current log-likelihood: -868424.645
45. Current log-likelihood: -868423.737
46. Current log-likelihood: -868422.831
47. Current log-likelihood: -868421.904
48. Current log-likelihood: -868421.039
49. Current log-likelihood: -868420.300
50. Current log-likelihood: -868419.423
51. Current log-likelihood: -868418.574
52. Current log-likelihood: -868417.858
53. Current log-likelihood: -868417.007
54. Current log-likelihood: -868416.300
55. Current log-likelihood: -868415.462
56. Current log-likelihood: -868414.773
57. Current log-likelihood: -868413.927
58. Current log-likelihood: -868413.252
59. Current log-likelihood: -868412.418
60. Current log-likelihood: -868411.738
61. Current log-likelihood: -868411.075
62. Current log-likelihood: -868410.372
63. Current log-likelihood: -868409.684
64. Current log-likelihood: -868409.020
65. Current log-likelihood: -868408.217
66. Current log-likelihood: -868407.577
67. Current log-likelihood: -868406.914
68. Current log-likelihood: -868406.279
69. Current log-likelihood: -868405.650
70. Current log-likelihood: -868404.997
71. Current log-likelihood: -868404.373
72. Current log-likelihood: -868403.754
73. Current log-likelihood: -868403.112
74. Current log-likelihood: -868402.602
75. Current log-likelihood: -868401.991
76. Current log-likelihood: -868401.354
77. Current log-likelihood: -868400.767
78. Current log-likelihood: -868400.144
79. Current log-likelihood: -868399.651
80. Current log-likelihood: -868399.061
81. Current log-likelihood: -868398.451
82. Current log-likelihood: -868397.845
83. Current log-likelihood: -868397.366
84. Current log-likelihood: -868396.768
85. Current log-likelihood: -868396.173
86. Current log-likelihood: -868395.703
87. Current log-likelihood: -868395.112
88. Current log-likelihood: -868394.662
89. Current log-likelihood: -868394.083
90. Current log-likelihood: -868393.523
91. Current log-likelihood: -868393.053
92. Current log-likelihood: -868392.479
93. Current log-likelihood: -868392.034
94. Current log-likelihood: -868391.474
95. Current log-likelihood: -868391.028
96. Current log-likelihood: -868390.564
97. Current log-likelihood: -868390.119
98. Current log-likelihood: -868389.683
99. Current log-likelihood: -868389.229
100. Current log-likelihood: -868388.815
101. Current log-likelihood: -868388.407
102. Current log-likelihood: -868387.968
103. Current log-likelihood: -868387.543
104. Current log-likelihood: -868387.116
105. Current log-likelihood: -868386.704
106. Current log-likelihood: -868386.270
107. Current log-likelihood: -868385.851
108. Current log-likelihood: -868385.432
109. Current log-likelihood: -868385.002
110. Current log-likelihood: -868384.574
111. Current log-likelihood: -868384.149
112. Current log-likelihood: -868383.741
113. Current log-likelihood: -868383.355
114. Current log-likelihood: -868382.947
115. Current log-likelihood: -868382.561
116. Current log-likelihood: -868382.174
117. Current log-likelihood: -868381.803
118. Current log-likelihood: -868381.421
119. Current log-likelihood: -868381.043
120. Current log-likelihood: -868380.679
121. Current log-likelihood: -868380.306
122. Current log-likelihood: -868379.925
123. Current log-likelihood: -868379.578
124. Current log-likelihood: -868379.234
125. Current log-likelihood: -868378.895
126. Current log-likelihood: -868378.555
127. Current log-likelihood: -868378.221
128. Current log-likelihood: -868377.886
129. Current log-likelihood: -868377.556
130. Current log-likelihood: -868377.226
131. Current log-likelihood: -868376.900
132. Current log-likelihood: -868376.574
133. Current log-likelihood: -868376.252
134. Current log-likelihood: -868375.930
135. Current log-likelihood: -868375.613
136. Current log-likelihood: -868375.294
137. Current log-likelihood: -868374.980
138. Current log-likelihood: -868374.666
139. Current log-likelihood: -868374.356
140. Current log-likelihood: -868374.044
141. Current log-likelihood: -868373.738
142. Current log-likelihood: -868373.430
143. Current log-likelihood: -868373.127
144. Current log-likelihood: -868372.823
145. Current log-likelihood: -868372.527
146. Current log-likelihood: -868372.220
147. Current log-likelihood: -868371.925
148. Current log-likelihood: -868371.622
149. Current log-likelihood: -868371.325
150. Current log-likelihood: -868371.028
151. Current log-likelihood: -868370.732
152. Current log-likelihood: -868370.437
153. Current log-likelihood: -868370.149
154. Current log-likelihood: -868369.859
155. Current log-likelihood: -868369.571
156. Current log-likelihood: -868369.283
157. Current log-likelihood: -868369.003
158. Current log-likelihood: -868368.720
159. Current log-likelihood: -868368.440
160. Current log-likelihood: -868368.169
161. Current log-likelihood: -868367.897
162. Current log-likelihood: -868367.624
163. Current log-likelihood: -868367.349
164. Current log-likelihood: -868367.074
165. Current log-likelihood: -868366.800
166. Current log-likelihood: -868366.538
167. Current log-likelihood: -868366.303
168. Current log-likelihood: -868366.075
169. Current log-likelihood: -868365.878
170. Current log-likelihood: -868365.653
171. Current log-likelihood: -868365.408
172. Current log-likelihood: -868365.175
173. Current log-likelihood: -868364.953
174. Current log-likelihood: -868364.727
175. Current log-likelihood: -868364.472
176. Current log-likelihood: -868364.226
177. Current log-likelihood: -868364.003
178. Current log-likelihood: -868363.788
179. Current log-likelihood: -868363.566
180. Current log-likelihood: -868363.330
181. Current log-likelihood: -868363.110
182. Current log-likelihood: -868362.899
183. Current log-likelihood: -868362.696
184. Current log-likelihood: -868362.480
185. Current log-likelihood: -868362.267
186. Current log-likelihood: -868362.055
187. Current log-likelihood: -868361.845
188. Current log-likelihood: -868361.633
189. Current log-likelihood: -868361.465
190. Current log-likelihood: -868361.273
191. Current log-likelihood: -868361.068
192. Current log-likelihood: -868360.865
193. Current log-likelihood: -868360.661
194. Current log-likelihood: -868360.459
195. Current log-likelihood: -868360.269
196. Current log-likelihood: -868360.096
197. Current log-likelihood: -868359.924
198. Current log-likelihood: -868359.753
199. Current log-likelihood: -868359.584
200. Current log-likelihood: -868359.416
201. Current log-likelihood: -868359.281
202. Current log-likelihood: -868359.160
203. Current log-likelihood: -868359.040
204. Current log-likelihood: -868358.886
205. Current log-likelihood: -868358.765
206. Current log-likelihood: -868358.647
207. Current log-likelihood: -868358.496
208. Current log-likelihood: -868358.377
209. Current log-likelihood: -868358.262
210. Current log-likelihood: -868358.147
211. Current log-likelihood: -868357.999
212. Current log-likelihood: -868357.884
213. Current log-likelihood: -868357.772
214. Current log-likelihood: -868357.660
215. Current log-likelihood: -868357.550
216. Current log-likelihood: -868357.405
217. Current log-likelihood: -868357.294
218. Current log-likelihood: -868357.185
219. Current log-likelihood: -868357.077
220. Current log-likelihood: -868356.970
221. Current log-likelihood: -868356.864
222. Current log-likelihood: -868356.697
223. Current log-likelihood: -868356.560
224. Current log-likelihood: -868356.454
225. Current log-likelihood: -868356.349
226. Current log-likelihood: -868356.245
227. Current log-likelihood: -868356.142
228. Current log-likelihood: -868356.040
229. Current log-likelihood: -868355.886
230. Current log-likelihood: -868355.719
231. Current log-likelihood: -868355.609
232. Current log-likelihood: -868355.506
233. Current log-likelihood: -868355.405
234. Current log-likelihood: -868355.305
235. Current log-likelihood: -868355.205
236. Current log-likelihood: -868355.107
237. Current log-likelihood: -868354.984
238. Current log-likelihood: -868354.878
239. Current log-likelihood: -868354.778
240. Current log-likelihood: -868354.680
241. Current log-likelihood: -868354.583
242. Current log-likelihood: -868354.496
243. Current log-likelihood: -868354.397
244. Current log-likelihood: -868354.310
245. Current log-likelihood: -868354.211
246. Current log-likelihood: -868354.125
247. Current log-likelihood: -868354.027
248. Current log-likelihood: -868353.942
249. Current log-likelihood: -868353.845
250. Current log-likelihood: -868353.759
251. Current log-likelihood: -868353.663
252. Current log-likelihood: -868353.578
253. Current log-likelihood: -868353.483
254. Current log-likelihood: -868353.398
255. Current log-likelihood: -868353.303
256. Current log-likelihood: -868353.220
257. Current log-likelihood: -868353.125
258. Current log-likelihood: -868353.042
259. Current log-likelihood: -868352.948
260. Current log-likelihood: -868352.866
261. Current log-likelihood: -868352.773
262. Current log-likelihood: -868352.691
263. Current log-likelihood: -868352.598
264. Current log-likelihood: -868352.517
265. Current log-likelihood: -868352.425
266. Current log-likelihood: -868352.322
267. Current log-likelihood: -868352.228
268. Current log-likelihood: -868352.107
269. Current log-likelihood: -868352.011
270. Current log-likelihood: -868351.922
271. Current log-likelihood: -868351.843
272. Current log-likelihood: -868351.753
273. Current log-likelihood: -868351.674
274. Current log-likelihood: -868351.584
275. Current log-likelihood: -868351.506
276. Current log-likelihood: -868351.417
277. Current log-likelihood: -868351.319
278. Current log-likelihood: -868351.228
279. Current log-likelihood: -868351.141
280. Current log-likelihood: -868351.054
281. Current log-likelihood: -868350.977
282. Current log-likelihood: -868350.901
283. Current log-likelihood: -868350.814
284. Current log-likelihood: -868350.738
285. Current log-likelihood: -868350.652
286. Current log-likelihood: -868350.577
287. Current log-likelihood: -868350.491
288. Current log-likelihood: -868350.416
289. Current log-likelihood: -868350.330
290. Current log-likelihood: -868350.256
291. Current log-likelihood: -868350.171
292. Current log-likelihood: -868350.096
293. Current log-likelihood: -868350.014
294. Current log-likelihood: -868349.938
295. Current log-likelihood: -868349.855
296. Current log-likelihood: -868349.775
297. Current log-likelihood: -868349.701
298. Current log-likelihood: -868349.619
299. Current log-likelihood: -868349.540
300. Current log-likelihood: -868349.466
301. Current log-likelihood: -868349.385
302. Current log-likelihood: -868349.324
303. Current log-likelihood: -868349.250
304. Current log-likelihood: -868349.179
305. Current log-likelihood: -868349.097
306. Current log-likelihood: -868349.027
307. Current log-likelihood: -868348.956
308. Current log-likelihood: -868348.876
309. Current log-likelihood: -868348.805
310. Current log-likelihood: -868348.727
311. Current log-likelihood: -868348.656
312. Current log-likelihood: -868348.579
313. Current log-likelihood: -868348.509
314. Current log-likelihood: -868348.432
315. Current log-likelihood: -868348.362
316. Current log-likelihood: -868348.286
317. Current log-likelihood: -868348.227
318. Current log-likelihood: -868348.156
319. Current log-likelihood: -868348.088
320. Current log-likelihood: -868348.010
321. Current log-likelihood: -868347.943
322. Current log-likelihood: -868347.876
323. Current log-likelihood: -868347.799
324. Current log-likelihood: -868347.733
325. Current log-likelihood: -868347.657
326. Current log-likelihood: -868347.590
327. Current log-likelihood: -868347.516
328. Current log-likelihood: -868347.449
329. Current log-likelihood: -868347.375
330. Current log-likelihood: -868347.319
331. Current log-likelihood: -868347.268
332. Current log-likelihood: -868347.214
333. Current log-likelihood: -868347.164
334. Current log-likelihood: -868347.110
335. Current log-likelihood: -868347.061
336. Current log-likelihood: -868347.008
337. Current log-likelihood: -868346.945
338. Current log-likelihood: -868346.895
339. Current log-likelihood: -868346.843
340. Current log-likelihood: -868346.780
341. Current log-likelihood: -868346.731
342. Current log-likelihood: -868346.678
343. Current log-likelihood: -868346.616
344. Current log-likelihood: -868346.567
345. Current log-likelihood: -868346.516
346. Current log-likelihood: -868346.454
347. Current log-likelihood: -868346.406
348. Current log-likelihood: -868346.354
349. Current log-likelihood: -868346.307
350. Current log-likelihood: -868346.257
351. Current log-likelihood: -868346.196
352. Current log-likelihood: -868346.149
353. Current log-likelihood: -868346.098
354. Current log-likelihood: -868346.038
355. Current log-likelihood: -868345.991
356. Current log-likelihood: -868345.941
357. Current log-likelihood: -868345.881
358. Current log-likelihood: -868345.835
359. Current log-likelihood: -868345.785
360. Current log-likelihood: -868345.725
361. Current log-likelihood: -868345.680
362. Current log-likelihood: -868345.630
363. Current log-likelihood: -868345.571
364. Current log-likelihood: -868345.526
365. Current log-likelihood: -868345.477
366. Current log-likelihood: -868345.433
367. Current log-likelihood: -868345.384
368. Current log-likelihood: -868345.326
369. Current log-likelihood: -868345.282
370. Current log-likelihood: -868345.233
371. Current log-likelihood: -868345.176
372. Current log-likelihood: -868345.132
373. Current log-likelihood: -868345.083
374. Current log-likelihood: -868345.026
375. Current log-likelihood: -868344.990
376. Current log-likelihood: -868344.934
377. Current log-likelihood: -868344.876
378. Current log-likelihood: -868344.818
379. Current log-likelihood: -868344.770
380. Current log-likelihood: -868344.726
381. Current log-likelihood: -868344.680
382. Current log-likelihood: -868344.638
383. Current log-likelihood: -868344.592
384. Current log-likelihood: -868344.550
385. Current log-likelihood: -868344.505
386. Current log-likelihood: -868344.463
387. Current log-likelihood: -868344.418
388. Current log-likelihood: -868344.377
389. Current log-likelihood: -868344.332
390. Current log-likelihood: -868344.291
391. Current log-likelihood: -868344.247
392. Current log-likelihood: -868344.207
393. Current log-likelihood: -868344.163
394. Current log-likelihood: -868344.123
395. Current log-likelihood: -868344.079
396. Current log-likelihood: -868344.039
397. Current log-likelihood: -868343.996
398. Current log-likelihood: -868343.957
399. Current log-likelihood: -868343.914
400. Current log-likelihood: -868343.874
401. Current log-likelihood: -868343.832
402. Current log-likelihood: -868343.793
403. Current log-likelihood: -868343.750
404. Current log-likelihood: -868343.712
405. Current log-likelihood: -868343.670
406. Current log-likelihood: -868343.631
407. Current log-likelihood: -868343.589
408. Current log-likelihood: -868343.551
409. Current log-likelihood: -868343.509
410. Current log-likelihood: -868343.472
411. Current log-likelihood: -868343.430
412. Current log-likelihood: -868343.393
413. Current log-likelihood: -868343.351
414. Current log-likelihood: -868343.314
415. Current log-likelihood: -868343.273
416. Current log-likelihood: -868343.236
417. Current log-likelihood: -868343.195
418. Current log-likelihood: -868343.158
419. Current log-likelihood: -868343.118
420. Current log-likelihood: -868343.081
421. Current log-likelihood: -868343.041
422. Current log-likelihood: -868343.004
423. Current log-likelihood: -868342.964
424. Current log-likelihood: -868342.928
425. Current log-likelihood: -868342.888
426. Current log-likelihood: -868342.852
427. Current log-likelihood: -868342.812
428. Current log-likelihood: -868342.777
429. Current log-likelihood: -868342.737
430. Current log-likelihood: -868342.702
431. Current log-likelihood: -868342.662
432. Current log-likelihood: -868342.627
433. Current log-likelihood: -868342.587
434. Current log-likelihood: -868342.553
435. Current log-likelihood: -868342.513
436. Current log-likelihood: -868342.479
437. Current log-likelihood: -868342.440
438. Current log-likelihood: -868342.405
439. Current log-likelihood: -868342.366
440. Current log-likelihood: -868342.332
441. Current log-likelihood: -868342.294
442. Current log-likelihood: -868342.260
443. Current log-likelihood: -868342.221
444. Current log-likelihood: -868342.187
445. Current log-likelihood: -868342.149
446. Current log-likelihood: -868342.115
447. Current log-likelihood: -868342.077
448. Current log-likelihood: -868342.044
449. Current log-likelihood: -868342.006
450. Current log-likelihood: -868341.973
451. Current log-likelihood: -868341.935
452. Current log-likelihood: -868341.909
453. Current log-likelihood: -868341.865
454. Current log-likelihood: -868341.839
455. Current log-likelihood: -868341.795
456. Current log-likelihood: -868341.769
457. Current log-likelihood: -868341.725
458. Current log-likelihood: -868341.700
459. Current log-likelihood: -868341.656
460. Current log-likelihood: -868341.631
461. Current log-likelihood: -868341.587
462. Current log-likelihood: -868341.562
463. Current log-likelihood: -868341.539
464. Current log-likelihood: -868341.495
465. Current log-likelihood: -868341.472
466. Current log-likelihood: -868341.427
467. Current log-likelihood: -868341.404
468. Current log-likelihood: -868341.360
469. Current log-likelihood: -868341.324
470. Current log-likelihood: -868341.291
471. Current log-likelihood: -868341.255
472. Current log-likelihood: -868341.223
473. Current log-likelihood: -868341.188
474. Current log-likelihood: -868341.157
475. Current log-likelihood: -868341.122
476. Current log-likelihood: -868341.090
477. Current log-likelihood: -868341.055
478. Current log-likelihood: -868341.024
479. Current log-likelihood: -868340.989
480. Current log-likelihood: -868340.958
481. Current log-likelihood: -868340.923
482. Current log-likelihood: -868340.892
483. Current log-likelihood: -868340.858
484. Current log-likelihood: -868340.827
485. Current log-likelihood: -868340.793
486. Current log-likelihood: -868340.762
487. Current log-likelihood: -868340.728
488. Current log-likelihood: -868340.705
489. Current log-likelihood: -868340.677
490. Current log-likelihood: -868340.643
491. Current log-likelihood: -868340.621
492. Current log-likelihood: -868340.593
493. Current log-likelihood: -868340.560
494. Current log-likelihood: -868340.530
495. Current log-likelihood: -868340.497
496. Current log-likelihood: -868340.467
497. Current log-likelihood: -868340.434
498. Current log-likelihood: -868340.412
499. Current log-likelihood: -868340.385
500. Current log-likelihood: -868340.352
501. Current log-likelihood: -868340.331
502. Current log-likelihood: -868340.304
503. Current log-likelihood: -868340.272
504. Current log-likelihood: -868340.250
505. Current log-likelihood: -868340.224
506. Current log-likelihood: -868340.192
507. Current log-likelihood: -868340.164
508. Current log-likelihood: -868340.131
509. Current log-likelihood: -868340.110
510. Current log-likelihood: -868340.084
511. Current log-likelihood: -868340.052
512. Current log-likelihood: -868340.032
513. Current log-likelihood: -868340.006
514. Current log-likelihood: -868339.975
515. Current log-likelihood: -868339.955
516. Current log-likelihood: -868339.929
517. Current log-likelihood: -868339.898
518. Current log-likelihood: -868339.878
519. Current log-likelihood: -868339.853
520. Current log-likelihood: -868339.821
521. Current log-likelihood: -868339.802
522. Current log-likelihood: -868339.777
523. Current log-likelihood: -868339.746
524. Current log-likelihood: -868339.726
525. Current log-likelihood: -868339.702
526. Current log-likelihood: -868339.671
527. Current log-likelihood: -868339.652
528. Current log-likelihood: -868339.627
529. Current log-likelihood: -868339.597
530. Current log-likelihood: -868339.578
531. Current log-likelihood: -868339.553
532. Current log-likelihood: -868339.523
533. Current log-likelihood: -868339.504
534. Current log-likelihood: -868339.480
535. Current log-likelihood: -868339.450
536. Current log-likelihood: -868339.431
537. Current log-likelihood: -868339.407
538. Current log-likelihood: -868339.377
539. Current log-likelihood: -868339.359
540. Current log-likelihood: -868339.335
541. Current log-likelihood: -868339.305
542. Current log-likelihood: -868339.287
543. Current log-likelihood: -868339.263
544. Current log-likelihood: -868339.234
545. Current log-likelihood: -868339.216
546. Current log-likelihood: -868339.192
547. Current log-likelihood: -868339.163
548. Current log-likelihood: -868339.145
549. Current log-likelihood: -868339.122
550. Current log-likelihood: -868339.092
551. Current log-likelihood: -868339.074
552. Current log-likelihood: -868339.052
553. Current log-likelihood: -868339.022
554. Current log-likelihood: -868339.005
555. Current log-likelihood: -868338.982
556. Current log-likelihood: -868338.953
557. Current log-likelihood: -868338.935
558. Current log-likelihood: -868338.913
559. Current log-likelihood: -868338.884
560. Current log-likelihood: -868338.866
561. Current log-likelihood: -868338.844
562. Current log-likelihood: -868338.815
563. Current log-likelihood: -868338.798
564. Current log-likelihood: -868338.776
565. Current log-likelihood: -868338.747
566. Current log-likelihood: -868338.730
567. Current log-likelihood: -868338.715
568. Current log-likelihood: -868338.701
569. Current log-likelihood: -868338.687
570. Current log-likelihood: -868338.673
571. Current log-likelihood: -868338.660
572. Current log-likelihood: -868338.647
573. Current log-likelihood: -868338.633
574. Current log-likelihood: -868338.598
575. Current log-likelihood: -868338.582
576. Current log-likelihood: -868338.561
577. Current log-likelihood: -868338.533
578. Current log-likelihood: -868338.517
579. Current log-likelihood: -868338.496
580. Current log-likelihood: -868338.468
581. Current log-likelihood: -868338.452
582. Current log-likelihood: -868338.431
583. Current log-likelihood: -868338.403
584. Current log-likelihood: -868338.387
585. Current log-likelihood: -868338.366
586. Current log-likelihood: -868338.338
587. Current log-likelihood: -868338.322
588. Current log-likelihood: -868338.309
589. Current log-likelihood: -868338.295
590. Current log-likelihood: -868338.283
591. Current log-likelihood: -868338.270
592. Current log-likelihood: -868338.258
593. Current log-likelihood: -868338.245
594. Current log-likelihood: -868338.233
595. Current log-likelihood: -868338.221
596. Current log-likelihood: -868338.209
597. Current log-likelihood: -868338.174
598. Current log-likelihood: -868338.159
599. Current log-likelihood: -868338.139
600. Current log-likelihood: -868338.112
601. Current log-likelihood: -868338.097
602. Current log-likelihood: -868338.077
603. Current log-likelihood: -868338.050
604. Current log-likelihood: -868338.036
605. Current log-likelihood: -868338.016
606. Current log-likelihood: -868337.989
607. Current log-likelihood: -868337.974
608. Current log-likelihood: -868337.961
609. Current log-likelihood: -868337.949
610. Current log-likelihood: -868337.937
611. Current log-likelihood: -868337.925
612. Current log-likelihood: -868337.914
613. Current log-likelihood: -868337.902
614. Current log-likelihood: -868337.891
615. Current log-likelihood: -868337.879
616. Current log-likelihood: -868337.868
617. Current log-likelihood: -868337.857
618. Current log-likelihood: -868337.846
619. Current log-likelihood: -868337.812
620. Current log-likelihood: -868337.798
621. Current log-likelihood: -868337.779
622. Current log-likelihood: -868337.752
623. Current log-likelihood: -868337.739
624. Current log-likelihood: -868337.719
625. Current log-likelihood: -868337.693
626. Current log-likelihood: -868337.679
627. Current log-likelihood: -868337.660
628. Current log-likelihood: -868337.634
629. Current log-likelihood: -868337.620
630. Current log-likelihood: -868337.609
631. Current log-likelihood: -868337.597
632. Current log-likelihood: -868337.586
633. Current log-likelihood: -868337.575
634. Current log-likelihood: -868337.564
635. Current log-likelihood: -868337.554
636. Current log-likelihood: -868337.543
637. Current log-likelihood: -868337.532
638. Current log-likelihood: -868337.522
639. Current log-likelihood: -868337.511
640. Current log-likelihood: -868337.501
641. Current log-likelihood: -868337.491
642. Current log-likelihood: -868337.480
643. Current log-likelihood: -868337.470
644. Current log-likelihood: -868337.437
645. Current log-likelihood: -868337.424
646. Current log-likelihood: -868337.406
647. Current log-likelihood: -868337.380
648. Current log-likelihood: -868337.367
649. Current log-likelihood: -868337.349
650. Current log-likelihood: -868337.324
651. Current log-likelihood: -868337.311
652. Current log-likelihood: -868337.300
653. Current log-likelihood: -868337.289
654. Current log-likelihood: -868337.279
655. Current log-likelihood: -868337.269
656. Current log-likelihood: -868337.259
Optimal log-likelihood: -868337.249
Mixture weights: 0.022 0.000 0.008 0.012 0.017 0.023 0.000 0.010 0.001 0.157 0.036 0.014 0.000 0.005 0.000 0.005 0.047 0.047 0.023 0.002 0.006 0.049 0.004 0.000 0.006 0.010 0.034 0.042 0.005 0.028 0.012 0.014 0.015 0.015 0.032 0.003 0.009 0.055 0.001 0.005 0.001 0.006 0.030 0.001 0.016 0.000 0.004 0.015 0.000 0.000 0.013 0.038 0.002 0.017 0.047 0.004 0.000 0.029 0.004 0.000
Site proportion and rates:  (0.279,0.012) (0.328,0.113) (0.249,0.482) (0.144,5.828)
Parameters optimization took 656 rounds (21179.842 sec)
WARNING: The mixture model might be overfitting because some mixture weights are estimated close to zero
Wrote distance file to... 
BEST SCORE FOUND : -868337.249
Total tree length: 29.185

Total number of iterations: 0
CPU time used for tree search: 0.000 sec (0h:0m:0s)
Wall-clock time used for tree search: 0.000 sec (0h:0m:0s)
Total CPU time used: 884762.108 sec (245h:46m:2s)
Total wall-clock time used: 49747150.543 sec (13818h:39m:10s)

Analysis results written to: 
  IQ-TREE report:                insect10_c60_opt.iqtree
  Maximum-likelihood tree:       insect10_c60_opt.treefile
  Screen log file:               insect10_c60_opt.log

Date and Time: Fri Jun 13 06:29:50 2025
