IQ-TREE multicore version 2.4.0 for Linux x86 64-bit built Mar 19 2025
Developed by Bui Quang Minh, Nguyen Lam Tung, Olga Chernomor, Heiko Schmidt,
Dominik Schrempf, Michael Woodhams, Ly Trong Nhan, Thomas Wong

Host:    dayhoff.uds.anu.edu.au (AVX2, FMA3, 1007 GB RAM)
Command: ../../iqtree2 -s 20_concated.nex -m MF -merit AIC -T 60 -mem 120G -pre 20butterfly_c60_init
Seed:    912341 (Using SPRNG - Scalable Parallel Random Number Generator)
Time:    Tue Apr 22 14:00:11 2025
Kernel:  AVX+FMA - 60 threads (66 CPU cores detected)

Reading alignment file 20_concated.nex ... Nexus format detected
Skipping unknown block (sets)...
WARNING: 1615 sites contain only gaps or ambiguous characters.
Alignment has 20 sequences with 146199 columns, 112924 distinct patterns
53958 parsimony-informative, 39206 singleton sites, 53035 constant sites
                                                                                            Gap/Ambiguity  Composition  p-value
Analyzing sequences: done in 0.00156229 secs using 95.12% CPU
   1  Adeloidea_Adelidae_Adelinae_Nemophora_degeerella_INShauTABRAAPEI__93                         25.65%    failed      0.00%
   2  Agathiphagoidea_Agathiphagidae_Agathiphaga_queenslandensis_Aga3                              73.50%    failed      0.07%
   3  Coleoptera_Tenebrionidae_Tenebrioninae_Tribolium_castaneum_TCAST                              7.15%    failed      0.00%
   4  Eriocranioidea_Eriocraniidae_Dyseriocrania_subpurpurella_INSbusTBDRAAPEI__79                 50.97%    failed      0.00%
   5  Geometroidea_Geometridae_Larentiinae_Operophtera_brumata                                     37.98%    failed      0.00%
   6  Gracillarioidea_Bucculatricidae_Bucculatrix_cristatella_ANIsrmTAASRAAPEI__220                30.99%    passed      9.58%
   7  Gracillarioidea_Gracillariidae_Phyllocnistinae_Phyllocnistis_citrella_Pcit2                  47.25%    failed      3.03%
   8  Hepialoidea_Hepialidae_Phymatopus_californicus_Phm                                           18.26%    passed      5.09%
   9  Neopseustoidea_Neopseustidae_Neopseustinae_Neopseustis_meyricki_RINSinlTEERAAPEI__79         50.38%    failed      0.59%
  10  Nepticuloidea_Nepticulidae_Nepticulinae_Enteucha_acetosae_Enac2                              55.36%    failed      0.00%
  11  Papilionoidea_Lycaenidae_Polyommatinae_Hemiargus_ceraunus_GNV120025                          49.15%    failed      0.18%
  12  Tineoidea_Tineidae_Tineinae_Tineola_bisselliella_INSswpTACRAAPEI__13                         17.33%    failed      1.87%
  13  Tischerioidea_Tischeriidae_Tischeria_quercitella_Ts2                                         33.19%    failed      0.00%
  14  Trichoptera_Hydroptilidae_Ptilocolepinae_Palaeagapetus_nearcticus_RINSramTAARAAPEI__209_zz   46.56%    failed      0.05%
  15  Trichoptera_Leptoceridae_Leptocerinae_Nectopsyche_candida                                    32.97%    failed      0.10%
  16  Trichoptera_Psychomyiidae_Psychomyiinae_Psychomyia_flavida                                   27.70%    failed      0.24%
  17  Diptera_Culicidae_Anophelinae_Anopheles_gambiae                                              37.81%    failed      0.00%
  18  Diptera_Drosophilidae_Drosophilinae_Drosophila_melanogaster                                  39.52%    failed      0.00%
  19  Mecoptera_Boreidae_Boreus_hyemalis                                                           36.10%    failed      0.01%
  20  Siphonaptera_Pulicidae_Archaeopsyllini_Ctenocephalides_felis                                 35.50%    failed      0.00%
WARNING: 4 sequences contain more than 50% gaps/ambiguity
****  TOTAL                                                                                        37.67%  18 sequences failed composition chi2 test (p-value<5%; df=19)
NOTE: minimal branch length is reduced to 0.000000683999 for long alignment
Checking for duplicate sequences: done in 0.0076047 secs using 5039% CPU


Create initial parsimony tree by phylogenetic likelihood library (PLL)... 0.309 seconds
Perform fast likelihood tree search using LG+I+G model...
Estimate model parameters (epsilon = 5.000)
Perform nearest neighbor interchange...
Optimizing NNI: done in 2.35772 secs using 5972% CPU
Estimate model parameters (epsilon = 1.000)
1. Initial log-likelihood: -1959433.915
Optimal log-likelihood: -1959433.825
Proportion of invariable sites: 0.177
Gamma shape alpha: 0.906
Parameters optimization took 1 rounds (0.838 sec)
Time for fast ML tree search: 7.212 seconds

NOTE: ModelFinder requires 3489 MB RAM!
ModelFinder will test up to 1232 protein models (sample size: 146199 epsilon: 0.100) ...
 No. Model         -LnL         df  AIC          AICc         BIC
  1  LG            2066515.798  37  4133105.596  4133105.615  4133471.626
  2  LG+I          1997530.119  38  3995136.237  3995136.257  3995512.161
  3  LG+G4         1960511.298  38  3921098.595  3921098.615  3921474.519
  4  LG+I+G4       1959433.829  39  3918945.657  3918945.679  3919331.474
  5  LG+R2         1968982.869  39  3938043.738  3938043.759  3938429.554
  6  LG+R3         1959587.840  41  3919257.681  3919257.705  3919663.283
  7  LG+R4         1958730.620  43  3917547.240  3917547.266  3917972.627
  8  LG+R5         1958635.862  45  3917361.725  3917361.753  3917806.897
  9  LG+R6         1958632.460  47  3917358.920  3917358.951  3917823.878
 10  LG+R7         1958632.005  49  3917362.010  3917362.043  3917846.753
 14  LG+I+R2       1962198.046  40  3924476.091  3924476.114  3924871.800
 15  LG+I+R3       1958948.800  42  3917981.599  3917981.624  3918397.094
 16  LG+I+R4       1958655.635  44  3917399.270  3917399.297  3917834.550
 17  LG+I+R5       1958642.226  46  3917376.453  3917376.482  3917831.518
 18  LG+I+R6       1958634.175  48  3917364.351  3917364.383  3917839.202
 19  LG+I+R7       1958632.664  50  3917365.328  3917365.363  3917859.964
 30  LG+F+R5       1957433.345  64  3914994.689  3914994.746  3915627.824
 31  LG+F+R6       1957430.080  66  3914992.160  3914992.221  3915645.080
 32  LG+F+R7       1957429.513  68  3914995.026  3914995.090  3915667.731
 40  LG+F+I+R6     1957431.526  67  3914997.053  3914997.115  3915659.865
 41  LG+F+I+R7     1957429.842  69  3914997.685  3914997.751  3915680.283
 52  WAG+R5        1970366.250  45  3940822.500  3940822.528  3941267.673
+R6 reinitialized from +R5 with factor 0.500
+R6 reinitialized from +R5 with factor 0.250
+R6 reinitialized from +R5 with factor 0.125
+R6 reinitialized from +R5 with factor 0.062
+R6 reinitialized from +R5 with factor 0.031
 53  WAG+R6        1970366.438  47  3940826.877  3940826.907  3941291.835
 62  WAG+I+R6      1970367.027  48  3940830.053  3940830.086  3941304.904
+I+R7 reinitialized from +I+R6 with factor 0.500
+I+R7 reinitialized from +I+R6 with factor 0.250
+I+R7 reinitialized from +I+R6 with factor 0.125
+I+R7 reinitialized from +I+R6 with factor 0.062
 63  WAG+I+R7      1970367.090  50  3940834.181  3940834.216  3941328.817
 74  WAG+F+R5      1967852.943  64  3935833.886  3935833.943  3936467.021
+R6 reinitialized from +R5 with factor 0.500
+R6 reinitialized from +R5 with factor 0.250
+R6 reinitialized from +R5 with factor 0.125
+R6 reinitialized from +R5 with factor 0.062
+R6 reinitialized from +R5 with factor 0.031
 75  WAG+F+R6      1967853.097  66  3935838.194  3935838.254  3936491.114
 84  WAG+F+I+R6    1967853.565  67  3935841.130  3935841.192  3936503.942
 85  WAG+F+I+R7    1967853.623  69  3935845.245  3935845.311  3936527.843
 96  JTT+R5        1968557.207  45  3937204.414  3937204.442  3937649.586
 97  JTT+R6        1968556.661  47  3937207.321  3937207.352  3937672.279
106  JTT+I+R6      1968555.866  48  3937207.732  3937207.764  3937682.583
107  JTT+I+R7      1968555.758  50  3937211.517  3937211.552  3937706.153
118  JTT+F+R5      1965997.806  64  3932123.612  3932123.669  3932756.747
119  JTT+F+R6      1965997.364  66  3932126.728  3932126.788  3932779.648
128  JTT+F+I+R6    1965996.474  67  3932126.949  3932127.011  3932789.761
129  JTT+F+I+R7    1965996.386  69  3932130.772  3932130.838  3932813.370
140  Q.PFAM+R5     1961516.952  45  3923123.904  3923123.932  3923569.076
141  Q.PFAM+R6     1961516.555  47  3923127.110  3923127.141  3923592.068
150  Q.PFAM+I+R6   1961516.741  48  3923129.481  3923129.514  3923604.332
151  Q.PFAM+I+R7   1961516.595  50  3923133.190  3923133.225  3923627.826
162  Q.PFAM+F+R5   1959858.995  64  3919845.990  3919846.047  3920479.124
163  Q.PFAM+F+R6   1959858.539  66  3919849.078  3919849.139  3920501.998
172  Q.PFAM+F+I+R6 1959858.595  67  3919851.190  3919851.252  3920514.002
173  Q.PFAM+F+I+R7 1959858.476  69  3919854.953  3919855.019  3920537.551
184  Q.BIRD+R5     1998368.328  45  3996826.656  3996826.684  3997271.829
+R6 reinitialized from +R5 with factor 0.500
185  Q.BIRD+R6     1998366.196  47  3996826.392  3996826.423  3997291.350
186  Q.BIRD+R7     1998361.317  49  3996820.633  3996820.667  3997305.377
194  Q.BIRD+I+R6   1998352.720  48  3996801.440  3996801.472  3997276.291
+I+R7 reinitialized from +I+R6 with factor 0.500
195  Q.BIRD+I+R7   1998350.324  50  3996800.647  3996800.682  3997295.284
206  Q.BIRD+F+R5   1996327.910  64  3992783.819  3992783.876  3993416.953
207  Q.BIRD+F+R6   1996325.380  66  3992782.760  3992782.820  3993435.680
208  Q.BIRD+F+R7   1996319.512  68  3992775.023  3992775.087  3993447.728
216  Q.BIRD+F+I+R6 1996310.336  67  3992754.672  3992754.734  3993417.484
217  Q.BIRD+F+I+R7 1996308.250  69  3992754.500  3992754.566  3993437.098
228  Q.MAMMAL+R5   1986945.285  45  3973980.571  3973980.599  3974425.743
+R6 reinitialized from +R5 with factor 0.500
229  Q.MAMMAL+R6   1986944.381  47  3973982.762  3973982.793  3974447.720
238  Q.MAMMAL+I+R6 1986936.897  48  3973969.794  3973969.826  3974444.644
239  Q.MAMMAL+I+R7 1986935.512  50  3973971.025  3973971.059  3974465.661
250  Q.MAMMAL+F+R5 1984284.787  64  3968697.575  3968697.631  3969330.709
251  Q.MAMMAL+F+R6 1984283.545  66  3968699.090  3968699.151  3969352.010
260  Q.MAMMAL+F+I+R6 1984274.673  67  3968683.345  3968683.408  3969346.158
261  Q.MAMMAL+F+I+R7 1984273.601  69  3968685.203  3968685.269  3969367.801
272  Q.INSECT+R5   1952988.909  45  3906067.818  3906067.847  3906512.991
273  Q.INSECT+R6   1952988.910  47  3906071.819  3906071.850  3906536.777
282  Q.INSECT+I+R6 1952985.271  48  3906066.541  3906066.573  3906541.392
+I+R7 reinitialized from +I+R6 with factor 0.500
+I+R7 reinitialized from +I+R6 with factor 0.250
+I+R7 reinitialized from +I+R6 with factor 0.125
+I+R7 reinitialized from +I+R6 with factor 0.062
283  Q.INSECT+I+R7 1952985.322  50  3906070.643  3906070.678  3906565.279
294  Q.INSECT+F+R5 1954049.760  64  3908227.520  3908227.577  3908860.655
295  Q.INSECT+F+R6 1954049.672  66  3908231.345  3908231.405  3908884.264
304  Q.INSECT+F+I+R6 1954045.985  67  3908225.970  3908226.032  3908888.782
305  Q.INSECT+F+I+R7 1954046.002  69  3908230.004  3908230.070  3908912.602
316  Q.PLANT+R5    1965790.810  45  3931671.621  3931671.649  3932116.793
317  Q.PLANT+R6    1965789.493  47  3931672.986  3931673.017  3932137.944
326  Q.PLANT+I+R6  1965782.430  48  3931660.860  3931660.892  3932135.711
327  Q.PLANT+I+R7  1965782.420  50  3931664.841  3931664.876  3932159.477
338  Q.PLANT+F+R5  1965966.824  64  3932061.649  3932061.706  3932694.783
339  Q.PLANT+F+R6  1965965.835  66  3932063.669  3932063.730  3932716.589
348  Q.PLANT+F+I+R6 1965958.330  67  3932050.660  3932050.722  3932713.472
349  Q.PLANT+F+I+R7 1965958.342  69  3932054.685  3932054.751  3932737.283
360  Q.YEAST+R5    1957332.240  45  3914754.480  3914754.508  3915199.652
361  Q.YEAST+R6    1957331.590  47  3914757.179  3914757.210  3915222.137
370  Q.YEAST+I+R6  1957325.770  48  3914747.540  3914747.572  3915222.390
371  Q.YEAST+I+R7  1957325.824  50  3914751.648  3914751.683  3915246.284
382  Q.YEAST+F+R5  1955442.527  64  3911013.053  3911013.110  3911646.188
383  Q.YEAST+F+R6  1955442.032  66  3911016.063  3911016.124  3911668.983
392  Q.YEAST+F+I+R6 1955437.073  67  3911008.146  3911008.209  3911670.959
393  Q.YEAST+F+I+R7 1955437.089  69  3911012.179  3911012.245  3911694.777
404  JTTDCMUT+R5   1968464.411  45  3937018.822  3937018.850  3937463.994
405  JTTDCMUT+R6   1968464.066  47  3937022.131  3937022.162  3937487.089
414  JTTDCMUT+I+R6 1968460.873  48  3937017.747  3937017.779  3937492.598
415  JTTDCMUT+I+R7 1968460.885  50  3937021.770  3937021.805  3937516.406
426  JTTDCMUT+F+R5 1965832.887  64  3931793.775  3931793.832  3932426.909
427  JTTDCMUT+F+R6 1965832.534  66  3931797.067  3931797.128  3932449.987
436  JTTDCMUT+F+I+R6 1965829.228  67  3931792.457  3931792.519  3932455.269
437  JTTDCMUT+F+I+R7 1965829.282  69  3931796.564  3931796.630  3932479.162
448  DCMUT+R5      1981568.064  45  3963226.128  3963226.156  3963671.301
449  DCMUT+R6      1981566.515  47  3963227.029  3963227.060  3963691.987
458  DCMUT+I+R6    1981557.789  48  3963211.578  3963211.610  3963686.429
459  DCMUT+I+R7    1981557.727  50  3963215.454  3963215.489  3963710.091
470  DCMUT+F+R5    1971861.379  64  3943850.759  3943850.815  3944483.893
471  DCMUT+F+R6    1971859.950  66  3943851.899  3943851.960  3944504.819
480  DCMUT+F+I+R6  1971852.327  67  3943838.655  3943838.717  3944501.467
481  DCMUT+F+I+R7  1971852.325  69  3943842.650  3943842.716  3944525.248
492  VT+R5         1973410.484  45  3946910.968  3946910.996  3947356.141
493  VT+R6         1973409.644  47  3946913.288  3946913.319  3947378.246
502  VT+I+R6       1973407.095  48  3946910.190  3946910.222  3947385.041
503  VT+I+R7       1973407.144  50  3946914.287  3946914.322  3947408.923
514  VT+F+R5       1973327.644  64  3946783.287  3946783.344  3947416.421
515  VT+F+R6       1973326.818  66  3946785.635  3946785.696  3947438.555
524  VT+F+I+R6     1973324.096  67  3946782.191  3946782.254  3947445.004
525  VT+F+I+R7     1973324.168  69  3946786.337  3946786.403  3947468.935
536  PMB+R5        1990779.210  45  3981648.419  3981648.448  3982093.592
537  PMB+R6        1990778.819  47  3981651.639  3981651.670  3982116.597
546  PMB+I+R6      1990774.985  48  3981645.970  3981646.002  3982120.820
547  PMB+I+R7      1990775.064  50  3981650.128  3981650.163  3982144.764
558  PMB+F+R5      1987954.429  64  3976036.858  3976036.915  3976669.992
559  PMB+F+R6      1987953.721  66  3976039.443  3976039.503  3976692.363
568  PMB+F+I+R6    1987949.889  67  3976033.779  3976033.841  3976696.591
569  PMB+F+I+R7    1987949.980  69  3976037.960  3976038.026  3976720.558
580  BLOSUM62+R5   1989686.137  45  3979462.274  3979462.302  3979907.447
581  BLOSUM62+R6   1989685.400  47  3979464.800  3979464.830  3979929.758
590  BLOSUM62+I+R6 1989681.507  48  3979459.015  3979459.047  3979933.865
591  BLOSUM62+I+R7 1989681.568  50  3979463.135  3979463.170  3979957.771
602  BLOSUM62+F+R5 1987875.436  64  3975878.872  3975878.929  3976512.006
603  BLOSUM62+F+R6 1987874.759  66  3975881.518  3975881.579  3976534.438
612  BLOSUM62+F+I+R6 1987870.459  67  3975874.918  3975874.980  3976537.731
613  BLOSUM62+F+I+R7 1987870.546  69  3975879.093  3975879.159  3976561.691
624  DAYHOFF+R5    1981418.231  45  3962926.461  3962926.490  3963371.634
625  DAYHOFF+R6    1981416.395  47  3962926.790  3962926.821  3963391.748
634  DAYHOFF+I+R6  1981407.201  48  3962910.402  3962910.434  3963385.253
635  DAYHOFF+I+R7  1981407.064  50  3962914.127  3962914.162  3963408.764
646  DAYHOFF+F+R5  1971737.026  64  3943602.053  3943602.110  3944235.187
647  DAYHOFF+F+R6  1971735.352  66  3943602.705  3943602.765  3944255.625
656  DAYHOFF+F+I+R6 1971727.284  67  3943588.568  3943588.630  3944251.380
657  DAYHOFF+F+I+R7 1971727.243  69  3943592.487  3943592.553  3944275.085
668  MTREV+R5      2062221.012  45  4124532.024  4124532.053  4124977.197
669  MTREV+R6      2062216.842  47  4124527.685  4124527.716  4124992.643
670  MTREV+R7      2062208.740  49  4124515.480  4124515.513  4125000.223
678  MTREV+I+R6    2062210.028  48  4124516.055  4124516.088  4124990.906
679  MTREV+I+R7    2062209.667  50  4124519.334  4124519.369  4125013.971
690  MTREV+F+R5    1989616.792  64  3979361.584  3979361.641  3979994.718
691  MTREV+F+R6    1989613.739  66  3979359.477  3979359.538  3980012.397
692  MTREV+F+R7    1989609.314  68  3979354.628  3979354.692  3980027.333
700  MTREV+F+I+R6  1989609.798  67  3979353.595  3979353.658  3980016.408
701  MTREV+F+I+R7  1989609.704  69  3979357.408  3979357.474  3980040.006
712  MTART+R5      2063474.579  45  4127039.159  4127039.187  4127484.332
713  MTART+R6      2063336.935  47  4126767.871  4126767.901  4127232.829
+R7 reinitialized from +R6 with factor 0.500
714  MTART+R7      2063330.348  49  4126758.695  4126758.729  4127243.439
722  MTART+I+R6    2063321.541  48  4126739.082  4126739.115  4127213.933
+I+R7 reinitialized from +I+R6 with factor 0.500
723  MTART+I+R7    2063318.217  50  4126736.435  4126736.470  4127231.071
734  MTART+F+R5    1991707.497  64  3983542.994  3983543.051  3984176.128
735  MTART+F+R6    1991638.892  66  3983409.784  3983409.845  3984062.704
736  MTART+F+R7    1991636.226  68  3983408.452  3983408.516  3984081.157
744  MTART+F+I+R6  1991630.489  67  3983394.978  3983395.040  3984057.790
745  MTART+F+I+R7  1991629.529  69  3983397.058  3983397.124  3984079.656
756  MTZOA+R5      2030762.664  45  4061615.328  4061615.356  4062060.501
757  MTZOA+R6      2030710.676  47  4061515.353  4061515.384  4061980.311
758  MTZOA+R7      2030708.661  49  4061515.322  4061515.356  4062000.066
766  MTZOA+I+R6    2030703.640  48  4061503.280  4061503.312  4061978.131
767  MTZOA+I+R7    2030702.666  50  4061505.333  4061505.368  4061999.969
778  MTZOA+F+R5    1975418.750  64  3950965.501  3950965.558  3951598.635
779  MTZOA+F+R6    1975398.184  66  3950928.368  3950928.429  3951581.288
780  MTZOA+F+R7    1975396.752  68  3950929.505  3950929.569  3951602.210
788  MTZOA+F+I+R6  1975392.207  67  3950918.415  3950918.477  3951581.227
789  MTZOA+F+I+R7  1975391.501  69  3950921.001  3950921.067  3951603.599
800  MTMET+R5      2057965.823  45  4116021.646  4116021.674  4116466.819
801  MTMET+R6      2057933.076  47  4115960.151  4115960.182  4116425.109
+R7 reinitialized from +R6 with factor 0.500
802  MTMET+R7      2057931.938  49  4115961.876  4115961.909  4116446.619
810  MTMET+I+R6    2057931.167  48  4115958.334  4115958.366  4116433.184
811  MTMET+I+R7    2057931.262  50  4115962.524  4115962.559  4116457.161
822  MTMET+F+R5    1985643.171  64  3971414.342  3971414.399  3972047.477
823  MTMET+F+R6    1985627.543  66  3971387.085  3971387.146  3972040.005
824  MTMET+F+R7    1985626.740  68  3971389.481  3971389.545  3972062.186
832  MTMET+F+I+R6  1985622.965  67  3971379.929  3971379.992  3972042.742
833  MTMET+F+I+R7  1985622.288  69  3971382.577  3971382.643  3972065.175
844  MTVER+R5      2080732.278  45  4161554.556  4161554.585  4161999.729
845  MTVER+R6      2080666.998  47  4161427.997  4161428.028  4161892.955
846  MTVER+R7      2080664.337  49  4161426.674  4161426.707  4161911.417
854  MTVER+I+R6    2080653.301  48  4161402.601  4161402.633  4161877.452
855  MTVER+I+R7    2080651.995  50  4161403.989  4161404.024  4161898.626
866  MTVER+F+R5    2012858.464  64  4025844.928  4025844.985  4026478.062
867  MTVER+F+R6    2012777.011  66  4025686.021  4025686.082  4026338.941
868  MTVER+F+R7    2012774.411  68  4025684.821  4025684.886  4026357.527
876  MTVER+F+I+R6  2012767.991  67  4025669.982  4025670.044  4026332.794
877  MTVER+F+I+R7  2012767.126  69  4025672.252  4025672.318  4026354.850
888  MTINV+R5      2067924.104  45  4135938.209  4135938.237  4136383.381
889  MTINV+R6      2067913.680  47  4135921.360  4135921.390  4136386.318
890  MTINV+R7      2067911.674  49  4135921.347  4135921.381  4136406.091
898  MTINV+I+R6    2067907.540  48  4135911.079  4135911.111  4136385.930
899  MTINV+I+R7    2067906.673  50  4135913.347  4135913.382  4136407.983
910  MTINV+F+R5    1974188.098  64  3948504.196  3948504.252  3949137.330
911  MTINV+F+R6    1974181.204  66  3948494.408  3948494.469  3949147.328
912  MTINV+F+R7    1974180.507  68  3948497.014  3948497.078  3949169.719
920  MTINV+F+I+R6  1974177.468  67  3948488.936  3948488.998  3949151.749
921  MTINV+F+I+R7  1974177.223  69  3948492.447  3948492.513  3949175.045
932  MTMAM+R5      2094053.930  45  4188197.859  4188197.887  4188643.032
933  MTMAM+R6      2093928.292  47  4187950.585  4187950.616  4188415.543
934  MTMAM+R7      2093876.833  49  4187851.665  4187851.699  4188336.409
942  MTMAM+I+R6    2093870.132  48  4187836.264  4187836.296  4188311.115
943  MTMAM+I+R7    2093868.727  50  4187837.454  4187837.489  4188332.090
954  MTMAM+F+R5    2021302.276  64  4042732.552  4042732.609  4043365.686
955  MTMAM+F+R6    2021184.619  66  4042501.238  4042501.298  4043154.157
956  MTMAM+F+R7    2021167.872  68  4042471.744  4042471.808  4043144.449
964  MTMAM+F+I+R6  2021167.203  67  4042468.406  4042468.468  4043131.218
965  MTMAM+F+I+R7  2021166.571  69  4042471.143  4042471.209  4043153.741
976  FLAVI+R5      2036313.658  45  4072717.316  4072717.344  4073162.488
977  FLAVI+R6      2036245.077  47  4072584.155  4072584.186  4073049.113
978  FLAVI+R7      2036231.471  49  4072560.941  4072560.975  4073045.685
986  FLAVI+I+R6    2036232.275  48  4072560.551  4072560.583  4073035.401
987  FLAVI+I+R7    2036230.862  50  4072561.723  4072561.758  4073056.359
998  FLAVI+F+R5    2024027.207  64  4048182.414  4048182.471  4048815.548
999  FLAVI+F+R6    2023956.211  66  4048044.423  4048044.483  4048697.342
1000  FLAVI+F+R7    2023945.379  68  4048026.758  4048026.822  4048699.463
1008  FLAVI+F+I+R6  2023946.667  67  4048027.335  4048027.397  4048690.147
1009  FLAVI+F+I+R7  2023946.224  69  4048030.448  4048030.514  4048713.046
1020  HIVB+R5       2010056.138  45  4020202.275  4020202.304  4020647.448
1021  HIVB+R6       2010042.814  47  4020179.629  4020179.660  4020644.587
1022  HIVB+R7       2010039.398  49  4020176.796  4020176.830  4020661.540
1030  HIVB+I+R6     2010040.401  48  4020176.803  4020176.835  4020651.653
1031  HIVB+I+R7     2010040.018  50  4020180.036  4020180.071  4020674.673
1042  HIVB+F+R5     1999601.030  64  3999330.060  3999330.116  3999963.194
1043  HIVB+F+R6     1999587.758  66  3999307.517  3999307.577  3999960.437
1044  HIVB+F+R7     1999583.411  68  3999302.822  3999302.886  3999975.528
1052  HIVB+F+I+R6   1999584.021  67  3999302.042  3999302.105  3999964.855
1053  HIVB+F+I+R7   1999583.626  69  3999305.253  3999305.319  3999987.851
1064  HIVW+R5       2086322.788  45  4172735.576  4172735.604  4173180.749
1065  HIVW+R6       2086253.417  47  4172600.834  4172600.865  4173065.792
1066  HIVW+R7       2086237.649  49  4172573.298  4172573.332  4173058.042
1074  HIVW+I+R6     2086239.621  48  4172575.242  4172575.274  4173050.093
1075  HIVW+I+R7     2086239.366  50  4172578.732  4172578.767  4173073.368
1086  HIVW+F+R5     2055493.587  64  4111115.175  4111115.232  4111748.309
1087  HIVW+F+R6     2055441.233  66  4111014.465  4111014.526  4111667.385
1088  HIVW+F+R7     2055429.388  68  4110994.776  4110994.840  4111667.481
1096  HIVW+F+I+R6   2055431.142  67  4110996.283  4110996.345  4111659.096
1097  HIVW+F+I+R7   2055430.893  69  4110999.786  4110999.852  4111682.384
1108  FLU+R5        1999372.736  45  3998835.472  3998835.501  3999280.645
1109  FLU+R6        1999320.858  47  3998735.717  3998735.748  3999200.675
1110  FLU+R7        1999311.069  49  3998720.138  3998720.171  3999204.881
1118  FLU+I+R6      1999311.727  48  3998719.455  3998719.487  3999194.306
1119  FLU+I+R7      1999311.279  50  3998722.558  3998722.593  3999217.194
1130  FLU+F+R5      1991663.162  64  3983454.324  3983454.381  3984087.459
1131  FLU+F+R6      1991609.772  66  3983351.545  3983351.605  3984004.465
1132  FLU+F+R7      1991600.585  68  3983337.169  3983337.233  3984009.875
1140  FLU+F+I+R6    1991600.485  67  3983334.969  3983335.031  3983997.782
1141  FLU+F+I+R7    1991600.025  69  3983338.049  3983338.115  3984020.647
1152  RTREV+R5      1978534.726  45  3957159.453  3957159.481  3957604.625
1153  RTREV+R6      1978532.723  47  3957159.447  3957159.478  3957624.405
1154  RTREV+R7      1978528.165  49  3957154.331  3957154.364  3957639.074
1162  RTREV+I+R6    1978529.164  48  3957154.327  3957154.359  3957629.178
1163  RTREV+I+R7    1978528.938  50  3957157.875  3957157.910  3957652.511
1174  RTREV+F+R5    1965963.246  64  3932054.491  3932054.548  3932687.625
+R6 reinitialized from +R5 with factor 0.500
1175  RTREV+F+R6    1965961.246  66  3932054.493  3932054.553  3932707.412
1184  RTREV+F+I+R6  1965962.703  67  3932059.406  3932059.469  3932722.219
1185  RTREV+F+I+R7  1965962.388  69  3932062.775  3932062.841  3932745.373
1196  CPREV+R5      1981618.296  45  3963326.592  3963326.620  3963771.764
1197  CPREV+R6      1981614.886  47  3963323.772  3963323.803  3963788.730
1198  CPREV+R7      1981611.965  49  3963321.931  3963321.964  3963806.674
1206  CPREV+I+R6    1981611.884  48  3963319.767  3963319.799  3963794.618
1207  CPREV+I+R7    1981611.936  50  3963323.872  3963323.907  3963818.509
1218  CPREV+F+R5    1978914.784  64  3957957.568  3957957.625  3958590.703
1219  CPREV+F+R6    1978912.202  66  3957956.405  3957956.465  3958609.325
1220  CPREV+F+R7    1978905.057  68  3957946.114  3957946.178  3958618.819
1228  CPREV+F+I+R6  1978905.627  67  3957945.254  3957945.316  3958608.066
1229  CPREV+F+I+R7  1978905.635  69  3957949.270  3957949.336  3958631.868
Akaike Information Criterion:           Q.INSECT+I+R6
Corrected Akaike Information Criterion: Q.INSECT+I+R6
Bayesian Information Criterion:         Q.INSECT+R5
Best-fit model: Q.INSECT+I+R6 chosen according to AIC

All model information printed to 20butterfly_c60_init.model.gz
CPU time for ModelFinder: 516016.202 seconds (143h:20m:16s)
Wall-clock time for ModelFinder: 8715.094 seconds (2h:25m:15s)

NOTE: 2093 MB RAM (2 GB) is required!
Estimate model parameters (epsilon = 0.010)
1. Initial log-likelihood: -1953114.957
2. Current log-likelihood: -1952995.505
3. Current log-likelihood: -1952992.960
4. Current log-likelihood: -1952992.681
5. Current log-likelihood: -1952992.414
6. Current log-likelihood: -1952992.219
7. Current log-likelihood: -1952991.986
8. Current log-likelihood: -1952991.955
9. Current log-likelihood: -1952991.787
10. Current log-likelihood: -1952991.599
11. Current log-likelihood: -1952991.539
12. Current log-likelihood: -1952991.445
13. Current log-likelihood: -1952991.358
14. Current log-likelihood: -1952991.290
15. Current log-likelihood: -1952991.210
16. Current log-likelihood: -1952991.066
17. Current log-likelihood: -1952991.018
18. Current log-likelihood: -1952990.932
19. Current log-likelihood: -1952990.864
20. Current log-likelihood: -1952990.797
21. Current log-likelihood: -1952990.735
22. Current log-likelihood: -1952990.673
23. Current log-likelihood: -1952990.615
24. Current log-likelihood: -1952990.557
25. Current log-likelihood: -1952990.537
26. Current log-likelihood: -1952990.500
27. Current log-likelihood: -1952990.448
28. Current log-likelihood: -1952990.389
29. Current log-likelihood: -1952990.339
30. Current log-likelihood: -1952990.315
31. Current log-likelihood: -1952990.282
32. Current log-likelihood: -1952990.266
33. Current log-likelihood: -1952990.234
34. Current log-likelihood: -1952990.219
35. Current log-likelihood: -1952990.187
36. Current log-likelihood: -1952990.172
37. Current log-likelihood: -1952990.141
38. Current log-likelihood: -1952990.126
39. Current log-likelihood: -1952990.096
40. Current log-likelihood: -1952990.081
41. Current log-likelihood: -1952990.051
42. Current log-likelihood: -1952990.036
43. Current log-likelihood: -1952990.003
44. Current log-likelihood: -1952989.983
45. Current log-likelihood: -1952989.954
Optimal log-likelihood: -1952989.947
Proportion of invariable sites: 0.122
Site proportion and rates:  (0.217,0.081) (0.198,0.378) (0.241,1.028) (0.152,2.185) (0.061,4.200) (0.009,7.951)
Parameters optimization took 45 rounds (110.362 sec)
Wrote distance file to... 
BEST SCORE FOUND : -1952989.947
Total tree length: 5.635

Total number of iterations: 0
CPU time used for tree search: 0.000 sec (0h:0m:0s)
Wall-clock time used for tree search: 0.000 sec (0h:0m:0s)
Total CPU time used: 522584.887 sec (145h:9m:44s)
Total wall-clock time used: 8825.540 sec (2h:27m:5s)

Analysis results written to: 
  IQ-TREE report:                20butterfly_c60_init.iqtree
  Tree used for ModelFinder:     20butterfly_c60_init.treefile
  Screen log file:               20butterfly_c60_init.log

Date and Time: Tue Apr 22 16:27:18 2025
