IQ-TREE multicore version 2.4.0 for Linux x86 64-bit built Mar 19 2025
Developed by Bui Quang Minh, Nguyen Lam Tung, Olga Chernomor, Heiko Schmidt,
Dominik Schrempf, Michael Woodhams, Ly Trong Nhan, Thomas Wong

Host:    dayhoff.uds.anu.edu.au (AVX2, FMA3, 1007 GB RAM)
Command: ../../iqtree2 -s ./20_concated.nex -m Q.INSECT+C60+I+R6 -te ../partition/Q/butterfly20_Q_search.treefile -mwopt -T 60 -mem 120G -safe -pre butterfly20_c60_opt
Seed:    848532 (Using SPRNG - Scalable Parallel Random Number Generator)
Time:    Wed Apr 23 17:44:37 2025
Kernel:  Safe AVX+FMA - 60 threads (66 CPU cores detected)

Reading alignment file ./20_concated.nex ... Nexus format detected
Skipping unknown block (sets)...
WARNING: 1615 sites contain only gaps or ambiguous characters.
Alignment has 20 sequences with 146199 columns, 112924 distinct patterns
53958 parsimony-informative, 39206 singleton sites, 53035 constant sites
                                                                                            Gap/Ambiguity  Composition  p-value
Analyzing sequences: done in 0.00171778 secs using 4756% CPU
   1  Adeloidea_Adelidae_Adelinae_Nemophora_degeerella_INShauTABRAAPEI__93                         25.65%    failed      0.00%
   2  Agathiphagoidea_Agathiphagidae_Agathiphaga_queenslandensis_Aga3                              73.50%    failed      0.07%
   3  Coleoptera_Tenebrionidae_Tenebrioninae_Tribolium_castaneum_TCAST                              7.15%    failed      0.00%
   4  Eriocranioidea_Eriocraniidae_Dyseriocrania_subpurpurella_INSbusTBDRAAPEI__79                 50.97%    failed      0.00%
   5  Geometroidea_Geometridae_Larentiinae_Operophtera_brumata                                     37.98%    failed      0.00%
   6  Gracillarioidea_Bucculatricidae_Bucculatrix_cristatella_ANIsrmTAASRAAPEI__220                30.99%    passed      9.58%
   7  Gracillarioidea_Gracillariidae_Phyllocnistinae_Phyllocnistis_citrella_Pcit2                  47.25%    failed      3.03%
   8  Hepialoidea_Hepialidae_Phymatopus_californicus_Phm                                           18.26%    passed      5.09%
   9  Neopseustoidea_Neopseustidae_Neopseustinae_Neopseustis_meyricki_RINSinlTEERAAPEI__79         50.38%    failed      0.59%
  10  Nepticuloidea_Nepticulidae_Nepticulinae_Enteucha_acetosae_Enac2                              55.36%    failed      0.00%
  11  Papilionoidea_Lycaenidae_Polyommatinae_Hemiargus_ceraunus_GNV120025                          49.15%    failed      0.18%
  12  Tineoidea_Tineidae_Tineinae_Tineola_bisselliella_INSswpTACRAAPEI__13                         17.33%    failed      1.87%
  13  Tischerioidea_Tischeriidae_Tischeria_quercitella_Ts2                                         33.19%    failed      0.00%
  14  Trichoptera_Hydroptilidae_Ptilocolepinae_Palaeagapetus_nearcticus_RINSramTAARAAPEI__209_zz   46.56%    failed      0.05%
  15  Trichoptera_Leptoceridae_Leptocerinae_Nectopsyche_candida                                    32.97%    failed      0.10%
  16  Trichoptera_Psychomyiidae_Psychomyiinae_Psychomyia_flavida                                   27.70%    failed      0.24%
  17  Diptera_Culicidae_Anophelinae_Anopheles_gambiae                                              37.81%    failed      0.00%
  18  Diptera_Drosophilidae_Drosophilinae_Drosophila_melanogaster                                  39.52%    failed      0.00%
  19  Mecoptera_Boreidae_Boreus_hyemalis                                                           36.10%    failed      0.01%
  20  Siphonaptera_Pulicidae_Archaeopsyllini_Ctenocephalides_felis                                 35.50%    failed      0.00%
WARNING: 4 sequences contain more than 50% gaps/ambiguity
****  TOTAL                                                                                        37.67%  18 sequences failed composition chi2 test (p-value<5%; df=19)
NOTE: minimal branch length is reduced to 0.000000683999 for long alignment
Checking for duplicate sequences: done in 0.0074439 secs using 6196% CPU
Reading input tree file ../partition/Q/butterfly20_Q_search.treefile ...
Model Q.INSECT+C60+I+R6 is alias for Q.INSECT+POISSON+G+FMIX{C60pi1:1:0.0169698865,C60pi2:1:0.0211683374,C60pi3:1:0.0276589079,C60pi4:1:0.0065675964,C60pi5:1:0.0141221416,C60pi6:1:0.0068774834,C60pi7:1:0.0146909701,C60pi8:1:0.0067225777,C60pi9:1:0.0018396660,C60pi10:1:0.0102547197,C60pi11:1:0.0230896163,C60pi12:1:0.0057941033,C60pi13:1:0.0125394534,C60pi14:1:0.0204526478,C60pi15:1:0.0070629602,C60pi16:1:0.0117982741,C60pi17:1:0.0068334668,C60pi18:1:0.0433775839,C60pi19:1:0.0318278731,C60pi20:1:0.0222546108,C60pi21:1:0.0102264969,C60pi22:1:0.0150545891,C60pi23:1:0.0134159878,C60pi24:1:0.0148552065,C60pi25:1:0.0239111516,C60pi26:1:0.0128776278,C60pi27:1:0.0222318842,C60pi28:1:0.0247444742,C60pi29:1:0.0214274810,C60pi30:1:0.0115001882,C60pi31:1:0.0076017389,C60pi32:1:0.0130258568,C60pi33:1:0.0093701965,C60pi34:1:0.0467194264,C60pi35:1:0.0441940314,C60pi36:1:0.0322263154,C60pi37:1:0.0402999891,C60pi38:1:0.0150234227,C60pi39:1:0.0104589903,C60pi40:1:0.0214742395,C60pi41:1:0.0154957836,C60pi42:1:0.0101789953,C60pi43:1:0.0227980379,C60pi44:1:0.0123204539,C60pi45:1:0.0066777583,C60pi46:1:0.0004150083,C60pi47:1:0.0344385130,C60pi48:1:0.0113663379,C60pi49:1:0.0127143049,C60pi50:1:0.0124323741,C60pi51:1:0.0262124415,C60pi52:1:0.0064994957,C60pi53:1:0.0103203293,C60pi54:1:0.0142463512,C60pi55:1:0.0215600067,C60pi56:1:0.0199150700,C60pi57:1:0.0038964200,C60pi58:1:0.0113448855,C60pi59:1:0.0128595846,C60pi60:1:0.0117656776}+I+R6
WARNING: Your input class weight 0.000415008 is very small and may cause numerical issues
WARNING: Both Gamma and FreeRate models were specified, continue with FreeRate model

NOTE: 119354 MB RAM (116 GB) is required!
Estimate model parameters (epsilon = 0.010)
1. Initial log-likelihood: -1958339.397
2. Current log-likelihood: -1937554.823
3. Current log-likelihood: -1937435.877
4. Current log-likelihood: -1937381.584
5. Current log-likelihood: -1937337.902
6. Current log-likelihood: -1937300.072
7. Current log-likelihood: -1937266.826
8. Current log-likelihood: -1937237.516
9. Current log-likelihood: -1937211.616
10. Current log-likelihood: -1937188.741
11. Current log-likelihood: -1937168.616
12. Current log-likelihood: -1937150.985
13. Current log-likelihood: -1937135.589
14. Current log-likelihood: -1937122.147
15. Current log-likelihood: -1937110.446
16. Current log-likelihood: -1937100.254
17. Current log-likelihood: -1937091.298
18. Current log-likelihood: -1937083.532
19. Current log-likelihood: -1937076.378
20. Current log-likelihood: -1937070.213
21. Current log-likelihood: -1937064.740
22. Current log-likelihood: -1937059.823
23. Current log-likelihood: -1937055.386
24. Current log-likelihood: -1937051.335
25. Current log-likelihood: -1937047.671
26. Current log-likelihood: -1937044.285
27. Current log-likelihood: -1937041.142
28. Current log-likelihood: -1937038.241
29. Current log-likelihood: -1937035.481
30. Current log-likelihood: -1937032.941
31. Current log-likelihood: -1937030.525
32. Current log-likelihood: -1937028.256
33. Current log-likelihood: -1937026.132
34. Current log-likelihood: -1937024.126
35. Current log-likelihood: -1937022.194
36. Current log-likelihood: -1937020.399
37. Current log-likelihood: -1937018.674
38. Current log-likelihood: -1937017.049
39. Current log-likelihood: -1937015.517
40. Current log-likelihood: -1937014.139
41. Current log-likelihood: -1937012.709
42. Current log-likelihood: -1937011.364
43. Current log-likelihood: -1937010.073
44. Current log-likelihood: -1937008.907
45. Current log-likelihood: -1937007.751
46. Current log-likelihood: -1937006.580
47. Current log-likelihood: -1937005.683
48. Current log-likelihood: -1937004.658
49. Current log-likelihood: -1937003.641
50. Current log-likelihood: -1937002.659
51. Current log-likelihood: -1937001.775
52. Current log-likelihood: -1937000.932
53. Current log-likelihood: -1937000.032
54. Current log-likelihood: -1936999.211
55. Current log-likelihood: -1936998.353
56. Current log-likelihood: -1936997.639
57. Current log-likelihood: -1936996.982
58. Current log-likelihood: -1936996.221
59. Current log-likelihood: -1936995.553
60. Current log-likelihood: -1936994.910
61. Current log-likelihood: -1936994.284
62. Current log-likelihood: -1936993.726
63. Current log-likelihood: -1936993.121
64. Current log-likelihood: -1936992.609
65. Current log-likelihood: -1936992.114
66. Current log-likelihood: -1936991.644
67. Current log-likelihood: -1936991.183
68. Current log-likelihood: -1936990.745
69. Current log-likelihood: -1936990.246
70. Current log-likelihood: -1936989.802
71. Current log-likelihood: -1936989.377
72. Current log-likelihood: -1936988.976
73. Current log-likelihood: -1936988.590
74. Current log-likelihood: -1936988.198
75. Current log-likelihood: -1936987.831
76. Current log-likelihood: -1936987.440
77. Current log-likelihood: -1936987.071
78. Current log-likelihood: -1936986.725
79. Current log-likelihood: -1936986.382
80. Current log-likelihood: -1936985.977
81. Current log-likelihood: -1936985.635
82. Current log-likelihood: -1936985.294
83. Current log-likelihood: -1936984.968
84. Current log-likelihood: -1936984.649
85. Current log-likelihood: -1936984.338
86. Current log-likelihood: -1936984.029
87. Current log-likelihood: -1936983.717
88. Current log-likelihood: -1936983.424
89. Current log-likelihood: -1936983.130
90. Current log-likelihood: -1936982.842
91. Current log-likelihood: -1936982.528
92. Current log-likelihood: -1936982.241
93. Current log-likelihood: -1936981.961
94. Current log-likelihood: -1936981.681
95. Current log-likelihood: -1936981.407
96. Current log-likelihood: -1936981.139
97. Current log-likelihood: -1936980.870
98. Current log-likelihood: -1936980.606
99. Current log-likelihood: -1936980.348
100. Current log-likelihood: -1936980.055
101. Current log-likelihood: -1936979.796
102. Current log-likelihood: -1936979.536
103. Current log-likelihood: -1936979.282
104. Current log-likelihood: -1936979.034
105. Current log-likelihood: -1936978.784
106. Current log-likelihood: -1936978.539
107. Current log-likelihood: -1936978.299
108. Current log-likelihood: -1936978.058
109. Current log-likelihood: -1936977.820
110. Current log-likelihood: -1936977.587
111. Current log-likelihood: -1936977.319
112. Current log-likelihood: -1936977.084
113. Current log-likelihood: -1936976.848
114. Current log-likelihood: -1936976.616
115. Current log-likelihood: -1936976.390
116. Current log-likelihood: -1936976.161
117. Current log-likelihood: -1936975.937
118. Current log-likelihood: -1936975.717
119. Current log-likelihood: -1936975.495
120. Current log-likelihood: -1936975.277
121. Current log-likelihood: -1936975.063
122. Current log-likelihood: -1936974.813
123. Current log-likelihood: -1936974.595
124. Current log-likelihood: -1936974.377
125. Current log-likelihood: -1936974.162
126. Current log-likelihood: -1936973.953
127. Current log-likelihood: -1936973.740
128. Current log-likelihood: -1936973.532
129. Current log-likelihood: -1936973.328
130. Current log-likelihood: -1936973.121
131. Current log-likelihood: -1936972.918
132. Current log-likelihood: -1936972.718
133. Current log-likelihood: -1936972.483
134. Current log-likelihood: -1936972.280
135. Current log-likelihood: -1936972.075
136. Current log-likelihood: -1936971.874
137. Current log-likelihood: -1936971.678
138. Current log-likelihood: -1936971.479
139. Current log-likelihood: -1936971.284
140. Current log-likelihood: -1936971.092
141. Current log-likelihood: -1936970.898
142. Current log-likelihood: -1936970.706
143. Current log-likelihood: -1936970.519
144. Current log-likelihood: -1936970.296
145. Current log-likelihood: -1936970.104
146. Current log-likelihood: -1936969.918
147. Current log-likelihood: -1936969.728
148. Current log-likelihood: -1936969.542
149. Current log-likelihood: -1936969.360
150. Current log-likelihood: -1936969.175
151. Current log-likelihood: -1936968.994
152. Current log-likelihood: -1936968.816
153. Current log-likelihood: -1936968.635
154. Current log-likelihood: -1936968.456
155. Current log-likelihood: -1936968.281
156. Current log-likelihood: -1936968.071
157. Current log-likelihood: -1936967.891
158. Current log-likelihood: -1936967.717
159. Current log-likelihood: -1936967.538
160. Current log-likelihood: -1936967.364
161. Current log-likelihood: -1936967.193
162. Current log-likelihood: -1936967.019
163. Current log-likelihood: -1936966.848
164. Current log-likelihood: -1936966.681
165. Current log-likelihood: -1936966.510
166. Current log-likelihood: -1936966.342
167. Current log-likelihood: -1936966.177
168. Current log-likelihood: -1936965.985
169. Current log-likelihood: -1936965.815
170. Current log-likelihood: -1936965.650
171. Current log-likelihood: -1936965.488
172. Current log-likelihood: -1936965.323
173. Current log-likelihood: -1936965.160
174. Current log-likelihood: -1936965.002
175. Current log-likelihood: -1936964.839
176. Current log-likelihood: -1936964.680
177. Current log-likelihood: -1936964.523
178. Current log-likelihood: -1936964.369
179. Current log-likelihood: -1936964.211
180. Current log-likelihood: -1936964.055
181. Current log-likelihood: -1936963.903
182. Current log-likelihood: -1936963.724
183. Current log-likelihood: -1936963.566
184. Current log-likelihood: -1936963.412
185. Current log-likelihood: -1936963.261
186. Current log-likelihood: -1936963.107
187. Current log-likelihood: -1936962.956
188. Current log-likelihood: -1936962.808
189. Current log-likelihood: -1936962.662
190. Current log-likelihood: -1936962.512
191. Current log-likelihood: -1936962.365
192. Current log-likelihood: -1936962.221
193. Current log-likelihood: -1936962.078
194. Current log-likelihood: -1936961.932
195. Current log-likelihood: -1936961.789
196. Current log-likelihood: -1936961.647
197. Current log-likelihood: -1936961.479
198. Current log-likelihood: -1936961.333
199. Current log-likelihood: -1936961.190
200. Current log-likelihood: -1936961.049
201. Current log-likelihood: -1936960.906
202. Current log-likelihood: -1936960.764
203. Current log-likelihood: -1936960.626
204. Current log-likelihood: -1936960.489
205. Current log-likelihood: -1936960.349
206. Current log-likelihood: -1936960.212
207. Current log-likelihood: -1936960.077
208. Current log-likelihood: -1936959.943
209. Current log-likelihood: -1936959.806
210. Current log-likelihood: -1936959.671
211. Current log-likelihood: -1936959.539
212. Current log-likelihood: -1936959.380
213. Current log-likelihood: -1936959.242
214. Current log-likelihood: -1936959.107
215. Current log-likelihood: -1936958.975
216. Current log-likelihood: -1936958.845
217. Current log-likelihood: -1936958.712
218. Current log-likelihood: -1936958.581
219. Current log-likelihood: -1936958.453
220. Current log-likelihood: -1936958.327
221. Current log-likelihood: -1936958.196
222. Current log-likelihood: -1936958.068
223. Current log-likelihood: -1936957.942
224. Current log-likelihood: -1936957.818
225. Current log-likelihood: -1936957.690
226. Current log-likelihood: -1936957.564
227. Current log-likelihood: -1936957.440
228. Current log-likelihood: -1936957.318
229. Current log-likelihood: -1936957.170
230. Current log-likelihood: -1936957.042
231. Current log-likelihood: -1936956.918
232. Current log-likelihood: -1936956.795
233. Current log-likelihood: -1936956.676
234. Current log-likelihood: -1936956.552
235. Current log-likelihood: -1936956.431
236. Current log-likelihood: -1936956.311
237. Current log-likelihood: -1936956.194
238. Current log-likelihood: -1936956.073
239. Current log-likelihood: -1936955.954
240. Current log-likelihood: -1936955.836
241. Current log-likelihood: -1936955.721
242. Current log-likelihood: -1936955.606
243. Current log-likelihood: -1936955.489
244. Current log-likelihood: -1936955.372
245. Current log-likelihood: -1936955.258
246. Current log-likelihood: -1936955.145
247. Current log-likelihood: -1936955.034
248. Current log-likelihood: -1936954.890
249. Current log-likelihood: -1936954.773
250. Current log-likelihood: -1936954.659
251. Current log-likelihood: -1936954.547
252. Current log-likelihood: -1936954.431
253. Current log-likelihood: -1936954.318
254. Current log-likelihood: -1936954.204
255. Current log-likelihood: -1936954.089
256. Current log-likelihood: -1936953.974
257. Current log-likelihood: -1936953.863
258. Current log-likelihood: -1936953.753
259. Current log-likelihood: -1936953.646
260. Current log-likelihood: -1936953.534
261. Current log-likelihood: -1936953.424
262. Current log-likelihood: -1936953.316
263. Current log-likelihood: -1936953.210
264. Current log-likelihood: -1936953.104
265. Current log-likelihood: -1936953.001
266. Current log-likelihood: -1936952.894
267. Current log-likelihood: -1936952.788
268. Current log-likelihood: -1936952.684
269. Current log-likelihood: -1936952.581
270. Current log-likelihood: -1936952.453
271. Current log-likelihood: -1936952.350
272. Current log-likelihood: -1936952.244
273. Current log-likelihood: -1936952.140
274. Current log-likelihood: -1936952.038
275. Current log-likelihood: -1936951.938
276. Current log-likelihood: -1936951.834
277. Current log-likelihood: -1936951.732
278. Current log-likelihood: -1936951.631
279. Current log-likelihood: -1936951.532
280. Current log-likelihood: -1936951.434
281. Current log-likelihood: -1936951.338
282. Current log-likelihood: -1936951.237
283. Current log-likelihood: -1936951.139
284. Current log-likelihood: -1936951.041
285. Current log-likelihood: -1936950.945
286. Current log-likelihood: -1936950.851
287. Current log-likelihood: -1936950.757
288. Current log-likelihood: -1936950.660
289. Current log-likelihood: -1936950.535
290. Current log-likelihood: -1936950.436
291. Current log-likelihood: -1936950.339
292. Current log-likelihood: -1936950.239
293. Current log-likelihood: -1936950.141
294. Current log-likelihood: -1936950.045
295. Current log-likelihood: -1936949.951
296. Current log-likelihood: -1936949.859
297. Current log-likelihood: -1936949.762
298. Current log-likelihood: -1936949.668
299. Current log-likelihood: -1936949.575
300. Current log-likelihood: -1936949.483
301. Current log-likelihood: -1936949.393
302. Current log-likelihood: -1936949.304
303. Current log-likelihood: -1936949.210
304. Current log-likelihood: -1936949.119
305. Current log-likelihood: -1936949.028
306. Current log-likelihood: -1936948.939
307. Current log-likelihood: -1936948.851
308. Current log-likelihood: -1936948.764
309. Current log-likelihood: -1936948.679
310. Current log-likelihood: -1936948.589
311. Current log-likelihood: -1936948.501
312. Current log-likelihood: -1936948.413
313. Current log-likelihood: -1936948.327
314. Current log-likelihood: -1936948.242
315. Current log-likelihood: -1936948.158
316. Current log-likelihood: -1936948.075
317. Current log-likelihood: -1936947.987
318. Current log-likelihood: -1936947.902
319. Current log-likelihood: -1936947.817
320. Current log-likelihood: -1936947.733
321. Current log-likelihood: -1936947.623
322. Current log-likelihood: -1936947.539
323. Current log-likelihood: -1936947.457
324. Current log-likelihood: -1936947.370
325. Current log-likelihood: -1936947.285
326. Current log-likelihood: -1936947.202
327. Current log-likelihood: -1936947.120
328. Current log-likelihood: -1936947.040
329. Current log-likelihood: -1936946.961
330. Current log-likelihood: -1936946.874
331. Current log-likelihood: -1936946.791
332. Current log-likelihood: -1936946.709
333. Current log-likelihood: -1936946.629
334. Current log-likelihood: -1936946.549
335. Current log-likelihood: -1936946.472
336. Current log-likelihood: -1936946.390
337. Current log-likelihood: -1936946.309
338. Current log-likelihood: -1936946.229
339. Current log-likelihood: -1936946.151
340. Current log-likelihood: -1936946.073
341. Current log-likelihood: -1936945.997
342. Current log-likelihood: -1936945.921
343. Current log-likelihood: -1936945.847
344. Current log-likelihood: -1936945.768
345. Current log-likelihood: -1936945.690
346. Current log-likelihood: -1936945.613
347. Current log-likelihood: -1936945.538
348. Current log-likelihood: -1936945.462
349. Current log-likelihood: -1936945.363
350. Current log-likelihood: -1936945.286
351. Current log-likelihood: -1936945.213
352. Current log-likelihood: -1936945.135
353. Current log-likelihood: -1936945.059
354. Current log-likelihood: -1936944.984
355. Current log-likelihood: -1936944.910
356. Current log-likelihood: -1936944.837
357. Current log-likelihood: -1936944.766
358. Current log-likelihood: -1936944.690
359. Current log-likelihood: -1936944.616
360. Current log-likelihood: -1936944.542
361. Current log-likelihood: -1936944.470
362. Current log-likelihood: -1936944.398
363. Current log-likelihood: -1936944.328
364. Current log-likelihood: -1936944.258
365. Current log-likelihood: -1936944.188
366. Current log-likelihood: -1936944.114
367. Current log-likelihood: -1936944.042
368. Current log-likelihood: -1936943.971
369. Current log-likelihood: -1936943.900
370. Current log-likelihood: -1936943.831
371. Current log-likelihood: -1936943.762
372. Current log-likelihood: -1936943.694
373. Current log-likelihood: -1936943.627
374. Current log-likelihood: -1936943.562
375. Current log-likelihood: -1936943.496
376. Current log-likelihood: -1936943.427
377. Current log-likelihood: -1936943.358
378. Current log-likelihood: -1936943.291
379. Current log-likelihood: -1936943.223
380. Current log-likelihood: -1936943.157
381. Current log-likelihood: -1936943.091
382. Current log-likelihood: -1936943.001
383. Current log-likelihood: -1936942.934
384. Current log-likelihood: -1936942.869
385. Current log-likelihood: -1936942.800
386. Current log-likelihood: -1936942.733
387. Current log-likelihood: -1936942.666
388. Current log-likelihood: -1936942.600
389. Current log-likelihood: -1936942.536
390. Current log-likelihood: -1936942.472
391. Current log-likelihood: -1936942.409
392. Current log-likelihood: -1936942.348
393. Current log-likelihood: -1936942.282
394. Current log-likelihood: -1936942.217
395. Current log-likelihood: -1936942.152
396. Current log-likelihood: -1936942.089
397. Current log-likelihood: -1936942.026
398. Current log-likelihood: -1936941.964
399. Current log-likelihood: -1936941.902
400. Current log-likelihood: -1936941.842
401. Current log-likelihood: -1936941.782
402. Current log-likelihood: -1936941.723
403. Current log-likelihood: -1936941.665
404. Current log-likelihood: -1936941.602
405. Current log-likelihood: -1936941.540
406. Current log-likelihood: -1936941.479
407. Current log-likelihood: -1936941.417
408. Current log-likelihood: -1936941.357
409. Current log-likelihood: -1936941.297
410. Current log-likelihood: -1936941.239
411. Current log-likelihood: -1936941.180
412. Current log-likelihood: -1936941.123
413. Current log-likelihood: -1936941.066
414. Current log-likelihood: -1936941.010
415. Current log-likelihood: -1936940.955
416. Current log-likelihood: -1936940.895
417. Current log-likelihood: -1936940.833
418. Current log-likelihood: -1936940.775
419. Current log-likelihood: -1936940.714
420. Current log-likelihood: -1936940.657
421. Current log-likelihood: -1936940.599
422. Current log-likelihood: -1936940.543
423. Current log-likelihood: -1936940.486
424. Current log-likelihood: -1936940.432
425. Current log-likelihood: -1936940.377
426. Current log-likelihood: -1936940.324
427. Current log-likelihood: -1936940.270
428. Current log-likelihood: -1936940.213
429. Current log-likelihood: -1936940.156
430. Current log-likelihood: -1936940.100
431. Current log-likelihood: -1936940.017
432. Current log-likelihood: -1936939.959
433. Current log-likelihood: -1936939.902
434. Current log-likelihood: -1936939.847
435. Current log-likelihood: -1936939.792
436. Current log-likelihood: -1936939.733
437. Current log-likelihood: -1936939.675
438. Current log-likelihood: -1936939.619
439. Current log-likelihood: -1936939.563
440. Current log-likelihood: -1936939.508
441. Current log-likelihood: -1936939.453
442. Current log-likelihood: -1936939.400
443. Current log-likelihood: -1936939.347
444. Current log-likelihood: -1936939.295
445. Current log-likelihood: -1936939.243
446. Current log-likelihood: -1936939.193
447. Current log-likelihood: -1936939.143
448. Current log-likelihood: -1936939.088
449. Current log-likelihood: -1936939.034
450. Current log-likelihood: -1936938.981
451. Current log-likelihood: -1936938.927
452. Current log-likelihood: -1936938.875
453. Current log-likelihood: -1936938.823
454. Current log-likelihood: -1936938.772
455. Current log-likelihood: -1936938.721
456. Current log-likelihood: -1936938.671
457. Current log-likelihood: -1936938.621
458. Current log-likelihood: -1936938.572
459. Current log-likelihood: -1936938.524
460. Current log-likelihood: -1936938.476
461. Current log-likelihood: -1936938.428
462. Current log-likelihood: -1936938.382
463. Current log-likelihood: -1936938.335
464. Current log-likelihood: -1936938.290
465. Current log-likelihood: -1936938.239
466. Current log-likelihood: -1936938.189
467. Current log-likelihood: -1936938.139
468. Current log-likelihood: -1936938.089
469. Current log-likelihood: -1936938.040
470. Current log-likelihood: -1936937.991
471. Current log-likelihood: -1936937.943
472. Current log-likelihood: -1936937.869
473. Current log-likelihood: -1936937.819
474. Current log-likelihood: -1936937.771
475. Current log-likelihood: -1936937.718
476. Current log-likelihood: -1936937.666
477. Current log-likelihood: -1936937.615
478. Current log-likelihood: -1936937.566
479. Current log-likelihood: -1936937.516
480. Current log-likelihood: -1936937.468
481. Current log-likelihood: -1936937.420
482. Current log-likelihood: -1936937.374
483. Current log-likelihood: -1936937.328
484. Current log-likelihood: -1936937.282
485. Current log-likelihood: -1936937.237
486. Current log-likelihood: -1936937.194
487. Current log-likelihood: -1936937.150
488. Current log-likelihood: -1936937.107
489. Current log-likelihood: -1936937.058
490. Current log-likelihood: -1936937.011
491. Current log-likelihood: -1936936.964
492. Current log-likelihood: -1936936.917
493. Current log-likelihood: -1936936.870
494. Current log-likelihood: -1936936.825
495. Current log-likelihood: -1936936.779
496. Current log-likelihood: -1936936.734
497. Current log-likelihood: -1936936.690
498. Current log-likelihood: -1936936.646
499. Current log-likelihood: -1936936.603
500. Current log-likelihood: -1936936.560
501. Current log-likelihood: -1936936.517
502. Current log-likelihood: -1936936.476
503. Current log-likelihood: -1936936.434
504. Current log-likelihood: -1936936.393
505. Current log-likelihood: -1936936.352
506. Current log-likelihood: -1936936.312
507. Current log-likelihood: -1936936.272
508. Current log-likelihood: -1936936.232
509. Current log-likelihood: -1936936.193
510. Current log-likelihood: -1936936.154
511. Current log-likelihood: -1936936.115
512. Current log-likelihood: -1936936.077
513. Current log-likelihood: -1936936.038
514. Current log-likelihood: -1936935.995
515. Current log-likelihood: -1936935.952
516. Current log-likelihood: -1936935.909
517. Current log-likelihood: -1936935.867
518. Current log-likelihood: -1936935.824
519. Current log-likelihood: -1936935.782
520. Current log-likelihood: -1936935.741
521. Current log-likelihood: -1936935.700
522. Current log-likelihood: -1936935.659
523. Current log-likelihood: -1936935.619
524. Current log-likelihood: -1936935.553
525. Current log-likelihood: -1936935.511
526. Current log-likelihood: -1936935.470
527. Current log-likelihood: -1936935.425
528. Current log-likelihood: -1936935.381
529. Current log-likelihood: -1936935.337
530. Current log-likelihood: -1936935.294
531. Current log-likelihood: -1936935.252
532. Current log-likelihood: -1936935.210
533. Current log-likelihood: -1936935.170
534. Current log-likelihood: -1936935.129
535. Current log-likelihood: -1936935.090
536. Current log-likelihood: -1936935.050
537. Current log-likelihood: -1936935.012
538. Current log-likelihood: -1936934.974
539. Current log-likelihood: -1936934.937
540. Current log-likelihood: -1936934.899
541. Current log-likelihood: -1936934.863
542. Current log-likelihood: -1936934.825
543. Current log-likelihood: -1936934.790
544. Current log-likelihood: -1936934.753
545. Current log-likelihood: -1936934.719
546. Current log-likelihood: -1936934.682
547. Current log-likelihood: -1936934.648
548. Current log-likelihood: -1936934.613
549. Current log-likelihood: -1936934.579
550. Current log-likelihood: -1936934.544
551. Current log-likelihood: -1936934.511
552. Current log-likelihood: -1936934.476
553. Current log-likelihood: -1936934.443
554. Current log-likelihood: -1936934.408
555. Current log-likelihood: -1936934.371
556. Current log-likelihood: -1936934.331
557. Current log-likelihood: -1936934.294
558. Current log-likelihood: -1936934.255
559. Current log-likelihood: -1936934.218
560. Current log-likelihood: -1936934.179
561. Current log-likelihood: -1936934.143
562. Current log-likelihood: -1936934.105
563. Current log-likelihood: -1936934.069
564. Current log-likelihood: -1936934.032
565. Current log-likelihood: -1936933.997
566. Current log-likelihood: -1936933.960
567. Current log-likelihood: -1936933.927
568. Current log-likelihood: -1936933.890
569. Current log-likelihood: -1936933.858
570. Current log-likelihood: -1936933.822
571. Current log-likelihood: -1936933.790
572. Current log-likelihood: -1936933.754
573. Current log-likelihood: -1936933.723
574. Current log-likelihood: -1936933.688
575. Current log-likelihood: -1936933.657
576. Current log-likelihood: -1936933.623
577. Current log-likelihood: -1936933.592
578. Current log-likelihood: -1936933.558
579. Current log-likelihood: -1936933.528
580. Current log-likelihood: -1936933.494
581. Current log-likelihood: -1936933.465
582. Current log-likelihood: -1936933.431
583. Current log-likelihood: -1936933.401
584. Current log-likelihood: -1936933.369
585. Current log-likelihood: -1936933.340
586. Current log-likelihood: -1936933.307
587. Current log-likelihood: -1936933.278
588. Current log-likelihood: -1936933.246
589. Current log-likelihood: -1936933.218
590. Current log-likelihood: -1936933.185
591. Current log-likelihood: -1936933.158
592. Current log-likelihood: -1936933.126
593. Current log-likelihood: -1936933.098
594. Current log-likelihood: -1936933.066
595. Current log-likelihood: -1936933.034
596. Current log-likelihood: -1936932.997
597. Current log-likelihood: -1936932.965
598. Current log-likelihood: -1936932.902
599. Current log-likelihood: -1936932.867
600. Current log-likelihood: -1936932.829
601. Current log-likelihood: -1936932.796
602. Current log-likelihood: -1936932.760
603. Current log-likelihood: -1936932.729
604. Current log-likelihood: -1936932.693
605. Current log-likelihood: -1936932.659
606. Current log-likelihood: -1936932.619
607. Current log-likelihood: -1936932.586
608. Current log-likelihood: -1936932.547
609. Current log-likelihood: -1936932.514
610. Current log-likelihood: -1936932.476
611. Current log-likelihood: -1936932.445
612. Current log-likelihood: -1936932.407
613. Current log-likelihood: -1936932.377
614. Current log-likelihood: -1936932.340
615. Current log-likelihood: -1936932.312
616. Current log-likelihood: -1936932.275
617. Current log-likelihood: -1936932.248
618. Current log-likelihood: -1936932.211
619. Current log-likelihood: -1936932.185
620. Current log-likelihood: -1936932.149
621. Current log-likelihood: -1936932.124
622. Current log-likelihood: -1936932.088
623. Current log-likelihood: -1936932.064
624. Current log-likelihood: -1936932.028
625. Current log-likelihood: -1936932.005
626. Current log-likelihood: -1936931.969
627. Current log-likelihood: -1936931.948
628. Current log-likelihood: -1936931.911
629. Current log-likelihood: -1936931.890
630. Current log-likelihood: -1936931.853
631. Current log-likelihood: -1936931.834
632. Current log-likelihood: -1936931.797
633. Current log-likelihood: -1936931.779
634. Current log-likelihood: -1936931.740
635. Current log-likelihood: -1936931.724
636. Current log-likelihood: -1936931.685
637. Current log-likelihood: -1936931.669
638. Current log-likelihood: -1936931.629
639. Current log-likelihood: -1936931.614
640. Current log-likelihood: -1936931.574
641. Current log-likelihood: -1936931.561
642. Current log-likelihood: -1936931.519
643. Current log-likelihood: -1936931.508
644. Current log-likelihood: -1936931.465
Optimal log-likelihood: -1936931.456
Mixture weights: 0.023 0.002 0.007 0.012 0.020 0.015 0.000 0.006 0.002 0.146 0.026 0.013 0.000 0.007 0.000 0.000 0.046 0.045 0.023 0.002 0.004 0.052 0.003 0.000 0.008 0.006 0.057 0.025 0.004 0.040 0.013 0.012 0.014 0.014 0.030 0.007 0.012 0.069 0.002 0.004 0.002 0.006 0.024 0.003 0.010 0.000 0.010 0.011 0.000 0.001 0.011 0.036 0.003 0.017 0.056 0.004 0.001 0.032 0.003 0.000
Proportion of invariable sites: 0.149
Site proportion and rates:  (0.239,0.078) (0.188,0.334) (0.141,0.717) (0.144,1.405) (0.110,3.056) (0.029,9.719)
Parameters optimization took 644 rounds (62127.809 sec)
WARNING: The mixture model might be overfitting because some mixture weights are estimated close to zero
Wrote distance file to... 
BEST SCORE FOUND : -1936931.456
Total tree length: 9.002

Total number of iterations: 0
CPU time used for tree search: 0.000 sec (0h:0m:0s)
Wall-clock time used for tree search: 0.000 sec (0h:0m:0s)
Total CPU time used: 3428838.595 sec (952h:27m:18s)
Total wall-clock time used: 45443370.967 sec (12623h:9m:30s)

Analysis results written to: 
  IQ-TREE report:                butterfly20_c60_opt.iqtree
  Maximum-likelihood tree:       butterfly20_c60_opt.treefile
  Screen log file:               butterfly20_c60_opt.log

Date and Time: Thu Apr 24 11:00:15 2025
