IQ-TREE multicore version 2.4.0 for Linux x86 64-bit built Mar 19 2025
Developed by Bui Quang Minh, Nguyen Lam Tung, Olga Chernomor, Heiko Schmidt,
Dominik Schrempf, Michael Woodhams, Ly Trong Nhan, Thomas Wong

Host:    wright.uds.anu.edu.au (AVX512, FMA3, 1007 GB RAM)
Command: ../../iqtree2 -s 20_concated.nex -m MF -merit AIC -T 30 -mem 120G -pre 20archaea_c60_init
Seed:    983228 (Using SPRNG - Scalable Parallel Random Number Generator)
Time:    Fri Apr 25 17:31:57 2025
Kernel:  AVX+FMA - 30 threads (31 CPU cores detected)

Reading alignment file 20_concated.nex ... Nexus format detected
Skipping unknown block (sets)...
Alignment has 20 sequences with 17191 columns, 16703 distinct patterns
14049 parsimony-informative, 2022 singleton sites, 1120 constant sites
                  Gap/Ambiguity  Composition  p-value
Analyzing sequences: done in 0.0276369 secs using 2488% CPU
   1  GCA_000200715       3.97%    failed      0.00%
   2  GCA_000237865       3.02%    failed      0.00%
   3  GCA_000806055      26.48%    failed      0.00%
   4  GCA_001315925      36.95%    failed      0.00%
   5  GCA_001564035      20.34%    failed      0.00%
   6  GCA_001629205      17.96%    failed      0.00%
   7  GCA_001896515       7.99%    failed      0.00%
   8  GCA_001940655      25.51%    failed      0.00%
   9  GCA_002078355       6.26%    failed      0.00%
  10  GCA_002728275       9.65%    failed      0.00%
  11  GCA_002779075      15.51%    failed      0.00%
  12  GCA_002790315      22.36%    failed      0.00%
  13  GCA_002841105      22.58%    failed      0.00%
  14  GCA_003019535       3.78%    failed      0.00%
  15  GCA_003344655      17.26%    failed      0.00%
  16  GCA_003431325       1.76%    failed      0.00%
  17  Ga0181639          17.11%    failed      0.00%
  18  SRR4028224.bin17    7.84%    failed      0.00%
  19  GCA_000387965      16.04%    failed      0.00%
  20  GCA_002412085      22.88%    failed      0.00%
****  TOTAL              15.26%  20 sequences failed composition chi2 test (p-value<5%; df=19)
Checking for duplicate sequences: done in 0.00189407 secs using 99.1% CPU


Create initial parsimony tree by phylogenetic likelihood library (PLL)... 0.071 seconds
Perform fast likelihood tree search using LG+I+G model...
Estimate model parameters (epsilon = 5.000)
Perform nearest neighbor interchange...
Optimizing NNI: done in 6.93567 secs using 2844% CPU
Estimate model parameters (epsilon = 1.000)
1. Initial log-likelihood: -551021.906
Optimal log-likelihood: -551021.734
Proportion of invariable sites: 0.045
Gamma shape alpha: 1.585
Parameters optimization took 1 rounds (0.194 sec)
Time for fast ML tree search: 11.153 seconds

NOTE: ModelFinder requires 516 MB RAM!
ModelFinder will test up to 1232 protein models (sample size: 17191 epsilon: 0.100) ...
 No. Model         -LnL         df  AIC          AICc         BIC
  1  LG            569186.325   37  1138446.650  1138446.814  1138733.480
  2  LG+I          563679.995   38  1127435.991  1127436.163  1127730.572
  3  LG+G4         551474.333   38  1103024.666  1103024.839  1103319.247
  4  LG+I+G4       551021.729   39  1102121.457  1102121.639  1102423.791
  5  LG+R2         553478.171   39  1107034.342  1107034.524  1107336.675
  6  LG+R3         551283.496   41  1102648.991  1102649.192  1102966.829
  7  LG+R4         550872.451   43  1101830.901  1101831.122  1102164.244
  8  LG+R5         550817.972   45  1101725.943  1101726.185  1102074.790
  9  LG+R6         550815.998   47  1101725.995  1101726.259  1102090.346
 14  LG+I+R2       552268.204   40  1104616.407  1104616.599  1104926.493
 15  LG+I+R3       551003.387   42  1102090.775  1102090.985  1102416.365
 16  LG+I+R4       550840.237   44  1101768.473  1101768.704  1102109.567
 17  LG+I+R5       550812.978   46  1101717.957  1101718.209  1102074.555
 18  LG+I+R6       550811.622   48  1101719.244  1101719.518  1102091.347
 30  LG+F+R5       549146.814   64  1098421.628  1098422.114  1098917.765
 31  LG+F+R6       549143.932   66  1098419.865  1098420.381  1098931.506
 39  LG+F+I+R5     549140.531   65  1098411.061  1098411.563  1098914.951
 40  LG+F+I+R6     549138.729   67  1098411.457  1098411.990  1098930.851
 52  WAG+R5        555017.147   45  1110124.293  1110124.535  1110473.140
 53  WAG+R6        555016.711   47  1110127.422  1110127.685  1110491.773
 61  WAG+I+R5      555014.410   46  1110120.821  1110121.073  1110477.419
 62  WAG+I+R6      555014.480   48  1110124.960  1110125.234  1110497.063
 74  WAG+F+R5      551464.030   64  1103056.059  1103056.545  1103552.196
 75  WAG+F+R6      551463.243   66  1103058.486  1103059.003  1103570.127
 83  WAG+F+I+R5    551460.581   65  1103051.162  1103051.663  1103555.051
 84  WAG+F+I+R6    551460.284   67  1103054.569  1103055.101  1103573.962
 96  JTT+R5        559679.087   45  1119448.173  1119448.415  1119797.019
 97  JTT+R6        559677.925   47  1119449.849  1119450.112  1119814.200
105  JTT+I+R5      559672.880   46  1119437.759  1119438.012  1119794.358
106  JTT+I+R6      559672.221   48  1119440.442  1119440.716  1119812.545
118  JTT+F+R5      556237.925   64  1112603.851  1112604.337  1113099.988
119  JTT+F+R6      556232.423   66  1112596.845  1112597.362  1113108.487
127  JTT+F+I+R5    556230.145   65  1112590.291  1112590.792  1113094.180
128  JTT+F+I+R6    556226.475   67  1112586.951  1112587.483  1113106.344
140  Q.PFAM+R5     552155.142   45  1104400.284  1104400.525  1104749.130
141  Q.PFAM+R6     552151.378   47  1104396.756  1104397.020  1104761.107
149  Q.PFAM+I+R5   552149.770   46  1104391.539  1104391.791  1104748.138
150  Q.PFAM+I+R6   552147.433   48  1104390.866  1104391.140  1104762.968
162  Q.PFAM+F+R5   549653.038   64  1099434.076  1099434.562  1099930.213
163  Q.PFAM+F+R6   549647.440   66  1099426.881  1099427.397  1099938.522
171  Q.PFAM+F+I+R5 549646.341   65  1099422.681  1099423.182  1099926.571
172  Q.PFAM+F+I+R6 549643.107   67  1099420.213  1099420.746  1099939.607
184  Q.BIRD+R5     568901.473   45  1137892.945  1137893.187  1138241.792
185  Q.BIRD+R6     568884.222   47  1137862.443  1137862.706  1138226.794
193  Q.BIRD+I+R5   568893.744   46  1137879.487  1137879.740  1138236.086
194  Q.BIRD+I+R6   568882.529   48  1137861.057  1137861.332  1138233.160
206  Q.BIRD+F+R5   564351.380   64  1128830.760  1128831.246  1129326.897
207  Q.BIRD+F+R6   564322.267   66  1128776.534  1128777.050  1129288.175
215  Q.BIRD+F+I+R5 564337.120   65  1128804.240  1128804.741  1129308.129
216  Q.BIRD+F+I+R6 564319.302   67  1128772.605  1128773.137  1129291.998
228  Q.MAMMAL+R5   566425.986   45  1132941.972  1132942.214  1133290.819
229  Q.MAMMAL+R6   566418.494   47  1132930.987  1132931.250  1133295.338
237  Q.MAMMAL+I+R5 566423.460   46  1132938.919  1132939.171  1133295.518
238  Q.MAMMAL+I+R6 566416.022   48  1132928.043  1132928.318  1133300.146
250  Q.MAMMAL+F+R5 561127.818   64  1122383.636  1122384.122  1122879.773
251  Q.MAMMAL+F+R6 561113.243   66  1122358.487  1122359.003  1122870.128
259  Q.MAMMAL+F+I+R5 561121.073   65  1122372.145  1122372.647  1122876.035
260  Q.MAMMAL+F+I+R6 561110.254   67  1122354.507  1122355.039  1122873.901
272  Q.INSECT+R5   553113.546   45  1106317.092  1106317.333  1106665.938
273  Q.INSECT+R6   553108.231   47  1106310.463  1106310.726  1106674.813
281  Q.INSECT+I+R5 553109.591   46  1106311.182  1106311.434  1106667.780
282  Q.INSECT+I+R6 553105.494   48  1106306.989  1106307.263  1106679.092
294  Q.INSECT+F+R5 553264.862   64  1106657.723  1106658.209  1107153.860
295  Q.INSECT+F+R6 553258.543   66  1106649.086  1106649.603  1107160.728
303  Q.INSECT+F+I+R5 553258.224   65  1106646.447  1106646.948  1107150.337
304  Q.INSECT+F+I+R6 553255.135   67  1106644.271  1106644.803  1107163.664
316  Q.PLANT+R5    557666.857   45  1115423.714  1115423.955  1115772.560
317  Q.PLANT+R6    557656.927   47  1115407.853  1115408.116  1115772.204
325  Q.PLANT+I+R5  557662.332   46  1115416.664  1115416.916  1115773.262
326  Q.PLANT+I+R6  557654.767   48  1115405.534  1115405.808  1115777.637
338  Q.PLANT+F+R5  556466.520   64  1113061.041  1113061.527  1113557.178
339  Q.PLANT+F+R6  556453.125   66  1113038.251  1113038.767  1113549.892
347  Q.PLANT+F+I+R5 556457.698   65  1113045.397  1113045.898  1113549.286
348  Q.PLANT+F+I+R6 556449.451   67  1113032.903  1113033.435  1113552.296
360  Q.YEAST+R5    551921.501   45  1103933.002  1103933.244  1104281.849
361  Q.YEAST+R6    551894.895   47  1103883.789  1103884.052  1104248.140
369  Q.YEAST+I+R5  551901.969   46  1103895.938  1103896.190  1104252.537
370  Q.YEAST+I+R6  551890.270   48  1103876.540  1103876.814  1104248.642
382  Q.YEAST+F+R5  551663.003   64  1103454.005  1103454.491  1103950.142
383  Q.YEAST+F+R6  551647.139   66  1103426.279  1103426.795  1103937.920
391  Q.YEAST+F+I+R5 551651.597   65  1103433.193  1103433.694  1103937.082
392  Q.YEAST+F+I+R6 551642.150   67  1103418.299  1103418.831  1103937.693
404  JTTDCMUT+R5   559652.732   45  1119395.464  1119395.705  1119744.310
405  JTTDCMUT+R6   559647.431   47  1119388.863  1119389.126  1119753.213
413  JTTDCMUT+I+R5 559646.316   46  1119384.631  1119384.883  1119741.230
414  JTTDCMUT+I+R6 559644.803   48  1119385.605  1119385.880  1119757.708
426  JTTDCMUT+F+R5 556126.627   64  1112381.254  1112381.740  1112877.391
427  JTTDCMUT+F+R6 556116.645   66  1112365.290  1112365.806  1112876.931
435  JTTDCMUT+F+I+R5 556117.974   65  1112365.948  1112366.449  1112869.837
436  JTTDCMUT+F+I+R6 556113.011   67  1112360.021  1112360.554  1112879.415
448  DCMUT+R5      563882.904   45  1127855.809  1127856.050  1128204.655
449  DCMUT+R6      563867.294   47  1127828.587  1127828.850  1128192.938
457  DCMUT+I+R5    563869.481   46  1127830.962  1127831.214  1128187.560
458  DCMUT+I+R6    563865.189   48  1127826.378  1127826.652  1128198.480
470  DCMUT+F+R5    557269.899   64  1114667.797  1114668.283  1115163.935
471  DCMUT+F+R6    557252.867   66  1114637.733  1114638.250  1115149.374
479  DCMUT+F+I+R5  557255.574   65  1114641.148  1114641.649  1115145.037
480  DCMUT+F+I+R6  557249.586   67  1114633.171  1114633.703  1115152.565
492  VT+R5         554466.292   45  1109022.583  1109022.825  1109371.430
493  VT+R6         554465.956   47  1109025.911  1109026.175  1109390.262
501  VT+I+R5       554462.408   46  1109016.815  1109017.067  1109373.414
+I+R6 reinitialized from +I+R5 with factor 0.500
502  VT+I+R6       554462.351   48  1109020.702  1109020.977  1109392.805
514  VT+F+R5       552228.189   64  1104584.379  1104584.865  1105080.516
515  VT+F+R6       552227.798   66  1104587.595  1104588.112  1105099.236
523  VT+F+I+R5     552224.060   65  1104578.119  1104578.620  1105082.009
+I+R6 reinitialized from +I+R5 with factor 0.500
524  VT+F+I+R6     552224.153   67  1104582.307  1104582.839  1105101.700
536  PMB+R5        555889.763   45  1111869.526  1111869.767  1112218.372
+R6 reinitialized from +R5 with factor 0.500
537  PMB+R6        555889.695   47  1111873.391  1111873.654  1112237.741
545  PMB+I+R5      555886.948   46  1111865.895  1111866.148  1112222.494
+I+R6 reinitialized from +I+R5 with factor 0.500
546  PMB+I+R6      555886.994   48  1111869.987  1111870.262  1112242.090
558  PMB+F+R5      552908.251   64  1105944.502  1105944.987  1106440.639
+R6 reinitialized from +R5 with factor 0.500
+R6 reinitialized from +R5 with factor 0.250
+R6 reinitialized from +R5 with factor 0.125
559  PMB+F+R6      552908.323   66  1105948.646  1105949.162  1106460.287
567  PMB+F+I+R5    552904.576   65  1105939.153  1105939.654  1106443.042
+I+R6 reinitialized from +I+R5 with factor 0.500
+I+R6 reinitialized from +I+R5 with factor 0.250
+I+R6 reinitialized from +I+R5 with factor 0.125
568  PMB+F+I+R6    552904.645   67  1105943.290  1105943.822  1106462.684
580  BLOSUM62+R5   554226.112   45  1108542.223  1108542.465  1108891.070
581  BLOSUM62+R6   554226.066   47  1108546.131  1108546.394  1108910.482
589  BLOSUM62+I+R5 554221.481   46  1108534.963  1108535.215  1108891.561
590  BLOSUM62+I+R6 554221.305   48  1108538.610  1108538.884  1108910.712
602  BLOSUM62+F+R5 552555.489   64  1105238.978  1105239.464  1105735.115
603  BLOSUM62+F+R6 552555.390   66  1105242.781  1105243.297  1105754.422
611  BLOSUM62+F+I+R5 552549.770   65  1105229.540  1105230.041  1105733.430
612  BLOSUM62+F+I+R6 552549.583   67  1105233.167  1105233.699  1105752.560
624  DAYHOFF+R5    563872.685   45  1127835.371  1127835.612  1128184.217
625  DAYHOFF+R6    563872.143   47  1127838.286  1127838.549  1128202.637
633  DAYHOFF+I+R5  563859.657   46  1127811.313  1127811.565  1128167.912
634  DAYHOFF+I+R6  563859.593   48  1127815.187  1127815.461  1128187.289
646  DAYHOFF+F+R5  557261.735   64  1114651.470  1114651.956  1115147.607
647  DAYHOFF+F+R6  557260.902   66  1114653.805  1114654.321  1115165.446
655  DAYHOFF+F+I+R5 557246.569   65  1114623.138  1114623.639  1115127.027
656  DAYHOFF+F+I+R6 557246.394   67  1114626.788  1114627.320  1115146.182
668  MTREV+R5      582952.901   45  1165995.803  1165996.044  1166344.649
669  MTREV+R6      582933.335   47  1165960.670  1165960.933  1166325.021
677  MTREV+I+R5    582952.052   46  1165996.103  1165996.355  1166352.702
678  MTREV+I+R6    582944.546   48  1165985.093  1165985.367  1166357.195
690  MTREV+F+R5    557484.305   64  1115096.610  1115097.096  1115592.747
691  MTREV+F+R6    557475.110   66  1115082.219  1115082.736  1115593.861
699  MTREV+F+I+R5  557481.480   65  1115092.960  1115093.461  1115596.849
700  MTREV+F+I+R6  557478.971   67  1115091.943  1115092.475  1115611.336
712  MTART+R5      582246.837   45  1164583.674  1164583.916  1164932.521
713  MTART+R6      582166.526   47  1164427.052  1164427.316  1164791.403
721  MTART+I+R5    582209.547   46  1164511.095  1164511.347  1164867.693
722  MTART+I+R6    582149.506   48  1164395.013  1164395.287  1164767.116
734  MTART+F+R5    557827.498   64  1115782.995  1115783.481  1116279.132
735  MTART+F+R6    557799.125   66  1115730.250  1115730.767  1116241.892
743  MTART+F+I+R5  557814.312   65  1115758.625  1115759.126  1116262.514
744  MTART+F+I+R6  557793.963   67  1115721.926  1115722.458  1116241.320
756  MTZOA+R5      573125.142   45  1146340.284  1146340.526  1146689.131
757  MTZOA+R6      573081.242   47  1146256.483  1146256.747  1146620.834
765  MTZOA+I+R5    573110.826   46  1146313.653  1146313.905  1146670.251
766  MTZOA+I+R6    573077.878   48  1146251.756  1146252.030  1146623.859
778  MTZOA+F+R5    555340.815   64  1110809.630  1110810.116  1111305.767
779  MTZOA+F+R6    555314.730   66  1110761.461  1110761.977  1111273.102
787  MTZOA+F+I+R5  555328.829   65  1110787.658  1110788.159  1111291.547
788  MTZOA+F+I+R6  555305.794   67  1110745.588  1110746.121  1111264.982
800  MTMET+R5      580310.614   45  1160711.227  1160711.469  1161060.074
801  MTMET+R6      580278.733   47  1160651.465  1160651.729  1161015.816
809  MTMET+I+R5    580299.504   46  1160691.009  1160691.261  1161047.607
810  MTMET+I+R6    580277.794   48  1160651.589  1160651.863  1161023.691
822  MTMET+F+R5    558743.520   64  1117615.039  1117615.525  1118111.176
823  MTMET+F+R6    558722.578   66  1117577.156  1117577.673  1118088.797
831  MTMET+F+I+R5  558734.008   65  1117598.016  1117598.517  1118101.905
832  MTMET+F+I+R6  558704.546   67  1117543.092  1117543.624  1118062.485
844  MTVER+R5      588414.142   45  1176918.285  1176918.526  1177267.131
845  MTVER+R6      588366.836   47  1176827.671  1176827.935  1177192.022
853  MTVER+I+R5    588404.397   46  1176900.793  1176901.046  1177257.392
854  MTVER+I+R6    588363.040   48  1176822.081  1176822.355  1177194.183
866  MTVER+F+R5    565394.677   64  1130917.355  1130917.841  1131413.492
867  MTVER+F+R6    565332.257   66  1130796.514  1130797.031  1131308.156
875  MTVER+F+I+R5  565378.896   65  1130887.792  1130888.293  1131391.681
876  MTVER+F+I+R6  565324.316   67  1130782.632  1130783.164  1131302.025
888  MTINV+R5      581272.256   45  1162634.512  1162634.754  1162983.359
889  MTINV+R6      581253.031   47  1162600.062  1162600.325  1162964.413
897  MTINV+I+R5    581261.285   46  1162614.570  1162614.822  1162971.168
898  MTINV+I+R6    581251.367   48  1162598.734  1162599.009  1162970.837
910  MTINV+F+R5    555117.503   64  1110363.005  1110363.491  1110859.142
911  MTINV+F+R6    555107.086   66  1110346.172  1110346.688  1110857.813
919  MTINV+F+I+R5  555110.086   65  1110350.171  1110350.672  1110854.060
920  MTINV+F+I+R6  555102.678   67  1110339.356  1110339.888  1110858.749
932  MTMAM+R5      590306.161   45  1180702.321  1180702.563  1181051.168
933  MTMAM+R6      590242.686   47  1180579.372  1180579.635  1180943.723
941  MTMAM+I+R5    590281.884   46  1180655.767  1180656.020  1181012.366
942  MTMAM+I+R6    590233.766   48  1180563.532  1180563.807  1180935.635
954  MTMAM+F+R5    566127.452   64  1132382.904  1132383.390  1132879.042
955  MTMAM+F+R6    566033.452   66  1132198.905  1132199.421  1132710.546
963  MTMAM+F+I+R5  566110.536   65  1132351.072  1132351.573  1132854.961
964  MTMAM+F+I+R6  566024.523   67  1132183.046  1132183.578  1132702.439
976  FLAVI+R5      575523.287   45  1151136.574  1151136.815  1151485.420
977  FLAVI+R6      575473.940   47  1151041.881  1151042.144  1151406.231
985  FLAVI+I+R5    575488.803   46  1151069.606  1151069.858  1151426.205
986  FLAVI+I+R6    575468.146   48  1151032.292  1151032.567  1151404.395
998  FLAVI+F+R5    571280.830   64  1142689.661  1142690.146  1143185.798
999  FLAVI+F+R6    571192.345   66  1142516.691  1142517.207  1143028.332
1007  FLAVI+F+I+R5  571216.084   65  1142562.168  1142562.669  1143066.057
1008  FLAVI+F+I+R6  571179.311   67  1142492.621  1142493.153  1143012.015
1020  HIVB+R5       566778.528   45  1133647.055  1133647.297  1133995.902
1021  HIVB+R6       566770.299   47  1133634.598  1133634.861  1133998.948
1029  HIVB+I+R5     566777.072   46  1133646.144  1133646.396  1134002.743
1030  HIVB+I+R6     566767.387   48  1133630.774  1133631.049  1134002.877
1042  HIVB+F+R5     562972.168   64  1126072.336  1126072.822  1126568.473
1043  HIVB+F+R6     562935.985   66  1126003.971  1126004.487  1126515.612
1051  HIVB+F+I+R5   562967.217   65  1126064.433  1126064.934  1126568.323
1052  HIVB+F+I+R6   562932.682   67  1125999.365  1125999.897  1126518.758
1064  HIVW+R5       586112.694   45  1172315.388  1172315.629  1172664.234
1065  HIVW+R6       586007.709   47  1172109.418  1172109.682  1172473.769
1073  HIVW+I+R5     586023.080   46  1172138.160  1172138.412  1172494.758
1074  HIVW+I+R6     586005.877   48  1172107.754  1172108.028  1172479.857
1086  HIVW+F+R5     577130.849   64  1154389.698  1154390.184  1154885.835
1087  HIVW+F+R6     577029.532   66  1154191.065  1154191.581  1154702.706
1095  HIVW+F+I+R5   577044.761   65  1154219.522  1154220.023  1154723.411
1096  HIVW+F+I+R6   577023.304   67  1154180.608  1154181.141  1154700.002
1108  FLU+R5        563233.101   45  1126556.202  1126556.444  1126905.049
1109  FLU+R6        563157.258   47  1126408.517  1126408.780  1126772.868
1117  FLU+I+R5      563182.956   46  1126457.911  1126458.163  1126814.510
1118  FLU+I+R6      563154.150   48  1126404.301  1126404.575  1126776.403
1130  FLU+F+R5      560325.112   64  1120778.224  1120778.710  1121274.361
1131  FLU+F+R6      560236.476   66  1120604.953  1120605.469  1121116.594
1139  FLU+F+I+R5    560257.591   65  1120645.183  1120645.684  1121149.072
1140  FLU+F+I+R6    560231.790   67  1120597.580  1120598.112  1121116.973
1152  RTREV+R5      556222.783   45  1112535.567  1112535.808  1112884.413
1153  RTREV+R6      556212.464   47  1112518.928  1112519.192  1112883.279
1161  RTREV+I+R5    556214.844   46  1112521.687  1112521.940  1112878.286
1162  RTREV+I+R6    556209.252   48  1112514.504  1112514.779  1112886.607
1174  RTREV+F+R5    550300.691   64  1100729.381  1100729.867  1101225.519
1175  RTREV+F+R6    550296.493   66  1100724.985  1100725.502  1101236.626
1183  RTREV+F+I+R5  550301.779   65  1100733.559  1100734.060  1101237.448
1184  RTREV+F+I+R6  550292.000   67  1100718.001  1100718.533  1101237.394
1196  CPREV+R5      554242.655   45  1108575.311  1108575.552  1108924.157
1197  CPREV+R6      554237.550   47  1108569.100  1108569.363  1108933.451
1205  CPREV+I+R5    554240.657   46  1108573.314  1108573.567  1108929.913
1206  CPREV+I+R6    554234.377   48  1108564.754  1108565.028  1108936.857
1218  CPREV+F+R5    553470.051   64  1107068.103  1107068.588  1107564.240
1219  CPREV+F+R6    553463.007   66  1107058.014  1107058.530  1107569.655
1227  CPREV+F+I+R5  553470.337   65  1107070.674  1107071.175  1107574.563
1228  CPREV+F+I+R6  553460.807   67  1107055.613  1107056.146  1107575.007
Akaike Information Criterion:           LG+F+I+R5
Corrected Akaike Information Criterion: LG+F+I+R5
Bayesian Information Criterion:         LG+F+I+R5
Best-fit model: LG+F+I+R5 chosen according to AIC

All model information printed to 20archaea_c60_init.model.gz
CPU time for ModelFinder: 272542.055 seconds (75h:42m:22s)
Wall-clock time for ModelFinder: 19259.274 seconds (5h:20m:59s)

NOTE: 258 MB RAM (0 GB) is required!
Estimate model parameters (epsilon = 0.010)
1. Initial log-likelihood: -549271.732
2. Current log-likelihood: -549149.830
3. Current log-likelihood: -549147.101
4. Current log-likelihood: -549146.465
5. Current log-likelihood: -549146.089
6. Current log-likelihood: -549145.854
7. Current log-likelihood: -549145.633
8. Current log-likelihood: -549145.439
9. Current log-likelihood: -549145.238
10. Current log-likelihood: -549145.066
11. Current log-likelihood: -549144.895
12. Current log-likelihood: -549144.741
13. Current log-likelihood: -549144.602
14. Current log-likelihood: -549144.467
15. Current log-likelihood: -549144.340
16. Current log-likelihood: -549144.216
17. Current log-likelihood: -549144.103
18. Current log-likelihood: -549143.991
19. Current log-likelihood: -549143.889
20. Current log-likelihood: -549143.797
21. Current log-likelihood: -549143.681
22. Current log-likelihood: -549143.591
23. Current log-likelihood: -549143.510
24. Current log-likelihood: -549143.437
25. Current log-likelihood: -549143.367
26. Current log-likelihood: -549143.264
27. Current log-likelihood: -549143.185
28. Current log-likelihood: -549143.118
29. Current log-likelihood: -549143.053
30. Current log-likelihood: -549142.990
31. Current log-likelihood: -549142.929
32. Current log-likelihood: -549142.868
33. Current log-likelihood: -549142.810
34. Current log-likelihood: -549142.763
35. Current log-likelihood: -549142.716
36. Current log-likelihood: -549142.669
37. Current log-likelihood: -549142.625
38. Current log-likelihood: -549142.580
39. Current log-likelihood: -549142.537
40. Current log-likelihood: -549142.493
41. Current log-likelihood: -549142.435
42. Current log-likelihood: -549142.385
43. Current log-likelihood: -549142.341
44. Current log-likelihood: -549142.300
45. Current log-likelihood: -549142.261
46. Current log-likelihood: -549142.223
47. Current log-likelihood: -549142.184
48. Current log-likelihood: -549142.146
49. Current log-likelihood: -549142.109
50. Current log-likelihood: -549142.071
51. Current log-likelihood: -549142.034
52. Current log-likelihood: -549141.999
53. Current log-likelihood: -549141.964
54. Current log-likelihood: -549141.931
55. Current log-likelihood: -549141.896
56. Current log-likelihood: -549141.863
57. Current log-likelihood: -549141.830
58. Current log-likelihood: -549141.798
59. Current log-likelihood: -549141.768
60. Current log-likelihood: -549141.737
61. Current log-likelihood: -549141.708
62. Current log-likelihood: -549141.678
63. Current log-likelihood: -549141.650
64. Current log-likelihood: -549141.619
65. Current log-likelihood: -549141.590
66. Current log-likelihood: -549141.562
67. Current log-likelihood: -549141.534
68. Current log-likelihood: -549141.508
69. Current log-likelihood: -549141.482
70. Current log-likelihood: -549141.457
71. Current log-likelihood: -549141.425
72. Current log-likelihood: -549141.397
73. Current log-likelihood: -549141.372
74. Current log-likelihood: -549141.357
75. Current log-likelihood: -549141.332
76. Current log-likelihood: -549141.318
77. Current log-likelihood: -549141.293
78. Current log-likelihood: -549141.279
79. Current log-likelihood: -549141.254
80. Current log-likelihood: -549141.241
81. Current log-likelihood: -549141.217
82. Current log-likelihood: -549141.205
83. Current log-likelihood: -549141.191
84. Current log-likelihood: -549141.165
85. Current log-likelihood: -549141.152
86. Current log-likelihood: -549141.139
87. Current log-likelihood: -549141.125
88. Current log-likelihood: -549141.111
89. Current log-likelihood: -549141.098
90. Current log-likelihood: -549141.085
91. Current log-likelihood: -549141.073
92. Current log-likelihood: -549141.057
93. Current log-likelihood: -549141.044
94. Current log-likelihood: -549141.032
95. Current log-likelihood: -549141.019
96. Current log-likelihood: -549141.006
97. Current log-likelihood: -549140.994
98. Current log-likelihood: -549140.982
99. Current log-likelihood: -549140.970
Optimal log-likelihood: -549140.970
Proportion of invariable sites: 0.027
Site proportion and rates:  (0.093,0.091) (0.222,0.346) (0.318,0.826) (0.279,1.620) (0.060,3.320)
Parameters optimization took 99 rounds (188.587 sec)
Wrote distance file to... 
BEST SCORE FOUND : -549140.970
Total tree length: 18.187

Total number of iterations: 0
CPU time used for tree search: 0.000 sec (0h:0m:0s)
Wall-clock time used for tree search: 0.000 sec (0h:0m:0s)
Total CPU time used: 275447.016 sec (76h:30m:47s)
Total wall-clock time used: 19447.909 sec (5h:24m:7s)

Analysis results written to: 
  IQ-TREE report:                20archaea_c60_init.iqtree
  Tree used for ModelFinder:     20archaea_c60_init.treefile
  Screen log file:               20archaea_c60_init.log

Date and Time: Fri Apr 25 22:56:06 2025
