IQ-TREE multicore version 2.4.0 for Linux x86 64-bit built Mar 19 2025
Developed by Bui Quang Minh, Nguyen Lam Tung, Olga Chernomor, Heiko Schmidt,
Dominik Schrempf, Michael Woodhams, Ly Trong Nhan, Thomas Wong

Host:    wright.uds.anu.edu.au (AVX512, FMA3, 1007 GB RAM)
Command: ../../iqtree2 -s ./20_concated.nex -m LG+C60+I+R5 -te ../partition/Q/archaea20_Q_search.treefile -T 30 -mem 120G -safe -pre archaea20_c60_unopt
Seed:    430637 (Using SPRNG - Scalable Parallel Random Number Generator)
Time:    Sat Apr 26 01:12:02 2025
Kernel:  Safe AVX+FMA - 30 threads (31 CPU cores detected)

Reading alignment file ./20_concated.nex ... Nexus format detected
Skipping unknown block (sets)...
Alignment has 20 sequences with 17191 columns, 16703 distinct patterns
14049 parsimony-informative, 2022 singleton sites, 1120 constant sites
                  Gap/Ambiguity  Composition  p-value
Analyzing sequences: done in 0.0254842 secs using 2662% CPU
   1  GCA_000200715       3.97%    failed      0.00%
   2  GCA_000237865       3.02%    failed      0.00%
   3  GCA_000806055      26.48%    failed      0.00%
   4  GCA_001315925      36.95%    failed      0.00%
   5  GCA_001564035      20.34%    failed      0.00%
   6  GCA_001629205      17.96%    failed      0.00%
   7  GCA_001896515       7.99%    failed      0.00%
   8  GCA_001940655      25.51%    failed      0.00%
   9  GCA_002078355       6.26%    failed      0.00%
  10  GCA_002728275       9.65%    failed      0.00%
  11  GCA_002779075      15.51%    failed      0.00%
  12  GCA_002790315      22.36%    failed      0.00%
  13  GCA_002841105      22.58%    failed      0.00%
  14  GCA_003019535       3.78%    failed      0.00%
  15  GCA_003344655      17.26%    failed      0.00%
  16  GCA_003431325       1.76%    failed      0.00%
  17  Ga0181639          17.11%    failed      0.00%
  18  SRR4028224.bin17    7.84%    failed      0.00%
  19  GCA_000387965      16.04%    failed      0.00%
  20  GCA_002412085      22.88%    failed      0.00%
****  TOTAL              15.26%  20 sequences failed composition chi2 test (p-value<5%; df=19)
Checking for duplicate sequences: done in 0.0250941 secs using 3094% CPU
Reading input tree file ../partition/Q/archaea20_Q_search.treefile ...
Model LG+C60+I+R5 is alias for LG+POISSON+G+FMIX{C60pi1:1:0.0169698865,C60pi2:1:0.0211683374,C60pi3:1:0.0276589079,C60pi4:1:0.0065675964,C60pi5:1:0.0141221416,C60pi6:1:0.0068774834,C60pi7:1:0.0146909701,C60pi8:1:0.0067225777,C60pi9:1:0.0018396660,C60pi10:1:0.0102547197,C60pi11:1:0.0230896163,C60pi12:1:0.0057941033,C60pi13:1:0.0125394534,C60pi14:1:0.0204526478,C60pi15:1:0.0070629602,C60pi16:1:0.0117982741,C60pi17:1:0.0068334668,C60pi18:1:0.0433775839,C60pi19:1:0.0318278731,C60pi20:1:0.0222546108,C60pi21:1:0.0102264969,C60pi22:1:0.0150545891,C60pi23:1:0.0134159878,C60pi24:1:0.0148552065,C60pi25:1:0.0239111516,C60pi26:1:0.0128776278,C60pi27:1:0.0222318842,C60pi28:1:0.0247444742,C60pi29:1:0.0214274810,C60pi30:1:0.0115001882,C60pi31:1:0.0076017389,C60pi32:1:0.0130258568,C60pi33:1:0.0093701965,C60pi34:1:0.0467194264,C60pi35:1:0.0441940314,C60pi36:1:0.0322263154,C60pi37:1:0.0402999891,C60pi38:1:0.0150234227,C60pi39:1:0.0104589903,C60pi40:1:0.0214742395,C60pi41:1:0.0154957836,C60pi42:1:0.0101789953,C60pi43:1:0.0227980379,C60pi44:1:0.0123204539,C60pi45:1:0.0066777583,C60pi46:1:0.0004150083,C60pi47:1:0.0344385130,C60pi48:1:0.0113663379,C60pi49:1:0.0127143049,C60pi50:1:0.0124323741,C60pi51:1:0.0262124415,C60pi52:1:0.0064994957,C60pi53:1:0.0103203293,C60pi54:1:0.0142463512,C60pi55:1:0.0215600067,C60pi56:1:0.0199150700,C60pi57:1:0.0038964200,C60pi58:1:0.0113448855,C60pi59:1:0.0128595846,C60pi60:1:0.0117656776}+I+R5
WARNING: Your input class weight 0.000415008 is very small and may cause numerical issues
WARNING: Both Gamma and FreeRate models were specified, continue with FreeRate model

NOTE: 15503 MB RAM (15 GB) is required!
Estimate model parameters (epsilon = 0.010)
1. Initial log-likelihood: -551815.921
2. Current log-likelihood: -548029.565
3. Current log-likelihood: -547793.876
4. Current log-likelihood: -547764.128
5. Current log-likelihood: -547742.790
6. Current log-likelihood: -547726.363
7. Current log-likelihood: -547713.053
8. Current log-likelihood: -547701.956
9. Current log-likelihood: -547692.545
10. Current log-likelihood: -547684.456
11. Current log-likelihood: -547677.413
12. Current log-likelihood: -547671.208
13. Current log-likelihood: -547665.680
14. Current log-likelihood: -547660.696
15. Current log-likelihood: -547656.160
16. Current log-likelihood: -547651.994
17. Current log-likelihood: -547648.144
18. Current log-likelihood: -547644.579
19. Current log-likelihood: -547641.252
20. Current log-likelihood: -547638.146
21. Current log-likelihood: -547635.243
22. Current log-likelihood: -547632.530
23. Current log-likelihood: -547629.999
24. Current log-likelihood: -547627.633
25. Current log-likelihood: -547625.426
26. Current log-likelihood: -547623.363
27. Current log-likelihood: -547621.436
28. Current log-likelihood: -547619.636
29. Current log-likelihood: -547617.954
30. Current log-likelihood: -547616.383
31. Current log-likelihood: -547614.918
32. Current log-likelihood: -547613.564
33. Current log-likelihood: -547612.308
34. Current log-likelihood: -547611.131
35. Current log-likelihood: -547610.018
36. Current log-likelihood: -547608.983
37. Current log-likelihood: -547608.018
38. Current log-likelihood: -547607.108
39. Current log-likelihood: -547606.250
40. Current log-likelihood: -547605.442
41. Current log-likelihood: -547604.690
42. Current log-likelihood: -547603.976
43. Current log-likelihood: -547603.296
44. Current log-likelihood: -547602.647
45. Current log-likelihood: -547602.028
46. Current log-likelihood: -547601.454
47. Current log-likelihood: -547600.818
48. Current log-likelihood: -547600.294
49. Current log-likelihood: -547599.797
50. Current log-likelihood: -547599.320
51. Current log-likelihood: -547598.862
52. Current log-likelihood: -547598.427
53. Current log-likelihood: -547598.007
54. Current log-likelihood: -547597.608
55. Current log-likelihood: -547597.223
56. Current log-likelihood: -547596.850
57. Current log-likelihood: -547596.485
58. Current log-likelihood: -547596.128
59. Current log-likelihood: -547595.790
60. Current log-likelihood: -547595.465
61. Current log-likelihood: -547595.163
62. Current log-likelihood: -547594.877
63. Current log-likelihood: -547594.599
64. Current log-likelihood: -547594.330
65. Current log-likelihood: -547594.068
66. Current log-likelihood: -547593.813
67. Current log-likelihood: -547593.564
68. Current log-likelihood: -547593.320
69. Current log-likelihood: -547593.089
70. Current log-likelihood: -547592.868
71. Current log-likelihood: -547592.650
72. Current log-likelihood: -547592.439
73. Current log-likelihood: -547592.233
74. Current log-likelihood: -547592.044
75. Current log-likelihood: -547591.862
76. Current log-likelihood: -547591.683
77. Current log-likelihood: -547591.510
78. Current log-likelihood: -547591.341
79. Current log-likelihood: -547591.175
80. Current log-likelihood: -547591.012
81. Current log-likelihood: -547590.853
82. Current log-likelihood: -547590.696
83. Current log-likelihood: -547590.543
84. Current log-likelihood: -547590.393
85. Current log-likelihood: -547590.255
86. Current log-likelihood: -547590.112
87. Current log-likelihood: -547589.977
88. Current log-likelihood: -547589.850
89. Current log-likelihood: -547589.724
90. Current log-likelihood: -547589.606
91. Current log-likelihood: -547589.489
92. Current log-likelihood: -547589.378
93. Current log-likelihood: -547589.275
94. Current log-likelihood: -547589.174
95. Current log-likelihood: -547589.076
96. Current log-likelihood: -547588.980
97. Current log-likelihood: -547588.901
98. Current log-likelihood: -547588.809
99. Current log-likelihood: -547588.717
100. Current log-likelihood: -547588.629
101. Current log-likelihood: -547588.542
102. Current log-likelihood: -547588.470
103. Current log-likelihood: -547588.388
104. Current log-likelihood: -547588.320
105. Current log-likelihood: -547588.258
106. Current log-likelihood: -547588.202
107. Current log-likelihood: -547588.144
108. Current log-likelihood: -547588.091
109. Current log-likelihood: -547588.048
110. Current log-likelihood: -547587.995
111. Current log-likelihood: -547587.945
112. Current log-likelihood: -547587.892
113. Current log-likelihood: -547587.845
114. Current log-likelihood: -547587.806
115. Current log-likelihood: -547587.771
116. Current log-likelihood: -547587.746
117. Current log-likelihood: -547587.718
118. Current log-likelihood: -547587.676
119. Current log-likelihood: -547587.652
120. Current log-likelihood: -547587.618
121. Current log-likelihood: -547587.591
122. Current log-likelihood: -547587.555
123. Current log-likelihood: -547587.519
124. Current log-likelihood: -547587.496
125. Current log-likelihood: -547587.468
126. Current log-likelihood: -547587.436
127. Current log-likelihood: -547587.419
128. Current log-likelihood: -547587.396
129. Current log-likelihood: -547587.370
130. Current log-likelihood: -547587.345
131. Current log-likelihood: -547587.322
132. Current log-likelihood: -547587.302
133. Current log-likelihood: -547587.279
134. Current log-likelihood: -547587.254
135. Current log-likelihood: -547587.230
136. Current log-likelihood: -547587.209
137. Current log-likelihood: -547587.187
138. Current log-likelihood: -547587.165
139. Current log-likelihood: -547587.151
140. Current log-likelihood: -547587.133
141. Current log-likelihood: -547587.113
142. Current log-likelihood: -547587.094
143. Current log-likelihood: -547587.073
144. Current log-likelihood: -547587.059
145. Current log-likelihood: -547587.043
146. Current log-likelihood: -547587.030
147. Current log-likelihood: -547587.013
148. Current log-likelihood: -547586.994
149. Current log-likelihood: -547586.975
150. Current log-likelihood: -547586.957
151. Current log-likelihood: -547586.937
152. Current log-likelihood: -547586.924
153. Current log-likelihood: -547586.908
154. Current log-likelihood: -547586.897
155. Current log-likelihood: -547586.878
156. Current log-likelihood: -547586.859
157. Current log-likelihood: -547586.842
158. Current log-likelihood: -547586.823
159. Current log-likelihood: -547586.804
Optimal log-likelihood: -547586.788
Mixture weights: 0.017 0.021 0.028 0.007 0.014 0.007 0.015 0.007 0.002 0.010 0.023 0.006 0.013 0.020 0.007 0.012 0.007 0.043 0.032 0.022 0.010 0.015 0.013 0.015 0.024 0.013 0.022 0.025 0.021 0.012 0.008 0.013 0.009 0.047 0.044 0.032 0.040 0.015 0.010 0.021 0.015 0.010 0.023 0.012 0.007 0.000 0.034 0.011 0.013 0.012 0.026 0.006 0.010 0.014 0.022 0.020 0.004 0.011 0.013 0.012
Proportion of invariable sites: 0.037
Site proportion and rates:  (0.120,0.024) (0.154,0.079) (0.251,0.235) (0.197,0.731) (0.242,3.235)
Parameters optimization took 159 rounds (16374.269 sec)
Wrote distance file to... 
BEST SCORE FOUND : -547586.788
Total tree length: 118.590

Total number of iterations: 0
CPU time used for tree search: 0.000 sec (0h:0m:0s)
Wall-clock time used for tree search: 0.000 sec (0h:0m:0s)
Total CPU time used: 228964.122 sec (63h:36m:4s)
Total wall-clock time used: 32655080.095 sec (9070h:51m:20s)

Analysis results written to: 
  IQ-TREE report:                archaea20_c60_unopt.iqtree
  Maximum-likelihood tree:       archaea20_c60_unopt.treefile
  Screen log file:               archaea20_c60_unopt.log

Date and Time: Sat Apr 26 05:44:59 2025
