IQ-TREE multicore version 2.4.0 for Linux x86 64-bit built Mar 19 2025
Developed by Bui Quang Minh, Nguyen Lam Tung, Olga Chernomor, Heiko Schmidt,
Dominik Schrempf, Michael Woodhams, Ly Trong Nhan, Thomas Wong

Host:    wright.uds.anu.edu.au (AVX512, FMA3, 1007 GB RAM)
Command: ../../iqtree2 -s ./20_concated.nex -m LG+C60+F+I+R5 -te ../partition/Q/archaea20_Q_search.treefile -T 30 -mem 120G -safe -pre archaea20_c60_F
Seed:    253740 (Using SPRNG - Scalable Parallel Random Number Generator)
Time:    Fri Apr 25 22:56:06 2025
Kernel:  Safe AVX+FMA - 30 threads (31 CPU cores detected)

Reading alignment file ./20_concated.nex ... Nexus format detected
Skipping unknown block (sets)...
Alignment has 20 sequences with 17191 columns, 16703 distinct patterns
14049 parsimony-informative, 2022 singleton sites, 1120 constant sites
                  Gap/Ambiguity  Composition  p-value
Analyzing sequences: done in 0.0275103 secs using 1675% CPU
   1  GCA_000200715       3.97%    failed      0.00%
   2  GCA_000237865       3.02%    failed      0.00%
   3  GCA_000806055      26.48%    failed      0.00%
   4  GCA_001315925      36.95%    failed      0.00%
   5  GCA_001564035      20.34%    failed      0.00%
   6  GCA_001629205      17.96%    failed      0.00%
   7  GCA_001896515       7.99%    failed      0.00%
   8  GCA_001940655      25.51%    failed      0.00%
   9  GCA_002078355       6.26%    failed      0.00%
  10  GCA_002728275       9.65%    failed      0.00%
  11  GCA_002779075      15.51%    failed      0.00%
  12  GCA_002790315      22.36%    failed      0.00%
  13  GCA_002841105      22.58%    failed      0.00%
  14  GCA_003019535       3.78%    failed      0.00%
  15  GCA_003344655      17.26%    failed      0.00%
  16  GCA_003431325       1.76%    failed      0.00%
  17  Ga0181639          17.11%    failed      0.00%
  18  SRR4028224.bin17    7.84%    failed      0.00%
  19  GCA_000387965      16.04%    failed      0.00%
  20  GCA_002412085      22.88%    failed      0.00%
****  TOTAL              15.26%  20 sequences failed composition chi2 test (p-value<5%; df=19)
Checking for duplicate sequences: done in 0.0253358 secs using 2767% CPU
Reading input tree file ../partition/Q/archaea20_Q_search.treefile ...
Model LG+C60+F+I+R5 is alias for LG+POISSON+G+FMIX{C60pi1:1:0.0169698865,C60pi2:1:0.0211683374,C60pi3:1:0.0276589079,C60pi4:1:0.0065675964,C60pi5:1:0.0141221416,C60pi6:1:0.0068774834,C60pi7:1:0.0146909701,C60pi8:1:0.0067225777,C60pi9:1:0.0018396660,C60pi10:1:0.0102547197,C60pi11:1:0.0230896163,C60pi12:1:0.0057941033,C60pi13:1:0.0125394534,C60pi14:1:0.0204526478,C60pi15:1:0.0070629602,C60pi16:1:0.0117982741,C60pi17:1:0.0068334668,C60pi18:1:0.0433775839,C60pi19:1:0.0318278731,C60pi20:1:0.0222546108,C60pi21:1:0.0102264969,C60pi22:1:0.0150545891,C60pi23:1:0.0134159878,C60pi24:1:0.0148552065,C60pi25:1:0.0239111516,C60pi26:1:0.0128776278,C60pi27:1:0.0222318842,C60pi28:1:0.0247444742,C60pi29:1:0.0214274810,C60pi30:1:0.0115001882,C60pi31:1:0.0076017389,C60pi32:1:0.0130258568,C60pi33:1:0.0093701965,C60pi34:1:0.0467194264,C60pi35:1:0.0441940314,C60pi36:1:0.0322263154,C60pi37:1:0.0402999891,C60pi38:1:0.0150234227,C60pi39:1:0.0104589903,C60pi40:1:0.0214742395,C60pi41:1:0.0154957836,C60pi42:1:0.0101789953,C60pi43:1:0.0227980379,C60pi44:1:0.0123204539,C60pi45:1:0.0066777583,C60pi46:1:0.0004150083,C60pi47:1:0.0344385130,C60pi48:1:0.0113663379,C60pi49:1:0.0127143049,C60pi50:1:0.0124323741,C60pi51:1:0.0262124415,C60pi52:1:0.0064994957,C60pi53:1:0.0103203293,C60pi54:1:0.0142463512,C60pi55:1:0.0215600067,C60pi56:1:0.0199150700,C60pi57:1:0.0038964200,C60pi58:1:0.0113448855,C60pi59:1:0.0128595846,C60pi60:1:0.0117656776}+F+I+R5
WARNING: Your input class weight 0.000415008 is very small and may cause numerical issues
WARNING: Both Gamma and FreeRate models were specified, continue with FreeRate model

NOTE: 15761 MB RAM (15 GB) is required!
Estimate model parameters (epsilon = 0.010)
1. Initial log-likelihood: -550386.517
2. Current log-likelihood: -541434.149
3. Current log-likelihood: -541276.007
4. Current log-likelihood: -541266.637
5. Current log-likelihood: -541264.823
6. Current log-likelihood: -541263.279
7. Current log-likelihood: -541262.385
8. Current log-likelihood: -541261.630
9. Current log-likelihood: -541260.934
10. Current log-likelihood: -541260.277
11. Current log-likelihood: -541259.604
12. Current log-likelihood: -541259.003
13. Current log-likelihood: -541258.484
14. Current log-likelihood: -541257.969
15. Current log-likelihood: -541257.483
16. Current log-likelihood: -541256.993
17. Current log-likelihood: -541256.540
18. Current log-likelihood: -541256.115
19. Current log-likelihood: -541255.691
20. Current log-likelihood: -541255.292
21. Current log-likelihood: -541254.910
22. Current log-likelihood: -541254.537
23. Current log-likelihood: -541254.183
24. Current log-likelihood: -541253.846
25. Current log-likelihood: -541253.515
26. Current log-likelihood: -541253.199
27. Current log-likelihood: -541252.894
28. Current log-likelihood: -541252.593
29. Current log-likelihood: -541252.302
30. Current log-likelihood: -541252.032
31. Current log-likelihood: -541251.753
32. Current log-likelihood: -541251.512
33. Current log-likelihood: -541251.279
34. Current log-likelihood: -541251.058
35. Current log-likelihood: -541250.845
36. Current log-likelihood: -541250.657
37. Current log-likelihood: -541250.469
38. Current log-likelihood: -541250.302
39. Current log-likelihood: -541250.129
40. Current log-likelihood: -541249.973
41. Current log-likelihood: -541249.811
42. Current log-likelihood: -541249.670
43. Current log-likelihood: -541249.535
44. Current log-likelihood: -541249.408
45. Current log-likelihood: -541249.292
46. Current log-likelihood: -541249.192
47. Current log-likelihood: -541249.081
48. Current log-likelihood: -541248.976
49. Current log-likelihood: -541248.887
50. Current log-likelihood: -541248.794
51. Current log-likelihood: -541248.701
52. Current log-likelihood: -541248.623
53. Current log-likelihood: -541248.549
54. Current log-likelihood: -541248.482
55. Current log-likelihood: -541248.413
56. Current log-likelihood: -541248.355
57. Current log-likelihood: -541248.292
58. Current log-likelihood: -541248.245
59. Current log-likelihood: -541248.188
60. Current log-likelihood: -541248.140
61. Current log-likelihood: -541248.089
62. Current log-likelihood: -541248.070
63. Current log-likelihood: -541248.024
64. Current log-likelihood: -541248.002
65. Current log-likelihood: -541247.989
66. Current log-likelihood: -541247.969
67. Current log-likelihood: -541247.931
68. Current log-likelihood: -541247.914
69. Current log-likelihood: -541247.896
70. Current log-likelihood: -541247.861
71. Current log-likelihood: -541247.816
72. Current log-likelihood: -541247.801
73. Current log-likelihood: -541247.786
74. Current log-likelihood: -541247.767
75. Current log-likelihood: -541247.757
76. Current log-likelihood: -541247.737
77. Current log-likelihood: -541247.724
78. Current log-likelihood: -541247.711
79. Current log-likelihood: -541247.695
80. Current log-likelihood: -541247.682
Optimal log-likelihood: -541247.671
Mixture weights: 0.399 0.000 0.000 0.009 0.008 0.044 0.003 0.000 0.000 0.008 0.024 0.005 0.012 0.000 0.017 0.000 0.015 0.022 0.036 0.033 0.000 0.000 0.052 0.006 0.000 0.008 0.018 0.017 0.002 0.024 0.021 0.001 0.004 0.026 0.014 0.012 0.011 0.009 0.024 0.000 0.004 0.005 0.005 0.013 0.003 0.002 0.000 0.006 0.020 0.000 0.000 0.002 0.012 0.001 0.015 0.000 0.004 0.000 0.013 0.012 0.000
Proportion of invariable sites: 0.035
Site proportion and rates:  (0.127,0.100) (0.191,0.324) (0.323,0.807) (0.250,1.587) (0.075,3.587)
Parameters optimization took 80 rounds (8153.760 sec)
WARNING: The mixture model might be overfitting because some mixture weights are estimated close to zero
Wrote distance file to... 
BEST SCORE FOUND : -541247.671
Total tree length: 26.697

Total number of iterations: 0
CPU time used for tree search: 0.000 sec (0h:0m:0s)
Wall-clock time used for tree search: 0.000 sec (0h:0m:0s)
Total CPU time used: 113129.471 sec (31h:25m:29s)
Total wall-clock time used: 32638702.731 sec (9066h:18m:22s)

Analysis results written to: 
  IQ-TREE report:                archaea20_c60_F.iqtree
  Maximum-likelihood tree:       archaea20_c60_F.treefile
  Screen log file:               archaea20_c60_F.log

Date and Time: Sat Apr 26 01:12:02 2025
